/opt/miniconda3/lib/python3.12/site-packages/geopandas/array.py:344: UserWarning: Cannot set the CRS, falling back to None. The CRS support requires the 'pyproj' package, but it is not installed or does not import correctly. The functions depending on CRS will raise an error or may produce unexpected results.
  self.crs = crs
/opt/miniconda3/lib/python3.12/site-packages/geopandas/geodataframe.py:469: UserWarning: Cannot set the CRS, falling back to None. The CRS support requires the 'pyproj' package, but it is not installed or does not import correctly. The functions depending on CRS will raise an error or may produce unexpected results.
  level.crs = crs
=== TRAIN MODE — full v2 training ===
Train: 4000  Val: 1000  Test (held-out=geoclaw_2050): 1000
  Subsampled train to 1500
  Subsampled val to 500
Model parameters: 662,308
Device: cpu

  GNN input shape per type (training-mode check):
    power       [203, 8]
    telecom     [4150, 8]
    hospital    [61, 8]
    subway      [493, 8]
    water       [137, 8]
    fuel        [1187, 8]
Run output dir: data/gnn_v2_checkpoints/decoupled_nodepth_v1
  Ep00 step  300/1500: total=0.3013 bce_c=0.3001 bce_t0=0.0123 prior=0.000001
  Ep00 step  600/1500: total=0.2506 bce_c=0.2494 bce_t0=0.0127 prior=0.000000
  Ep00 step  900/1500: total=0.2348 bce_c=0.2336 bce_t0=0.0120 prior=0.000001
  Ep00 step 1200/1500: total=0.2318 bce_c=0.2306 bce_t0=0.0123 prior=0.000001
  Ep00 step 1500/1500: total=0.2171 bce_c=0.2159 bce_t0=0.0117 prior=0.000000

Epoch 00/10 | train_total=0.2471 bce_c=0.2459 bce_t0=0.0122 prior=0.00000 | val=0.2823 | PR=['0.402', '0.478', '0.477', '0.482'] CASCADE-PR=['0.447', '0.485', '0.471', '0.473'] | 159s
  Fragility (6-decimal precision, drift% vs HAZUS):
    power       median 0.599750 ( -0.042%)  beta 0.500119 ( +0.024%)
    telecom     median 0.300024 ( +0.008%)  beta 0.600006 ( +0.001%)
    hospital    median 0.600002 ( +0.000%)  beta 0.500002 ( +0.000%)
    subway      median 0.099994 ( -0.006%)  beta 0.399992 ( -0.002%)
    water       median 0.500151 ( +0.030%)  beta 0.499995 ( -0.001%)
    fuel        median 0.499997 ( -0.001%)  beta 0.600028 ( +0.005%)

  Ep01 step  300/1500: total=0.2209 bce_c=0.2197 bce_t0=0.0122 prior=0.000001
  Ep01 step  600/1500: total=0.2168 bce_c=0.2156 bce_t0=0.0120 prior=0.000001
  Ep01 step  900/1500: total=0.2071 bce_c=0.2059 bce_t0=0.0120 prior=0.000000
  Ep01 step 1200/1500: total=0.2089 bce_c=0.2076 bce_t0=0.0121 prior=0.000001
  Ep01 step 1500/1500: total=0.2123 bce_c=0.2111 bce_t0=0.0127 prior=0.000001

Epoch 01/10 | train_total=0.2132 bce_c=0.2120 bce_t0=0.0122 prior=0.00000 | val=0.2686 | PR=['0.435', '0.495', '0.496', '0.506'] CASCADE-PR=['0.453', '0.493', '0.485', '0.493'] | 319s
  Fragility (6-decimal precision, drift% vs HAZUS):
    power       median 0.599919 ( -0.014%)  beta 0.500243 ( +0.049%)
    telecom     median 0.299981 ( -0.006%)  beta 0.599950 ( -0.008%)
    hospital    median 0.600001 ( +0.000%)  beta 0.500004 ( +0.001%)
    subway      median 0.100004 ( +0.004%)  beta 0.399985 ( -0.004%)
    water       median 0.500044 ( +0.009%)  beta 0.500036 ( +0.007%)
    fuel        median 0.500076 ( +0.015%)  beta 0.600001 ( +0.000%)

  Ep02 step  300/1500: total=0.2088 bce_c=0.2075 bce_t0=0.0123 prior=0.000001
  Ep02 step  600/1500: total=0.2019 bce_c=0.2007 bce_t0=0.0120 prior=0.000000
  Ep02 step  900/1500: total=0.1957 bce_c=0.1946 bce_t0=0.0107 prior=0.000001
  Ep02 step 1200/1500: total=0.2103 bce_c=0.2090 bce_t0=0.0131 prior=0.000001
  Ep02 step 1500/1500: total=0.2012 bce_c=0.1999 bce_t0=0.0129 prior=0.000000

Epoch 02/10 | train_total=0.2036 bce_c=0.2024 bce_t0=0.0122 prior=0.00000 | val=0.2616 | PR=['0.453', '0.514', '0.515', '0.522'] CASCADE-PR=['0.450', '0.490', '0.482', '0.491'] | 479s
  Fragility (6-decimal precision, drift% vs HAZUS):
    power       median 0.600013 ( +0.002%)  beta 0.499827 ( -0.035%)
    telecom     median 0.299979 ( -0.007%)  beta 0.599943 ( -0.009%)
    hospital    median 0.600007 ( +0.001%)  beta 0.500001 ( +0.000%)
    subway      median 0.099993 ( -0.007%)  beta 0.399991 ( -0.002%)
    water       median 0.499860 ( -0.028%)  beta 0.500085 ( +0.017%)
    fuel        median 0.499900 ( -0.020%)  beta 0.599970 ( -0.005%)

  Ep03 step  300/1500: total=0.2063 bce_c=0.2050 bce_t0=0.0131 prior=0.000001
  Ep03 step  600/1500: total=0.1983 bce_c=0.1970 bce_t0=0.0124 prior=0.000000
  Ep03 step  900/1500: total=0.1957 bce_c=0.1945 bce_t0=0.0116 prior=0.000000
  Ep03 step 1200/1500: total=0.1950 bce_c=0.1938 bce_t0=0.0116 prior=0.000000
  Ep03 step 1500/1500: total=0.1963 bce_c=0.1951 bce_t0=0.0122 prior=0.000000

Epoch 03/10 | train_total=0.1983 bce_c=0.1971 bce_t0=0.0122 prior=0.00000 | val=0.2583 | PR=['0.471', '0.528', '0.530', '0.533'] CASCADE-PR=['0.452', '0.492', '0.486', '0.496'] | 638s
  Fragility (6-decimal precision, drift% vs HAZUS):
    power       median 0.600270 ( +0.045%)  beta 0.500478 ( +0.096%)
    telecom     median 0.299987 ( -0.004%)  beta 0.600053 ( +0.009%)
    hospital    median 0.599996 ( -0.001%)  beta 0.500003 ( +0.001%)
    subway      median 0.100007 ( +0.007%)  beta 0.400034 ( +0.009%)
    water       median 0.499966 ( -0.007%)  beta 0.499910 ( -0.018%)
    fuel        median 0.499939 ( -0.012%)  beta 0.599999 ( -0.000%)

  Ep04 step  300/1500: total=0.1940 bce_c=0.1928 bce_t0=0.0122 prior=0.000000
  Ep04 step  600/1500: total=0.1895 bce_c=0.1884 bce_t0=0.0113 prior=0.000001
  Ep04 step  900/1500: total=0.1964 bce_c=0.1951 bce_t0=0.0128 prior=0.000000
  Ep04 step 1200/1500: total=0.1912 bce_c=0.1900 bce_t0=0.0119 prior=0.000001
  Ep04 step 1500/1500: total=0.2012 bce_c=0.2000 bce_t0=0.0127 prior=0.000001

Epoch 04/10 | train_total=0.1945 bce_c=0.1933 bce_t0=0.0122 prior=0.00000 | val=0.2537 | PR=['0.476', '0.530', '0.530', '0.535'] CASCADE-PR=['0.467', '0.502', '0.495', '0.503'] | 797s
  Fragility (6-decimal precision, drift% vs HAZUS):
    power       median 0.600247 ( +0.041%)  beta 0.500381 ( +0.076%)
    telecom     median 0.299981 ( -0.006%)  beta 0.599966 ( -0.006%)
    hospital    median 0.599996 ( -0.001%)  beta 0.499986 ( -0.003%)
    subway      median 0.099997 ( -0.003%)  beta 0.399975 ( -0.006%)
    water       median 0.499980 ( -0.004%)  beta 0.499985 ( -0.003%)
    fuel        median 0.499996 ( -0.001%)  beta 0.600042 ( +0.007%)

  Ep05 step  300/1500: total=0.1915 bce_c=0.1904 bce_t0=0.0117 prior=0.000001
  Ep05 step  600/1500: total=0.1934 bce_c=0.1922 bce_t0=0.0126 prior=0.000000
  Ep05 step  900/1500: total=0.1948 bce_c=0.1936 bce_t0=0.0124 prior=0.000001
  Ep05 step 1200/1500: total=0.1937 bce_c=0.1925 bce_t0=0.0119 prior=0.000001
  Ep05 step 1500/1500: total=0.1912 bce_c=0.1900 bce_t0=0.0124 prior=0.000001

Epoch 05/10 | train_total=0.1930 bce_c=0.1917 bce_t0=0.0122 prior=0.00000 | val=0.2528 | PR=['0.486', '0.539', '0.539', '0.544'] CASCADE-PR=['0.466', '0.506', '0.498', '0.507'] | 955s
  Fragility (6-decimal precision, drift% vs HAZUS):
    power       median 0.600002 ( +0.000%)  beta 0.500179 ( +0.036%)
    telecom     median 0.300054 ( +0.018%)  beta 0.600041 ( +0.007%)
    hospital    median 0.600003 ( +0.000%)  beta 0.500002 ( +0.000%)
    subway      median 0.099998 ( -0.002%)  beta 0.400011 ( +0.003%)
    water       median 0.500056 ( +0.011%)  beta 0.500040 ( +0.008%)
    fuel        median 0.500009 ( +0.002%)  beta 0.600006 ( +0.001%)

  Ep06 step  300/1500: total=0.1942 bce_c=0.1930 bce_t0=0.0124 prior=0.000001
  Ep06 step  600/1500: total=0.1890 bce_c=0.1878 bce_t0=0.0118 prior=0.000001
  Ep06 step  900/1500: total=0.1891 bce_c=0.1879 bce_t0=0.0120 prior=0.000000
  Ep06 step 1200/1500: total=0.1966 bce_c=0.1952 bce_t0=0.0132 prior=0.000001
  Ep06 step 1500/1500: total=0.1876 bce_c=0.1864 bce_t0=0.0115 prior=0.000000

Epoch 06/10 | train_total=0.1913 bce_c=0.1901 bce_t0=0.0122 prior=0.00000 | val=0.2518 | PR=['0.510', '0.553', '0.553', '0.556'] CASCADE-PR=['0.452', '0.496', '0.488', '0.498'] | 1126s
  Fragility (6-decimal precision, drift% vs HAZUS):
    power       median 0.600086 ( +0.014%)  beta 0.500210 ( +0.042%)
    telecom     median 0.300026 ( +0.009%)  beta 0.600087 ( +0.014%)
    hospital    median 0.600032 ( +0.005%)  beta 0.500022 ( +0.004%)
    subway      median 0.099995 ( -0.005%)  beta 0.400024 ( +0.006%)
    water       median 0.500058 ( +0.012%)  beta 0.499971 ( -0.006%)
    fuel        median 0.500000 ( -0.000%)  beta 0.599963 ( -0.006%)

  Ep07 step  300/1500: total=0.1925 bce_c=0.1913 bce_t0=0.0122 prior=0.000001
  Ep07 step  600/1500: total=0.1912 bce_c=0.1899 bce_t0=0.0126 prior=0.000001
  Ep07 step  900/1500: total=0.1933 bce_c=0.1921 bce_t0=0.0121 prior=0.000000
  Ep07 step 1200/1500: total=0.1887 bce_c=0.1874 bce_t0=0.0123 prior=0.000000
  Ep07 step 1500/1500: total=0.1867 bce_c=0.1855 bce_t0=0.0117 prior=0.000000

Epoch 07/10 | train_total=0.1905 bce_c=0.1892 bce_t0=0.0122 prior=0.00000 | val=0.2509 | PR=['0.515', '0.559', '0.559', '0.562'] CASCADE-PR=['0.447', '0.496', '0.489', '0.499'] | 1317s
  Fragility (6-decimal precision, drift% vs HAZUS):
    power       median 0.600092 ( +0.015%)  beta 0.500257 ( +0.051%)
    telecom     median 0.299986 ( -0.005%)  beta 0.599925 ( -0.013%)
    hospital    median 0.600002 ( +0.000%)  beta 0.500003 ( +0.001%)
    subway      median 0.100005 ( +0.005%)  beta 0.399986 ( -0.003%)
    water       median 0.500065 ( +0.013%)  beta 0.500141 ( +0.028%)
    fuel        median 0.499965 ( -0.007%)  beta 0.599997 ( -0.001%)

  Ep08 step  300/1500: total=0.1893 bce_c=0.1881 bce_t0=0.0122 prior=0.000000
  Ep08 step  600/1500: total=0.1885 bce_c=0.1872 bce_t0=0.0126 prior=0.000001
  Ep08 step  900/1500: total=0.1826 bce_c=0.1814 bce_t0=0.0116 prior=0.000000
  Ep08 step 1200/1500: total=0.1945 bce_c=0.1933 bce_t0=0.0124 prior=0.000001
  Ep08 step 1500/1500: total=0.1903 bce_c=0.1891 bce_t0=0.0122 prior=0.000000

Epoch 08/10 | train_total=0.1890 bce_c=0.1878 bce_t0=0.0122 prior=0.00000 | val=0.2524 | PR=['0.518', '0.556', '0.556', '0.560'] CASCADE-PR=['0.447', '0.497', '0.490', '0.499'] | 1508s
  Fragility (6-decimal precision, drift% vs HAZUS):
    power       median 0.600209 ( +0.035%)  beta 0.500311 ( +0.062%)
    telecom     median 0.299990 ( -0.003%)  beta 0.600103 ( +0.017%)
    hospital    median 0.599999 ( -0.000%)  beta 0.500003 ( +0.001%)
    subway      median 0.099989 ( -0.011%)  beta 0.399989 ( -0.003%)
    water       median 0.500127 ( +0.025%)  beta 0.500010 ( +0.002%)
    fuel        median 0.499978 ( -0.004%)  beta 0.600081 ( +0.013%)

  Ep09 step  300/1500: total=0.1861 bce_c=0.1849 bce_t0=0.0122 prior=0.000000
  Ep09 step  600/1500: total=0.1886 bce_c=0.1874 bce_t0=0.0120 prior=0.000001
  Ep09 step  900/1500: total=0.1891 bce_c=0.1879 bce_t0=0.0118 prior=0.000000
  Ep09 step 1200/1500: total=0.1917 bce_c=0.1904 bce_t0=0.0128 prior=0.000001
  Ep09 step 1500/1500: total=0.1853 bce_c=0.1840 bce_t0=0.0121 prior=0.000000

Epoch 09/10 | train_total=0.1882 bce_c=0.1869 bce_t0=0.0122 prior=0.00000 | val=0.2489 | PR=['0.528', '0.569', '0.569', '0.571'] CASCADE-PR=['0.442', '0.494', '0.487', '0.498'] | 1694s
  Fragility (6-decimal precision, drift% vs HAZUS):
    power       median 0.600265 ( +0.044%)  beta 0.499996 ( -0.001%)
    telecom     median 0.300003 ( +0.001%)  beta 0.600041 ( +0.007%)
    hospital    median 0.600001 ( +0.000%)  beta 0.500001 ( +0.000%)
    subway      median 0.100008 ( +0.008%)  beta 0.400046 ( +0.011%)
    water       median 0.499982 ( -0.004%)  beta 0.500062 ( +0.012%)
    fuel        median 0.500113 ( +0.023%)  beta 0.599895 ( -0.018%)


=== Held-out test eval 1/2: WITH depth in col 3 ===
  Test loss: 0.3196
  Test PR per t:         [0.8061887687598623, 0.8520888797013542, 0.8572765081371823, 0.8720871412900677]
  Test CASCADE-PR per t: [0.6811983863386349, 0.7884859305684674, 0.7975889754864277, 0.8234942096931122]

=== Held-out test eval 2/2: col 3 ZEROED (no depth signal to GNN) ===
  Test loss (no depth):           0.3196
  Test PR per t (no depth):         [0.8061887687598623, 0.8520888797013542, 0.8572765081371823, 0.8720871412900677]
  Test CASCADE-PR per t (no depth): [0.6811983863386349, 0.7884859305684674, 0.7975889754864277, 0.8234942096931122]
  Gap (Cascade-PR with depth − without depth) @ t=[6,24,48,96]: [0.0, 0.0, 0.0, 0.0]

  Fragility output variance per node type (eval mode, extreme_2080 example 0):
    power       N=  203  flooded=   10  p_t0 var=8.585084e-03  p_t0 mean=0.014794  p_t0 max=0.717180
    telecom     N= 4150  flooded=  274  p_t0 var=3.331041e-02  p_t0 mean=0.043397  p_t0 max=0.948932
    hospital    N=   61  flooded=    1  p_t0 var=3.214113e-06  p_t0 mean=0.000230  p_t0 max=0.014002
    subway      N=  493  flooded=   76  p_t0 var=1.240858e-01  p_t0 mean=0.150193  p_t0 max=0.999996
    water       N=  137  flooded=   13  p_t0 var=3.618038e-02  p_t0 mean=0.056092  p_t0 max=0.826382
    fuel        N= 1187  flooded=   84  p_t0 var=1.759963e-02  p_t0 mean=0.028703  p_t0 max=0.783216

Saved history -> data/gnn_v2_checkpoints/decoupled_nodepth_v1/history.json
Saved best checkpoint -> data/gnn_v2_checkpoints/decoupled_nodepth_v1/best.pt
