task=37 arm=old17 variant=ctx cell=static_timing torch_seed=2 set=jesse22 head=hazard labels=/scratch/tj2587/results/legacy_v1_n1000 labels2=/scratch/tj2587/results/legacy_v1_n1000 timing=1 context=1 ckpt=/scratch/tj2587/results/gnn_morestorms_v1/old17_ctx_static_timing_s2 smoke=0 commit=967d122 uncommitted_files=0
[gate] CUDA OK: NVIDIA L40S
[gate] heterodata data/graph/nyc_infra_heterodata_v1_frozen_failover_edges.pt: total=6231 -> OK
[gate] set jesse22: 22 storms, 17 for training, 5 held out; in both folders []; missing [] -> OK
[gate] timing table data/flood/timing/node_timing_jesse22_plus_gissr48_v1.csv: storms without rows [] -> OK
[gate] variant ctx: storm context on, timing inputs on -> OK
[gate] head switch present: ('independent', 'hazard')
=== TRAIN MODE — full training ===
torch seed set: 2
Train: 13600  Val: 3400  (17 scenarios) | Test held-out: ['geoclaw_2050', 'syn_ts_914_6_1p2955', 'syn_ts_258_9_3p0022', 'syn_ts_605_5_3p7563', 'syn_ts_808_27_3p7885'] (5000 runs)
Model parameters: 700,952  head=hazard
Device: cuda
[timing-features] loaded 71 scenarios from data/flood/timing/node_timing_jesse22_plus_gissr48_v1.csv (features ('arrival_h', 'duration_h', 'time_to_peak_h'), scaled by 96 h)
  Ep00 step  100/13600: loss = 0.38572
  Ep00 step  200/13600: loss = 0.17621
  Ep00 step  300/13600: loss = 0.12606
  Ep00 step  400/13600: loss = 0.11871
  Ep00 step  500/13600: loss = 0.11891
  Ep00 step  600/13600: loss = 0.08953
  Ep00 step  700/13600: loss = 0.09178
  Ep00 step  800/13600: loss = 0.09982
  Ep00 step  900/13600: loss = 0.10099
  Ep00 step 1000/13600: loss = 0.08777
  Ep00 step 1100/13600: loss = 0.08895
  Ep00 step 1200/13600: loss = 0.07805
  Ep00 step 1300/13600: loss = 0.08574
  Ep00 step 1400/13600: loss = 0.08648
  Ep00 step 1500/13600: loss = 0.07341
  Ep00 step 1600/13600: loss = 0.08415
  Ep00 step 1700/13600: loss = 0.08037
  Ep00 step 1800/13600: loss = 0.08373
  Ep00 step 1900/13600: loss = 0.08147
  Ep00 step 2000/13600: loss = 0.07907
  Ep00 step 2100/13600: loss = 0.08585
  Ep00 step 2200/13600: loss = 0.07744
  Ep00 step 2300/13600: loss = 0.06737
  Ep00 step 2400/13600: loss = 0.07815
  Ep00 step 2500/13600: loss = 0.08053
  Ep00 step 2600/13600: loss = 0.07029
  Ep00 step 2700/13600: loss = 0.06603
  Ep00 step 2800/13600: loss = 0.07194
  Ep00 step 2900/13600: loss = 0.06820
  Ep00 step 3000/13600: loss = 0.06729
  Ep00 step 3100/13600: loss = 0.07009
  Ep00 step 3200/13600: loss = 0.07139
  Ep00 step 3300/13600: loss = 0.06702
  Ep00 step 3400/13600: loss = 0.06904
  Ep00 step 3500/13600: loss = 0.06892
  Ep00 step 3600/13600: loss = 0.06457
  Ep00 step 3700/13600: loss = 0.06472
  Ep00 step 3800/13600: loss = 0.06349
  Ep00 step 3900/13600: loss = 0.05574
  Ep00 step 4000/13600: loss = 0.06448
  Ep00 step 4100/13600: loss = 0.06067
  Ep00 step 4200/13600: loss = 0.06102
  Ep00 step 4300/13600: loss = 0.06471
  Ep00 step 4400/13600: loss = 0.06652
  Ep00 step 4500/13600: loss = 0.06965
  Ep00 step 4600/13600: loss = 0.06212
  Ep00 step 4700/13600: loss = 0.06790
  Ep00 step 4800/13600: loss = 0.06142
  Ep00 step 4900/13600: loss = 0.06435
  Ep00 step 5000/13600: loss = 0.06084
  Ep00 step 5100/13600: loss = 0.06225
  Ep00 step 5200/13600: loss = 0.06882
  Ep00 step 5300/13600: loss = 0.05960
  Ep00 step 5400/13600: loss = 0.06813
  Ep00 step 5500/13600: loss = 0.05985
  Ep00 step 5600/13600: loss = 0.05919
  Ep00 step 5700/13600: loss = 0.06254
  Ep00 step 5800/13600: loss = 0.06119
  Ep00 step 5900/13600: loss = 0.05185
  Ep00 step 6000/13600: loss = 0.05149
  Ep00 step 6100/13600: loss = 0.05803
  Ep00 step 6200/13600: loss = 0.05512
  Ep00 step 6300/13600: loss = 0.05489
  Ep00 step 6400/13600: loss = 0.05641
  Ep00 step 6500/13600: loss = 0.05764
  Ep00 step 6600/13600: loss = 0.05923
  Ep00 step 6700/13600: loss = 0.06327
  Ep00 step 6800/13600: loss = 0.06099
  Ep00 step 6900/13600: loss = 0.04618
  Ep00 step 7000/13600: loss = 0.05745
  Ep00 step 7100/13600: loss = 0.06406
  Ep00 step 7200/13600: loss = 0.05746
  Ep00 step 7300/13600: loss = 0.05400
  Ep00 step 7400/13600: loss = 0.05527
  Ep00 step 7500/13600: loss = 0.05895
  Ep00 step 7600/13600: loss = 0.05535
  Ep00 step 7700/13600: loss = 0.05527
  Ep00 step 7800/13600: loss = 0.05227
  Ep00 step 7900/13600: loss = 0.05469
  Ep00 step 8000/13600: loss = 0.04814
  Ep00 step 8100/13600: loss = 0.06043
  Ep00 step 8200/13600: loss = 0.05943
  Ep00 step 8300/13600: loss = 0.05681
  Ep00 step 8400/13600: loss = 0.06180
  Ep00 step 8500/13600: loss = 0.05413
  Ep00 step 8600/13600: loss = 0.06124
  Ep00 step 8700/13600: loss = 0.06394
  Ep00 step 8800/13600: loss = 0.04981
  Ep00 step 8900/13600: loss = 0.05340
  Ep00 step 9000/13600: loss = 0.05390
  Ep00 step 9100/13600: loss = 0.06345
  Ep00 step 9200/13600: loss = 0.05029
  Ep00 step 9300/13600: loss = 0.04899
  Ep00 step 9400/13600: loss = 0.05205
  Ep00 step 9500/13600: loss = 0.04883
  Ep00 step 9600/13600: loss = 0.05334
  Ep00 step 9700/13600: loss = 0.05434
  Ep00 step 9800/13600: loss = 0.05635
  Ep00 step 9900/13600: loss = 0.05296
  Ep00 step 10000/13600: loss = 0.05918
  Ep00 step 10100/13600: loss = 0.05317
  Ep00 step 10200/13600: loss = 0.05143
  Ep00 step 10300/13600: loss = 0.05883
  Ep00 step 10400/13600: loss = 0.05200
  Ep00 step 10500/13600: loss = 0.04703
  Ep00 step 10600/13600: loss = 0.04937
  Ep00 step 10700/13600: loss = 0.04701
  Ep00 step 10800/13600: loss = 0.05648
  Ep00 step 10900/13600: loss = 0.05711
  Ep00 step 11000/13600: loss = 0.05475
  Ep00 step 11100/13600: loss = 0.05214
  Ep00 step 11200/13600: loss = 0.05523
  Ep00 step 11300/13600: loss = 0.06041
  Ep00 step 11400/13600: loss = 0.05428
  Ep00 step 11500/13600: loss = 0.05257
  Ep00 step 11600/13600: loss = 0.05252
  Ep00 step 11700/13600: loss = 0.05211
  Ep00 step 11800/13600: loss = 0.05050
  Ep00 step 11900/13600: loss = 0.04474
  Ep00 step 12000/13600: loss = 0.04870
  Ep00 step 12100/13600: loss = 0.05193
  Ep00 step 12200/13600: loss = 0.04941
  Ep00 step 12300/13600: loss = 0.05184
  Ep00 step 12400/13600: loss = 0.05396
  Ep00 step 12500/13600: loss = 0.05112
  Ep00 step 12600/13600: loss = 0.05143
  Ep00 step 12700/13600: loss = 0.05218
  Ep00 step 12800/13600: loss = 0.05467
  Ep00 step 12900/13600: loss = 0.05234
  Ep00 step 13000/13600: loss = 0.05580
  Ep00 step 13100/13600: loss = 0.04593
  Ep00 step 13200/13600: loss = 0.04803
  Ep00 step 13300/13600: loss = 0.05431
  Ep00 step 13400/13600: loss = 0.04799
  Ep00 step 13500/13600: loss = 0.04656
  Ep00 step 13600/13600: loss = 0.05142

Epoch 00/6 | train=0.06590 val=0.07109 | AUC=['0.999', '0.998', '0.995', '0.995'] PR=['0.990', '0.985', '0.974', '0.981'] | CASCADE-only AUC=['0.998', '0.997', '0.993', '0.994'] PR=['0.965', '0.961', '0.947', '0.964'] | mono_viol=0.00000 | 671s

  [checkpoint] best.pt updated (epoch 0, val_loss=0.07109)
  Ep01 step  100/13600: loss = 0.05108
  Ep01 step  200/13600: loss = 0.06031
  Ep01 step  300/13600: loss = 0.05017
  Ep01 step  400/13600: loss = 0.04963
  Ep01 step  500/13600: loss = 0.04659
  Ep01 step  600/13600: loss = 0.05120
  Ep01 step  700/13600: loss = 0.05143
  Ep01 step  800/13600: loss = 0.05406
  Ep01 step  900/13600: loss = 0.04936
  Ep01 step 1000/13600: loss = 0.04231
  Ep01 step 1100/13600: loss = 0.05124
  Ep01 step 1200/13600: loss = 0.05289
  Ep01 step 1300/13600: loss = 0.05119
  Ep01 step 1400/13600: loss = 0.05346
  Ep01 step 1500/13600: loss = 0.04859
  Ep01 step 1600/13600: loss = 0.05069
  Ep01 step 1700/13600: loss = 0.05386
  Ep01 step 1800/13600: loss = 0.05687
  Ep01 step 1900/13600: loss = 0.05290
  Ep01 step 2000/13600: loss = 0.04953
  Ep01 step 2100/13600: loss = 0.05777
  Ep01 step 2200/13600: loss = 0.05237
  Ep01 step 2300/13600: loss = 0.04709
  Ep01 step 2400/13600: loss = 0.04984
  Ep01 step 2500/13600: loss = 0.04665
  Ep01 step 2600/13600: loss = 0.05428
  Ep01 step 2700/13600: loss = 0.04128
  Ep01 step 2800/13600: loss = 0.04770
  Ep01 step 2900/13600: loss = 0.04595
  Ep01 step 3000/13600: loss = 0.04921
  Ep01 step 3100/13600: loss = 0.04453
  Ep01 step 3200/13600: loss = 0.05227
  Ep01 step 3300/13600: loss = 0.05026
  Ep01 step 3400/13600: loss = 0.05391
  Ep01 step 3500/13600: loss = 0.05510
  Ep01 step 3600/13600: loss = 0.05460
  Ep01 step 3700/13600: loss = 0.04478
  Ep01 step 3800/13600: loss = 0.05317
  Ep01 step 3900/13600: loss = 0.04889
  Ep01 step 4000/13600: loss = 0.04738
  Ep01 step 4100/13600: loss = 0.04479
  Ep01 step 4200/13600: loss = 0.05154
  Ep01 step 4300/13600: loss = 0.04434
  Ep01 step 4400/13600: loss = 0.05441
  Ep01 step 4500/13600: loss = 0.05089
  Ep01 step 4600/13600: loss = 0.05007
  Ep01 step 4700/13600: loss = 0.04802
  Ep01 step 4800/13600: loss = 0.05726
  Ep01 step 4900/13600: loss = 0.04851
  Ep01 step 5000/13600: loss = 0.04409
  Ep01 step 5100/13600: loss = 0.05185
  Ep01 step 5200/13600: loss = 0.05207
  Ep01 step 5300/13600: loss = 0.05209
  Ep01 step 5400/13600: loss = 0.04960
  Ep01 step 5500/13600: loss = 0.04961
  Ep01 step 5600/13600: loss = 0.04885
  Ep01 step 5700/13600: loss = 0.04767
  Ep01 step 5800/13600: loss = 0.04940
  Ep01 step 5900/13600: loss = 0.04509
  Ep01 step 6000/13600: loss = 0.05324
  Ep01 step 6100/13600: loss = 0.04082
  Ep01 step 6200/13600: loss = 0.04895
  Ep01 step 6300/13600: loss = 0.04881
  Ep01 step 6400/13600: loss = 0.05012
  Ep01 step 6500/13600: loss = 0.04802
  Ep01 step 6600/13600: loss = 0.05016
  Ep01 step 6700/13600: loss = 0.05065
  Ep01 step 6800/13600: loss = 0.04255
  Ep01 step 6900/13600: loss = 0.05756
  Ep01 step 7000/13600: loss = 0.06109
  Ep01 step 7100/13600: loss = 0.04095
  Ep01 step 7200/13600: loss = 0.05737
  Ep01 step 7300/13600: loss = 0.04643
  Ep01 step 7400/13600: loss = 0.05610
  Ep01 step 7500/13600: loss = 0.04727
  Ep01 step 7600/13600: loss = 0.04825
  Ep01 step 7700/13600: loss = 0.05213
  Ep01 step 7800/13600: loss = 0.05243
  Ep01 step 7900/13600: loss = 0.04568
  Ep01 step 8000/13600: loss = 0.04634
  Ep01 step 8100/13600: loss = 0.04917
  Ep01 step 8200/13600: loss = 0.04340
  Ep01 step 8300/13600: loss = 0.04614
  Ep01 step 8400/13600: loss = 0.04277
  Ep01 step 8500/13600: loss = 0.04434
  Ep01 step 8600/13600: loss = 0.04577
  Ep01 step 8700/13600: loss = 0.04092
  Ep01 step 8800/13600: loss = 0.05597
  Ep01 step 8900/13600: loss = 0.04960
  Ep01 step 9000/13600: loss = 0.04749
  Ep01 step 9100/13600: loss = 0.04527
  Ep01 step 9200/13600: loss = 0.05031
  Ep01 step 9300/13600: loss = 0.05110
  Ep01 step 9400/13600: loss = 0.05491
  Ep01 step 9500/13600: loss = 0.04513
  Ep01 step 9600/13600: loss = 0.04883
  Ep01 step 9700/13600: loss = 0.04419
  Ep01 step 9800/13600: loss = 0.04581
  Ep01 step 9900/13600: loss = 0.05354
  Ep01 step 10000/13600: loss = 0.04150
  Ep01 step 10100/13600: loss = 0.04943
  Ep01 step 10200/13600: loss = 0.04575
  Ep01 step 10300/13600: loss = 0.04754
  Ep01 step 10400/13600: loss = 0.04866
  Ep01 step 10500/13600: loss = 0.04972
  Ep01 step 10600/13600: loss = 0.04779
  Ep01 step 10700/13600: loss = 0.04642
  Ep01 step 10800/13600: loss = 0.04507
  Ep01 step 10900/13600: loss = 0.04785
  Ep01 step 11000/13600: loss = 0.04722
  Ep01 step 11100/13600: loss = 0.04783
  Ep01 step 11200/13600: loss = 0.05305
  Ep01 step 11300/13600: loss = 0.04351
  Ep01 step 11400/13600: loss = 0.04407
  Ep01 step 11500/13600: loss = 0.04318
  Ep01 step 11600/13600: loss = 0.04712
  Ep01 step 11700/13600: loss = 0.05334
  Ep01 step 11800/13600: loss = 0.04877
  Ep01 step 11900/13600: loss = 0.04277
  Ep01 step 12000/13600: loss = 0.04729
  Ep01 step 12100/13600: loss = 0.05155
  Ep01 step 12200/13600: loss = 0.05290
  Ep01 step 12300/13600: loss = 0.05208
  Ep01 step 12400/13600: loss = 0.05414
  Ep01 step 12500/13600: loss = 0.05099
  Ep01 step 12600/13600: loss = 0.04170
  Ep01 step 12700/13600: loss = 0.04870
  Ep01 step 12800/13600: loss = 0.05154
  Ep01 step 12900/13600: loss = 0.04876
  Ep01 step 13000/13600: loss = 0.05092
  Ep01 step 13100/13600: loss = 0.04884
  Ep01 step 13200/13600: loss = 0.04908
  Ep01 step 13300/13600: loss = 0.05009
  Ep01 step 13400/13600: loss = 0.05733
  Ep01 step 13500/13600: loss = 0.04014
  Ep01 step 13600/13600: loss = 0.04471

Epoch 01/6 | train=0.04923 val=0.07256 | AUC=['0.999', '0.998', '0.995', '0.996'] PR=['0.992', '0.985', '0.973', '0.982'] | CASCADE-only AUC=['0.999', '0.997', '0.993', '0.994'] PR=['0.972', '0.962', '0.945', '0.965'] | mono_viol=0.00000 | 1341s

  Ep02 step  100/13600: loss = 0.04602
  Ep02 step  200/13600: loss = 0.05032
  Ep02 step  300/13600: loss = 0.05017
  Ep02 step  400/13600: loss = 0.04760
  Ep02 step  500/13600: loss = 0.04051
  Ep02 step  600/13600: loss = 0.05170
  Ep02 step  700/13600: loss = 0.04120
  Ep02 step  800/13600: loss = 0.04692
  Ep02 step  900/13600: loss = 0.04732
  Ep02 step 1000/13600: loss = 0.04917
  Ep02 step 1100/13600: loss = 0.05114
  Ep02 step 1200/13600: loss = 0.04563
  Ep02 step 1300/13600: loss = 0.04956
  Ep02 step 1400/13600: loss = 0.04914
  Ep02 step 1500/13600: loss = 0.06363
  Ep02 step 1600/13600: loss = 0.04268
  Ep02 step 1700/13600: loss = 0.04528
  Ep02 step 1800/13600: loss = 0.05388
  Ep02 step 1900/13600: loss = 0.05217
  Ep02 step 2000/13600: loss = 0.05168
  Ep02 step 2100/13600: loss = 0.04360
  Ep02 step 2200/13600: loss = 0.04984
  Ep02 step 2300/13600: loss = 0.04939
  Ep02 step 2400/13600: loss = 0.04259
  Ep02 step 2500/13600: loss = 0.05201
  Ep02 step 2600/13600: loss = 0.04491
  Ep02 step 2700/13600: loss = 0.04431
  Ep02 step 2800/13600: loss = 0.04913
  Ep02 step 2900/13600: loss = 0.04639
  Ep02 step 3000/13600: loss = 0.04450
  Ep02 step 3100/13600: loss = 0.05248
  Ep02 step 3200/13600: loss = 0.04379
  Ep02 step 3300/13600: loss = 0.05179
  Ep02 step 3400/13600: loss = 0.04101
  Ep02 step 3500/13600: loss = 0.04645
  Ep02 step 3600/13600: loss = 0.04708
  Ep02 step 3700/13600: loss = 0.05089
  Ep02 step 3800/13600: loss = 0.04749
  Ep02 step 3900/13600: loss = 0.04914
  Ep02 step 4000/13600: loss = 0.04905
  Ep02 step 4100/13600: loss = 0.04604
  Ep02 step 4200/13600: loss = 0.05031
  Ep02 step 4300/13600: loss = 0.04724
  Ep02 step 4400/13600: loss = 0.03689
  Ep02 step 4500/13600: loss = 0.04579
  Ep02 step 4600/13600: loss = 0.05001
  Ep02 step 4700/13600: loss = 0.04856
  Ep02 step 4800/13600: loss = 0.05486
  Ep02 step 4900/13600: loss = 0.04687
  Ep02 step 5000/13600: loss = 0.05198
  Ep02 step 5100/13600: loss = 0.04770
  Ep02 step 5200/13600: loss = 0.04502
  Ep02 step 5300/13600: loss = 0.04810
  Ep02 step 5400/13600: loss = 0.04314
  Ep02 step 5500/13600: loss = 0.04857
  Ep02 step 5600/13600: loss = 0.04735
  Ep02 step 5700/13600: loss = 0.04177
  Ep02 step 5800/13600: loss = 0.04038
  Ep02 step 5900/13600: loss = 0.05162
  Ep02 step 6000/13600: loss = 0.04839
  Ep02 step 6100/13600: loss = 0.05179
  Ep02 step 6200/13600: loss = 0.04374
  Ep02 step 6300/13600: loss = 0.04644
  Ep02 step 6400/13600: loss = 0.04520
  Ep02 step 6500/13600: loss = 0.04898
  Ep02 step 6600/13600: loss = 0.04954
  Ep02 step 6700/13600: loss = 0.04100
  Ep02 step 6800/13600: loss = 0.04153
  Ep02 step 6900/13600: loss = 0.04496
  Ep02 step 7000/13600: loss = 0.04058
  Ep02 step 7100/13600: loss = 0.04896
  Ep02 step 7200/13600: loss = 0.04648
  Ep02 step 7300/13600: loss = 0.05066
  Ep02 step 7400/13600: loss = 0.04402
  Ep02 step 7500/13600: loss = 0.04070
  Ep02 step 7600/13600: loss = 0.03947
  Ep02 step 7700/13600: loss = 0.04528
  Ep02 step 7800/13600: loss = 0.05371
  Ep02 step 7900/13600: loss = 0.04621
  Ep02 step 8000/13600: loss = 0.04403
  Ep02 step 8100/13600: loss = 0.05012
  Ep02 step 8200/13600: loss = 0.05200
  Ep02 step 8300/13600: loss = 0.04558
  Ep02 step 8400/13600: loss = 0.04224
  Ep02 step 8500/13600: loss = 0.04482
  Ep02 step 8600/13600: loss = 0.04349
  Ep02 step 8700/13600: loss = 0.04672
  Ep02 step 8800/13600: loss = 0.04642
  Ep02 step 8900/13600: loss = 0.05244
  Ep02 step 9000/13600: loss = 0.05337
  Ep02 step 9100/13600: loss = 0.04241
  Ep02 step 9200/13600: loss = 0.05298
  Ep02 step 9300/13600: loss = 0.05034
  Ep02 step 9400/13600: loss = 0.04638
  Ep02 step 9500/13600: loss = 0.04971
  Ep02 step 9600/13600: loss = 0.04543
  Ep02 step 9700/13600: loss = 0.05179
  Ep02 step 9800/13600: loss = 0.04112
  Ep02 step 9900/13600: loss = 0.04667
  Ep02 step 10000/13600: loss = 0.05534
  Ep02 step 10100/13600: loss = 0.04040
  Ep02 step 10200/13600: loss = 0.05361
  Ep02 step 10300/13600: loss = 0.04692
  Ep02 step 10400/13600: loss = 0.04784
  Ep02 step 10500/13600: loss = 0.04571
  Ep02 step 10600/13600: loss = 0.05388
  Ep02 step 10700/13600: loss = 0.04138
  Ep02 step 10800/13600: loss = 0.04933
  Ep02 step 10900/13600: loss = 0.04503
  Ep02 step 11000/13600: loss = 0.05253
  Ep02 step 11100/13600: loss = 0.04895
  Ep02 step 11200/13600: loss = 0.04040
  Ep02 step 11300/13600: loss = 0.05122
  Ep02 step 11400/13600: loss = 0.05117
  Ep02 step 11500/13600: loss = 0.04615
  Ep02 step 11600/13600: loss = 0.05653
  Ep02 step 11700/13600: loss = 0.04165
  Ep02 step 11800/13600: loss = 0.04943
  Ep02 step 11900/13600: loss = 0.04899
  Ep02 step 12000/13600: loss = 0.04614
  Ep02 step 12100/13600: loss = 0.04464
  Ep02 step 12200/13600: loss = 0.04168
  Ep02 step 12300/13600: loss = 0.04765
  Ep02 step 12400/13600: loss = 0.04650
  Ep02 step 12500/13600: loss = 0.04886
  Ep02 step 12600/13600: loss = 0.04040
  Ep02 step 12700/13600: loss = 0.05420
  Ep02 step 12800/13600: loss = 0.05662
  Ep02 step 12900/13600: loss = 0.05186
  Ep02 step 13000/13600: loss = 0.04638
  Ep02 step 13100/13600: loss = 0.04192
  Ep02 step 13200/13600: loss = 0.04595
  Ep02 step 13300/13600: loss = 0.04748
  Ep02 step 13400/13600: loss = 0.03776
  Ep02 step 13500/13600: loss = 0.04989
  Ep02 step 13600/13600: loss = 0.04701

Epoch 02/6 | train=0.04736 val=0.06917 | AUC=['0.999', '0.999', '0.996', '0.996'] PR=['0.992', '0.988', '0.978', '0.984'] | CASCADE-only AUC=['0.999', '0.998', '0.995', '0.995'] PR=['0.970', '0.970', '0.955', '0.970'] | mono_viol=0.00000 | 2012s

  [checkpoint] best.pt updated (epoch 2, val_loss=0.06917)
  Ep03 step  100/13600: loss = 0.04807
  Ep03 step  200/13600: loss = 0.04379
  Ep03 step  300/13600: loss = 0.04309
  Ep03 step  400/13600: loss = 0.04637
  Ep03 step  500/13600: loss = 0.05253
  Ep03 step  600/13600: loss = 0.04817
  Ep03 step  700/13600: loss = 0.04168
  Ep03 step  800/13600: loss = 0.05439
  Ep03 step  900/13600: loss = 0.04754
  Ep03 step 1000/13600: loss = 0.05025
  Ep03 step 1100/13600: loss = 0.04057
  Ep03 step 1200/13600: loss = 0.04464
  Ep03 step 1300/13600: loss = 0.04152
  Ep03 step 1400/13600: loss = 0.04932
  Ep03 step 1500/13600: loss = 0.05130
  Ep03 step 1600/13600: loss = 0.04623
  Ep03 step 1700/13600: loss = 0.04341
  Ep03 step 1800/13600: loss = 0.04322
  Ep03 step 1900/13600: loss = 0.03898
  Ep03 step 2000/13600: loss = 0.04924
  Ep03 step 2100/13600: loss = 0.04985
  Ep03 step 2200/13600: loss = 0.04608
  Ep03 step 2300/13600: loss = 0.04355
  Ep03 step 2400/13600: loss = 0.05036
  Ep03 step 2500/13600: loss = 0.04702
  Ep03 step 2600/13600: loss = 0.04654
  Ep03 step 2700/13600: loss = 0.04675
  Ep03 step 2800/13600: loss = 0.04738
  Ep03 step 2900/13600: loss = 0.04648
  Ep03 step 3000/13600: loss = 0.04364
  Ep03 step 3100/13600: loss = 0.04709
  Ep03 step 3200/13600: loss = 0.04938
  Ep03 step 3300/13600: loss = 0.05389
  Ep03 step 3400/13600: loss = 0.03943
  Ep03 step 3500/13600: loss = 0.05143
  Ep03 step 3600/13600: loss = 0.04226
  Ep03 step 3700/13600: loss = 0.05304
  Ep03 step 3800/13600: loss = 0.04679
  Ep03 step 3900/13600: loss = 0.04376
  Ep03 step 4000/13600: loss = 0.04548
  Ep03 step 4100/13600: loss = 0.04886
  Ep03 step 4200/13600: loss = 0.05218
  Ep03 step 4300/13600: loss = 0.04685
  Ep03 step 4400/13600: loss = 0.04855
  Ep03 step 4500/13600: loss = 0.04721
  Ep03 step 4600/13600: loss = 0.04595
  Ep03 step 4700/13600: loss = 0.04782
  Ep03 step 4800/13600: loss = 0.04566
  Ep03 step 4900/13600: loss = 0.04843
  Ep03 step 5000/13600: loss = 0.03467
  Ep03 step 5100/13600: loss = 0.05122
  Ep03 step 5200/13600: loss = 0.04990
  Ep03 step 5300/13600: loss = 0.04034
  Ep03 step 5400/13600: loss = 0.04760
  Ep03 step 5500/13600: loss = 0.03864
  Ep03 step 5600/13600: loss = 0.04111
  Ep03 step 5700/13600: loss = 0.04452
  Ep03 step 5800/13600: loss = 0.05278
  Ep03 step 5900/13600: loss = 0.05166
  Ep03 step 6000/13600: loss = 0.04897
  Ep03 step 6100/13600: loss = 0.05311
  Ep03 step 6200/13600: loss = 0.05181
  Ep03 step 6300/13600: loss = 0.04650
  Ep03 step 6400/13600: loss = 0.03958
  Ep03 step 6500/13600: loss = 0.04580
  Ep03 step 6600/13600: loss = 0.04979
  Ep03 step 6700/13600: loss = 0.04291
  Ep03 step 6800/13600: loss = 0.04489
  Ep03 step 6900/13600: loss = 0.04486
  Ep03 step 7000/13600: loss = 0.04490
  Ep03 step 7100/13600: loss = 0.04354
  Ep03 step 7200/13600: loss = 0.04487
  Ep03 step 7300/13600: loss = 0.04732
  Ep03 step 7400/13600: loss = 0.04935
  Ep03 step 7500/13600: loss = 0.03930
  Ep03 step 7600/13600: loss = 0.04469
  Ep03 step 7700/13600: loss = 0.04664
  Ep03 step 7800/13600: loss = 0.04507
  Ep03 step 7900/13600: loss = 0.05033
  Ep03 step 8000/13600: loss = 0.04838
  Ep03 step 8100/13600: loss = 0.06039
  Ep03 step 8200/13600: loss = 0.04262
  Ep03 step 8300/13600: loss = 0.05399
  Ep03 step 8400/13600: loss = 0.05144
  Ep03 step 8500/13600: loss = 0.04869
  Ep03 step 8600/13600: loss = 0.03782
  Ep03 step 8700/13600: loss = 0.05101
  Ep03 step 8800/13600: loss = 0.04169
  Ep03 step 8900/13600: loss = 0.04399
  Ep03 step 9000/13600: loss = 0.04249
  Ep03 step 9100/13600: loss = 0.04078
  Ep03 step 9200/13600: loss = 0.03955
  Ep03 step 9300/13600: loss = 0.04602
  Ep03 step 9400/13600: loss = 0.04831
  Ep03 step 9500/13600: loss = 0.04910
  Ep03 step 9600/13600: loss = 0.04449
  Ep03 step 9700/13600: loss = 0.04223
  Ep03 step 9800/13600: loss = 0.04642
  Ep03 step 9900/13600: loss = 0.05092
  Ep03 step 10000/13600: loss = 0.04629
  Ep03 step 10100/13600: loss = 0.04756
  Ep03 step 10200/13600: loss = 0.04916
  Ep03 step 10300/13600: loss = 0.04780
  Ep03 step 10400/13600: loss = 0.04666
  Ep03 step 10500/13600: loss = 0.04600
  Ep03 step 10600/13600: loss = 0.03922
  Ep03 step 10700/13600: loss = 0.05681
  Ep03 step 10800/13600: loss = 0.04509
  Ep03 step 10900/13600: loss = 0.04245
  Ep03 step 11000/13600: loss = 0.04488
  Ep03 step 11100/13600: loss = 0.04622
  Ep03 step 11200/13600: loss = 0.04386
  Ep03 step 11300/13600: loss = 0.04750
  Ep03 step 11400/13600: loss = 0.03851
  Ep03 step 11500/13600: loss = 0.03848
  Ep03 step 11600/13600: loss = 0.04750
  Ep03 step 11700/13600: loss = 0.04399
  Ep03 step 11800/13600: loss = 0.04633
  Ep03 step 11900/13600: loss = 0.05007
  Ep03 step 12000/13600: loss = 0.04911
  Ep03 step 12100/13600: loss = 0.04993
  Ep03 step 12200/13600: loss = 0.04924
  Ep03 step 12300/13600: loss = 0.05748
  Ep03 step 12400/13600: loss = 0.04482
  Ep03 step 12500/13600: loss = 0.04420
  Ep03 step 12600/13600: loss = 0.04896
  Ep03 step 12700/13600: loss = 0.04970
  Ep03 step 12800/13600: loss = 0.04351
  Ep03 step 12900/13600: loss = 0.03681
  Ep03 step 13000/13600: loss = 0.04621
  Ep03 step 13100/13600: loss = 0.04879
  Ep03 step 13200/13600: loss = 0.05177
  Ep03 step 13300/13600: loss = 0.04243
  Ep03 step 13400/13600: loss = 0.04756
  Ep03 step 13500/13600: loss = 0.05235
  Ep03 step 13600/13600: loss = 0.04302

Epoch 03/6 | train=0.04649 val=0.06684 | AUC=['0.999', '0.999', '0.996', '0.997'] PR=['0.993', '0.988', '0.978', '0.986'] | CASCADE-only AUC=['0.999', '0.998', '0.995', '0.996'] PR=['0.974', '0.971', '0.957', '0.974'] | mono_viol=0.00000 | 2681s

  [checkpoint] best.pt updated (epoch 3, val_loss=0.06684)
  Ep04 step  100/13600: loss = 0.04647
  Ep04 step  200/13600: loss = 0.04105
  Ep04 step  300/13600: loss = 0.04221
  Ep04 step  400/13600: loss = 0.04850
  Ep04 step  500/13600: loss = 0.04274
  Ep04 step  600/13600: loss = 0.04580
  Ep04 step  700/13600: loss = 0.04541
  Ep04 step  800/13600: loss = 0.05405
  Ep04 step  900/13600: loss = 0.04451
  Ep04 step 1000/13600: loss = 0.04768
  Ep04 step 1100/13600: loss = 0.04346
  Ep04 step 1200/13600: loss = 0.04478
  Ep04 step 1300/13600: loss = 0.04304
  Ep04 step 1400/13600: loss = 0.05301
  Ep04 step 1500/13600: loss = 0.04411
  Ep04 step 1600/13600: loss = 0.03554
  Ep04 step 1700/13600: loss = 0.04546
  Ep04 step 1800/13600: loss = 0.04450
  Ep04 step 1900/13600: loss = 0.04912
  Ep04 step 2000/13600: loss = 0.04711
  Ep04 step 2100/13600: loss = 0.05312
  Ep04 step 2200/13600: loss = 0.05249
  Ep04 step 2300/13600: loss = 0.04560
  Ep04 step 2400/13600: loss = 0.04071
  Ep04 step 2500/13600: loss = 0.04626
  Ep04 step 2600/13600: loss = 0.03849
  Ep04 step 2700/13600: loss = 0.05286
  Ep04 step 2800/13600: loss = 0.04139
  Ep04 step 2900/13600: loss = 0.04380
  Ep04 step 3000/13600: loss = 0.04325
  Ep04 step 3100/13600: loss = 0.05488
  Ep04 step 3200/13600: loss = 0.04864
  Ep04 step 3300/13600: loss = 0.03971
  Ep04 step 3400/13600: loss = 0.04108
  Ep04 step 3500/13600: loss = 0.04559
  Ep04 step 3600/13600: loss = 0.04649
  Ep04 step 3700/13600: loss = 0.04986
  Ep04 step 3800/13600: loss = 0.04633
  Ep04 step 3900/13600: loss = 0.04961
  Ep04 step 4000/13600: loss = 0.04675
  Ep04 step 4100/13600: loss = 0.04920
  Ep04 step 4200/13600: loss = 0.04439
  Ep04 step 4300/13600: loss = 0.04591
  Ep04 step 4400/13600: loss = 0.05173
  Ep04 step 4500/13600: loss = 0.04125
  Ep04 step 4600/13600: loss = 0.05079
  Ep04 step 4700/13600: loss = 0.04649
  Ep04 step 4800/13600: loss = 0.05037
  Ep04 step 4900/13600: loss = 0.04228
  Ep04 step 5000/13600: loss = 0.04173
  Ep04 step 5100/13600: loss = 0.04894
  Ep04 step 5200/13600: loss = 0.04551
  Ep04 step 5300/13600: loss = 0.04643
  Ep04 step 5400/13600: loss = 0.04915
  Ep04 step 5500/13600: loss = 0.04653
  Ep04 step 5600/13600: loss = 0.05342
  Ep04 step 5700/13600: loss = 0.04983
  Ep04 step 5800/13600: loss = 0.04443
  Ep04 step 5900/13600: loss = 0.04264
  Ep04 step 6000/13600: loss = 0.03474
  Ep04 step 6100/13600: loss = 0.04848
  Ep04 step 6200/13600: loss = 0.03551
  Ep04 step 6300/13600: loss = 0.03792
  Ep04 step 6400/13600: loss = 0.04227
  Ep04 step 6500/13600: loss = 0.04081
  Ep04 step 6600/13600: loss = 0.04004
  Ep04 step 6700/13600: loss = 0.04417
  Ep04 step 6800/13600: loss = 0.04810
  Ep04 step 6900/13600: loss = 0.04642
  Ep04 step 7000/13600: loss = 0.04190
  Ep04 step 7100/13600: loss = 0.04036
  Ep04 step 7200/13600: loss = 0.04174
  Ep04 step 7300/13600: loss = 0.05122
  Ep04 step 7400/13600: loss = 0.04762
  Ep04 step 7500/13600: loss = 0.04358
  Ep04 step 7600/13600: loss = 0.04279
  Ep04 step 7700/13600: loss = 0.04738
  Ep04 step 7800/13600: loss = 0.04377
  Ep04 step 7900/13600: loss = 0.05565
  Ep04 step 8000/13600: loss = 0.04710
  Ep04 step 8100/13600: loss = 0.04086
  Ep04 step 8200/13600: loss = 0.04020
  Ep04 step 8300/13600: loss = 0.04857
  Ep04 step 8400/13600: loss = 0.03886
  Ep04 step 8500/13600: loss = 0.04132
  Ep04 step 8600/13600: loss = 0.04289
  Ep04 step 8700/13600: loss = 0.04621
  Ep04 step 8800/13600: loss = 0.04383
  Ep04 step 8900/13600: loss = 0.04383
  Ep04 step 9000/13600: loss = 0.04460
  Ep04 step 9100/13600: loss = 0.04056
  Ep04 step 9200/13600: loss = 0.04107
  Ep04 step 9300/13600: loss = 0.04654
  Ep04 step 9400/13600: loss = 0.04110
  Ep04 step 9500/13600: loss = 0.04503
  Ep04 step 9600/13600: loss = 0.04882
  Ep04 step 9700/13600: loss = 0.05727
  Ep04 step 9800/13600: loss = 0.05689
  Ep04 step 9900/13600: loss = 0.04535
  Ep04 step 10000/13600: loss = 0.05027
  Ep04 step 10100/13600: loss = 0.04637
  Ep04 step 10200/13600: loss = 0.04070
  Ep04 step 10300/13600: loss = 0.04893
  Ep04 step 10400/13600: loss = 0.05675
  Ep04 step 10500/13600: loss = 0.04770
  Ep04 step 10600/13600: loss = 0.03885
  Ep04 step 10700/13600: loss = 0.05647
  Ep04 step 10800/13600: loss = 0.05103
  Ep04 step 10900/13600: loss = 0.04496
  Ep04 step 11000/13600: loss = 0.04577
  Ep04 step 11100/13600: loss = 0.04316
  Ep04 step 11200/13600: loss = 0.05222
  Ep04 step 11300/13600: loss = 0.04986
  Ep04 step 11400/13600: loss = 0.03747
  Ep04 step 11500/13600: loss = 0.04407
  Ep04 step 11600/13600: loss = 0.03533
  Ep04 step 11700/13600: loss = 0.04622
  Ep04 step 11800/13600: loss = 0.04667
  Ep04 step 11900/13600: loss = 0.04380
  Ep04 step 12000/13600: loss = 0.04557
  Ep04 step 12100/13600: loss = 0.05847
  Ep04 step 12200/13600: loss = 0.04393
  Ep04 step 12300/13600: loss = 0.04282
  Ep04 step 12400/13600: loss = 0.03491
  Ep04 step 12500/13600: loss = 0.04614
  Ep04 step 12600/13600: loss = 0.04446
  Ep04 step 12700/13600: loss = 0.04509
  Ep04 step 12800/13600: loss = 0.03631
  Ep04 step 12900/13600: loss = 0.05219
  Ep04 step 13000/13600: loss = 0.04468
  Ep04 step 13100/13600: loss = 0.04641
  Ep04 step 13200/13600: loss = 0.04665
  Ep04 step 13300/13600: loss = 0.05382
  Ep04 step 13400/13600: loss = 0.04707
  Ep04 step 13500/13600: loss = 0.04626
  Ep04 step 13600/13600: loss = 0.04847

Epoch 04/6 | train=0.04567 val=0.06717 | AUC=['0.999', '0.999', '0.996', '0.997'] PR=['0.993', '0.989', '0.979', '0.986'] | CASCADE-only AUC=['0.999', '0.998', '0.995', '0.995'] PR=['0.974', '0.970', '0.958', '0.974'] | mono_viol=0.00000 | 3349s

  Ep05 step  100/13600: loss = 0.04345
  Ep05 step  200/13600: loss = 0.03552
  Ep05 step  300/13600: loss = 0.04242
  Ep05 step  400/13600: loss = 0.04225
  Ep05 step  500/13600: loss = 0.03837
  Ep05 step  600/13600: loss = 0.04573
  Ep05 step  700/13600: loss = 0.05454
  Ep05 step  800/13600: loss = 0.04912
  Ep05 step  900/13600: loss = 0.04706
  Ep05 step 1000/13600: loss = 0.04946
  Ep05 step 1100/13600: loss = 0.05106
  Ep05 step 1200/13600: loss = 0.05160
  Ep05 step 1300/13600: loss = 0.04364
  Ep05 step 1400/13600: loss = 0.04354
  Ep05 step 1500/13600: loss = 0.04782
  Ep05 step 1600/13600: loss = 0.04786
  Ep05 step 1700/13600: loss = 0.04622
  Ep05 step 1800/13600: loss = 0.04595
  Ep05 step 1900/13600: loss = 0.05134
  Ep05 step 2000/13600: loss = 0.03870
  Ep05 step 2100/13600: loss = 0.04546
  Ep05 step 2200/13600: loss = 0.04066
  Ep05 step 2300/13600: loss = 0.04744
  Ep05 step 2400/13600: loss = 0.03705
  Ep05 step 2500/13600: loss = 0.04805
  Ep05 step 2600/13600: loss = 0.04166
  Ep05 step 2700/13600: loss = 0.04564
  Ep05 step 2800/13600: loss = 0.04660
  Ep05 step 2900/13600: loss = 0.04632
  Ep05 step 3000/13600: loss = 0.04582
  Ep05 step 3100/13600: loss = 0.04841
  Ep05 step 3200/13600: loss = 0.04421
  Ep05 step 3300/13600: loss = 0.05375
  Ep05 step 3400/13600: loss = 0.04483
  Ep05 step 3500/13600: loss = 0.04301
  Ep05 step 3600/13600: loss = 0.04257
  Ep05 step 3700/13600: loss = 0.05046
  Ep05 step 3800/13600: loss = 0.04484
  Ep05 step 3900/13600: loss = 0.04035
  Ep05 step 4000/13600: loss = 0.04316
  Ep05 step 4100/13600: loss = 0.04827
  Ep05 step 4200/13600: loss = 0.05278
  Ep05 step 4300/13600: loss = 0.03717
  Ep05 step 4400/13600: loss = 0.04530
  Ep05 step 4500/13600: loss = 0.04560
  Ep05 step 4600/13600: loss = 0.03731
  Ep05 step 4700/13600: loss = 0.04339
  Ep05 step 4800/13600: loss = 0.04155
  Ep05 step 4900/13600: loss = 0.05021
  Ep05 step 5000/13600: loss = 0.04768
  Ep05 step 5100/13600: loss = 0.05134
  Ep05 step 5200/13600: loss = 0.04381
  Ep05 step 5300/13600: loss = 0.04453
  Ep05 step 5400/13600: loss = 0.04571
  Ep05 step 5500/13600: loss = 0.03946
  Ep05 step 5600/13600: loss = 0.04734
  Ep05 step 5700/13600: loss = 0.04597
  Ep05 step 5800/13600: loss = 0.03965
  Ep05 step 5900/13600: loss = 0.04716
  Ep05 step 6000/13600: loss = 0.04294
  Ep05 step 6100/13600: loss = 0.04738
  Ep05 step 6200/13600: loss = 0.04582
  Ep05 step 6300/13600: loss = 0.04570
  Ep05 step 6400/13600: loss = 0.04649
  Ep05 step 6500/13600: loss = 0.04112
  Ep05 step 6600/13600: loss = 0.04487
  Ep05 step 6700/13600: loss = 0.03976
  Ep05 step 6800/13600: loss = 0.03726
  Ep05 step 6900/13600: loss = 0.05562
  Ep05 step 7000/13600: loss = 0.04125
  Ep05 step 7100/13600: loss = 0.04649
  Ep05 step 7200/13600: loss = 0.04479
  Ep05 step 7300/13600: loss = 0.04687
  Ep05 step 7400/13600: loss = 0.04643
  Ep05 step 7500/13600: loss = 0.04214
  Ep05 step 7600/13600: loss = 0.04165
  Ep05 step 7700/13600: loss = 0.04235
  Ep05 step 7800/13600: loss = 0.04674
  Ep05 step 7900/13600: loss = 0.04824
  Ep05 step 8000/13600: loss = 0.04688
  Ep05 step 8100/13600: loss = 0.04575
  Ep05 step 8200/13600: loss = 0.03901
  Ep05 step 8300/13600: loss = 0.04801
  Ep05 step 8400/13600: loss = 0.03936
  Ep05 step 8500/13600: loss = 0.04584
  Ep05 step 8600/13600: loss = 0.04181
  Ep05 step 8700/13600: loss = 0.05019
  Ep05 step 8800/13600: loss = 0.04298
  Ep05 step 8900/13600: loss = 0.04321
  Ep05 step 9000/13600: loss = 0.05231
  Ep05 step 9100/13600: loss = 0.05198
  Ep05 step 9200/13600: loss = 0.04645
  Ep05 step 9300/13600: loss = 0.04196
  Ep05 step 9400/13600: loss = 0.04854
  Ep05 step 9500/13600: loss = 0.05190
  Ep05 step 9600/13600: loss = 0.05015
  Ep05 step 9700/13600: loss = 0.04239
  Ep05 step 9800/13600: loss = 0.04768
  Ep05 step 9900/13600: loss = 0.04068
  Ep05 step 10000/13600: loss = 0.04768
  Ep05 step 10100/13600: loss = 0.04036
  Ep05 step 10200/13600: loss = 0.04227
  Ep05 step 10300/13600: loss = 0.04659
  Ep05 step 10400/13600: loss = 0.05052
  Ep05 step 10500/13600: loss = 0.03482
  Ep05 step 10600/13600: loss = 0.04077
  Ep05 step 10700/13600: loss = 0.05199
  Ep05 step 10800/13600: loss = 0.04711
  Ep05 step 10900/13600: loss = 0.04660
  Ep05 step 11000/13600: loss = 0.04518
  Ep05 step 11100/13600: loss = 0.05037
  Ep05 step 11200/13600: loss = 0.04474
  Ep05 step 11300/13600: loss = 0.04847
  Ep05 step 11400/13600: loss = 0.04917
  Ep05 step 11500/13600: loss = 0.04964
  Ep05 step 11600/13600: loss = 0.04809
  Ep05 step 11700/13600: loss = 0.04102
  Ep05 step 11800/13600: loss = 0.04629
  Ep05 step 11900/13600: loss = 0.05520
  Ep05 step 12000/13600: loss = 0.03973
  Ep05 step 12100/13600: loss = 0.03621
  Ep05 step 12200/13600: loss = 0.04986
  Ep05 step 12300/13600: loss = 0.03974
  Ep05 step 12400/13600: loss = 0.04011
  Ep05 step 12500/13600: loss = 0.04644
  Ep05 step 12600/13600: loss = 0.04619
  Ep05 step 12700/13600: loss = 0.04889
  Ep05 step 12800/13600: loss = 0.04915
  Ep05 step 12900/13600: loss = 0.05121
  Ep05 step 13000/13600: loss = 0.04542
  Ep05 step 13100/13600: loss = 0.04267
  Ep05 step 13200/13600: loss = 0.05072
  Ep05 step 13300/13600: loss = 0.04679
  Ep05 step 13400/13600: loss = 0.04578
  Ep05 step 13500/13600: loss = 0.04338
  Ep05 step 13600/13600: loss = 0.04107

Epoch 05/6 | train=0.04538 val=0.06509 | AUC=['0.999', '0.999', '0.996', '0.997'] PR=['0.993', '0.990', '0.981', '0.987'] | CASCADE-only AUC=['0.999', '0.998', '0.995', '0.996'] PR=['0.975', '0.974', '0.962', '0.976'] | mono_viol=0.00000 | 4017s

  [checkpoint] best.pt updated (epoch 5, val_loss=0.06509)
[held-out geoclaw_2050] test_loss=0.09373 mono_viol=0.00000 (1000 runs)
  ALL-nodes     AUC=[0.998083840250969, 0.9985707068443298, 0.9946036775112153, 0.9973416701555252]  PR=[0.9858167072090159, 0.9948787513263531, 0.985443501699125, 0.9948764663546762]
  CASCADE-only  AUC=[0.9965926476716995, 0.9981285743713378, 0.993295469403267, 0.9969181814789772]  PR=[0.9569686080149862, 0.991423544257673, 0.9780594233672693, 0.9930556085329619]
[held-out syn_ts_914_6_1p2955] test_loss=0.03316 mono_viol=0.00000 (1000 runs)
  ALL-nodes     AUC=[0.999917818248272, 0.999718891620636, 0.999415707051754, 0.9990837910175323]  PR=[0.9976932530183907, 0.9938437104374801, 0.9890204541434156, 0.9894846259142243]
  CASCADE-only  AUC=[0.9998364409208298, 0.9995212241411209, 0.99910571038723, 0.9986920225620269]  PR=[0.9909676465648507, 0.9826143038132846, 0.9744527307067272, 0.9784443927418671]
[held-out syn_ts_258_9_3p0022] test_loss=0.08145 mono_viol=0.00000 (1000 runs)
  ALL-nodes     AUC=[0.9988192358613014, 0.9988135088682175, 0.9950627669095993, 0.9972849109172821]  PR=[0.9919306742738012, 0.9959447172154645, 0.9868052205506653, 0.9946637882926145]
  CASCADE-only  AUC=[0.9977421026229858, 0.9983570722341537, 0.9935140007138252, 0.996709734737873]  PR=[0.9715667494174138, 0.9924731579790178, 0.9780623512210367, 0.9921214898734309]
[held-out syn_ts_605_5_3p7563] test_loss=0.15092 mono_viol=0.00000 (1000 runs)
  ALL-nodes     AUC=[0.9923808256983757, 0.9929968662261963, 0.9879466708898544, 0.9948365349173546]  PR=[0.9792599587482939, 0.9871015786460908, 0.9808499088762288, 0.9936912711357963]
  CASCADE-only  AUC=[0.9857252635359764, 0.9894678996801376, 0.9833019827604293, 0.9933556995391846]  PR=[0.9344247285726444, 0.9732990315345802, 0.9645831095852716, 0.9895761183767251]
[held-out syn_ts_808_27_3p7885] test_loss=0.08208 mono_viol=0.00000 (1000 runs)
  ALL-nodes     AUC=[0.9978436533212661, 0.9982314633727074, 0.995012419462204, 0.9975861885547638]  PR=[0.9892806269010908, 0.9952514413081313, 0.9890207720528179, 0.9959645110366624]
  CASCADE-only  AUC=[0.9959031403064728, 0.9974860460162163, 0.9933564841151238, 0.9970104361772537]  PR=[0.9628654504341524, 0.9907832489294186, 0.9810339132004436, 0.9937776960902063]
