task=35 arm=mix57_full variant=ctx cell=dynamic_timing torch_seed=1 set=w29_all head=hazard labels=/scratch/tj2587/results/dynamic_v1/arrival_h360 labels2=/scratch/tj2587/results/gissr48_v1/arrival_h360 timing=1 context=1 ckpt=/scratch/tj2587/results/gnn_morestorms_v1/mix57_full_ctx_dynamic_timing_s1 smoke=0 commit=967d122 uncommitted_files=0
[gate] CUDA OK: NVIDIA L40S
[gate] heterodata data/graph/nyc_infra_heterodata_v1_frozen_failover_edges.pt: total=6231 -> OK
[gate] set w29_all: 70 storms, 57 for training, 13 held out; in both folders []; missing [] -> OK
[gate] timing table data/flood/timing/node_timing_jesse22_plus_gissr48_v1.csv: storms without rows [] -> OK
[gate] variant ctx: storm context on, timing inputs on -> OK
[gate] head switch present: ('independent', 'hazard')
=== TRAIN MODE — full training ===
torch seed set: 1
Train: 45600  Val: 11400  (57 scenarios) | Test held-out: ['geoclaw_2050', 'syn_ts_914_6_1p2955', 'syn_ts_258_9_3p0022', 'syn_ts_605_5_3p7563', 'syn_ts_808_27_3p7885', 'syn2_t449w6_wl2p103', 'syn2_t580w24_wl2p439', 'syn2_t934c34_wl2p777', 'syn2_t270w17_wl3p116', 'syn2_t33w13_wl3p458', 'syn2_t857w1_wl3p800', 'syn2_t116w1_wl4p130', 'syn2_t198w16_wl4p722'] (13000 runs)
Subsampled val to 3400
Model parameters: 700,952  head=hazard
Device: cuda
[timing-features] loaded 71 scenarios from data/flood/timing/node_timing_jesse22_plus_gissr48_v1.csv (features ('arrival_h', 'duration_h', 'time_to_peak_h'), scaled by 96 h)
  Ep00 step  100/45600: loss = 0.54785
  Ep00 step  200/45600: loss = 0.27214
  Ep00 step  300/45600: loss = 0.20119
  Ep00 step  400/45600: loss = 0.18281
  Ep00 step  500/45600: loss = 0.17572
  Ep00 step  600/45600: loss = 0.17992
  Ep00 step  700/45600: loss = 0.14481
  Ep00 step  800/45600: loss = 0.16291
  Ep00 step  900/45600: loss = 0.14940
  Ep00 step 1000/45600: loss = 0.16311
  Ep00 step 1100/45600: loss = 0.14527
  Ep00 step 1200/45600: loss = 0.14369
  Ep00 step 1300/45600: loss = 0.15430
  Ep00 step 1400/45600: loss = 0.15133
  Ep00 step 1500/45600: loss = 0.14502
  Ep00 step 1600/45600: loss = 0.15110
  Ep00 step 1700/45600: loss = 0.14897
  Ep00 step 1800/45600: loss = 0.14093
  Ep00 step 1900/45600: loss = 0.13716
  Ep00 step 2000/45600: loss = 0.13276
  Ep00 step 2100/45600: loss = 0.13387
  Ep00 step 2200/45600: loss = 0.14491
  Ep00 step 2300/45600: loss = 0.13171
  Ep00 step 2400/45600: loss = 0.13641
  Ep00 step 2500/45600: loss = 0.14332
  Ep00 step 2600/45600: loss = 0.13016
  Ep00 step 2700/45600: loss = 0.14092
  Ep00 step 2800/45600: loss = 0.13036
  Ep00 step 2900/45600: loss = 0.12596
  Ep00 step 3000/45600: loss = 0.13395
  Ep00 step 3100/45600: loss = 0.12092
  Ep00 step 3200/45600: loss = 0.12053
  Ep00 step 3300/45600: loss = 0.13017
  Ep00 step 3400/45600: loss = 0.12982
  Ep00 step 3500/45600: loss = 0.13273
  Ep00 step 3600/45600: loss = 0.11668
  Ep00 step 3700/45600: loss = 0.12178
  Ep00 step 3800/45600: loss = 0.12583
  Ep00 step 3900/45600: loss = 0.10789
  Ep00 step 4000/45600: loss = 0.13134
  Ep00 step 4100/45600: loss = 0.12943
  Ep00 step 4200/45600: loss = 0.12104
  Ep00 step 4300/45600: loss = 0.12007
  Ep00 step 4400/45600: loss = 0.10821
  Ep00 step 4500/45600: loss = 0.11765
  Ep00 step 4600/45600: loss = 0.12919
  Ep00 step 4700/45600: loss = 0.11980
  Ep00 step 4800/45600: loss = 0.11843
  Ep00 step 4900/45600: loss = 0.11705
  Ep00 step 5000/45600: loss = 0.12113
  Ep00 step 5100/45600: loss = 0.11422
  Ep00 step 5200/45600: loss = 0.11669
  Ep00 step 5300/45600: loss = 0.12390
  Ep00 step 5400/45600: loss = 0.11879
  Ep00 step 5500/45600: loss = 0.11925
  Ep00 step 5600/45600: loss = 0.11331
  Ep00 step 5700/45600: loss = 0.12756
  Ep00 step 5800/45600: loss = 0.12347
  Ep00 step 5900/45600: loss = 0.11504
  Ep00 step 6000/45600: loss = 0.11342
  Ep00 step 6100/45600: loss = 0.11541
  Ep00 step 6200/45600: loss = 0.11661
  Ep00 step 6300/45600: loss = 0.11439
  Ep00 step 6400/45600: loss = 0.10817
  Ep00 step 6500/45600: loss = 0.10739
  Ep00 step 6600/45600: loss = 0.11368
  Ep00 step 6700/45600: loss = 0.11489
  Ep00 step 6800/45600: loss = 0.11400
  Ep00 step 6900/45600: loss = 0.11667
  Ep00 step 7000/45600: loss = 0.11144
  Ep00 step 7100/45600: loss = 0.10593
  Ep00 step 7200/45600: loss = 0.11803
  Ep00 step 7300/45600: loss = 0.11248
  Ep00 step 7400/45600: loss = 0.10690
  Ep00 step 7500/45600: loss = 0.10582
  Ep00 step 7600/45600: loss = 0.12140
  Ep00 step 7700/45600: loss = 0.10048
  Ep00 step 7800/45600: loss = 0.11056
  Ep00 step 7900/45600: loss = 0.11651
  Ep00 step 8000/45600: loss = 0.12096
  Ep00 step 8100/45600: loss = 0.10197
  Ep00 step 8200/45600: loss = 0.09955
  Ep00 step 8300/45600: loss = 0.10797
  Ep00 step 8400/45600: loss = 0.10941
  Ep00 step 8500/45600: loss = 0.10420
  Ep00 step 8600/45600: loss = 0.10594
  Ep00 step 8700/45600: loss = 0.11266
  Ep00 step 8800/45600: loss = 0.11447
  Ep00 step 8900/45600: loss = 0.10782
  Ep00 step 9000/45600: loss = 0.11776
  Ep00 step 9100/45600: loss = 0.11460
  Ep00 step 9200/45600: loss = 0.10533
  Ep00 step 9300/45600: loss = 0.09997
  Ep00 step 9400/45600: loss = 0.11093
  Ep00 step 9500/45600: loss = 0.11163
  Ep00 step 9600/45600: loss = 0.10446
  Ep00 step 9700/45600: loss = 0.10661
  Ep00 step 9800/45600: loss = 0.10540
  Ep00 step 9900/45600: loss = 0.11431
  Ep00 step 10000/45600: loss = 0.10910
  Ep00 step 10100/45600: loss = 0.11715
  Ep00 step 10200/45600: loss = 0.10206
  Ep00 step 10300/45600: loss = 0.09558
  Ep00 step 10400/45600: loss = 0.10448
  Ep00 step 10500/45600: loss = 0.09759
  Ep00 step 10600/45600: loss = 0.10821
  Ep00 step 10700/45600: loss = 0.10812
  Ep00 step 10800/45600: loss = 0.10529
  Ep00 step 10900/45600: loss = 0.11346
  Ep00 step 11000/45600: loss = 0.09784
  Ep00 step 11100/45600: loss = 0.10815
  Ep00 step 11200/45600: loss = 0.11019
  Ep00 step 11300/45600: loss = 0.10344
  Ep00 step 11400/45600: loss = 0.10672
  Ep00 step 11500/45600: loss = 0.11057
  Ep00 step 11600/45600: loss = 0.10642
  Ep00 step 11700/45600: loss = 0.10552
  Ep00 step 11800/45600: loss = 0.10299
  Ep00 step 11900/45600: loss = 0.10688
  Ep00 step 12000/45600: loss = 0.11050
  Ep00 step 12100/45600: loss = 0.10728
  Ep00 step 12200/45600: loss = 0.10575
  Ep00 step 12300/45600: loss = 0.09575
  Ep00 step 12400/45600: loss = 0.10068
  Ep00 step 12500/45600: loss = 0.09896
  Ep00 step 12600/45600: loss = 0.10119
  Ep00 step 12700/45600: loss = 0.10587
  Ep00 step 12800/45600: loss = 0.11062
  Ep00 step 12900/45600: loss = 0.10181
  Ep00 step 13000/45600: loss = 0.10149
  Ep00 step 13100/45600: loss = 0.10688
  Ep00 step 13200/45600: loss = 0.10648
  Ep00 step 13300/45600: loss = 0.09895
  Ep00 step 13400/45600: loss = 0.10790
  Ep00 step 13500/45600: loss = 0.10859
  Ep00 step 13600/45600: loss = 0.10660
  Ep00 step 13700/45600: loss = 0.09529
  Ep00 step 13800/45600: loss = 0.09767
  Ep00 step 13900/45600: loss = 0.09535
  Ep00 step 14000/45600: loss = 0.09283
  Ep00 step 14100/45600: loss = 0.10444
  Ep00 step 14200/45600: loss = 0.10120
  Ep00 step 14300/45600: loss = 0.10685
  Ep00 step 14400/45600: loss = 0.10023
  Ep00 step 14500/45600: loss = 0.09189
  Ep00 step 14600/45600: loss = 0.09549
  Ep00 step 14700/45600: loss = 0.09921
  Ep00 step 14800/45600: loss = 0.10016
  Ep00 step 14900/45600: loss = 0.10057
  Ep00 step 15000/45600: loss = 0.09647
  Ep00 step 15100/45600: loss = 0.11293
  Ep00 step 15200/45600: loss = 0.10543
  Ep00 step 15300/45600: loss = 0.10553
  Ep00 step 15400/45600: loss = 0.10421
  Ep00 step 15500/45600: loss = 0.10474
  Ep00 step 15600/45600: loss = 0.09671
  Ep00 step 15700/45600: loss = 0.10215
  Ep00 step 15800/45600: loss = 0.09627
  Ep00 step 15900/45600: loss = 0.10121
  Ep00 step 16000/45600: loss = 0.09858
  Ep00 step 16100/45600: loss = 0.09477
  Ep00 step 16200/45600: loss = 0.11062
  Ep00 step 16300/45600: loss = 0.10964
  Ep00 step 16400/45600: loss = 0.10057
  Ep00 step 16500/45600: loss = 0.09666
  Ep00 step 16600/45600: loss = 0.11729
  Ep00 step 16700/45600: loss = 0.10546
  Ep00 step 16800/45600: loss = 0.10659
  Ep00 step 16900/45600: loss = 0.10305
  Ep00 step 17000/45600: loss = 0.08928
  Ep00 step 17100/45600: loss = 0.10240
  Ep00 step 17200/45600: loss = 0.08783
  Ep00 step 17300/45600: loss = 0.09955
  Ep00 step 17400/45600: loss = 0.10985
  Ep00 step 17500/45600: loss = 0.09298
  Ep00 step 17600/45600: loss = 0.10783
  Ep00 step 17700/45600: loss = 0.10887
  Ep00 step 17800/45600: loss = 0.10053
  Ep00 step 17900/45600: loss = 0.10041
  Ep00 step 18000/45600: loss = 0.09807
  Ep00 step 18100/45600: loss = 0.10233
  Ep00 step 18200/45600: loss = 0.10693
  Ep00 step 18300/45600: loss = 0.09819
  Ep00 step 18400/45600: loss = 0.10533
  Ep00 step 18500/45600: loss = 0.10533
  Ep00 step 18600/45600: loss = 0.11127
  Ep00 step 18700/45600: loss = 0.10028
  Ep00 step 18800/45600: loss = 0.09722
  Ep00 step 18900/45600: loss = 0.10097
  Ep00 step 19000/45600: loss = 0.10165
  Ep00 step 19100/45600: loss = 0.09974
  Ep00 step 19200/45600: loss = 0.10451
  Ep00 step 19300/45600: loss = 0.09518
  Ep00 step 19400/45600: loss = 0.09604
  Ep00 step 19500/45600: loss = 0.10430
  Ep00 step 19600/45600: loss = 0.10923
  Ep00 step 19700/45600: loss = 0.09924
  Ep00 step 19800/45600: loss = 0.10017
  Ep00 step 19900/45600: loss = 0.09933
  Ep00 step 20000/45600: loss = 0.09208
  Ep00 step 20100/45600: loss = 0.10171
  Ep00 step 20200/45600: loss = 0.09959
  Ep00 step 20300/45600: loss = 0.09839
  Ep00 step 20400/45600: loss = 0.09775
  Ep00 step 20500/45600: loss = 0.10891
  Ep00 step 20600/45600: loss = 0.09865
  Ep00 step 20700/45600: loss = 0.08896
  Ep00 step 20800/45600: loss = 0.09615
  Ep00 step 20900/45600: loss = 0.10121
  Ep00 step 21000/45600: loss = 0.09328
  Ep00 step 21100/45600: loss = 0.09820
  Ep00 step 21200/45600: loss = 0.10370
  Ep00 step 21300/45600: loss = 0.10081
  Ep00 step 21400/45600: loss = 0.10651
  Ep00 step 21500/45600: loss = 0.09507
  Ep00 step 21600/45600: loss = 0.10477
  Ep00 step 21700/45600: loss = 0.09435
  Ep00 step 21800/45600: loss = 0.09859
  Ep00 step 21900/45600: loss = 0.09253
  Ep00 step 22000/45600: loss = 0.11192
  Ep00 step 22100/45600: loss = 0.09635
  Ep00 step 22200/45600: loss = 0.10136
  Ep00 step 22300/45600: loss = 0.10366
  Ep00 step 22400/45600: loss = 0.09744
  Ep00 step 22500/45600: loss = 0.09813
  Ep00 step 22600/45600: loss = 0.09157
  Ep00 step 22700/45600: loss = 0.10431
  Ep00 step 22800/45600: loss = 0.10610
  Ep00 step 22900/45600: loss = 0.09237
  Ep00 step 23000/45600: loss = 0.10151
  Ep00 step 23100/45600: loss = 0.10143
  Ep00 step 23200/45600: loss = 0.10551
  Ep00 step 23300/45600: loss = 0.10021
  Ep00 step 23400/45600: loss = 0.08623
  Ep00 step 23500/45600: loss = 0.09909
  Ep00 step 23600/45600: loss = 0.09613
  Ep00 step 23700/45600: loss = 0.10052
  Ep00 step 23800/45600: loss = 0.09788
  Ep00 step 23900/45600: loss = 0.09983
  Ep00 step 24000/45600: loss = 0.10244
  Ep00 step 24100/45600: loss = 0.09576
  Ep00 step 24200/45600: loss = 0.09152
  Ep00 step 24300/45600: loss = 0.08939
  Ep00 step 24400/45600: loss = 0.11202
  Ep00 step 24500/45600: loss = 0.09646
  Ep00 step 24600/45600: loss = 0.09375
  Ep00 step 24700/45600: loss = 0.08949
  Ep00 step 24800/45600: loss = 0.10710
  Ep00 step 24900/45600: loss = 0.08980
  Ep00 step 25000/45600: loss = 0.09312
  Ep00 step 25100/45600: loss = 0.09830
  Ep00 step 25200/45600: loss = 0.10055
  Ep00 step 25300/45600: loss = 0.09897
  Ep00 step 25400/45600: loss = 0.09153
  Ep00 step 25500/45600: loss = 0.08479
  Ep00 step 25600/45600: loss = 0.09652
  Ep00 step 25700/45600: loss = 0.08394
  Ep00 step 25800/45600: loss = 0.10441
  Ep00 step 25900/45600: loss = 0.09070
  Ep00 step 26000/45600: loss = 0.10344
  Ep00 step 26100/45600: loss = 0.09627
  Ep00 step 26200/45600: loss = 0.09738
  Ep00 step 26300/45600: loss = 0.10170
  Ep00 step 26400/45600: loss = 0.09384
  Ep00 step 26500/45600: loss = 0.09636
  Ep00 step 26600/45600: loss = 0.10245
  Ep00 step 26700/45600: loss = 0.09805
  Ep00 step 26800/45600: loss = 0.09482
  Ep00 step 26900/45600: loss = 0.09789
  Ep00 step 27000/45600: loss = 0.10465
  Ep00 step 27100/45600: loss = 0.09218
  Ep00 step 27200/45600: loss = 0.09428
  Ep00 step 27300/45600: loss = 0.09262
  Ep00 step 27400/45600: loss = 0.10965
  Ep00 step 27500/45600: loss = 0.08956
  Ep00 step 27600/45600: loss = 0.09099
  Ep00 step 27700/45600: loss = 0.09365
  Ep00 step 27800/45600: loss = 0.10070
  Ep00 step 27900/45600: loss = 0.09500
  Ep00 step 28000/45600: loss = 0.09216
  Ep00 step 28100/45600: loss = 0.10866
  Ep00 step 28200/45600: loss = 0.09486
  Ep00 step 28300/45600: loss = 0.10206
  Ep00 step 28400/45600: loss = 0.08960
  Ep00 step 28500/45600: loss = 0.10405
  Ep00 step 28600/45600: loss = 0.09287
  Ep00 step 28700/45600: loss = 0.10518
  Ep00 step 28800/45600: loss = 0.10263
  Ep00 step 28900/45600: loss = 0.09897
  Ep00 step 29000/45600: loss = 0.08479
  Ep00 step 29100/45600: loss = 0.10550
  Ep00 step 29200/45600: loss = 0.10135
  Ep00 step 29300/45600: loss = 0.08445
  Ep00 step 29400/45600: loss = 0.09320
  Ep00 step 29500/45600: loss = 0.09854
  Ep00 step 29600/45600: loss = 0.09684
  Ep00 step 29700/45600: loss = 0.09930
  Ep00 step 29800/45600: loss = 0.09119
  Ep00 step 29900/45600: loss = 0.08334
  Ep00 step 30000/45600: loss = 0.09800
  Ep00 step 30100/45600: loss = 0.09176
  Ep00 step 30200/45600: loss = 0.09867
  Ep00 step 30300/45600: loss = 0.10616
  Ep00 step 30400/45600: loss = 0.09412
  Ep00 step 30500/45600: loss = 0.09437
  Ep00 step 30600/45600: loss = 0.09834
  Ep00 step 30700/45600: loss = 0.10126
  Ep00 step 30800/45600: loss = 0.09995
  Ep00 step 30900/45600: loss = 0.09131
  Ep00 step 31000/45600: loss = 0.09926
  Ep00 step 31100/45600: loss = 0.09408
  Ep00 step 31200/45600: loss = 0.09779
  Ep00 step 31300/45600: loss = 0.09636
  Ep00 step 31400/45600: loss = 0.09864
  Ep00 step 31500/45600: loss = 0.09810
  Ep00 step 31600/45600: loss = 0.10461
  Ep00 step 31700/45600: loss = 0.09533
  Ep00 step 31800/45600: loss = 0.09683
  Ep00 step 31900/45600: loss = 0.08854
  Ep00 step 32000/45600: loss = 0.09917
  Ep00 step 32100/45600: loss = 0.09297
  Ep00 step 32200/45600: loss = 0.09690
  Ep00 step 32300/45600: loss = 0.09729
  Ep00 step 32400/45600: loss = 0.09152
  Ep00 step 32500/45600: loss = 0.10380
  Ep00 step 32600/45600: loss = 0.10343
  Ep00 step 32700/45600: loss = 0.09387
  Ep00 step 32800/45600: loss = 0.09022
  Ep00 step 32900/45600: loss = 0.10159
  Ep00 step 33000/45600: loss = 0.09678
  Ep00 step 33100/45600: loss = 0.09259
  Ep00 step 33200/45600: loss = 0.09515
  Ep00 step 33300/45600: loss = 0.10877
  Ep00 step 33400/45600: loss = 0.08917
  Ep00 step 33500/45600: loss = 0.08497
  Ep00 step 33600/45600: loss = 0.09434
  Ep00 step 33700/45600: loss = 0.09500
  Ep00 step 33800/45600: loss = 0.08934
  Ep00 step 33900/45600: loss = 0.10432
  Ep00 step 34000/45600: loss = 0.10902
  Ep00 step 34100/45600: loss = 0.10059
  Ep00 step 34200/45600: loss = 0.09320
  Ep00 step 34300/45600: loss = 0.09215
  Ep00 step 34400/45600: loss = 0.09529
  Ep00 step 34500/45600: loss = 0.10033
  Ep00 step 34600/45600: loss = 0.09246
  Ep00 step 34700/45600: loss = 0.10103
  Ep00 step 34800/45600: loss = 0.09323
  Ep00 step 34900/45600: loss = 0.09372
  Ep00 step 35000/45600: loss = 0.08627
  Ep00 step 35100/45600: loss = 0.10311
  Ep00 step 35200/45600: loss = 0.08202
  Ep00 step 35300/45600: loss = 0.09200
  Ep00 step 35400/45600: loss = 0.10143
  Ep00 step 35500/45600: loss = 0.09841
  Ep00 step 35600/45600: loss = 0.10113
  Ep00 step 35700/45600: loss = 0.10602
  Ep00 step 35800/45600: loss = 0.09810
  Ep00 step 35900/45600: loss = 0.09006
  Ep00 step 36000/45600: loss = 0.09640
  Ep00 step 36100/45600: loss = 0.09745
  Ep00 step 36200/45600: loss = 0.10427
  Ep00 step 36300/45600: loss = 0.10474
  Ep00 step 36400/45600: loss = 0.09038
  Ep00 step 36500/45600: loss = 0.09317
  Ep00 step 36600/45600: loss = 0.08741
  Ep00 step 36700/45600: loss = 0.09877
  Ep00 step 36800/45600: loss = 0.09301
  Ep00 step 36900/45600: loss = 0.08700
  Ep00 step 37000/45600: loss = 0.08765
  Ep00 step 37100/45600: loss = 0.09368
  Ep00 step 37200/45600: loss = 0.10230
  Ep00 step 37300/45600: loss = 0.08903
  Ep00 step 37400/45600: loss = 0.08209
  Ep00 step 37500/45600: loss = 0.08508
  Ep00 step 37600/45600: loss = 0.08813
  Ep00 step 37700/45600: loss = 0.08663
  Ep00 step 37800/45600: loss = 0.10519
  Ep00 step 37900/45600: loss = 0.09720
  Ep00 step 38000/45600: loss = 0.09631
  Ep00 step 38100/45600: loss = 0.10536
  Ep00 step 38200/45600: loss = 0.09544
  Ep00 step 38300/45600: loss = 0.09641
  Ep00 step 38400/45600: loss = 0.09258
  Ep00 step 38500/45600: loss = 0.08674
  Ep00 step 38600/45600: loss = 0.09605
  Ep00 step 38700/45600: loss = 0.10223
  Ep00 step 38800/45600: loss = 0.09802
  Ep00 step 38900/45600: loss = 0.10255
  Ep00 step 39000/45600: loss = 0.09727
  Ep00 step 39100/45600: loss = 0.08868
  Ep00 step 39200/45600: loss = 0.08935
  Ep00 step 39300/45600: loss = 0.09378
  Ep00 step 39400/45600: loss = 0.09400
  Ep00 step 39500/45600: loss = 0.09801
  Ep00 step 39600/45600: loss = 0.10186
  Ep00 step 39700/45600: loss = 0.08732
  Ep00 step 39800/45600: loss = 0.09414
  Ep00 step 39900/45600: loss = 0.09091
  Ep00 step 40000/45600: loss = 0.10152
  Ep00 step 40100/45600: loss = 0.09163
  Ep00 step 40200/45600: loss = 0.09188
  Ep00 step 40300/45600: loss = 0.09774
  Ep00 step 40400/45600: loss = 0.09422
  Ep00 step 40500/45600: loss = 0.07582
  Ep00 step 40600/45600: loss = 0.09784
  Ep00 step 40700/45600: loss = 0.09231
  Ep00 step 40800/45600: loss = 0.09481
  Ep00 step 40900/45600: loss = 0.09513
  Ep00 step 41000/45600: loss = 0.09249
  Ep00 step 41100/45600: loss = 0.08673
  Ep00 step 41200/45600: loss = 0.09034
  Ep00 step 41300/45600: loss = 0.07492
  Ep00 step 41400/45600: loss = 0.10028
  Ep00 step 41500/45600: loss = 0.09063
  Ep00 step 41600/45600: loss = 0.09353
  Ep00 step 41700/45600: loss = 0.09604
  Ep00 step 41800/45600: loss = 0.08642
  Ep00 step 41900/45600: loss = 0.08946
  Ep00 step 42000/45600: loss = 0.09593
  Ep00 step 42100/45600: loss = 0.09787
  Ep00 step 42200/45600: loss = 0.10118
  Ep00 step 42300/45600: loss = 0.10066
  Ep00 step 42400/45600: loss = 0.09199
  Ep00 step 42500/45600: loss = 0.09671
  Ep00 step 42600/45600: loss = 0.08566
  Ep00 step 42700/45600: loss = 0.10521
  Ep00 step 42800/45600: loss = 0.09250
  Ep00 step 42900/45600: loss = 0.08806
  Ep00 step 43000/45600: loss = 0.09532
  Ep00 step 43100/45600: loss = 0.10348
  Ep00 step 43200/45600: loss = 0.09798
  Ep00 step 43300/45600: loss = 0.09957
  Ep00 step 43400/45600: loss = 0.10055
  Ep00 step 43500/45600: loss = 0.09296
  Ep00 step 43600/45600: loss = 0.09447
  Ep00 step 43700/45600: loss = 0.09296
  Ep00 step 43800/45600: loss = 0.08847
  Ep00 step 43900/45600: loss = 0.09510
  Ep00 step 44000/45600: loss = 0.09007
  Ep00 step 44100/45600: loss = 0.10169
  Ep00 step 44200/45600: loss = 0.08045
  Ep00 step 44300/45600: loss = 0.10100
  Ep00 step 44400/45600: loss = 0.08487
  Ep00 step 44500/45600: loss = 0.08720
  Ep00 step 44600/45600: loss = 0.09528
  Ep00 step 44700/45600: loss = 0.08770
  Ep00 step 44800/45600: loss = 0.08665
  Ep00 step 44900/45600: loss = 0.09359
  Ep00 step 45000/45600: loss = 0.10805
  Ep00 step 45100/45600: loss = 0.09793
  Ep00 step 45200/45600: loss = 0.07999
  Ep00 step 45300/45600: loss = 0.09963
  Ep00 step 45400/45600: loss = 0.09024
  Ep00 step 45500/45600: loss = 0.08724
  Ep00 step 45600/45600: loss = 0.09524

Epoch 00/6 | train=0.10489 val=0.11551 | AUC=['0.996', '0.995', '0.991', '0.994'] PR=['0.980', '0.980', '0.973', '0.982'] | CASCADE-only AUC=['0.995', '0.993', '0.989', '0.992'] PR=['0.956', '0.962', '0.954', '0.969'] | mono_viol=0.00000 | 2574s

  [checkpoint] best.pt updated (epoch 0, val_loss=0.11551)
  Ep01 step  100/45600: loss = 0.09159
  Ep01 step  200/45600: loss = 0.08329
  Ep01 step  300/45600: loss = 0.09727
  Ep01 step  400/45600: loss = 0.10016
  Ep01 step  500/45600: loss = 0.09194
  Ep01 step  600/45600: loss = 0.09500
  Ep01 step  700/45600: loss = 0.08793
  Ep01 step  800/45600: loss = 0.09596
  Ep01 step  900/45600: loss = 0.08590
  Ep01 step 1000/45600: loss = 0.09341
  Ep01 step 1100/45600: loss = 0.08881
  Ep01 step 1200/45600: loss = 0.10402
  Ep01 step 1300/45600: loss = 0.09428
  Ep01 step 1400/45600: loss = 0.10322
  Ep01 step 1500/45600: loss = 0.09420
  Ep01 step 1600/45600: loss = 0.09156
  Ep01 step 1700/45600: loss = 0.10050
  Ep01 step 1800/45600: loss = 0.08907
  Ep01 step 1900/45600: loss = 0.08397
  Ep01 step 2000/45600: loss = 0.10514
  Ep01 step 2100/45600: loss = 0.08905
  Ep01 step 2200/45600: loss = 0.09421
  Ep01 step 2300/45600: loss = 0.09631
  Ep01 step 2400/45600: loss = 0.09311
  Ep01 step 2500/45600: loss = 0.09539
  Ep01 step 2600/45600: loss = 0.09298
  Ep01 step 2700/45600: loss = 0.09956
  Ep01 step 2800/45600: loss = 0.09650
  Ep01 step 2900/45600: loss = 0.09075
  Ep01 step 3000/45600: loss = 0.09036
  Ep01 step 3100/45600: loss = 0.09844
  Ep01 step 3200/45600: loss = 0.08684
  Ep01 step 3300/45600: loss = 0.09606
  Ep01 step 3400/45600: loss = 0.10242
  Ep01 step 3500/45600: loss = 0.08306
  Ep01 step 3600/45600: loss = 0.09230
  Ep01 step 3700/45600: loss = 0.08796
  Ep01 step 3800/45600: loss = 0.08981
  Ep01 step 3900/45600: loss = 0.09507
  Ep01 step 4000/45600: loss = 0.09450
  Ep01 step 4100/45600: loss = 0.09397
  Ep01 step 4200/45600: loss = 0.09114
  Ep01 step 4300/45600: loss = 0.09242
  Ep01 step 4400/45600: loss = 0.09222
  Ep01 step 4500/45600: loss = 0.08870
  Ep01 step 4600/45600: loss = 0.09828
  Ep01 step 4700/45600: loss = 0.09565
  Ep01 step 4800/45600: loss = 0.09870
  Ep01 step 4900/45600: loss = 0.09103
  Ep01 step 5000/45600: loss = 0.09271
  Ep01 step 5100/45600: loss = 0.09135
  Ep01 step 5200/45600: loss = 0.10984
  Ep01 step 5300/45600: loss = 0.08873
  Ep01 step 5400/45600: loss = 0.10357
  Ep01 step 5500/45600: loss = 0.09239
  Ep01 step 5600/45600: loss = 0.08338
  Ep01 step 5700/45600: loss = 0.08722
  Ep01 step 5800/45600: loss = 0.09258
  Ep01 step 5900/45600: loss = 0.10059
  Ep01 step 6000/45600: loss = 0.07823
  Ep01 step 6100/45600: loss = 0.08776
  Ep01 step 6200/45600: loss = 0.08653
  Ep01 step 6300/45600: loss = 0.10031
  Ep01 step 6400/45600: loss = 0.09062
  Ep01 step 6500/45600: loss = 0.08652
  Ep01 step 6600/45600: loss = 0.10058
  Ep01 step 6700/45600: loss = 0.09299
  Ep01 step 6800/45600: loss = 0.10656
  Ep01 step 6900/45600: loss = 0.09626
  Ep01 step 7000/45600: loss = 0.09382
  Ep01 step 7100/45600: loss = 0.08766
  Ep01 step 7200/45600: loss = 0.08609
  Ep01 step 7300/45600: loss = 0.08725
  Ep01 step 7400/45600: loss = 0.08847
  Ep01 step 7500/45600: loss = 0.09056
  Ep01 step 7600/45600: loss = 0.09421
  Ep01 step 7700/45600: loss = 0.09423
  Ep01 step 7800/45600: loss = 0.08480
  Ep01 step 7900/45600: loss = 0.09291
  Ep01 step 8000/45600: loss = 0.08799
  Ep01 step 8100/45600: loss = 0.09426
  Ep01 step 8200/45600: loss = 0.08949
  Ep01 step 8300/45600: loss = 0.09389
  Ep01 step 8400/45600: loss = 0.08782
  Ep01 step 8500/45600: loss = 0.09284
  Ep01 step 8600/45600: loss = 0.08735
  Ep01 step 8700/45600: loss = 0.09976
  Ep01 step 8800/45600: loss = 0.09428
  Ep01 step 8900/45600: loss = 0.10056
  Ep01 step 9000/45600: loss = 0.09160
  Ep01 step 9100/45600: loss = 0.07832
  Ep01 step 9200/45600: loss = 0.09618
  Ep01 step 9300/45600: loss = 0.09387
  Ep01 step 9400/45600: loss = 0.09604
  Ep01 step 9500/45600: loss = 0.08566
  Ep01 step 9600/45600: loss = 0.09130
  Ep01 step 9700/45600: loss = 0.09720
  Ep01 step 9800/45600: loss = 0.09053
  Ep01 step 9900/45600: loss = 0.08640
  Ep01 step 10000/45600: loss = 0.08764
  Ep01 step 10100/45600: loss = 0.08704
  Ep01 step 10200/45600: loss = 0.10142
  Ep01 step 10300/45600: loss = 0.10385
  Ep01 step 10400/45600: loss = 0.09478
  Ep01 step 10500/45600: loss = 0.07300
  Ep01 step 10600/45600: loss = 0.08691
  Ep01 step 10700/45600: loss = 0.10244
  Ep01 step 10800/45600: loss = 0.09360
  Ep01 step 10900/45600: loss = 0.09528
  Ep01 step 11000/45600: loss = 0.09207
  Ep01 step 11100/45600: loss = 0.09554
  Ep01 step 11200/45600: loss = 0.08162
  Ep01 step 11300/45600: loss = 0.09748
  Ep01 step 11400/45600: loss = 0.09218
  Ep01 step 11500/45600: loss = 0.08022
  Ep01 step 11600/45600: loss = 0.09302
  Ep01 step 11700/45600: loss = 0.08433
  Ep01 step 11800/45600: loss = 0.08849
  Ep01 step 11900/45600: loss = 0.09713
  Ep01 step 12000/45600: loss = 0.09028
  Ep01 step 12100/45600: loss = 0.10633
  Ep01 step 12200/45600: loss = 0.09119
  Ep01 step 12300/45600: loss = 0.09068
  Ep01 step 12400/45600: loss = 0.08944
  Ep01 step 12500/45600: loss = 0.09185
  Ep01 step 12600/45600: loss = 0.07986
  Ep01 step 12700/45600: loss = 0.09940
  Ep01 step 12800/45600: loss = 0.08647
  Ep01 step 12900/45600: loss = 0.09093
  Ep01 step 13000/45600: loss = 0.10650
  Ep01 step 13100/45600: loss = 0.09427
  Ep01 step 13200/45600: loss = 0.08201
  Ep01 step 13300/45600: loss = 0.08636
  Ep01 step 13400/45600: loss = 0.09402
  Ep01 step 13500/45600: loss = 0.08559
  Ep01 step 13600/45600: loss = 0.09109
  Ep01 step 13700/45600: loss = 0.09686
  Ep01 step 13800/45600: loss = 0.09027
  Ep01 step 13900/45600: loss = 0.09068
  Ep01 step 14000/45600: loss = 0.09098
  Ep01 step 14100/45600: loss = 0.08860
  Ep01 step 14200/45600: loss = 0.09788
  Ep01 step 14300/45600: loss = 0.09252
  Ep01 step 14400/45600: loss = 0.07472
  Ep01 step 14500/45600: loss = 0.09126
  Ep01 step 14600/45600: loss = 0.08578
  Ep01 step 14700/45600: loss = 0.09309
  Ep01 step 14800/45600: loss = 0.08902
  Ep01 step 14900/45600: loss = 0.08073
  Ep01 step 15000/45600: loss = 0.09532
  Ep01 step 15100/45600: loss = 0.09519
  Ep01 step 15200/45600: loss = 0.09646
  Ep01 step 15300/45600: loss = 0.08213
  Ep01 step 15400/45600: loss = 0.09541
  Ep01 step 15500/45600: loss = 0.09805
  Ep01 step 15600/45600: loss = 0.09416
  Ep01 step 15700/45600: loss = 0.08645
  Ep01 step 15800/45600: loss = 0.09912
  Ep01 step 15900/45600: loss = 0.08672
  Ep01 step 16000/45600: loss = 0.10537
  Ep01 step 16100/45600: loss = 0.10190
  Ep01 step 16200/45600: loss = 0.09663
  Ep01 step 16300/45600: loss = 0.09082
  Ep01 step 16400/45600: loss = 0.09572
  Ep01 step 16500/45600: loss = 0.09068
  Ep01 step 16600/45600: loss = 0.09329
  Ep01 step 16700/45600: loss = 0.08736
  Ep01 step 16800/45600: loss = 0.08726
  Ep01 step 16900/45600: loss = 0.09654
  Ep01 step 17000/45600: loss = 0.08906
  Ep01 step 17100/45600: loss = 0.09500
  Ep01 step 17200/45600: loss = 0.09537
  Ep01 step 17300/45600: loss = 0.09594
  Ep01 step 17400/45600: loss = 0.09481
  Ep01 step 17500/45600: loss = 0.08601
  Ep01 step 17600/45600: loss = 0.09204
  Ep01 step 17700/45600: loss = 0.09899
  Ep01 step 17800/45600: loss = 0.09979
  Ep01 step 17900/45600: loss = 0.07616
  Ep01 step 18000/45600: loss = 0.09258
  Ep01 step 18100/45600: loss = 0.08764
  Ep01 step 18200/45600: loss = 0.09382
  Ep01 step 18300/45600: loss = 0.10237
  Ep01 step 18400/45600: loss = 0.09110
  Ep01 step 18500/45600: loss = 0.09062
  Ep01 step 18600/45600: loss = 0.09873
  Ep01 step 18700/45600: loss = 0.09311
  Ep01 step 18800/45600: loss = 0.09009
  Ep01 step 18900/45600: loss = 0.08865
  Ep01 step 19000/45600: loss = 0.08594
  Ep01 step 19100/45600: loss = 0.09251
  Ep01 step 19200/45600: loss = 0.09390
  Ep01 step 19300/45600: loss = 0.09186
  Ep01 step 19400/45600: loss = 0.09906
  Ep01 step 19500/45600: loss = 0.08602
  Ep01 step 19600/45600: loss = 0.08574
  Ep01 step 19700/45600: loss = 0.09231
  Ep01 step 19800/45600: loss = 0.08125
  Ep01 step 19900/45600: loss = 0.10365
  Ep01 step 20000/45600: loss = 0.09224
  Ep01 step 20100/45600: loss = 0.08639
  Ep01 step 20200/45600: loss = 0.09007
  Ep01 step 20300/45600: loss = 0.09567
  Ep01 step 20400/45600: loss = 0.08282
  Ep01 step 20500/45600: loss = 0.08590
  Ep01 step 20600/45600: loss = 0.08425
  Ep01 step 20700/45600: loss = 0.10393
  Ep01 step 20800/45600: loss = 0.09909
  Ep01 step 20900/45600: loss = 0.07953
  Ep01 step 21000/45600: loss = 0.09319
  Ep01 step 21100/45600: loss = 0.09314
  Ep01 step 21200/45600: loss = 0.08807
  Ep01 step 21300/45600: loss = 0.09045
  Ep01 step 21400/45600: loss = 0.09981
  Ep01 step 21500/45600: loss = 0.08487
  Ep01 step 21600/45600: loss = 0.09145
  Ep01 step 21700/45600: loss = 0.08612
  Ep01 step 21800/45600: loss = 0.08907
  Ep01 step 21900/45600: loss = 0.09736
  Ep01 step 22000/45600: loss = 0.08955
  Ep01 step 22100/45600: loss = 0.09137
  Ep01 step 22200/45600: loss = 0.09816
  Ep01 step 22300/45600: loss = 0.08720
  Ep01 step 22400/45600: loss = 0.09267
  Ep01 step 22500/45600: loss = 0.09412
  Ep01 step 22600/45600: loss = 0.08899
  Ep01 step 22700/45600: loss = 0.07977
  Ep01 step 22800/45600: loss = 0.09151
  Ep01 step 22900/45600: loss = 0.09084
  Ep01 step 23000/45600: loss = 0.08381
  Ep01 step 23100/45600: loss = 0.08884
  Ep01 step 23200/45600: loss = 0.07861
  Ep01 step 23300/45600: loss = 0.09454
  Ep01 step 23400/45600: loss = 0.09796
  Ep01 step 23500/45600: loss = 0.09225
  Ep01 step 23600/45600: loss = 0.10194
  Ep01 step 23700/45600: loss = 0.09671
  Ep01 step 23800/45600: loss = 0.09612
  Ep01 step 23900/45600: loss = 0.09748
  Ep01 step 24000/45600: loss = 0.09476
  Ep01 step 24100/45600: loss = 0.08692
  Ep01 step 24200/45600: loss = 0.08945
  Ep01 step 24300/45600: loss = 0.08869
  Ep01 step 24400/45600: loss = 0.08538
  Ep01 step 24500/45600: loss = 0.09359
  Ep01 step 24600/45600: loss = 0.09752
  Ep01 step 24700/45600: loss = 0.09969
  Ep01 step 24800/45600: loss = 0.09306
  Ep01 step 24900/45600: loss = 0.08904
  Ep01 step 25000/45600: loss = 0.08381
  Ep01 step 25100/45600: loss = 0.08559
  Ep01 step 25200/45600: loss = 0.08576
  Ep01 step 25300/45600: loss = 0.08520
  Ep01 step 25400/45600: loss = 0.09214
  Ep01 step 25500/45600: loss = 0.09394
  Ep01 step 25600/45600: loss = 0.09641
  Ep01 step 25700/45600: loss = 0.09640
  Ep01 step 25800/45600: loss = 0.08310
  Ep01 step 25900/45600: loss = 0.09019
  Ep01 step 26000/45600: loss = 0.08744
  Ep01 step 26100/45600: loss = 0.07909
  Ep01 step 26200/45600: loss = 0.09876
  Ep01 step 26300/45600: loss = 0.08137
  Ep01 step 26400/45600: loss = 0.08816
  Ep01 step 26500/45600: loss = 0.09388
  Ep01 step 26600/45600: loss = 0.09552
  Ep01 step 26700/45600: loss = 0.09245
  Ep01 step 26800/45600: loss = 0.09447
  Ep01 step 26900/45600: loss = 0.09271
  Ep01 step 27000/45600: loss = 0.08776
  Ep01 step 27100/45600: loss = 0.08748
  Ep01 step 27200/45600: loss = 0.10279
  Ep01 step 27300/45600: loss = 0.09278
  Ep01 step 27400/45600: loss = 0.09642
  Ep01 step 27500/45600: loss = 0.09329
  Ep01 step 27600/45600: loss = 0.08868
  Ep01 step 27700/45600: loss = 0.09477
  Ep01 step 27800/45600: loss = 0.09206
  Ep01 step 27900/45600: loss = 0.09494
  Ep01 step 28000/45600: loss = 0.10238
  Ep01 step 28100/45600: loss = 0.10720
  Ep01 step 28200/45600: loss = 0.09182
  Ep01 step 28300/45600: loss = 0.09135
  Ep01 step 28400/45600: loss = 0.08011
  Ep01 step 28500/45600: loss = 0.08842
  Ep01 step 28600/45600: loss = 0.08635
  Ep01 step 28700/45600: loss = 0.08721
  Ep01 step 28800/45600: loss = 0.09101
  Ep01 step 28900/45600: loss = 0.10020
  Ep01 step 29000/45600: loss = 0.08963
  Ep01 step 29100/45600: loss = 0.08484
  Ep01 step 29200/45600: loss = 0.08614
  Ep01 step 29300/45600: loss = 0.08088
  Ep01 step 29400/45600: loss = 0.09535
  Ep01 step 29500/45600: loss = 0.10115
  Ep01 step 29600/45600: loss = 0.09466
  Ep01 step 29700/45600: loss = 0.09637
  Ep01 step 29800/45600: loss = 0.09135
  Ep01 step 29900/45600: loss = 0.08909
  Ep01 step 30000/45600: loss = 0.09181
  Ep01 step 30100/45600: loss = 0.09386
  Ep01 step 30200/45600: loss = 0.09795
  Ep01 step 30300/45600: loss = 0.09734
  Ep01 step 30400/45600: loss = 0.08425
  Ep01 step 30500/45600: loss = 0.09157
  Ep01 step 30600/45600: loss = 0.09606
  Ep01 step 30700/45600: loss = 0.09819
  Ep01 step 30800/45600: loss = 0.08730
  Ep01 step 30900/45600: loss = 0.08050
  Ep01 step 31000/45600: loss = 0.09643
  Ep01 step 31100/45600: loss = 0.08839
  Ep01 step 31200/45600: loss = 0.10079
  Ep01 step 31300/45600: loss = 0.09255
  Ep01 step 31400/45600: loss = 0.08514
  Ep01 step 31500/45600: loss = 0.08381
  Ep01 step 31600/45600: loss = 0.09279
  Ep01 step 31700/45600: loss = 0.10273
  Ep01 step 31800/45600: loss = 0.09093
  Ep01 step 31900/45600: loss = 0.10062
  Ep01 step 32000/45600: loss = 0.09639
  Ep01 step 32100/45600: loss = 0.09793
  Ep01 step 32200/45600: loss = 0.08716
  Ep01 step 32300/45600: loss = 0.08452
  Ep01 step 32400/45600: loss = 0.09340
  Ep01 step 32500/45600: loss = 0.08800
  Ep01 step 32600/45600: loss = 0.11773
  Ep01 step 32700/45600: loss = 0.08838
  Ep01 step 32800/45600: loss = 0.09067
  Ep01 step 32900/45600: loss = 0.08929
  Ep01 step 33000/45600: loss = 0.09149
  Ep01 step 33100/45600: loss = 0.09029
  Ep01 step 33200/45600: loss = 0.08752
  Ep01 step 33300/45600: loss = 0.08325
  Ep01 step 33400/45600: loss = 0.08767
  Ep01 step 33500/45600: loss = 0.07929
  Ep01 step 33600/45600: loss = 0.08807
  Ep01 step 33700/45600: loss = 0.09675
  Ep01 step 33800/45600: loss = 0.07916
  Ep01 step 33900/45600: loss = 0.09576
  Ep01 step 34000/45600: loss = 0.08535
  Ep01 step 34100/45600: loss = 0.09390
  Ep01 step 34200/45600: loss = 0.10000
  Ep01 step 34300/45600: loss = 0.09682
  Ep01 step 34400/45600: loss = 0.08567
  Ep01 step 34500/45600: loss = 0.09759
  Ep01 step 34600/45600: loss = 0.09787
  Ep01 step 34700/45600: loss = 0.09204
  Ep01 step 34800/45600: loss = 0.09249
  Ep01 step 34900/45600: loss = 0.08244
  Ep01 step 35000/45600: loss = 0.08233
  Ep01 step 35100/45600: loss = 0.07752
  Ep01 step 35200/45600: loss = 0.09498
  Ep01 step 35300/45600: loss = 0.09044
  Ep01 step 35400/45600: loss = 0.09335
  Ep01 step 35500/45600: loss = 0.08350
  Ep01 step 35600/45600: loss = 0.08522
  Ep01 step 35700/45600: loss = 0.08617
  Ep01 step 35800/45600: loss = 0.09039
  Ep01 step 35900/45600: loss = 0.10928
  Ep01 step 36000/45600: loss = 0.09978
  Ep01 step 36100/45600: loss = 0.08491
  Ep01 step 36200/45600: loss = 0.08399
  Ep01 step 36300/45600: loss = 0.08636
  Ep01 step 36400/45600: loss = 0.09374
  Ep01 step 36500/45600: loss = 0.08941
  Ep01 step 36600/45600: loss = 0.09202
  Ep01 step 36700/45600: loss = 0.09950
  Ep01 step 36800/45600: loss = 0.08346
  Ep01 step 36900/45600: loss = 0.08363
  Ep01 step 37000/45600: loss = 0.08541
  Ep01 step 37100/45600: loss = 0.09400
  Ep01 step 37200/45600: loss = 0.09435
  Ep01 step 37300/45600: loss = 0.09136
  Ep01 step 37400/45600: loss = 0.09055
  Ep01 step 37500/45600: loss = 0.08765
  Ep01 step 37600/45600: loss = 0.08711
  Ep01 step 37700/45600: loss = 0.09478
  Ep01 step 37800/45600: loss = 0.09066
  Ep01 step 37900/45600: loss = 0.09654
  Ep01 step 38000/45600: loss = 0.08953
  Ep01 step 38100/45600: loss = 0.08663
  Ep01 step 38200/45600: loss = 0.07698
  Ep01 step 38300/45600: loss = 0.07940
  Ep01 step 38400/45600: loss = 0.08746
  Ep01 step 38500/45600: loss = 0.09467
  Ep01 step 38600/45600: loss = 0.08914
  Ep01 step 38700/45600: loss = 0.09392
  Ep01 step 38800/45600: loss = 0.08491
  Ep01 step 38900/45600: loss = 0.09493
  Ep01 step 39000/45600: loss = 0.08371
  Ep01 step 39100/45600: loss = 0.08014
  Ep01 step 39200/45600: loss = 0.09999
  Ep01 step 39300/45600: loss = 0.08804
  Ep01 step 39400/45600: loss = 0.09601
  Ep01 step 39500/45600: loss = 0.09487
  Ep01 step 39600/45600: loss = 0.08788
  Ep01 step 39700/45600: loss = 0.08019
  Ep01 step 39800/45600: loss = 0.08962
  Ep01 step 39900/45600: loss = 0.09181
  Ep01 step 40000/45600: loss = 0.08657
  Ep01 step 40100/45600: loss = 0.08598
  Ep01 step 40200/45600: loss = 0.08930
  Ep01 step 40300/45600: loss = 0.09049
  Ep01 step 40400/45600: loss = 0.09658
  Ep01 step 40500/45600: loss = 0.08943
  Ep01 step 40600/45600: loss = 0.08609
  Ep01 step 40700/45600: loss = 0.08792
  Ep01 step 40800/45600: loss = 0.09159
  Ep01 step 40900/45600: loss = 0.09183
  Ep01 step 41000/45600: loss = 0.09406
  Ep01 step 41100/45600: loss = 0.08862
  Ep01 step 41200/45600: loss = 0.08730
  Ep01 step 41300/45600: loss = 0.09774
  Ep01 step 41400/45600: loss = 0.10052
  Ep01 step 41500/45600: loss = 0.08830
  Ep01 step 41600/45600: loss = 0.09297
  Ep01 step 41700/45600: loss = 0.09812
  Ep01 step 41800/45600: loss = 0.09034
  Ep01 step 41900/45600: loss = 0.08668
  Ep01 step 42000/45600: loss = 0.09235
  Ep01 step 42100/45600: loss = 0.08013
  Ep01 step 42200/45600: loss = 0.08739
  Ep01 step 42300/45600: loss = 0.08591
  Ep01 step 42400/45600: loss = 0.08500
  Ep01 step 42500/45600: loss = 0.10667
  Ep01 step 42600/45600: loss = 0.08732
  Ep01 step 42700/45600: loss = 0.09149
  Ep01 step 42800/45600: loss = 0.09450
  Ep01 step 42900/45600: loss = 0.09322
  Ep01 step 43000/45600: loss = 0.10143
  Ep01 step 43100/45600: loss = 0.08974
  Ep01 step 43200/45600: loss = 0.09205
  Ep01 step 43300/45600: loss = 0.08171
  Ep01 step 43400/45600: loss = 0.10387
  Ep01 step 43500/45600: loss = 0.09030
  Ep01 step 43600/45600: loss = 0.09318
  Ep01 step 43700/45600: loss = 0.09324
  Ep01 step 43800/45600: loss = 0.09305
  Ep01 step 43900/45600: loss = 0.09146
  Ep01 step 44000/45600: loss = 0.08432
  Ep01 step 44100/45600: loss = 0.09183
  Ep01 step 44200/45600: loss = 0.09178
  Ep01 step 44300/45600: loss = 0.08356
  Ep01 step 44400/45600: loss = 0.08766
  Ep01 step 44500/45600: loss = 0.08907
  Ep01 step 44600/45600: loss = 0.08715
  Ep01 step 44700/45600: loss = 0.09303
  Ep01 step 44800/45600: loss = 0.07901
  Ep01 step 44900/45600: loss = 0.08842
  Ep01 step 45000/45600: loss = 0.09543
  Ep01 step 45100/45600: loss = 0.09967
  Ep01 step 45200/45600: loss = 0.09345
  Ep01 step 45300/45600: loss = 0.09492
  Ep01 step 45400/45600: loss = 0.08477
  Ep01 step 45500/45600: loss = 0.08631
  Ep01 step 45600/45600: loss = 0.08316

Epoch 01/6 | train=0.09151 val=0.11709 | AUC=['0.997', '0.994', '0.991', '0.994'] PR=['0.981', '0.978', '0.971', '0.983'] | CASCADE-only AUC=['0.995', '0.993', '0.989', '0.993'] PR=['0.959', '0.959', '0.951', '0.972'] | mono_viol=0.00000 | 5136s

  Ep02 step  100/45600: loss = 0.08521
  Ep02 step  200/45600: loss = 0.08919
  Ep02 step  300/45600: loss = 0.08336
  Ep02 step  400/45600: loss = 0.08937
  Ep02 step  500/45600: loss = 0.09120
  Ep02 step  600/45600: loss = 0.08508
  Ep02 step  700/45600: loss = 0.08449
  Ep02 step  800/45600: loss = 0.09970
  Ep02 step  900/45600: loss = 0.09234
  Ep02 step 1000/45600: loss = 0.08956
  Ep02 step 1100/45600: loss = 0.07875
  Ep02 step 1200/45600: loss = 0.09080
  Ep02 step 1300/45600: loss = 0.09734
  Ep02 step 1400/45600: loss = 0.09518
  Ep02 step 1500/45600: loss = 0.08691
  Ep02 step 1600/45600: loss = 0.10279
  Ep02 step 1700/45600: loss = 0.09750
  Ep02 step 1800/45600: loss = 0.09167
  Ep02 step 1900/45600: loss = 0.09602
  Ep02 step 2000/45600: loss = 0.10282
  Ep02 step 2100/45600: loss = 0.08457
  Ep02 step 2200/45600: loss = 0.08626
  Ep02 step 2300/45600: loss = 0.09691
  Ep02 step 2400/45600: loss = 0.09028
  Ep02 step 2500/45600: loss = 0.08996
  Ep02 step 2600/45600: loss = 0.09021
  Ep02 step 2700/45600: loss = 0.09159
  Ep02 step 2800/45600: loss = 0.08734
  Ep02 step 2900/45600: loss = 0.08690
  Ep02 step 3000/45600: loss = 0.09266
  Ep02 step 3100/45600: loss = 0.09223
  Ep02 step 3200/45600: loss = 0.09148
  Ep02 step 3300/45600: loss = 0.09287
  Ep02 step 3400/45600: loss = 0.09724
  Ep02 step 3500/45600: loss = 0.09407
  Ep02 step 3600/45600: loss = 0.09360
  Ep02 step 3700/45600: loss = 0.08751
  Ep02 step 3800/45600: loss = 0.08391
  Ep02 step 3900/45600: loss = 0.09407
  Ep02 step 4000/45600: loss = 0.08943
  Ep02 step 4100/45600: loss = 0.08926
  Ep02 step 4200/45600: loss = 0.08586
  Ep02 step 4300/45600: loss = 0.09273
  Ep02 step 4400/45600: loss = 0.09293
  Ep02 step 4500/45600: loss = 0.08148
  Ep02 step 4600/45600: loss = 0.07945
  Ep02 step 4700/45600: loss = 0.08575
  Ep02 step 4800/45600: loss = 0.07963
  Ep02 step 4900/45600: loss = 0.10119
  Ep02 step 5000/45600: loss = 0.08832
  Ep02 step 5100/45600: loss = 0.08420
  Ep02 step 5200/45600: loss = 0.08662
  Ep02 step 5300/45600: loss = 0.08415
  Ep02 step 5400/45600: loss = 0.09291
  Ep02 step 5500/45600: loss = 0.08706
  Ep02 step 5600/45600: loss = 0.09778
  Ep02 step 5700/45600: loss = 0.08783
  Ep02 step 5800/45600: loss = 0.08957
  Ep02 step 5900/45600: loss = 0.09329
  Ep02 step 6000/45600: loss = 0.09579
  Ep02 step 6100/45600: loss = 0.08044
  Ep02 step 6200/45600: loss = 0.08401
  Ep02 step 6300/45600: loss = 0.09794
  Ep02 step 6400/45600: loss = 0.09230
  Ep02 step 6500/45600: loss = 0.07987
  Ep02 step 6600/45600: loss = 0.08098
  Ep02 step 6700/45600: loss = 0.08639
  Ep02 step 6800/45600: loss = 0.09395
  Ep02 step 6900/45600: loss = 0.08943
  Ep02 step 7000/45600: loss = 0.08900
  Ep02 step 7100/45600: loss = 0.09125
  Ep02 step 7200/45600: loss = 0.09095
  Ep02 step 7300/45600: loss = 0.09323
  Ep02 step 7400/45600: loss = 0.08630
  Ep02 step 7500/45600: loss = 0.09155
  Ep02 step 7600/45600: loss = 0.09512
  Ep02 step 7700/45600: loss = 0.09267
  Ep02 step 7800/45600: loss = 0.08371
  Ep02 step 7900/45600: loss = 0.08865
  Ep02 step 8000/45600: loss = 0.09115
  Ep02 step 8100/45600: loss = 0.09666
  Ep02 step 8200/45600: loss = 0.10086
  Ep02 step 8300/45600: loss = 0.08691
  Ep02 step 8400/45600: loss = 0.08080
  Ep02 step 8500/45600: loss = 0.09232
  Ep02 step 8600/45600: loss = 0.09314
  Ep02 step 8700/45600: loss = 0.08541
  Ep02 step 8800/45600: loss = 0.08232
  Ep02 step 8900/45600: loss = 0.09048
  Ep02 step 9000/45600: loss = 0.09436
  Ep02 step 9100/45600: loss = 0.08882
  Ep02 step 9200/45600: loss = 0.08784
  Ep02 step 9300/45600: loss = 0.09159
  Ep02 step 9400/45600: loss = 0.09063
  Ep02 step 9500/45600: loss = 0.09059
  Ep02 step 9600/45600: loss = 0.08246
  Ep02 step 9700/45600: loss = 0.06825
  Ep02 step 9800/45600: loss = 0.07989
  Ep02 step 9900/45600: loss = 0.08492
  Ep02 step 10000/45600: loss = 0.09160
  Ep02 step 10100/45600: loss = 0.08904
  Ep02 step 10200/45600: loss = 0.08023
  Ep02 step 10300/45600: loss = 0.08414
  Ep02 step 10400/45600: loss = 0.09517
  Ep02 step 10500/45600: loss = 0.09537
  Ep02 step 10600/45600: loss = 0.09244
  Ep02 step 10700/45600: loss = 0.09267
  Ep02 step 10800/45600: loss = 0.08892
  Ep02 step 10900/45600: loss = 0.08732
  Ep02 step 11000/45600: loss = 0.08700
  Ep02 step 11100/45600: loss = 0.09188
  Ep02 step 11200/45600: loss = 0.08187
  Ep02 step 11300/45600: loss = 0.08586
  Ep02 step 11400/45600: loss = 0.09383
  Ep02 step 11500/45600: loss = 0.08954
  Ep02 step 11600/45600: loss = 0.08169
  Ep02 step 11700/45600: loss = 0.09325
  Ep02 step 11800/45600: loss = 0.08629
  Ep02 step 11900/45600: loss = 0.09074
  Ep02 step 12000/45600: loss = 0.08223
  Ep02 step 12100/45600: loss = 0.09792
  Ep02 step 12200/45600: loss = 0.08302
  Ep02 step 12300/45600: loss = 0.09809
  Ep02 step 12400/45600: loss = 0.09468
  Ep02 step 12500/45600: loss = 0.08850
  Ep02 step 12600/45600: loss = 0.08233
  Ep02 step 12700/45600: loss = 0.08559
  Ep02 step 12800/45600: loss = 0.09128
  Ep02 step 12900/45600: loss = 0.09220
  Ep02 step 13000/45600: loss = 0.10041
  Ep02 step 13100/45600: loss = 0.08647
  Ep02 step 13200/45600: loss = 0.08680
  Ep02 step 13300/45600: loss = 0.08478
  Ep02 step 13400/45600: loss = 0.08428
  Ep02 step 13500/45600: loss = 0.08366
  Ep02 step 13600/45600: loss = 0.08148
  Ep02 step 13700/45600: loss = 0.08559
  Ep02 step 13800/45600: loss = 0.08450
  Ep02 step 13900/45600: loss = 0.08701
  Ep02 step 14000/45600: loss = 0.09110
  Ep02 step 14100/45600: loss = 0.09271
  Ep02 step 14200/45600: loss = 0.09315
  Ep02 step 14300/45600: loss = 0.08990
  Ep02 step 14400/45600: loss = 0.08606
  Ep02 step 14500/45600: loss = 0.09257
  Ep02 step 14600/45600: loss = 0.08907
  Ep02 step 14700/45600: loss = 0.09392
  Ep02 step 14800/45600: loss = 0.08219
  Ep02 step 14900/45600: loss = 0.08738
  Ep02 step 15000/45600: loss = 0.08056
  Ep02 step 15100/45600: loss = 0.09533
  Ep02 step 15200/45600: loss = 0.07857
  Ep02 step 15300/45600: loss = 0.10195
  Ep02 step 15400/45600: loss = 0.08921
  Ep02 step 15500/45600: loss = 0.08279
  Ep02 step 15600/45600: loss = 0.07949
  Ep02 step 15700/45600: loss = 0.09202
  Ep02 step 15800/45600: loss = 0.08200
  Ep02 step 15900/45600: loss = 0.09333
  Ep02 step 16000/45600: loss = 0.09106
  Ep02 step 16100/45600: loss = 0.09528
  Ep02 step 16200/45600: loss = 0.08823
  Ep02 step 16300/45600: loss = 0.09487
  Ep02 step 16400/45600: loss = 0.08848
  Ep02 step 16500/45600: loss = 0.09492
  Ep02 step 16600/45600: loss = 0.07876
  Ep02 step 16700/45600: loss = 0.09739
  Ep02 step 16800/45600: loss = 0.08616
  Ep02 step 16900/45600: loss = 0.09121
  Ep02 step 17000/45600: loss = 0.09692
  Ep02 step 17100/45600: loss = 0.09114
  Ep02 step 17200/45600: loss = 0.09511
  Ep02 step 17300/45600: loss = 0.08503
  Ep02 step 17400/45600: loss = 0.08662
  Ep02 step 17500/45600: loss = 0.11096
  Ep02 step 17600/45600: loss = 0.08664
  Ep02 step 17700/45600: loss = 0.08827
  Ep02 step 17800/45600: loss = 0.09386
  Ep02 step 17900/45600: loss = 0.08812
  Ep02 step 18000/45600: loss = 0.07312
  Ep02 step 18100/45600: loss = 0.09457
  Ep02 step 18200/45600: loss = 0.09592
  Ep02 step 18300/45600: loss = 0.08908
  Ep02 step 18400/45600: loss = 0.09205
  Ep02 step 18500/45600: loss = 0.09359
  Ep02 step 18600/45600: loss = 0.08495
  Ep02 step 18700/45600: loss = 0.07669
  Ep02 step 18800/45600: loss = 0.08752
  Ep02 step 18900/45600: loss = 0.08697
  Ep02 step 19000/45600: loss = 0.09993
  Ep02 step 19100/45600: loss = 0.08618
  Ep02 step 19200/45600: loss = 0.08945
  Ep02 step 19300/45600: loss = 0.08088
  Ep02 step 19400/45600: loss = 0.08752
  Ep02 step 19500/45600: loss = 0.09805
  Ep02 step 19600/45600: loss = 0.07939
  Ep02 step 19700/45600: loss = 0.09492
  Ep02 step 19800/45600: loss = 0.09178
  Ep02 step 19900/45600: loss = 0.08974
  Ep02 step 20000/45600: loss = 0.09716
  Ep02 step 20100/45600: loss = 0.09692
  Ep02 step 20200/45600: loss = 0.08990
  Ep02 step 20300/45600: loss = 0.08677
  Ep02 step 20400/45600: loss = 0.08864
  Ep02 step 20500/45600: loss = 0.08666
  Ep02 step 20600/45600: loss = 0.09179
  Ep02 step 20700/45600: loss = 0.09874
  Ep02 step 20800/45600: loss = 0.08620
  Ep02 step 20900/45600: loss = 0.08836
  Ep02 step 21000/45600: loss = 0.09555
  Ep02 step 21100/45600: loss = 0.08776
  Ep02 step 21200/45600: loss = 0.08503
  Ep02 step 21300/45600: loss = 0.09399
  Ep02 step 21400/45600: loss = 0.08953
  Ep02 step 21500/45600: loss = 0.08774
  Ep02 step 21600/45600: loss = 0.07845
  Ep02 step 21700/45600: loss = 0.07292
  Ep02 step 21800/45600: loss = 0.10042
  Ep02 step 21900/45600: loss = 0.08115
  Ep02 step 22000/45600: loss = 0.08065
  Ep02 step 22100/45600: loss = 0.09013
  Ep02 step 22200/45600: loss = 0.09128
  Ep02 step 22300/45600: loss = 0.09724
  Ep02 step 22400/45600: loss = 0.08605
  Ep02 step 22500/45600: loss = 0.08890
  Ep02 step 22600/45600: loss = 0.08737
  Ep02 step 22700/45600: loss = 0.10421
  Ep02 step 22800/45600: loss = 0.08772
  Ep02 step 22900/45600: loss = 0.09024
  Ep02 step 23000/45600: loss = 0.09156
  Ep02 step 23100/45600: loss = 0.08912
  Ep02 step 23200/45600: loss = 0.10158
  Ep02 step 23300/45600: loss = 0.09624
  Ep02 step 23400/45600: loss = 0.08368
  Ep02 step 23500/45600: loss = 0.08284
  Ep02 step 23600/45600: loss = 0.09350
  Ep02 step 23700/45600: loss = 0.09337
  Ep02 step 23800/45600: loss = 0.08464
  Ep02 step 23900/45600: loss = 0.09282
  Ep02 step 24000/45600: loss = 0.08363
  Ep02 step 24100/45600: loss = 0.08165
  Ep02 step 24200/45600: loss = 0.08195
  Ep02 step 24300/45600: loss = 0.08893
  Ep02 step 24400/45600: loss = 0.07513
  Ep02 step 24500/45600: loss = 0.09404
  Ep02 step 24600/45600: loss = 0.09173
  Ep02 step 24700/45600: loss = 0.09235
  Ep02 step 24800/45600: loss = 0.08621
  Ep02 step 24900/45600: loss = 0.09788
  Ep02 step 25000/45600: loss = 0.09463
  Ep02 step 25100/45600: loss = 0.09349
  Ep02 step 25200/45600: loss = 0.09419
  Ep02 step 25300/45600: loss = 0.08846
  Ep02 step 25400/45600: loss = 0.08584
  Ep02 step 25500/45600: loss = 0.10113
  Ep02 step 25600/45600: loss = 0.08649
  Ep02 step 25700/45600: loss = 0.08855
  Ep02 step 25800/45600: loss = 0.09634
  Ep02 step 25900/45600: loss = 0.08797
  Ep02 step 26000/45600: loss = 0.08709
  Ep02 step 26100/45600: loss = 0.07749
  Ep02 step 26200/45600: loss = 0.09538
  Ep02 step 26300/45600: loss = 0.09224
  Ep02 step 26400/45600: loss = 0.08776
  Ep02 step 26500/45600: loss = 0.09818
  Ep02 step 26600/45600: loss = 0.09646
  Ep02 step 26700/45600: loss = 0.07964
  Ep02 step 26800/45600: loss = 0.09496
  Ep02 step 26900/45600: loss = 0.07561
  Ep02 step 27000/45600: loss = 0.09801
  Ep02 step 27100/45600: loss = 0.08994
  Ep02 step 27200/45600: loss = 0.09384
  Ep02 step 27300/45600: loss = 0.08516
  Ep02 step 27400/45600: loss = 0.09130
  Ep02 step 27500/45600: loss = 0.09469
  Ep02 step 27600/45600: loss = 0.08720
  Ep02 step 27700/45600: loss = 0.08806
  Ep02 step 27800/45600: loss = 0.08248
  Ep02 step 27900/45600: loss = 0.09257
  Ep02 step 28000/45600: loss = 0.08966
  Ep02 step 28100/45600: loss = 0.08368
  Ep02 step 28200/45600: loss = 0.08641
  Ep02 step 28300/45600: loss = 0.09165
  Ep02 step 28400/45600: loss = 0.09318
  Ep02 step 28500/45600: loss = 0.09737
  Ep02 step 28600/45600: loss = 0.09023
  Ep02 step 28700/45600: loss = 0.08600
  Ep02 step 28800/45600: loss = 0.09653
  Ep02 step 28900/45600: loss = 0.08827
  Ep02 step 29000/45600: loss = 0.09032
  Ep02 step 29100/45600: loss = 0.09995
  Ep02 step 29200/45600: loss = 0.08040
  Ep02 step 29300/45600: loss = 0.08197
  Ep02 step 29400/45600: loss = 0.09382
  Ep02 step 29500/45600: loss = 0.08040
  Ep02 step 29600/45600: loss = 0.09250
  Ep02 step 29700/45600: loss = 0.09116
  Ep02 step 29800/45600: loss = 0.09180
  Ep02 step 29900/45600: loss = 0.08688
  Ep02 step 30000/45600: loss = 0.08969
  Ep02 step 30100/45600: loss = 0.09276
  Ep02 step 30200/45600: loss = 0.09376
  Ep02 step 30300/45600: loss = 0.07893
  Ep02 step 30400/45600: loss = 0.08995
  Ep02 step 30500/45600: loss = 0.08212
  Ep02 step 30600/45600: loss = 0.08690
  Ep02 step 30700/45600: loss = 0.08222
  Ep02 step 30800/45600: loss = 0.08969
  Ep02 step 30900/45600: loss = 0.09441
  Ep02 step 31000/45600: loss = 0.08552
  Ep02 step 31100/45600: loss = 0.08148
  Ep02 step 31200/45600: loss = 0.07636
  Ep02 step 31300/45600: loss = 0.09652
  Ep02 step 31400/45600: loss = 0.08251
  Ep02 step 31500/45600: loss = 0.10109
  Ep02 step 31600/45600: loss = 0.08955
  Ep02 step 31700/45600: loss = 0.08352
  Ep02 step 31800/45600: loss = 0.08901
  Ep02 step 31900/45600: loss = 0.09007
  Ep02 step 32000/45600: loss = 0.10125
  Ep02 step 32100/45600: loss = 0.07417
  Ep02 step 32200/45600: loss = 0.09454
  Ep02 step 32300/45600: loss = 0.08709
  Ep02 step 32400/45600: loss = 0.10715
  Ep02 step 32500/45600: loss = 0.09670
  Ep02 step 32600/45600: loss = 0.08832
  Ep02 step 32700/45600: loss = 0.08613
  Ep02 step 32800/45600: loss = 0.09037
  Ep02 step 32900/45600: loss = 0.08240
  Ep02 step 33000/45600: loss = 0.10266
  Ep02 step 33100/45600: loss = 0.09217
  Ep02 step 33200/45600: loss = 0.08760
  Ep02 step 33300/45600: loss = 0.08031
  Ep02 step 33400/45600: loss = 0.10533
  Ep02 step 33500/45600: loss = 0.08248
  Ep02 step 33600/45600: loss = 0.08111
  Ep02 step 33700/45600: loss = 0.08482
  Ep02 step 33800/45600: loss = 0.08327
  Ep02 step 33900/45600: loss = 0.09484
  Ep02 step 34000/45600: loss = 0.09019
  Ep02 step 34100/45600: loss = 0.08261
  Ep02 step 34200/45600: loss = 0.09734
  Ep02 step 34300/45600: loss = 0.09681
  Ep02 step 34400/45600: loss = 0.08841
  Ep02 step 34500/45600: loss = 0.09525
  Ep02 step 34600/45600: loss = 0.08526
  Ep02 step 34700/45600: loss = 0.08834
  Ep02 step 34800/45600: loss = 0.09713
  Ep02 step 34900/45600: loss = 0.08614
  Ep02 step 35000/45600: loss = 0.09192
  Ep02 step 35100/45600: loss = 0.09746
  Ep02 step 35200/45600: loss = 0.08825
  Ep02 step 35300/45600: loss = 0.08816
  Ep02 step 35400/45600: loss = 0.11197
  Ep02 step 35500/45600: loss = 0.08940
  Ep02 step 35600/45600: loss = 0.08741
  Ep02 step 35700/45600: loss = 0.09202
  Ep02 step 35800/45600: loss = 0.08080
  Ep02 step 35900/45600: loss = 0.07710
  Ep02 step 36000/45600: loss = 0.08751
  Ep02 step 36100/45600: loss = 0.08956
  Ep02 step 36200/45600: loss = 0.08859
  Ep02 step 36300/45600: loss = 0.09358
  Ep02 step 36400/45600: loss = 0.08930
  Ep02 step 36500/45600: loss = 0.08331
  Ep02 step 36600/45600: loss = 0.07498
  Ep02 step 36700/45600: loss = 0.09410
  Ep02 step 36800/45600: loss = 0.08644
  Ep02 step 36900/45600: loss = 0.09032
  Ep02 step 37000/45600: loss = 0.08982
  Ep02 step 37100/45600: loss = 0.08157
  Ep02 step 37200/45600: loss = 0.08926
  Ep02 step 37300/45600: loss = 0.08648
  Ep02 step 37400/45600: loss = 0.10190
  Ep02 step 37500/45600: loss = 0.09193
  Ep02 step 37600/45600: loss = 0.08736
  Ep02 step 37700/45600: loss = 0.09017
  Ep02 step 37800/45600: loss = 0.08549
  Ep02 step 37900/45600: loss = 0.09510
  Ep02 step 38000/45600: loss = 0.08593
  Ep02 step 38100/45600: loss = 0.08701
  Ep02 step 38200/45600: loss = 0.08721
  Ep02 step 38300/45600: loss = 0.08232
  Ep02 step 38400/45600: loss = 0.09117
  Ep02 step 38500/45600: loss = 0.08562
  Ep02 step 38600/45600: loss = 0.08660
  Ep02 step 38700/45600: loss = 0.09061
  Ep02 step 38800/45600: loss = 0.09579
  Ep02 step 38900/45600: loss = 0.07926
  Ep02 step 39000/45600: loss = 0.09899
  Ep02 step 39100/45600: loss = 0.08784
  Ep02 step 39200/45600: loss = 0.09228
  Ep02 step 39300/45600: loss = 0.09042
  Ep02 step 39400/45600: loss = 0.09027
  Ep02 step 39500/45600: loss = 0.09020
  Ep02 step 39600/45600: loss = 0.09349
  Ep02 step 39700/45600: loss = 0.08503
  Ep02 step 39800/45600: loss = 0.09229
  Ep02 step 39900/45600: loss = 0.08797
  Ep02 step 40000/45600: loss = 0.09186
  Ep02 step 40100/45600: loss = 0.09049
  Ep02 step 40200/45600: loss = 0.08311
  Ep02 step 40300/45600: loss = 0.10292
  Ep02 step 40400/45600: loss = 0.09342
  Ep02 step 40500/45600: loss = 0.08064
  Ep02 step 40600/45600: loss = 0.07653
  Ep02 step 40700/45600: loss = 0.08620
  Ep02 step 40800/45600: loss = 0.09250
  Ep02 step 40900/45600: loss = 0.08946
  Ep02 step 41000/45600: loss = 0.09840
  Ep02 step 41100/45600: loss = 0.09215
  Ep02 step 41200/45600: loss = 0.08538
  Ep02 step 41300/45600: loss = 0.08894
  Ep02 step 41400/45600: loss = 0.09465
  Ep02 step 41500/45600: loss = 0.08045
  Ep02 step 41600/45600: loss = 0.09988
  Ep02 step 41700/45600: loss = 0.09966
  Ep02 step 41800/45600: loss = 0.09692
  Ep02 step 41900/45600: loss = 0.08791
  Ep02 step 42000/45600: loss = 0.09552
  Ep02 step 42100/45600: loss = 0.08122
  Ep02 step 42200/45600: loss = 0.08633
  Ep02 step 42300/45600: loss = 0.09832
  Ep02 step 42400/45600: loss = 0.08646
  Ep02 step 42500/45600: loss = 0.08887
  Ep02 step 42600/45600: loss = 0.10121
  Ep02 step 42700/45600: loss = 0.08403
  Ep02 step 42800/45600: loss = 0.09109
  Ep02 step 42900/45600: loss = 0.08565
  Ep02 step 43000/45600: loss = 0.08698
  Ep02 step 43100/45600: loss = 0.08539
  Ep02 step 43200/45600: loss = 0.08599
  Ep02 step 43300/45600: loss = 0.10007
  Ep02 step 43400/45600: loss = 0.09086
  Ep02 step 43500/45600: loss = 0.09019
  Ep02 step 43600/45600: loss = 0.08826
  Ep02 step 43700/45600: loss = 0.07852
  Ep02 step 43800/45600: loss = 0.08783
  Ep02 step 43900/45600: loss = 0.09027
  Ep02 step 44000/45600: loss = 0.09129
  Ep02 step 44100/45600: loss = 0.08551
  Ep02 step 44200/45600: loss = 0.09466
  Ep02 step 44300/45600: loss = 0.07720
  Ep02 step 44400/45600: loss = 0.09164
  Ep02 step 44500/45600: loss = 0.07866
  Ep02 step 44600/45600: loss = 0.08856
  Ep02 step 44700/45600: loss = 0.09198
  Ep02 step 44800/45600: loss = 0.09063
  Ep02 step 44900/45600: loss = 0.08501
  Ep02 step 45000/45600: loss = 0.09345
  Ep02 step 45100/45600: loss = 0.08283
  Ep02 step 45200/45600: loss = 0.09663
  Ep02 step 45300/45600: loss = 0.09345
  Ep02 step 45400/45600: loss = 0.09419
  Ep02 step 45500/45600: loss = 0.09677
  Ep02 step 45600/45600: loss = 0.08655

Epoch 02/6 | train=0.08945 val=0.11620 | AUC=['0.996', '0.995', '0.992', '0.994'] PR=['0.980', '0.980', '0.974', '0.983'] | CASCADE-only AUC=['0.995', '0.993', '0.990', '0.993'] PR=['0.957', '0.963', '0.957', '0.972'] | mono_viol=0.00000 | 7696s

  Ep03 step  100/45600: loss = 0.09194
  Ep03 step  200/45600: loss = 0.08194
  Ep03 step  300/45600: loss = 0.09839
  Ep03 step  400/45600: loss = 0.09236
  Ep03 step  500/45600: loss = 0.09488
  Ep03 step  600/45600: loss = 0.09244
  Ep03 step  700/45600: loss = 0.08904
  Ep03 step  800/45600: loss = 0.08111
  Ep03 step  900/45600: loss = 0.09086
  Ep03 step 1000/45600: loss = 0.08688
  Ep03 step 1100/45600: loss = 0.08827
  Ep03 step 1200/45600: loss = 0.08785
  Ep03 step 1300/45600: loss = 0.08212
  Ep03 step 1400/45600: loss = 0.08964
  Ep03 step 1500/45600: loss = 0.08499
  Ep03 step 1600/45600: loss = 0.08329
  Ep03 step 1700/45600: loss = 0.08098
  Ep03 step 1800/45600: loss = 0.08581
  Ep03 step 1900/45600: loss = 0.08981
  Ep03 step 2000/45600: loss = 0.09912
  Ep03 step 2100/45600: loss = 0.09897
  Ep03 step 2200/45600: loss = 0.08867
  Ep03 step 2300/45600: loss = 0.09132
  Ep03 step 2400/45600: loss = 0.09249
  Ep03 step 2500/45600: loss = 0.08352
  Ep03 step 2600/45600: loss = 0.08562
  Ep03 step 2700/45600: loss = 0.08943
  Ep03 step 2800/45600: loss = 0.08770
  Ep03 step 2900/45600: loss = 0.08892
  Ep03 step 3000/45600: loss = 0.09497
  Ep03 step 3100/45600: loss = 0.09081
  Ep03 step 3200/45600: loss = 0.09207
  Ep03 step 3300/45600: loss = 0.08952
  Ep03 step 3400/45600: loss = 0.09073
[2026-10-07T18:01:14.172] error: *** JOB 19358745 ON gl029 CANCELLED AT 2026-10-07T18:01:14 DUE to SIGNAL Terminated ***
