task=15 arm=old17 variant=plain cell=dynamic_timing torch_seed=2 set=jesse22 head=hazard labels=/scratch/tj2587/results/dynamic_v1/arrival_h360 labels2=/scratch/tj2587/results/dynamic_v1/arrival_h360 timing=1 context=unset ckpt=/scratch/tj2587/results/gnn_morestorms_v1/old17_plain_dynamic_timing_s2 smoke=0 commit=967d122 uncommitted_files=0
[gate] CUDA OK: NVIDIA L40S
[gate] heterodata data/graph/nyc_infra_heterodata_v1_frozen_failover_edges.pt: total=6231 -> OK
[gate] set jesse22: 22 storms, 17 for training, 5 held out; in both folders []; missing [] -> OK
[gate] timing table data/flood/timing/node_timing_jesse22_plus_gissr48_v1.csv: storms without rows [] -> OK
[gate] variant plain: storm context off, timing inputs on -> OK
[gate] head switch present: ('independent', 'hazard')
=== TRAIN MODE — full training ===
torch seed set: 2
Train: 13600  Val: 3400  (17 scenarios) | Test held-out: ['geoclaw_2050', 'syn_ts_914_6_1p2955', 'syn_ts_258_9_3p0022', 'syn_ts_605_5_3p7563', 'syn_ts_808_27_3p7885'] (5000 runs)
Model parameters: 697,112  head=hazard
Device: cuda
[timing-features] loaded 71 scenarios from data/flood/timing/node_timing_jesse22_plus_gissr48_v1.csv (features ('arrival_h', 'duration_h', 'time_to_peak_h'), scaled by 96 h)
  Ep00 step  100/13600: loss = 0.44552
  Ep00 step  200/13600: loss = 0.33801
  Ep00 step  300/13600: loss = 0.24968
  Ep00 step  400/13600: loss = 0.25775
  Ep00 step  500/13600: loss = 0.23315
  Ep00 step  600/13600: loss = 0.21391
  Ep00 step  700/13600: loss = 0.20380
  Ep00 step  800/13600: loss = 0.22105
  Ep00 step  900/13600: loss = 0.21990
  Ep00 step 1000/13600: loss = 0.19662
  Ep00 step 1100/13600: loss = 0.21079
  Ep00 step 1200/13600: loss = 0.19002
  Ep00 step 1300/13600: loss = 0.18980
  Ep00 step 1400/13600: loss = 0.18903
  Ep00 step 1500/13600: loss = 0.18765
  Ep00 step 1600/13600: loss = 0.18226
  Ep00 step 1700/13600: loss = 0.20072
  Ep00 step 1800/13600: loss = 0.18213
  Ep00 step 1900/13600: loss = 0.17506
  Ep00 step 2000/13600: loss = 0.18331
  Ep00 step 2100/13600: loss = 0.19525
  Ep00 step 2200/13600: loss = 0.18607
  Ep00 step 2300/13600: loss = 0.16833
  Ep00 step 2400/13600: loss = 0.19374
  Ep00 step 2500/13600: loss = 0.18541
  Ep00 step 2600/13600: loss = 0.17144
  Ep00 step 2700/13600: loss = 0.17456
  Ep00 step 2800/13600: loss = 0.17932
  Ep00 step 2900/13600: loss = 0.18118
  Ep00 step 3000/13600: loss = 0.17393
  Ep00 step 3100/13600: loss = 0.17644
  Ep00 step 3200/13600: loss = 0.17762
  Ep00 step 3300/13600: loss = 0.16847
  Ep00 step 3400/13600: loss = 0.17608
  Ep00 step 3500/13600: loss = 0.18389
  Ep00 step 3600/13600: loss = 0.17056
  Ep00 step 3700/13600: loss = 0.17045
  Ep00 step 3800/13600: loss = 0.17010
  Ep00 step 3900/13600: loss = 0.15926
  Ep00 step 4000/13600: loss = 0.17384
  Ep00 step 4100/13600: loss = 0.17333
  Ep00 step 4200/13600: loss = 0.16759
  Ep00 step 4300/13600: loss = 0.16274
  Ep00 step 4400/13600: loss = 0.16676
  Ep00 step 4500/13600: loss = 0.17144
  Ep00 step 4600/13600: loss = 0.16771
  Ep00 step 4700/13600: loss = 0.18252
  Ep00 step 4800/13600: loss = 0.16075
  Ep00 step 4900/13600: loss = 0.14499
  Ep00 step 5000/13600: loss = 0.17262
  Ep00 step 5100/13600: loss = 0.15018
  Ep00 step 5200/13600: loss = 0.16803
  Ep00 step 5300/13600: loss = 0.15111
  Ep00 step 5400/13600: loss = 0.16270
  Ep00 step 5500/13600: loss = 0.17119
  Ep00 step 5600/13600: loss = 0.15837
  Ep00 step 5700/13600: loss = 0.15631
  Ep00 step 5800/13600: loss = 0.16399
  Ep00 step 5900/13600: loss = 0.15190
  Ep00 step 6000/13600: loss = 0.14657
  Ep00 step 6100/13600: loss = 0.15860
  Ep00 step 6200/13600: loss = 0.15455
  Ep00 step 6300/13600: loss = 0.15566
  Ep00 step 6400/13600: loss = 0.14528
  Ep00 step 6500/13600: loss = 0.15673
  Ep00 step 6600/13600: loss = 0.16567
  Ep00 step 6700/13600: loss = 0.16420
  Ep00 step 6800/13600: loss = 0.15771
  Ep00 step 6900/13600: loss = 0.15326
  Ep00 step 7000/13600: loss = 0.16045
  Ep00 step 7100/13600: loss = 0.16356
  Ep00 step 7200/13600: loss = 0.14597
  Ep00 step 7300/13600: loss = 0.16284
  Ep00 step 7400/13600: loss = 0.15814
  Ep00 step 7500/13600: loss = 0.15114
  Ep00 step 7600/13600: loss = 0.15455
  Ep00 step 7700/13600: loss = 0.15759
  Ep00 step 7800/13600: loss = 0.14999
  Ep00 step 7900/13600: loss = 0.15522
  Ep00 step 8000/13600: loss = 0.16070
  Ep00 step 8100/13600: loss = 0.16372
  Ep00 step 8200/13600: loss = 0.16140
  Ep00 step 8300/13600: loss = 0.16134
  Ep00 step 8400/13600: loss = 0.15494
  Ep00 step 8500/13600: loss = 0.16000
  Ep00 step 8600/13600: loss = 0.16664
  Ep00 step 8700/13600: loss = 0.15659
  Ep00 step 8800/13600: loss = 0.15327
  Ep00 step 8900/13600: loss = 0.14783
  Ep00 step 9000/13600: loss = 0.15430
  Ep00 step 9100/13600: loss = 0.16322
  Ep00 step 9200/13600: loss = 0.15122
  Ep00 step 9300/13600: loss = 0.15007
  Ep00 step 9400/13600: loss = 0.15821
  Ep00 step 9500/13600: loss = 0.15538
  Ep00 step 9600/13600: loss = 0.15383
  Ep00 step 9700/13600: loss = 0.15562
  Ep00 step 9800/13600: loss = 0.15060
  Ep00 step 9900/13600: loss = 0.15644
  Ep00 step 10000/13600: loss = 0.15292
  Ep00 step 10100/13600: loss = 0.15533
  Ep00 step 10200/13600: loss = 0.15597
  Ep00 step 10300/13600: loss = 0.15559
  Ep00 step 10400/13600: loss = 0.14591
  Ep00 step 10500/13600: loss = 0.14702
  Ep00 step 10600/13600: loss = 0.14772
  Ep00 step 10700/13600: loss = 0.14841
  Ep00 step 10800/13600: loss = 0.15106
  Ep00 step 10900/13600: loss = 0.14613
  Ep00 step 11000/13600: loss = 0.15532
  Ep00 step 11100/13600: loss = 0.14094
  Ep00 step 11200/13600: loss = 0.15272
  Ep00 step 11300/13600: loss = 0.15833
  Ep00 step 11400/13600: loss = 0.15577
  Ep00 step 11500/13600: loss = 0.15558
  Ep00 step 11600/13600: loss = 0.15754
  Ep00 step 11700/13600: loss = 0.15783
  Ep00 step 11800/13600: loss = 0.14843
  Ep00 step 11900/13600: loss = 0.15423
  Ep00 step 12000/13600: loss = 0.14579
  Ep00 step 12100/13600: loss = 0.14950
  Ep00 step 12200/13600: loss = 0.15724
  Ep00 step 12300/13600: loss = 0.14614
  Ep00 step 12400/13600: loss = 0.15241
  Ep00 step 12500/13600: loss = 0.14378
  Ep00 step 12600/13600: loss = 0.16046
  Ep00 step 12700/13600: loss = 0.14824
  Ep00 step 12800/13600: loss = 0.15176
  Ep00 step 12900/13600: loss = 0.15851
  Ep00 step 13000/13600: loss = 0.14846
  Ep00 step 13100/13600: loss = 0.14498
  Ep00 step 13200/13600: loss = 0.15244
  Ep00 step 13300/13600: loss = 0.16204
  Ep00 step 13400/13600: loss = 0.14174
  Ep00 step 13500/13600: loss = 0.14136
  Ep00 step 13600/13600: loss = 0.15405

Epoch 00/6 | train=0.16886 val=0.17326 | AUC=['0.993', '0.987', '0.981', '0.981'] PR=['0.951', '0.943', '0.931', '0.940'] | CASCADE-only AUC=['0.989', '0.981', '0.975', '0.975'] PR=['0.890', '0.894', '0.881', '0.901'] | mono_viol=0.00000 | 720s

  [checkpoint] best.pt updated (epoch 0, val_loss=0.17326)
  Ep01 step  100/13600: loss = 0.14943
  Ep01 step  200/13600: loss = 0.15322
  Ep01 step  300/13600: loss = 0.16084
  Ep01 step  400/13600: loss = 0.15160
  Ep01 step  500/13600: loss = 0.13349
  Ep01 step  600/13600: loss = 0.15237
  Ep01 step  700/13600: loss = 0.14158
  Ep01 step  800/13600: loss = 0.15003
  Ep01 step  900/13600: loss = 0.15560
  Ep01 step 1000/13600: loss = 0.13698
  Ep01 step 1100/13600: loss = 0.15248
  Ep01 step 1200/13600: loss = 0.16105
  Ep01 step 1300/13600: loss = 0.15207
  Ep01 step 1400/13600: loss = 0.15040
  Ep01 step 1500/13600: loss = 0.15438
  Ep01 step 1600/13600: loss = 0.15005
  Ep01 step 1700/13600: loss = 0.14576
  Ep01 step 1800/13600: loss = 0.15956
  Ep01 step 1900/13600: loss = 0.15707
  Ep01 step 2000/13600: loss = 0.15652
  Ep01 step 2100/13600: loss = 0.14510
  Ep01 step 2200/13600: loss = 0.15830
  Ep01 step 2300/13600: loss = 0.14495
  Ep01 step 2400/13600: loss = 0.14748
  Ep01 step 2500/13600: loss = 0.15452
  Ep01 step 2600/13600: loss = 0.14815
  Ep01 step 2700/13600: loss = 0.14653
  Ep01 step 2800/13600: loss = 0.16168
  Ep01 step 2900/13600: loss = 0.13682
  Ep01 step 3000/13600: loss = 0.14724
  Ep01 step 3100/13600: loss = 0.13817
  Ep01 step 3200/13600: loss = 0.14348
  Ep01 step 3300/13600: loss = 0.14924
  Ep01 step 3400/13600: loss = 0.15502
  Ep01 step 3500/13600: loss = 0.15361
  Ep01 step 3600/13600: loss = 0.15406
  Ep01 step 3700/13600: loss = 0.14721
  Ep01 step 3800/13600: loss = 0.16095
  Ep01 step 3900/13600: loss = 0.15940
  Ep01 step 4000/13600: loss = 0.14783
  Ep01 step 4100/13600: loss = 0.14491
  Ep01 step 4200/13600: loss = 0.15099
  Ep01 step 4300/13600: loss = 0.13687
  Ep01 step 4400/13600: loss = 0.15657
  Ep01 step 4500/13600: loss = 0.14073
  Ep01 step 4600/13600: loss = 0.14544
  Ep01 step 4700/13600: loss = 0.15105
  Ep01 step 4800/13600: loss = 0.14829
  Ep01 step 4900/13600: loss = 0.15013
  Ep01 step 5000/13600: loss = 0.13403
  Ep01 step 5100/13600: loss = 0.14790
  Ep01 step 5200/13600: loss = 0.14414
  Ep01 step 5300/13600: loss = 0.14921
  Ep01 step 5400/13600: loss = 0.13958
  Ep01 step 5500/13600: loss = 0.13871
  Ep01 step 5600/13600: loss = 0.14727
  Ep01 step 5700/13600: loss = 0.14284
  Ep01 step 5800/13600: loss = 0.14522
  Ep01 step 5900/13600: loss = 0.14537
  Ep01 step 6000/13600: loss = 0.15126
  Ep01 step 6100/13600: loss = 0.14910
  Ep01 step 6200/13600: loss = 0.14243
  Ep01 step 6300/13600: loss = 0.15443
  Ep01 step 6400/13600: loss = 0.14535
  Ep01 step 6500/13600: loss = 0.15342
  Ep01 step 6600/13600: loss = 0.15242
  Ep01 step 6700/13600: loss = 0.14587
  Ep01 step 6800/13600: loss = 0.13616
  Ep01 step 6900/13600: loss = 0.15703
  Ep01 step 7000/13600: loss = 0.15481
  Ep01 step 7100/13600: loss = 0.14881
  Ep01 step 7200/13600: loss = 0.13992
  Ep01 step 7300/13600: loss = 0.14007
  Ep01 step 7400/13600: loss = 0.14084
  Ep01 step 7500/13600: loss = 0.15725
  Ep01 step 7600/13600: loss = 0.14245
  Ep01 step 7700/13600: loss = 0.14797
  Ep01 step 7800/13600: loss = 0.15491
  Ep01 step 7900/13600: loss = 0.14464
  Ep01 step 8000/13600: loss = 0.14434
  Ep01 step 8100/13600: loss = 0.14898
  Ep01 step 8200/13600: loss = 0.14490
  Ep01 step 8300/13600: loss = 0.14821
  Ep01 step 8400/13600: loss = 0.14088
  Ep01 step 8500/13600: loss = 0.13641
  Ep01 step 8600/13600: loss = 0.14605
  Ep01 step 8700/13600: loss = 0.15037
  Ep01 step 8800/13600: loss = 0.14559
  Ep01 step 8900/13600: loss = 0.15087
  Ep01 step 9000/13600: loss = 0.14845
  Ep01 step 9100/13600: loss = 0.13997
  Ep01 step 9200/13600: loss = 0.14323
  Ep01 step 9300/13600: loss = 0.14574
  Ep01 step 9400/13600: loss = 0.14304
  Ep01 step 9500/13600: loss = 0.14995
  Ep01 step 9600/13600: loss = 0.13381
  Ep01 step 9700/13600: loss = 0.13386
  Ep01 step 9800/13600: loss = 0.13991
  Ep01 step 9900/13600: loss = 0.14922
  Ep01 step 10000/13600: loss = 0.14749
  Ep01 step 10100/13600: loss = 0.14933
  Ep01 step 10200/13600: loss = 0.13728
  Ep01 step 10300/13600: loss = 0.14673
  Ep01 step 10400/13600: loss = 0.14601
  Ep01 step 10500/13600: loss = 0.14052
  Ep01 step 10600/13600: loss = 0.13712
  Ep01 step 10700/13600: loss = 0.13452
  Ep01 step 10800/13600: loss = 0.14100
  Ep01 step 10900/13600: loss = 0.13400
  Ep01 step 11000/13600: loss = 0.14438
  Ep01 step 11100/13600: loss = 0.14721
  Ep01 step 11200/13600: loss = 0.15315
  Ep01 step 11300/13600: loss = 0.15328
  Ep01 step 11400/13600: loss = 0.13807
  Ep01 step 11500/13600: loss = 0.14194
  Ep01 step 11600/13600: loss = 0.13889
  Ep01 step 11700/13600: loss = 0.15317
  Ep01 step 11800/13600: loss = 0.13829
  Ep01 step 11900/13600: loss = 0.13615
  Ep01 step 12000/13600: loss = 0.13824
  Ep01 step 12100/13600: loss = 0.15495
  Ep01 step 12200/13600: loss = 0.14508
  Ep01 step 12300/13600: loss = 0.14441
  Ep01 step 12400/13600: loss = 0.13387
  Ep01 step 12500/13600: loss = 0.15126
  Ep01 step 12600/13600: loss = 0.13490
  Ep01 step 12700/13600: loss = 0.14738
  Ep01 step 12800/13600: loss = 0.14516
  Ep01 step 12900/13600: loss = 0.13877
  Ep01 step 13000/13600: loss = 0.14954
  Ep01 step 13100/13600: loss = 0.15102
  Ep01 step 13200/13600: loss = 0.14492
  Ep01 step 13300/13600: loss = 0.15160
  Ep01 step 13400/13600: loss = 0.16015
  Ep01 step 13500/13600: loss = 0.14076
  Ep01 step 13600/13600: loss = 0.14446

Epoch 01/6 | train=0.14677 val=0.16746 | AUC=['0.994', '0.988', '0.983', '0.984'] PR=['0.960', '0.949', '0.939', '0.949'] | CASCADE-only AUC=['0.991', '0.984', '0.979', '0.980'] PR=['0.909', '0.904', '0.895', '0.916'] | mono_viol=0.00000 | 1436s

  [checkpoint] best.pt updated (epoch 1, val_loss=0.16746)
  Ep02 step  100/13600: loss = 0.14294
  Ep02 step  200/13600: loss = 0.14590
  Ep02 step  300/13600: loss = 0.14150
  Ep02 step  400/13600: loss = 0.14059
  Ep02 step  500/13600: loss = 0.13146
  Ep02 step  600/13600: loss = 0.14415
  Ep02 step  700/13600: loss = 0.14821
  Ep02 step  800/13600: loss = 0.14732
  Ep02 step  900/13600: loss = 0.15244
  Ep02 step 1000/13600: loss = 0.14540
  Ep02 step 1100/13600: loss = 0.14849
  Ep02 step 1200/13600: loss = 0.13887
  Ep02 step 1300/13600: loss = 0.15025
  Ep02 step 1400/13600: loss = 0.14640
  Ep02 step 1500/13600: loss = 0.15290
  Ep02 step 1600/13600: loss = 0.15062
  Ep02 step 1700/13600: loss = 0.14140
  Ep02 step 1800/13600: loss = 0.15102
  Ep02 step 1900/13600: loss = 0.14030
  Ep02 step 2000/13600: loss = 0.15563
  Ep02 step 2100/13600: loss = 0.14472
  Ep02 step 2200/13600: loss = 0.14386
  Ep02 step 2300/13600: loss = 0.13527
  Ep02 step 2400/13600: loss = 0.14323
  Ep02 step 2500/13600: loss = 0.14075
  Ep02 step 2600/13600: loss = 0.14781
  Ep02 step 2700/13600: loss = 0.14532
  Ep02 step 2800/13600: loss = 0.14420
  Ep02 step 2900/13600: loss = 0.12825
  Ep02 step 3000/13600: loss = 0.14283
  Ep02 step 3100/13600: loss = 0.14055
  Ep02 step 3200/13600: loss = 0.13330
  Ep02 step 3300/13600: loss = 0.15704
  Ep02 step 3400/13600: loss = 0.14780
  Ep02 step 3500/13600: loss = 0.13823
  Ep02 step 3600/13600: loss = 0.13927
  Ep02 step 3700/13600: loss = 0.15124
  Ep02 step 3800/13600: loss = 0.14438
  Ep02 step 3900/13600: loss = 0.14121
  Ep02 step 4000/13600: loss = 0.14851
  Ep02 step 4100/13600: loss = 0.14475
  Ep02 step 4200/13600: loss = 0.13478
  Ep02 step 4300/13600: loss = 0.14423
  Ep02 step 4400/13600: loss = 0.13134
  Ep02 step 4500/13600: loss = 0.14611
  Ep02 step 4600/13600: loss = 0.14542
  Ep02 step 4700/13600: loss = 0.13870
  Ep02 step 4800/13600: loss = 0.14184
  Ep02 step 4900/13600: loss = 0.13577
  Ep02 step 5000/13600: loss = 0.14788
  Ep02 step 5100/13600: loss = 0.14707
  Ep02 step 5200/13600: loss = 0.14698
  Ep02 step 5300/13600: loss = 0.14725
  Ep02 step 5400/13600: loss = 0.13598
  Ep02 step 5500/13600: loss = 0.14710
  Ep02 step 5600/13600: loss = 0.14567
  Ep02 step 5700/13600: loss = 0.13531
  Ep02 step 5800/13600: loss = 0.14035
  Ep02 step 5900/13600: loss = 0.14508
  Ep02 step 6000/13600: loss = 0.15016
  Ep02 step 6100/13600: loss = 0.14345
  Ep02 step 6200/13600: loss = 0.14906
  Ep02 step 6300/13600: loss = 0.14428
  Ep02 step 6400/13600: loss = 0.14550
  Ep02 step 6500/13600: loss = 0.14731
  Ep02 step 6600/13600: loss = 0.15352
  Ep02 step 6700/13600: loss = 0.13214
  Ep02 step 6800/13600: loss = 0.13726
  Ep02 step 6900/13600: loss = 0.14099
  Ep02 step 7000/13600: loss = 0.14427
  Ep02 step 7100/13600: loss = 0.15042
  Ep02 step 7200/13600: loss = 0.13758
  Ep02 step 7300/13600: loss = 0.15655
  Ep02 step 7400/13600: loss = 0.13910
  Ep02 step 7500/13600: loss = 0.14517
  Ep02 step 7600/13600: loss = 0.14079
  Ep02 step 7700/13600: loss = 0.14226
  Ep02 step 7800/13600: loss = 0.14841
  Ep02 step 7900/13600: loss = 0.14578
  Ep02 step 8000/13600: loss = 0.14410
  Ep02 step 8100/13600: loss = 0.15001
  Ep02 step 8200/13600: loss = 0.14414
  Ep02 step 8300/13600: loss = 0.14550
  Ep02 step 8400/13600: loss = 0.12897
  Ep02 step 8500/13600: loss = 0.14625
  Ep02 step 8600/13600: loss = 0.13863
  Ep02 step 8700/13600: loss = 0.14339
  Ep02 step 8800/13600: loss = 0.14202
  Ep02 step 8900/13600: loss = 0.14104
  Ep02 step 9000/13600: loss = 0.14740
  Ep02 step 9100/13600: loss = 0.12241
  Ep02 step 9200/13600: loss = 0.15300
  Ep02 step 9300/13600: loss = 0.14992
  Ep02 step 9400/13600: loss = 0.14430
  Ep02 step 9500/13600: loss = 0.14853
  Ep02 step 9600/13600: loss = 0.13474
  Ep02 step 9700/13600: loss = 0.14627
  Ep02 step 9800/13600: loss = 0.13996
  Ep02 step 9900/13600: loss = 0.15374
  Ep02 step 10000/13600: loss = 0.14686
  Ep02 step 10100/13600: loss = 0.13671
  Ep02 step 10200/13600: loss = 0.15166
  Ep02 step 10300/13600: loss = 0.13399
  Ep02 step 10400/13600: loss = 0.14008
  Ep02 step 10500/13600: loss = 0.14193
  Ep02 step 10600/13600: loss = 0.15548
  Ep02 step 10700/13600: loss = 0.14302
  Ep02 step 10800/13600: loss = 0.14196
  Ep02 step 10900/13600: loss = 0.13588
  Ep02 step 11000/13600: loss = 0.14465
  Ep02 step 11100/13600: loss = 0.14472
  Ep02 step 11200/13600: loss = 0.14314
  Ep02 step 11300/13600: loss = 0.14488
  Ep02 step 11400/13600: loss = 0.14990
  Ep02 step 11500/13600: loss = 0.14922
  Ep02 step 11600/13600: loss = 0.14776
  Ep02 step 11700/13600: loss = 0.13866
  Ep02 step 11800/13600: loss = 0.14324
  Ep02 step 11900/13600: loss = 0.13965
  Ep02 step 12000/13600: loss = 0.14619
  Ep02 step 12100/13600: loss = 0.13549
  Ep02 step 12200/13600: loss = 0.14195
  Ep02 step 12300/13600: loss = 0.14095
  Ep02 step 12400/13600: loss = 0.13444
  Ep02 step 12500/13600: loss = 0.14639
  Ep02 step 12600/13600: loss = 0.14087
  Ep02 step 12700/13600: loss = 0.14685
  Ep02 step 12800/13600: loss = 0.14209
  Ep02 step 12900/13600: loss = 0.15209
  Ep02 step 13000/13600: loss = 0.14010
  Ep02 step 13100/13600: loss = 0.15041
  Ep02 step 13200/13600: loss = 0.14197
  Ep02 step 13300/13600: loss = 0.14730
  Ep02 step 13400/13600: loss = 0.13940
  Ep02 step 13500/13600: loss = 0.13957
  Ep02 step 13600/13600: loss = 0.13695

Epoch 02/6 | train=0.14360 val=0.16837 | AUC=['0.994', '0.989', '0.984', '0.985'] PR=['0.961', '0.953', '0.944', '0.954'] | CASCADE-only AUC=['0.992', '0.986', '0.980', '0.982'] PR=['0.914', '0.913', '0.905', '0.926'] | mono_viol=0.00000 | 2152s

  Ep03 step  100/13600: loss = 0.14998
  Ep03 step  200/13600: loss = 0.14584
  Ep03 step  300/13600: loss = 0.14277
  Ep03 step  400/13600: loss = 0.13756
  Ep03 step  500/13600: loss = 0.14680
  Ep03 step  600/13600: loss = 0.14700
  Ep03 step  700/13600: loss = 0.14182
  Ep03 step  800/13600: loss = 0.15025
  Ep03 step  900/13600: loss = 0.14443
  Ep03 step 1000/13600: loss = 0.14265
  Ep03 step 1100/13600: loss = 0.14451
  Ep03 step 1200/13600: loss = 0.14934
  Ep03 step 1300/13600: loss = 0.13831
  Ep03 step 1400/13600: loss = 0.14825
  Ep03 step 1500/13600: loss = 0.14583
  Ep03 step 1600/13600: loss = 0.13272
  Ep03 step 1700/13600: loss = 0.14042
  Ep03 step 1800/13600: loss = 0.15023
  Ep03 step 1900/13600: loss = 0.14795
  Ep03 step 2000/13600: loss = 0.14518
  Ep03 step 2100/13600: loss = 0.13328
  Ep03 step 2200/13600: loss = 0.13321
  Ep03 step 2300/13600: loss = 0.14364
  Ep03 step 2400/13600: loss = 0.13490
  Ep03 step 2500/13600: loss = 0.13506
  Ep03 step 2600/13600: loss = 0.14306
  Ep03 step 2700/13600: loss = 0.15048
  Ep03 step 2800/13600: loss = 0.14157
  Ep03 step 2900/13600: loss = 0.14639
  Ep03 step 3000/13600: loss = 0.14431
  Ep03 step 3100/13600: loss = 0.14493
  Ep03 step 3200/13600: loss = 0.14472
  Ep03 step 3300/13600: loss = 0.14985
  Ep03 step 3400/13600: loss = 0.13880
  Ep03 step 3500/13600: loss = 0.14090
  Ep03 step 3600/13600: loss = 0.14054
  Ep03 step 3700/13600: loss = 0.14580
  Ep03 step 3800/13600: loss = 0.14610
  Ep03 step 3900/13600: loss = 0.13366
  Ep03 step 4000/13600: loss = 0.14603
  Ep03 step 4100/13600: loss = 0.15377
  Ep03 step 4200/13600: loss = 0.14327
  Ep03 step 4300/13600: loss = 0.14784
  Ep03 step 4400/13600: loss = 0.14582
  Ep03 step 4500/13600: loss = 0.14978
  Ep03 step 4600/13600: loss = 0.13244
  Ep03 step 4700/13600: loss = 0.14521
  Ep03 step 4800/13600: loss = 0.14406
  Ep03 step 4900/13600: loss = 0.14673
  Ep03 step 5000/13600: loss = 0.13795
  Ep03 step 5100/13600: loss = 0.14182
  Ep03 step 5200/13600: loss = 0.14227
  Ep03 step 5300/13600: loss = 0.13992
  Ep03 step 5400/13600: loss = 0.14017
  Ep03 step 5500/13600: loss = 0.13731
  Ep03 step 5600/13600: loss = 0.14227
  Ep03 step 5700/13600: loss = 0.13469
  Ep03 step 5800/13600: loss = 0.14105
  Ep03 step 5900/13600: loss = 0.13578
  Ep03 step 6000/13600: loss = 0.13784
  Ep03 step 6100/13600: loss = 0.14787
  Ep03 step 6200/13600: loss = 0.14468
  Ep03 step 6300/13600: loss = 0.14278
  Ep03 step 6400/13600: loss = 0.13296
  Ep03 step 6500/13600: loss = 0.13245
  Ep03 step 6600/13600: loss = 0.14589
  Ep03 step 6700/13600: loss = 0.13900
  Ep03 step 6800/13600: loss = 0.14062
  Ep03 step 6900/13600: loss = 0.13804
  Ep03 step 7000/13600: loss = 0.13404
  Ep03 step 7100/13600: loss = 0.13489
  Ep03 step 7200/13600: loss = 0.14730
  Ep03 step 7300/13600: loss = 0.13723
  Ep03 step 7400/13600: loss = 0.14642
  Ep03 step 7500/13600: loss = 0.14667
  Ep03 step 7600/13600: loss = 0.13426
  Ep03 step 7700/13600: loss = 0.12786
  Ep03 step 7800/13600: loss = 0.14724
  Ep03 step 7900/13600: loss = 0.13634
  Ep03 step 8000/13600: loss = 0.14814
  Ep03 step 8100/13600: loss = 0.14488
  Ep03 step 8200/13600: loss = 0.14023
  Ep03 step 8300/13600: loss = 0.14227
  Ep03 step 8400/13600: loss = 0.14322
  Ep03 step 8500/13600: loss = 0.13938
  Ep03 step 8600/13600: loss = 0.12969
  Ep03 step 8700/13600: loss = 0.13597
  Ep03 step 8800/13600: loss = 0.13675
  Ep03 step 8900/13600: loss = 0.14601
  Ep03 step 9000/13600: loss = 0.13755
  Ep03 step 9100/13600: loss = 0.14542
  Ep03 step 9200/13600: loss = 0.13828
  Ep03 step 9300/13600: loss = 0.13290
  Ep03 step 9400/13600: loss = 0.15091
  Ep03 step 9500/13600: loss = 0.14455
  Ep03 step 9600/13600: loss = 0.13732
  Ep03 step 9700/13600: loss = 0.15310
  Ep03 step 9800/13600: loss = 0.13905
  Ep03 step 9900/13600: loss = 0.15232
  Ep03 step 10000/13600: loss = 0.14775
  Ep03 step 10100/13600: loss = 0.13875
  Ep03 step 10200/13600: loss = 0.14613
  Ep03 step 10300/13600: loss = 0.13567
  Ep03 step 10400/13600: loss = 0.13738
  Ep03 step 10500/13600: loss = 0.13817
  Ep03 step 10600/13600: loss = 0.14005
  Ep03 step 10700/13600: loss = 0.14848
  Ep03 step 10800/13600: loss = 0.14448
  Ep03 step 10900/13600: loss = 0.13897
  Ep03 step 11000/13600: loss = 0.15030
  Ep03 step 11100/13600: loss = 0.13993
  Ep03 step 11200/13600: loss = 0.14342
  Ep03 step 11300/13600: loss = 0.15091
  Ep03 step 11400/13600: loss = 0.14111
  Ep03 step 11500/13600: loss = 0.13522
  Ep03 step 11600/13600: loss = 0.13615
  Ep03 step 11700/13600: loss = 0.13835
  Ep03 step 11800/13600: loss = 0.14367
  Ep03 step 11900/13600: loss = 0.14809
  Ep03 step 12000/13600: loss = 0.14363
  Ep03 step 12100/13600: loss = 0.14616
  Ep03 step 12200/13600: loss = 0.14079
  Ep03 step 12300/13600: loss = 0.14146
  Ep03 step 12400/13600: loss = 0.14068
  Ep03 step 12500/13600: loss = 0.14293
  Ep03 step 12600/13600: loss = 0.14623
  Ep03 step 12700/13600: loss = 0.14130
  Ep03 step 12800/13600: loss = 0.14327
  Ep03 step 12900/13600: loss = 0.14192
  Ep03 step 13000/13600: loss = 0.14409
  Ep03 step 13100/13600: loss = 0.15176
  Ep03 step 13200/13600: loss = 0.13567
  Ep03 step 13300/13600: loss = 0.13764
  Ep03 step 13400/13600: loss = 0.15084
  Ep03 step 13500/13600: loss = 0.14380
  Ep03 step 13600/13600: loss = 0.14964

Epoch 03/6 | train=0.14227 val=0.16722 | AUC=['0.994', '0.988', '0.982', '0.982'] PR=['0.959', '0.948', '0.936', '0.945'] | CASCADE-only AUC=['0.991', '0.983', '0.977', '0.977'] PR=['0.911', '0.905', '0.892', '0.913'] | mono_viol=0.00000 | 2867s

  [checkpoint] best.pt updated (epoch 3, val_loss=0.16722)
  Ep04 step  100/13600: loss = 0.14272
  Ep04 step  200/13600: loss = 0.13756
  Ep04 step  300/13600: loss = 0.12654
  Ep04 step  400/13600: loss = 0.14090
  Ep04 step  500/13600: loss = 0.13596
  Ep04 step  600/13600: loss = 0.14653
  Ep04 step  700/13600: loss = 0.14336
  Ep04 step  800/13600: loss = 0.14497
  Ep04 step  900/13600: loss = 0.14109
  Ep04 step 1000/13600: loss = 0.14494
  Ep04 step 1100/13600: loss = 0.14508
  Ep04 step 1200/13600: loss = 0.14544
  Ep04 step 1300/13600: loss = 0.13530
  Ep04 step 1400/13600: loss = 0.14782
  Ep04 step 1500/13600: loss = 0.14260
  Ep04 step 1600/13600: loss = 0.13105
  Ep04 step 1700/13600: loss = 0.15228
  Ep04 step 1800/13600: loss = 0.14356
  Ep04 step 1900/13600: loss = 0.14711
  Ep04 step 2000/13600: loss = 0.14642
  Ep04 step 2100/13600: loss = 0.14568
  Ep04 step 2200/13600: loss = 0.13697
  Ep04 step 2300/13600: loss = 0.14103
  Ep04 step 2400/13600: loss = 0.14319
  Ep04 step 2500/13600: loss = 0.14685
  Ep04 step 2600/13600: loss = 0.13691
  Ep04 step 2700/13600: loss = 0.14769
  Ep04 step 2800/13600: loss = 0.13861
  Ep04 step 2900/13600: loss = 0.13385
  Ep04 step 3000/13600: loss = 0.13496
  Ep04 step 3100/13600: loss = 0.14866
  Ep04 step 3200/13600: loss = 0.13735
  Ep04 step 3300/13600: loss = 0.14552
  Ep04 step 3400/13600: loss = 0.14416
  Ep04 step 3500/13600: loss = 0.15061
  Ep04 step 3600/13600: loss = 0.13690
  Ep04 step 3700/13600: loss = 0.14680
  Ep04 step 3800/13600: loss = 0.14948
  Ep04 step 3900/13600: loss = 0.14319
  Ep04 step 4000/13600: loss = 0.13577
  Ep04 step 4100/13600: loss = 0.14326
  Ep04 step 4200/13600: loss = 0.13678
  Ep04 step 4300/13600: loss = 0.13715
  Ep04 step 4400/13600: loss = 0.13596
  Ep04 step 4500/13600: loss = 0.13899
  Ep04 step 4600/13600: loss = 0.14114
  Ep04 step 4700/13600: loss = 0.12993
  Ep04 step 4800/13600: loss = 0.14177
  Ep04 step 4900/13600: loss = 0.14177
  Ep04 step 5000/13600: loss = 0.13431
  Ep04 step 5100/13600: loss = 0.13312
  Ep04 step 5200/13600: loss = 0.14738
  Ep04 step 5300/13600: loss = 0.14488
  Ep04 step 5400/13600: loss = 0.14677
  Ep04 step 5500/13600: loss = 0.14655
  Ep04 step 5600/13600: loss = 0.14273
  Ep04 step 5700/13600: loss = 0.13338
  Ep04 step 5800/13600: loss = 0.13546
  Ep04 step 5900/13600: loss = 0.14259
  Ep04 step 6000/13600: loss = 0.13208
  Ep04 step 6100/13600: loss = 0.14347
  Ep04 step 6200/13600: loss = 0.12760
  Ep04 step 6300/13600: loss = 0.13614
  Ep04 step 6400/13600: loss = 0.14051
  Ep04 step 6500/13600: loss = 0.13556
  Ep04 step 6600/13600: loss = 0.14399
  Ep04 step 6700/13600: loss = 0.14613
  Ep04 step 6800/13600: loss = 0.15297
  Ep04 step 6900/13600: loss = 0.14359
  Ep04 step 7000/13600: loss = 0.14741
  Ep04 step 7100/13600: loss = 0.13707
  Ep04 step 7200/13600: loss = 0.13558
  Ep04 step 7300/13600: loss = 0.14907
  Ep04 step 7400/13600: loss = 0.15387
  Ep04 step 7500/13600: loss = 0.14145
  Ep04 step 7600/13600: loss = 0.14158
  Ep04 step 7700/13600: loss = 0.14534
  Ep04 step 7800/13600: loss = 0.14339
  Ep04 step 7900/13600: loss = 0.14447
  Ep04 step 8000/13600: loss = 0.14917
  Ep04 step 8100/13600: loss = 0.14737
  Ep04 step 8200/13600: loss = 0.14530
  Ep04 step 8300/13600: loss = 0.13782
  Ep04 step 8400/13600: loss = 0.12992
  Ep04 step 8500/13600: loss = 0.12584
  Ep04 step 8600/13600: loss = 0.14056
  Ep04 step 8700/13600: loss = 0.13695
  Ep04 step 8800/13600: loss = 0.14092
  Ep04 step 8900/13600: loss = 0.13707
  Ep04 step 9000/13600: loss = 0.14115
  Ep04 step 9100/13600: loss = 0.13345
  Ep04 step 9200/13600: loss = 0.12733
  Ep04 step 9300/13600: loss = 0.14184
  Ep04 step 9400/13600: loss = 0.14438
  Ep04 step 9500/13600: loss = 0.13001
  Ep04 step 9600/13600: loss = 0.14395
  Ep04 step 9700/13600: loss = 0.15642
  Ep04 step 9800/13600: loss = 0.14237
  Ep04 step 9900/13600: loss = 0.14086
  Ep04 step 10000/13600: loss = 0.14031
  Ep04 step 10100/13600: loss = 0.14983
  Ep04 step 10200/13600: loss = 0.13635
  Ep04 step 10300/13600: loss = 0.14366
  Ep04 step 10400/13600: loss = 0.15525
  Ep04 step 10500/13600: loss = 0.15102
  Ep04 step 10600/13600: loss = 0.14101
  Ep04 step 10700/13600: loss = 0.14423
  Ep04 step 10800/13600: loss = 0.14472
  Ep04 step 10900/13600: loss = 0.15067
  Ep04 step 11000/13600: loss = 0.14669
  Ep04 step 11100/13600: loss = 0.13878
  Ep04 step 11200/13600: loss = 0.14701
  Ep04 step 11300/13600: loss = 0.14261
  Ep04 step 11400/13600: loss = 0.13213
  Ep04 step 11500/13600: loss = 0.13358
  Ep04 step 11600/13600: loss = 0.13512
  Ep04 step 11700/13600: loss = 0.14015
  Ep04 step 11800/13600: loss = 0.14203
  Ep04 step 11900/13600: loss = 0.13150
  Ep04 step 12000/13600: loss = 0.13971
  Ep04 step 12100/13600: loss = 0.14303
  Ep04 step 12200/13600: loss = 0.14258
  Ep04 step 12300/13600: loss = 0.14419
  Ep04 step 12400/13600: loss = 0.13074
  Ep04 step 12500/13600: loss = 0.13048
  Ep04 step 12600/13600: loss = 0.14625
  Ep04 step 12700/13600: loss = 0.14286
  Ep04 step 12800/13600: loss = 0.12742
  Ep04 step 12900/13600: loss = 0.13193
  Ep04 step 13000/13600: loss = 0.13795
  Ep04 step 13100/13600: loss = 0.14435
  Ep04 step 13200/13600: loss = 0.14158
  Ep04 step 13300/13600: loss = 0.15352
  Ep04 step 13400/13600: loss = 0.15090
  Ep04 step 13500/13600: loss = 0.14152
  Ep04 step 13600/13600: loss = 0.13765

Epoch 04/6 | train=0.14122 val=0.16596 | AUC=['0.995', '0.990', '0.985', '0.987'] PR=['0.964', '0.955', '0.945', '0.957'] | CASCADE-only AUC=['0.992', '0.986', '0.981', '0.983'] PR=['0.920', '0.915', '0.904', '0.929'] | mono_viol=0.00000 | 3580s

  [checkpoint] best.pt updated (epoch 4, val_loss=0.16596)
  Ep05 step  100/13600: loss = 0.14108
  Ep05 step  200/13600: loss = 0.13479
  Ep05 step  300/13600: loss = 0.13410
  Ep05 step  400/13600: loss = 0.14005
  Ep05 step  500/13600: loss = 0.14462
  Ep05 step  600/13600: loss = 0.14345
  Ep05 step  700/13600: loss = 0.14016
  Ep05 step  800/13600: loss = 0.14982
  Ep05 step  900/13600: loss = 0.14307
  Ep05 step 1000/13600: loss = 0.14080
  Ep05 step 1100/13600: loss = 0.14031
  Ep05 step 1200/13600: loss = 0.13515
  Ep05 step 1300/13600: loss = 0.13784
  Ep05 step 1400/13600: loss = 0.14789
  Ep05 step 1500/13600: loss = 0.15077
  Ep05 step 1600/13600: loss = 0.14399
  Ep05 step 1700/13600: loss = 0.14054
  Ep05 step 1800/13600: loss = 0.13600
  Ep05 step 1900/13600: loss = 0.14712
  Ep05 step 2000/13600: loss = 0.13537
  Ep05 step 2100/13600: loss = 0.14166
  Ep05 step 2200/13600: loss = 0.14186
  Ep05 step 2300/13600: loss = 0.14133
  Ep05 step 2400/13600: loss = 0.12407
  Ep05 step 2500/13600: loss = 0.14461
  Ep05 step 2600/13600: loss = 0.14343
  Ep05 step 2700/13600: loss = 0.14053
  Ep05 step 2800/13600: loss = 0.14582
  Ep05 step 2900/13600: loss = 0.13759
  Ep05 step 3000/13600: loss = 0.14478
  Ep05 step 3100/13600: loss = 0.15037
  Ep05 step 3200/13600: loss = 0.13819
  Ep05 step 3300/13600: loss = 0.14362
  Ep05 step 3400/13600: loss = 0.13753
  Ep05 step 3500/13600: loss = 0.13880
  Ep05 step 3600/13600: loss = 0.13442
  Ep05 step 3700/13600: loss = 0.14683
  Ep05 step 3800/13600: loss = 0.14177
  Ep05 step 3900/13600: loss = 0.14143
  Ep05 step 4000/13600: loss = 0.12808
  Ep05 step 4100/13600: loss = 0.13952
  Ep05 step 4200/13600: loss = 0.14521
  Ep05 step 4300/13600: loss = 0.13270
  Ep05 step 4400/13600: loss = 0.13857
  Ep05 step 4500/13600: loss = 0.14003
  Ep05 step 4600/13600: loss = 0.13749
  Ep05 step 4700/13600: loss = 0.14843
  Ep05 step 4800/13600: loss = 0.14259
  Ep05 step 4900/13600: loss = 0.13787
  Ep05 step 5000/13600: loss = 0.13741
  Ep05 step 5100/13600: loss = 0.14107
  Ep05 step 5200/13600: loss = 0.13700
  Ep05 step 5300/13600: loss = 0.13600
  Ep05 step 5400/13600: loss = 0.14552
  Ep05 step 5500/13600: loss = 0.14132
  Ep05 step 5600/13600: loss = 0.14911
  Ep05 step 5700/13600: loss = 0.14440
  Ep05 step 5800/13600: loss = 0.13543
  Ep05 step 5900/13600: loss = 0.13837
  Ep05 step 6000/13600: loss = 0.14078
  Ep05 step 6100/13600: loss = 0.14146
  Ep05 step 6200/13600: loss = 0.13351
  Ep05 step 6300/13600: loss = 0.13723
  Ep05 step 6400/13600: loss = 0.15574
  Ep05 step 6500/13600: loss = 0.13758
  Ep05 step 6600/13600: loss = 0.14169
  Ep05 step 6700/13600: loss = 0.14239
  Ep05 step 6800/13600: loss = 0.13864
  Ep05 step 6900/13600: loss = 0.16026
  Ep05 step 7000/13600: loss = 0.14292
  Ep05 step 7100/13600: loss = 0.14946
  Ep05 step 7200/13600: loss = 0.14563
  Ep05 step 7300/13600: loss = 0.14376
  Ep05 step 7400/13600: loss = 0.13698
  Ep05 step 7500/13600: loss = 0.14612
  Ep05 step 7600/13600: loss = 0.13540
  Ep05 step 7700/13600: loss = 0.13869
  Ep05 step 7800/13600: loss = 0.13598
  Ep05 step 7900/13600: loss = 0.14361
  Ep05 step 8000/13600: loss = 0.14394
  Ep05 step 8100/13600: loss = 0.15058
  Ep05 step 8200/13600: loss = 0.13182
  Ep05 step 8300/13600: loss = 0.15002
  Ep05 step 8400/13600: loss = 0.13214
  Ep05 step 8500/13600: loss = 0.13549
  Ep05 step 8600/13600: loss = 0.12868
  Ep05 step 8700/13600: loss = 0.14107
  Ep05 step 8800/13600: loss = 0.14085
  Ep05 step 8900/13600: loss = 0.13972
  Ep05 step 9000/13600: loss = 0.13852
  Ep05 step 9100/13600: loss = 0.14986
  Ep05 step 9200/13600: loss = 0.14234
  Ep05 step 9300/13600: loss = 0.13479
  Ep05 step 9400/13600: loss = 0.14536
  Ep05 step 9500/13600: loss = 0.14807
  Ep05 step 9600/13600: loss = 0.14666
  Ep05 step 9700/13600: loss = 0.14720
  Ep05 step 9800/13600: loss = 0.14312
  Ep05 step 9900/13600: loss = 0.13926
  Ep05 step 10000/13600: loss = 0.13965
  Ep05 step 10100/13600: loss = 0.12958
  Ep05 step 10200/13600: loss = 0.13771
  Ep05 step 10300/13600: loss = 0.14371
  Ep05 step 10400/13600: loss = 0.14483
  Ep05 step 10500/13600: loss = 0.13930
  Ep05 step 10600/13600: loss = 0.14339
  Ep05 step 10700/13600: loss = 0.14521
  Ep05 step 10800/13600: loss = 0.14463
  Ep05 step 10900/13600: loss = 0.13872
  Ep05 step 11000/13600: loss = 0.13701
  Ep05 step 11100/13600: loss = 0.13666
  Ep05 step 11200/13600: loss = 0.13381
  Ep05 step 11300/13600: loss = 0.14423
  Ep05 step 11400/13600: loss = 0.13430
  Ep05 step 11500/13600: loss = 0.14479
  Ep05 step 11600/13600: loss = 0.14795
  Ep05 step 11700/13600: loss = 0.14318
  Ep05 step 11800/13600: loss = 0.14461
  Ep05 step 11900/13600: loss = 0.14952
  Ep05 step 12000/13600: loss = 0.13835
  Ep05 step 12100/13600: loss = 0.13620
  Ep05 step 12200/13600: loss = 0.14118
  Ep05 step 12300/13600: loss = 0.13476
  Ep05 step 12400/13600: loss = 0.14490
  Ep05 step 12500/13600: loss = 0.13796
  Ep05 step 12600/13600: loss = 0.14392
  Ep05 step 12700/13600: loss = 0.14523
  Ep05 step 12800/13600: loss = 0.14332
  Ep05 step 12900/13600: loss = 0.14636
  Ep05 step 13000/13600: loss = 0.14082
  Ep05 step 13100/13600: loss = 0.12687
  Ep05 step 13200/13600: loss = 0.14623
  Ep05 step 13300/13600: loss = 0.13651
  Ep05 step 13400/13600: loss = 0.13258
  Ep05 step 13500/13600: loss = 0.13549
  Ep05 step 13600/13600: loss = 0.14053

Epoch 05/6 | train=0.14098 val=0.16464 | AUC=['0.995', '0.990', '0.984', '0.984'] PR=['0.964', '0.957', '0.945', '0.953'] | CASCADE-only AUC=['0.992', '0.986', '0.980', '0.981'] PR=['0.920', '0.920', '0.906', '0.924'] | mono_viol=0.00000 | 4296s

  [checkpoint] best.pt updated (epoch 5, val_loss=0.16464)
[held-out geoclaw_2050] test_loss=0.31859 mono_viol=0.00000 (1000 runs)
  ALL-nodes     AUC=[0.9899455372095108, 0.9813371628522873, 0.9721097820997238, 0.9820417057871819]  PR=[0.9651543436289496, 0.9633985648183363, 0.9554665116328025, 0.9816071900165677]
  CASCADE-only  AUC=[0.9872413396835327, 0.9784980388283729, 0.9684839867949486, 0.980336579978466]  PR=[0.9430680990999809, 0.9499947101397214, 0.9415586971073553, 0.9771519927209215]
[held-out syn_ts_914_6_1p2955] test_loss=0.10738 mono_viol=0.00000 (1000 runs)
  ALL-nodes     AUC=[0.9984222100377083, 0.9966547654271126, 0.9958573823571205, 0.994012913107872]  PR=[0.9772072270966815, 0.9716304947900701, 0.9666167946355314, 0.9609471830862667]
  CASCADE-only  AUC=[0.9972646096348763, 0.9948564262986184, 0.9939553421735764, 0.9915803457498551]  PR=[0.9398157565073771, 0.9402423061845265, 0.934165892870852, 0.9307219308829009]
[held-out syn_ts_258_9_3p0022] test_loss=0.25562 mono_viol=0.00000 (1000 runs)
  ALL-nodes     AUC=[0.991587017416954, 0.9845782417058945, 0.9786670293807983, 0.9860596706867218]  PR=[0.971048501761773, 0.9672157090478124, 0.9626074854888835, 0.9821589360684375]
  CASCADE-only  AUC=[0.9888284987211228, 0.9812887678146363, 0.9749620721936226, 0.9840928193926811]  PR=[0.9478665143808719, 0.950505545226852, 0.9466738147503874, 0.9758531159259585]
[held-out syn_ts_605_5_3p7563] test_loss=0.43090 mono_viol=0.00000 (1000 runs)
  ALL-nodes     AUC=[0.9763551623821258, 0.9821375474333763, 0.9823178263902664, 0.9849826689362526]  PR=[0.9691689825816456, 0.9813512774081751, 0.9834892139308008, 0.9890335416795786]
  CASCADE-only  AUC=[0.9691558651924134, 0.9778608730435372, 0.9783311529159546, 0.9820559544563293]  PR=[0.9470289265928037, 0.9705261985679089, 0.9745511046768058, 0.983845976472773]
[held-out syn_ts_808_27_3p7885] test_loss=0.30706 mono_viol=0.00000 (1000 runs)
  ALL-nodes     AUC=[0.9826534231901168, 0.9907543398737907, 0.9869034990668297, 0.9889696177840233]  PR=[0.9736649846024485, 0.9868053150971248, 0.9846864491465783, 0.9906183904952535]
  CASCADE-only  AUC=[0.9781768779754638, 0.9888783768415451, 0.9845945817828179, 0.9873920994400978]  PR=[0.9591837611271262, 0.9805464281425129, 0.9784085359868272, 0.9874063562401437]
