task=38 arm=old17 variant=ctx cell=dynamic_mask torch_seed=2 set=jesse22 head=hazard labels=/scratch/tj2587/results/dynamic_v1/arrival_h360 labels2=/scratch/tj2587/results/dynamic_v1/arrival_h360 timing=unset context=1 ckpt=/scratch/tj2587/results/gnn_morestorms_v1/old17_ctx_dynamic_mask_s2 smoke=0 commit=967d122 uncommitted_files=0
[gate] CUDA OK: NVIDIA L40S
[gate] heterodata data/graph/nyc_infra_heterodata_v1_frozen_failover_edges.pt: total=6231 -> OK
[gate] set jesse22: 22 storms, 17 for training, 5 held out; in both folders []; missing [] -> OK
[gate] variant ctx: storm context on, timing inputs off -> OK
[gate] head switch present: ('independent', 'hazard')
=== TRAIN MODE — full training ===
torch seed set: 2
Train: 13600  Val: 3400  (17 scenarios) | Test held-out: ['geoclaw_2050', 'syn_ts_914_6_1p2955', 'syn_ts_258_9_3p0022', 'syn_ts_605_5_3p7563', 'syn_ts_808_27_3p7885'] (5000 runs)
Model parameters: 698,648  head=hazard
Device: cuda
  Ep00 step  100/13600: loss = 0.44429
  Ep00 step  200/13600: loss = 0.24992
  Ep00 step  300/13600: loss = 0.17639
  Ep00 step  400/13600: loss = 0.17447
  Ep00 step  500/13600: loss = 0.17334
  Ep00 step  600/13600: loss = 0.13414
  Ep00 step  700/13600: loss = 0.13628
  Ep00 step  800/13600: loss = 0.14480
  Ep00 step  900/13600: loss = 0.15329
  Ep00 step 1000/13600: loss = 0.12792
  Ep00 step 1100/13600: loss = 0.13800
  Ep00 step 1200/13600: loss = 0.12265
  Ep00 step 1300/13600: loss = 0.12864
  Ep00 step 1400/13600: loss = 0.12669
  Ep00 step 1500/13600: loss = 0.11901
  Ep00 step 1600/13600: loss = 0.13069
  Ep00 step 1700/13600: loss = 0.12833
  Ep00 step 1800/13600: loss = 0.11945
  Ep00 step 1900/13600: loss = 0.11729
  Ep00 step 2000/13600: loss = 0.12128
  Ep00 step 2100/13600: loss = 0.13219
  Ep00 step 2200/13600: loss = 0.11861
  Ep00 step 2300/13600: loss = 0.10172
  Ep00 step 2400/13600: loss = 0.12084
  Ep00 step 2500/13600: loss = 0.11985
  Ep00 step 2600/13600: loss = 0.10916
  Ep00 step 2700/13600: loss = 0.10345
  Ep00 step 2800/13600: loss = 0.10917
  Ep00 step 2900/13600: loss = 0.11125
  Ep00 step 3000/13600: loss = 0.10481
  Ep00 step 3100/13600: loss = 0.10436
  Ep00 step 3200/13600: loss = 0.10926
  Ep00 step 3300/13600: loss = 0.10617
  Ep00 step 3400/13600: loss = 0.10645
  Ep00 step 3500/13600: loss = 0.11240
  Ep00 step 3600/13600: loss = 0.09616
  Ep00 step 3700/13600: loss = 0.10132
  Ep00 step 3800/13600: loss = 0.10117
  Ep00 step 3900/13600: loss = 0.09502
  Ep00 step 4000/13600: loss = 0.10325
  Ep00 step 4100/13600: loss = 0.09337
  Ep00 step 4200/13600: loss = 0.09327
  Ep00 step 4300/13600: loss = 0.10316
  Ep00 step 4400/13600: loss = 0.10997
  Ep00 step 4500/13600: loss = 0.10594
  Ep00 step 4600/13600: loss = 0.09332
  Ep00 step 4700/13600: loss = 0.11406
  Ep00 step 4800/13600: loss = 0.09868
  Ep00 step 4900/13600: loss = 0.09762
  Ep00 step 5000/13600: loss = 0.10208
  Ep00 step 5100/13600: loss = 0.09235
  Ep00 step 5200/13600: loss = 0.11172
  Ep00 step 5300/13600: loss = 0.09570
  Ep00 step 5400/13600: loss = 0.09799
  Ep00 step 5500/13600: loss = 0.09357
  Ep00 step 5600/13600: loss = 0.09484
  Ep00 step 5700/13600: loss = 0.09294
  Ep00 step 5800/13600: loss = 0.10313
  Ep00 step 5900/13600: loss = 0.09188
  Ep00 step 6000/13600: loss = 0.08367
  Ep00 step 6100/13600: loss = 0.08959
  Ep00 step 6200/13600: loss = 0.08658
  Ep00 step 6300/13600: loss = 0.09320
  Ep00 step 6400/13600: loss = 0.08541
  Ep00 step 6500/13600: loss = 0.09203
  Ep00 step 6600/13600: loss = 0.09520
  Ep00 step 6700/13600: loss = 0.10730
  Ep00 step 6800/13600: loss = 0.09079
  Ep00 step 6900/13600: loss = 0.08266
  Ep00 step 7000/13600: loss = 0.09571
  Ep00 step 7100/13600: loss = 0.10380
  Ep00 step 7200/13600: loss = 0.09188
  Ep00 step 7300/13600: loss = 0.09034
  Ep00 step 7400/13600: loss = 0.09169
  Ep00 step 7500/13600: loss = 0.09511
  Ep00 step 7600/13600: loss = 0.08669
  Ep00 step 7700/13600: loss = 0.08572
  Ep00 step 7800/13600: loss = 0.07916
  Ep00 step 7900/13600: loss = 0.08727
  Ep00 step 8000/13600: loss = 0.08377
  Ep00 step 8100/13600: loss = 0.09622
  Ep00 step 8200/13600: loss = 0.10094
  Ep00 step 8300/13600: loss = 0.09045
  Ep00 step 8400/13600: loss = 0.09507
  Ep00 step 8500/13600: loss = 0.09773
  Ep00 step 8600/13600: loss = 0.09751
  Ep00 step 8700/13600: loss = 0.09581
  Ep00 step 8800/13600: loss = 0.08274
  Ep00 step 8900/13600: loss = 0.08398
  Ep00 step 9000/13600: loss = 0.09049
  Ep00 step 9100/13600: loss = 0.10227
  Ep00 step 9200/13600: loss = 0.07869
  Ep00 step 9300/13600: loss = 0.08130
  Ep00 step 9400/13600: loss = 0.09223
  Ep00 step 9500/13600: loss = 0.08095
  Ep00 step 9600/13600: loss = 0.08764
  Ep00 step 9700/13600: loss = 0.09057
  Ep00 step 9800/13600: loss = 0.08893
  Ep00 step 9900/13600: loss = 0.09103
  Ep00 step 10000/13600: loss = 0.09491
  Ep00 step 10100/13600: loss = 0.09054
  Ep00 step 10200/13600: loss = 0.07764
  Ep00 step 10300/13600: loss = 0.09329
  Ep00 step 10400/13600: loss = 0.09348
  Ep00 step 10500/13600: loss = 0.07815
  Ep00 step 10600/13600: loss = 0.07916
  Ep00 step 10700/13600: loss = 0.07857
  Ep00 step 10800/13600: loss = 0.09172
  Ep00 step 10900/13600: loss = 0.09319
  Ep00 step 11000/13600: loss = 0.08708
  Ep00 step 11100/13600: loss = 0.08428
  Ep00 step 11200/13600: loss = 0.09184
  Ep00 step 11300/13600: loss = 0.09653
  Ep00 step 11400/13600: loss = 0.08658
  Ep00 step 11500/13600: loss = 0.09131
  Ep00 step 11600/13600: loss = 0.08779
  Ep00 step 11700/13600: loss = 0.08885
  Ep00 step 11800/13600: loss = 0.08181
  Ep00 step 11900/13600: loss = 0.07623
  Ep00 step 12000/13600: loss = 0.08560
  Ep00 step 12100/13600: loss = 0.09389
  Ep00 step 12200/13600: loss = 0.08737
  Ep00 step 12300/13600: loss = 0.08284
  Ep00 step 12400/13600: loss = 0.09289
  Ep00 step 12500/13600: loss = 0.08714
  Ep00 step 12600/13600: loss = 0.08789
  Ep00 step 12700/13600: loss = 0.08827
  Ep00 step 12800/13600: loss = 0.08799
  Ep00 step 12900/13600: loss = 0.08874
  Ep00 step 13000/13600: loss = 0.09178
  Ep00 step 13100/13600: loss = 0.07825
  Ep00 step 13200/13600: loss = 0.08410
  Ep00 step 13300/13600: loss = 0.09225
  Ep00 step 13400/13600: loss = 0.07671
  Ep00 step 13500/13600: loss = 0.07633
  Ep00 step 13600/13600: loss = 0.08932

Epoch 00/6 | train=0.10335 val=0.10443 | AUC=['0.996', '0.994', '0.991', '0.993'] PR=['0.972', '0.973', '0.963', '0.974'] | CASCADE-only AUC=['0.994', '0.993', '0.989', '0.991'] PR=['0.936', '0.946', '0.935', '0.955'] | mono_viol=0.00000 | 726s

  [checkpoint] best.pt updated (epoch 0, val_loss=0.10443)
  Ep01 step  100/13600: loss = 0.08714
  Ep01 step  200/13600: loss = 0.09515
  Ep01 step  300/13600: loss = 0.08927
  Ep01 step  400/13600: loss = 0.08403
  Ep01 step  500/13600: loss = 0.07093
  Ep01 step  600/13600: loss = 0.08177
  Ep01 step  700/13600: loss = 0.08517
  Ep01 step  800/13600: loss = 0.08355
  Ep01 step  900/13600: loss = 0.09008
  Ep01 step 1000/13600: loss = 0.07316
  Ep01 step 1100/13600: loss = 0.09476
  Ep01 step 1200/13600: loss = 0.09302
  Ep01 step 1300/13600: loss = 0.08842
  Ep01 step 1400/13600: loss = 0.08676
  Ep01 step 1500/13600: loss = 0.09201
  Ep01 step 1600/13600: loss = 0.08569
  Ep01 step 1700/13600: loss = 0.08187
  Ep01 step 1800/13600: loss = 0.08675
  Ep01 step 1900/13600: loss = 0.09010
  Ep01 step 2000/13600: loss = 0.08061
  Ep01 step 2100/13600: loss = 0.08201
  Ep01 step 2200/13600: loss = 0.08624
  Ep01 step 2300/13600: loss = 0.07778
  Ep01 step 2400/13600: loss = 0.08055
  Ep01 step 2500/13600: loss = 0.07575
  Ep01 step 2600/13600: loss = 0.08858
  Ep01 step 2700/13600: loss = 0.07142
  Ep01 step 2800/13600: loss = 0.08896
  Ep01 step 2900/13600: loss = 0.07500
  Ep01 step 3000/13600: loss = 0.08063
  Ep01 step 3100/13600: loss = 0.07856
  Ep01 step 3200/13600: loss = 0.08003
  Ep01 step 3300/13600: loss = 0.08941
  Ep01 step 3400/13600: loss = 0.08328
  Ep01 step 3500/13600: loss = 0.08912
  Ep01 step 3600/13600: loss = 0.08090
  Ep01 step 3700/13600: loss = 0.07780
  Ep01 step 3800/13600: loss = 0.09298
  Ep01 step 3900/13600: loss = 0.08351
  Ep01 step 4000/13600: loss = 0.08090
  Ep01 step 4100/13600: loss = 0.08448
  Ep01 step 4200/13600: loss = 0.07809
  Ep01 step 4300/13600: loss = 0.07067
  Ep01 step 4400/13600: loss = 0.08917
  Ep01 step 4500/13600: loss = 0.07143
  Ep01 step 4600/13600: loss = 0.08211
  Ep01 step 4700/13600: loss = 0.08047
  Ep01 step 4800/13600: loss = 0.09231
  Ep01 step 4900/13600: loss = 0.08351
  Ep01 step 5000/13600: loss = 0.06611
  Ep01 step 5100/13600: loss = 0.08197
  Ep01 step 5200/13600: loss = 0.07900
  Ep01 step 5300/13600: loss = 0.08409
  Ep01 step 5400/13600: loss = 0.07761
  Ep01 step 5500/13600: loss = 0.08484
  Ep01 step 5600/13600: loss = 0.08017
  Ep01 step 5700/13600: loss = 0.07290
  Ep01 step 5800/13600: loss = 0.07883
  Ep01 step 5900/13600: loss = 0.07781
  Ep01 step 6000/13600: loss = 0.08033
  Ep01 step 6100/13600: loss = 0.07897
  Ep01 step 6200/13600: loss = 0.08012
  Ep01 step 6300/13600: loss = 0.07487
  Ep01 step 6400/13600: loss = 0.08174
  Ep01 step 6500/13600: loss = 0.07909
  Ep01 step 6600/13600: loss = 0.09156
  Ep01 step 6700/13600: loss = 0.07809
  Ep01 step 6800/13600: loss = 0.07177
  Ep01 step 6900/13600: loss = 0.09788
  Ep01 step 7000/13600: loss = 0.09800
  Ep01 step 7100/13600: loss = 0.07563
  Ep01 step 7200/13600: loss = 0.09185
  Ep01 step 7300/13600: loss = 0.07355
  Ep01 step 7400/13600: loss = 0.08812
  Ep01 step 7500/13600: loss = 0.08489
  Ep01 step 7600/13600: loss = 0.08627
  Ep01 step 7700/13600: loss = 0.08168
  Ep01 step 7800/13600: loss = 0.08108
  Ep01 step 7900/13600: loss = 0.07215
  Ep01 step 8000/13600: loss = 0.07329
  Ep01 step 8100/13600: loss = 0.07941
  Ep01 step 8200/13600: loss = 0.06867
  Ep01 step 8300/13600: loss = 0.07812
  Ep01 step 8400/13600: loss = 0.07859
  Ep01 step 8500/13600: loss = 0.07597
  Ep01 step 8600/13600: loss = 0.07749
  Ep01 step 8700/13600: loss = 0.07357
  Ep01 step 8800/13600: loss = 0.08238
  Ep01 step 8900/13600: loss = 0.07826
  Ep01 step 9000/13600: loss = 0.08205
  Ep01 step 9100/13600: loss = 0.07074
  Ep01 step 9200/13600: loss = 0.08289
  Ep01 step 9300/13600: loss = 0.08290
  Ep01 step 9400/13600: loss = 0.08830
  Ep01 step 9500/13600: loss = 0.07207
  Ep01 step 9600/13600: loss = 0.07789
  Ep01 step 9700/13600: loss = 0.07158
  Ep01 step 9800/13600: loss = 0.07163
  Ep01 step 9900/13600: loss = 0.08443
  Ep01 step 10000/13600: loss = 0.07583
  Ep01 step 10100/13600: loss = 0.08079
  Ep01 step 10200/13600: loss = 0.07047
  Ep01 step 10300/13600: loss = 0.07952
  Ep01 step 10400/13600: loss = 0.08034
  Ep01 step 10500/13600: loss = 0.07637
  Ep01 step 10600/13600: loss = 0.07826
  Ep01 step 10700/13600: loss = 0.08163
  Ep01 step 10800/13600: loss = 0.07204
  Ep01 step 10900/13600: loss = 0.07374
  Ep01 step 11000/13600: loss = 0.07678
  Ep01 step 11100/13600: loss = 0.08260
  Ep01 step 11200/13600: loss = 0.08614
  Ep01 step 11300/13600: loss = 0.07949
  Ep01 step 11400/13600: loss = 0.07107
  Ep01 step 11500/13600: loss = 0.06914
  Ep01 step 11600/13600: loss = 0.07468
  Ep01 step 11700/13600: loss = 0.08662
  Ep01 step 11800/13600: loss = 0.07805
  Ep01 step 11900/13600: loss = 0.07050
  Ep01 step 12000/13600: loss = 0.07754
  Ep01 step 12100/13600: loss = 0.09053
  Ep01 step 12200/13600: loss = 0.08262
  Ep01 step 12300/13600: loss = 0.08007
  Ep01 step 12400/13600: loss = 0.08527
  Ep01 step 12500/13600: loss = 0.08843
  Ep01 step 12600/13600: loss = 0.07235
  Ep01 step 12700/13600: loss = 0.08199
  Ep01 step 12800/13600: loss = 0.08143
  Ep01 step 12900/13600: loss = 0.07299
  Ep01 step 13000/13600: loss = 0.07431
  Ep01 step 13100/13600: loss = 0.07847
  Ep01 step 13200/13600: loss = 0.08562
  Ep01 step 13300/13600: loss = 0.08599
  Ep01 step 13400/13600: loss = 0.09800
  Ep01 step 13500/13600: loss = 0.07825
  Ep01 step 13600/13600: loss = 0.08320

Epoch 01/6 | train=0.08102 val=0.10117 | AUC=['0.996', '0.995', '0.992', '0.994'] PR=['0.975', '0.974', '0.967', '0.977'] | CASCADE-only AUC=['0.995', '0.993', '0.990', '0.992'] PR=['0.943', '0.949', '0.942', '0.960'] | mono_viol=0.00000 | 1448s

  [checkpoint] best.pt updated (epoch 1, val_loss=0.10117)
  Ep02 step  100/13600: loss = 0.07539
  Ep02 step  200/13600: loss = 0.07030
  Ep02 step  300/13600: loss = 0.07885
  Ep02 step  400/13600: loss = 0.07418
  Ep02 step  500/13600: loss = 0.06401
  Ep02 step  600/13600: loss = 0.08542
  Ep02 step  700/13600: loss = 0.07232
  Ep02 step  800/13600: loss = 0.07722
  Ep02 step  900/13600: loss = 0.08155
  Ep02 step 1000/13600: loss = 0.08604
  Ep02 step 1100/13600: loss = 0.08047
  Ep02 step 1200/13600: loss = 0.07923
  Ep02 step 1300/13600: loss = 0.08645
  Ep02 step 1400/13600: loss = 0.08365
  Ep02 step 1500/13600: loss = 0.08454
  Ep02 step 1600/13600: loss = 0.07090
  Ep02 step 1700/13600: loss = 0.08035
  Ep02 step 1800/13600: loss = 0.08727
  Ep02 step 1900/13600: loss = 0.08044
  Ep02 step 2000/13600: loss = 0.08514
  Ep02 step 2100/13600: loss = 0.07517
  Ep02 step 2200/13600: loss = 0.07778
  Ep02 step 2300/13600: loss = 0.08152
  Ep02 step 2400/13600: loss = 0.06832
  Ep02 step 2500/13600: loss = 0.07670
  Ep02 step 2600/13600: loss = 0.07908
  Ep02 step 2700/13600: loss = 0.07346
  Ep02 step 2800/13600: loss = 0.07927
  Ep02 step 2900/13600: loss = 0.07300
  Ep02 step 3000/13600: loss = 0.07784
  Ep02 step 3100/13600: loss = 0.08597
  Ep02 step 3200/13600: loss = 0.07517
  Ep02 step 3300/13600: loss = 0.07996
  Ep02 step 3400/13600: loss = 0.07479
  Ep02 step 3500/13600: loss = 0.07264
  Ep02 step 3600/13600: loss = 0.07915
  Ep02 step 3700/13600: loss = 0.07810
  Ep02 step 3800/13600: loss = 0.07891
  Ep02 step 3900/13600: loss = 0.07793
  Ep02 step 4000/13600: loss = 0.08387
  Ep02 step 4100/13600: loss = 0.07183
  Ep02 step 4200/13600: loss = 0.07956
  Ep02 step 4300/13600: loss = 0.07311
  Ep02 step 4400/13600: loss = 0.06465
  Ep02 step 4500/13600: loss = 0.07730
  Ep02 step 4600/13600: loss = 0.07524
  Ep02 step 4700/13600: loss = 0.08101
  Ep02 step 4800/13600: loss = 0.08158
  Ep02 step 4900/13600: loss = 0.06700
  Ep02 step 5000/13600: loss = 0.07723
  Ep02 step 5100/13600: loss = 0.07699
  Ep02 step 5200/13600: loss = 0.07542
  Ep02 step 5300/13600: loss = 0.08099
  Ep02 step 5400/13600: loss = 0.06767
  Ep02 step 5500/13600: loss = 0.08401
  Ep02 step 5600/13600: loss = 0.06909
  Ep02 step 5700/13600: loss = 0.07746
  Ep02 step 5800/13600: loss = 0.07244
  Ep02 step 5900/13600: loss = 0.08077
  Ep02 step 6000/13600: loss = 0.07194
  Ep02 step 6100/13600: loss = 0.07688
  Ep02 step 6200/13600: loss = 0.07046
  Ep02 step 6300/13600: loss = 0.08117
  Ep02 step 6400/13600: loss = 0.07540
  Ep02 step 6500/13600: loss = 0.08093
  Ep02 step 6600/13600: loss = 0.08259
  Ep02 step 6700/13600: loss = 0.06781
  Ep02 step 6800/13600: loss = 0.07642
  Ep02 step 6900/13600: loss = 0.07776
  Ep02 step 7000/13600: loss = 0.07983
  Ep02 step 7100/13600: loss = 0.08113
  Ep02 step 7200/13600: loss = 0.07356
  Ep02 step 7300/13600: loss = 0.09092
  Ep02 step 7400/13600: loss = 0.07258
  Ep02 step 7500/13600: loss = 0.07153
  Ep02 step 7600/13600: loss = 0.06695
  Ep02 step 7700/13600: loss = 0.08018
  Ep02 step 7800/13600: loss = 0.08529
  Ep02 step 7900/13600: loss = 0.07605
  Ep02 step 8000/13600: loss = 0.07871
  Ep02 step 8100/13600: loss = 0.08283
  Ep02 step 8200/13600: loss = 0.08028
  Ep02 step 8300/13600: loss = 0.08012
  Ep02 step 8400/13600: loss = 0.06755
  Ep02 step 8500/13600: loss = 0.07399
  Ep02 step 8600/13600: loss = 0.06994
  Ep02 step 8700/13600: loss = 0.07776
  Ep02 step 8800/13600: loss = 0.07207
  Ep02 step 8900/13600: loss = 0.08319
  Ep02 step 9000/13600: loss = 0.08536
  Ep02 step 9100/13600: loss = 0.06087
  Ep02 step 9200/13600: loss = 0.08840
  Ep02 step 9300/13600: loss = 0.07982
  Ep02 step 9400/13600: loss = 0.08139
  Ep02 step 9500/13600: loss = 0.08412
  Ep02 step 9600/13600: loss = 0.06997
  Ep02 step 9700/13600: loss = 0.08867
  Ep02 step 9800/13600: loss = 0.07175
  Ep02 step 9900/13600: loss = 0.08395
  Ep02 step 10000/13600: loss = 0.07932
  Ep02 step 10100/13600: loss = 0.06800
  Ep02 step 10200/13600: loss = 0.08562
  Ep02 step 10300/13600: loss = 0.07658
  Ep02 step 10400/13600: loss = 0.08353
  Ep02 step 10500/13600: loss = 0.07885
  Ep02 step 10600/13600: loss = 0.08781
  Ep02 step 10700/13600: loss = 0.07492
  Ep02 step 10800/13600: loss = 0.07670
  Ep02 step 10900/13600: loss = 0.07139
  Ep02 step 11000/13600: loss = 0.08759
  Ep02 step 11100/13600: loss = 0.07908
  Ep02 step 11200/13600: loss = 0.07079
  Ep02 step 11300/13600: loss = 0.09006
  Ep02 step 11400/13600: loss = 0.08062
  Ep02 step 11500/13600: loss = 0.08343
  Ep02 step 11600/13600: loss = 0.08196
  Ep02 step 11700/13600: loss = 0.06640
  Ep02 step 11800/13600: loss = 0.07627
  Ep02 step 11900/13600: loss = 0.07426
  Ep02 step 12000/13600: loss = 0.07543
  Ep02 step 12100/13600: loss = 0.07255
  Ep02 step 12200/13600: loss = 0.07736
  Ep02 step 12300/13600: loss = 0.06979
  Ep02 step 12400/13600: loss = 0.07434
  Ep02 step 12500/13600: loss = 0.07859
  Ep02 step 12600/13600: loss = 0.07173
  Ep02 step 12700/13600: loss = 0.08670
  Ep02 step 12800/13600: loss = 0.09548
  Ep02 step 12900/13600: loss = 0.08668
  Ep02 step 13000/13600: loss = 0.07231
  Ep02 step 13100/13600: loss = 0.07880
  Ep02 step 13200/13600: loss = 0.07650
  Ep02 step 13300/13600: loss = 0.07154
  Ep02 step 13400/13600: loss = 0.07313
  Ep02 step 13500/13600: loss = 0.07797
  Ep02 step 13600/13600: loss = 0.07520

Epoch 02/6 | train=0.07760 val=0.09575 | AUC=['0.997', '0.996', '0.993', '0.995'] PR=['0.978', '0.979', '0.972', '0.980'] | CASCADE-only AUC=['0.996', '0.995', '0.992', '0.994'] PR=['0.950', '0.957', '0.951', '0.966'] | mono_viol=0.00000 | 2172s

  [checkpoint] best.pt updated (epoch 2, val_loss=0.09575)
  Ep03 step  100/13600: loss = 0.07986
  Ep03 step  200/13600: loss = 0.07003
  Ep03 step  300/13600: loss = 0.06942
  Ep03 step  400/13600: loss = 0.07519
  Ep03 step  500/13600: loss = 0.07950
  Ep03 step  600/13600: loss = 0.07628
  Ep03 step  700/13600: loss = 0.07148
  Ep03 step  800/13600: loss = 0.08716
  Ep03 step  900/13600: loss = 0.08394
  Ep03 step 1000/13600: loss = 0.07867
  Ep03 step 1100/13600: loss = 0.06890
  Ep03 step 1200/13600: loss = 0.08195
  Ep03 step 1300/13600: loss = 0.07015
  Ep03 step 1400/13600: loss = 0.08464
  Ep03 step 1500/13600: loss = 0.08619
  Ep03 step 1600/13600: loss = 0.08364
  Ep03 step 1700/13600: loss = 0.07258
  Ep03 step 1800/13600: loss = 0.07392
  Ep03 step 1900/13600: loss = 0.07345
  Ep03 step 2000/13600: loss = 0.08064
  Ep03 step 2100/13600: loss = 0.06798
  Ep03 step 2200/13600: loss = 0.06934
  Ep03 step 2300/13600: loss = 0.07759
  Ep03 step 2400/13600: loss = 0.07964
  Ep03 step 2500/13600: loss = 0.07139
  Ep03 step 2600/13600: loss = 0.06898
  Ep03 step 2700/13600: loss = 0.07945
  Ep03 step 2800/13600: loss = 0.08154
  Ep03 step 2900/13600: loss = 0.07373
  Ep03 step 3000/13600: loss = 0.08081
  Ep03 step 3100/13600: loss = 0.07049
  Ep03 step 3200/13600: loss = 0.08136
  Ep03 step 3300/13600: loss = 0.08869
  Ep03 step 3400/13600: loss = 0.06721
  Ep03 step 3500/13600: loss = 0.07754
  Ep03 step 3600/13600: loss = 0.06926
  Ep03 step 3700/13600: loss = 0.07737
  Ep03 step 3800/13600: loss = 0.07913
  Ep03 step 3900/13600: loss = 0.07188
  Ep03 step 4000/13600: loss = 0.07186
  Ep03 step 4100/13600: loss = 0.08408
  Ep03 step 4200/13600: loss = 0.07841
  Ep03 step 4300/13600: loss = 0.08357
  Ep03 step 4400/13600: loss = 0.07380
  Ep03 step 4500/13600: loss = 0.07770
  Ep03 step 4600/13600: loss = 0.07562
  Ep03 step 4700/13600: loss = 0.07736
  Ep03 step 4800/13600: loss = 0.07977
  Ep03 step 4900/13600: loss = 0.07774
  Ep03 step 5000/13600: loss = 0.06035
  Ep03 step 5100/13600: loss = 0.07797
  Ep03 step 5200/13600: loss = 0.07712
  Ep03 step 5300/13600: loss = 0.07565
  Ep03 step 5400/13600: loss = 0.07745
  Ep03 step 5500/13600: loss = 0.06805
  Ep03 step 5600/13600: loss = 0.06566
  Ep03 step 5700/13600: loss = 0.06791
  Ep03 step 5800/13600: loss = 0.08173
  Ep03 step 5900/13600: loss = 0.08608
  Ep03 step 6000/13600: loss = 0.07165
  Ep03 step 6100/13600: loss = 0.08551
  Ep03 step 6200/13600: loss = 0.08114
  Ep03 step 6300/13600: loss = 0.07712
  Ep03 step 6400/13600: loss = 0.07149
  Ep03 step 6500/13600: loss = 0.06882
  Ep03 step 6600/13600: loss = 0.08061
  Ep03 step 6700/13600: loss = 0.07026
  Ep03 step 6800/13600: loss = 0.07275
  Ep03 step 6900/13600: loss = 0.07381
  Ep03 step 7000/13600: loss = 0.07144
  Ep03 step 7100/13600: loss = 0.06682
  Ep03 step 7200/13600: loss = 0.07323
  Ep03 step 7300/13600: loss = 0.07274
  Ep03 step 7400/13600: loss = 0.07419
  Ep03 step 7500/13600: loss = 0.07252
  Ep03 step 7600/13600: loss = 0.07521
  Ep03 step 7700/13600: loss = 0.06796
  Ep03 step 7800/13600: loss = 0.08074
  Ep03 step 7900/13600: loss = 0.08048
  Ep03 step 8000/13600: loss = 0.08875
  Ep03 step 8100/13600: loss = 0.08987
  Ep03 step 8200/13600: loss = 0.07460
  Ep03 step 8300/13600: loss = 0.07821
  Ep03 step 8400/13600: loss = 0.07842
  Ep03 step 8500/13600: loss = 0.07020
  Ep03 step 8600/13600: loss = 0.06452
  Ep03 step 8700/13600: loss = 0.07817
  Ep03 step 8800/13600: loss = 0.06634
  Ep03 step 8900/13600: loss = 0.07349
  Ep03 step 9000/13600: loss = 0.07151
  Ep03 step 9100/13600: loss = 0.07344
  Ep03 step 9200/13600: loss = 0.06511
  Ep03 step 9300/13600: loss = 0.07236
  Ep03 step 9400/13600: loss = 0.08537
  Ep03 step 9500/13600: loss = 0.08749
  Ep03 step 9600/13600: loss = 0.07249
  Ep03 step 9700/13600: loss = 0.07009
  Ep03 step 9800/13600: loss = 0.07384
  Ep03 step 9900/13600: loss = 0.08221
  Ep03 step 10000/13600: loss = 0.06875
  Ep03 step 10100/13600: loss = 0.07423
  Ep03 step 10200/13600: loss = 0.08387
  Ep03 step 10300/13600: loss = 0.07383
  Ep03 step 10400/13600: loss = 0.07029
  Ep03 step 10500/13600: loss = 0.07396
  Ep03 step 10600/13600: loss = 0.07316
  Ep03 step 10700/13600: loss = 0.09287
  Ep03 step 10800/13600: loss = 0.07442
  Ep03 step 10900/13600: loss = 0.06954
  Ep03 step 11000/13600: loss = 0.07581
  Ep03 step 11100/13600: loss = 0.07939
  Ep03 step 11200/13600: loss = 0.07969
  Ep03 step 11300/13600: loss = 0.08278
  Ep03 step 11400/13600: loss = 0.06467
  Ep03 step 11500/13600: loss = 0.06508
  Ep03 step 11600/13600: loss = 0.07598
  Ep03 step 11700/13600: loss = 0.06671
  Ep03 step 11800/13600: loss = 0.07028
  Ep03 step 11900/13600: loss = 0.08331
  Ep03 step 12000/13600: loss = 0.07445
  Ep03 step 12100/13600: loss = 0.08067
  Ep03 step 12200/13600: loss = 0.07580
  Ep03 step 12300/13600: loss = 0.08157
  Ep03 step 12400/13600: loss = 0.07923
  Ep03 step 12500/13600: loss = 0.07401
  Ep03 step 12600/13600: loss = 0.07624
  Ep03 step 12700/13600: loss = 0.08177
  Ep03 step 12800/13600: loss = 0.07519
  Ep03 step 12900/13600: loss = 0.06764
  Ep03 step 13000/13600: loss = 0.07171
  Ep03 step 13100/13600: loss = 0.07693
  Ep03 step 13200/13600: loss = 0.07747
  Ep03 step 13300/13600: loss = 0.07588
  Ep03 step 13400/13600: loss = 0.07850
  Ep03 step 13500/13600: loss = 0.08726
  Ep03 step 13600/13600: loss = 0.06659

Epoch 03/6 | train=0.07576 val=0.09378 | AUC=['0.997', '0.996', '0.993', '0.995'] PR=['0.979', '0.979', '0.973', '0.980'] | CASCADE-only AUC=['0.996', '0.995', '0.992', '0.993'] PR=['0.953', '0.959', '0.953', '0.967'] | mono_viol=0.00000 | 2894s

  [checkpoint] best.pt updated (epoch 3, val_loss=0.09378)
  Ep04 step  100/13600: loss = 0.07219
  Ep04 step  200/13600: loss = 0.06912
  Ep04 step  300/13600: loss = 0.06378
  Ep04 step  400/13600: loss = 0.07623
  Ep04 step  500/13600: loss = 0.07627
  Ep04 step  600/13600: loss = 0.07800
  Ep04 step  700/13600: loss = 0.08325
  Ep04 step  800/13600: loss = 0.08209
  Ep04 step  900/13600: loss = 0.07691
  Ep04 step 1000/13600: loss = 0.07745
  Ep04 step 1100/13600: loss = 0.06353
  Ep04 step 1200/13600: loss = 0.07365
  Ep04 step 1300/13600: loss = 0.06616
  Ep04 step 1400/13600: loss = 0.08338
  Ep04 step 1500/13600: loss = 0.07018
  Ep04 step 1600/13600: loss = 0.06120
  Ep04 step 1700/13600: loss = 0.08843
  Ep04 step 1800/13600: loss = 0.08046
  Ep04 step 1900/13600: loss = 0.08592
  Ep04 step 2000/13600: loss = 0.07376
  Ep04 step 2100/13600: loss = 0.08370
  Ep04 step 2200/13600: loss = 0.08493
  Ep04 step 2300/13600: loss = 0.06996
  Ep04 step 2400/13600: loss = 0.07225
  Ep04 step 2500/13600: loss = 0.07606
  Ep04 step 2600/13600: loss = 0.07138
  Ep04 step 2700/13600: loss = 0.08722
  Ep04 step 2800/13600: loss = 0.07242
  Ep04 step 2900/13600: loss = 0.07421
  Ep04 step 3000/13600: loss = 0.06486
  Ep04 step 3100/13600: loss = 0.09006
  Ep04 step 3200/13600: loss = 0.08166
  Ep04 step 3300/13600: loss = 0.06950
  Ep04 step 3400/13600: loss = 0.08093
  Ep04 step 3500/13600: loss = 0.07575
  Ep04 step 3600/13600: loss = 0.07305
  Ep04 step 3700/13600: loss = 0.07619
  Ep04 step 3800/13600: loss = 0.08158
  Ep04 step 3900/13600: loss = 0.08091
  Ep04 step 4000/13600: loss = 0.07297
  Ep04 step 4100/13600: loss = 0.07599
  Ep04 step 4200/13600: loss = 0.07125
  Ep04 step 4300/13600: loss = 0.07507
  Ep04 step 4400/13600: loss = 0.07928
  Ep04 step 4500/13600: loss = 0.06754
  Ep04 step 4600/13600: loss = 0.07721
  Ep04 step 4700/13600: loss = 0.06966
  Ep04 step 4800/13600: loss = 0.07862
  Ep04 step 4900/13600: loss = 0.07363
  Ep04 step 5000/13600: loss = 0.06852
  Ep04 step 5100/13600: loss = 0.07436
  Ep04 step 5200/13600: loss = 0.07959
  Ep04 step 5300/13600: loss = 0.07582
  Ep04 step 5400/13600: loss = 0.07882
  Ep04 step 5500/13600: loss = 0.07505
  Ep04 step 5600/13600: loss = 0.08037
  Ep04 step 5700/13600: loss = 0.07651
  Ep04 step 5800/13600: loss = 0.06784
  Ep04 step 5900/13600: loss = 0.07405
  Ep04 step 6000/13600: loss = 0.06084
  Ep04 step 6100/13600: loss = 0.07547
  Ep04 step 6200/13600: loss = 0.05872
  Ep04 step 6300/13600: loss = 0.06349
  Ep04 step 6400/13600: loss = 0.06348
  Ep04 step 6500/13600: loss = 0.07204
  Ep04 step 6600/13600: loss = 0.06636
  Ep04 step 6700/13600: loss = 0.07615
  Ep04 step 6800/13600: loss = 0.08051
  Ep04 step 6900/13600: loss = 0.07662
  Ep04 step 7000/13600: loss = 0.07462
  Ep04 step 7100/13600: loss = 0.06471
  Ep04 step 7200/13600: loss = 0.06691
  Ep04 step 7300/13600: loss = 0.07956
  Ep04 step 7400/13600: loss = 0.07634
  Ep04 step 7500/13600: loss = 0.07143
  Ep04 step 7600/13600: loss = 0.07765
  Ep04 step 7700/13600: loss = 0.07970
  Ep04 step 7800/13600: loss = 0.06995
  Ep04 step 7900/13600: loss = 0.08123
  Ep04 step 8000/13600: loss = 0.08235
  Ep04 step 8100/13600: loss = 0.06328
  Ep04 step 8200/13600: loss = 0.07350
  Ep04 step 8300/13600: loss = 0.07338
  Ep04 step 8400/13600: loss = 0.06183
  Ep04 step 8500/13600: loss = 0.06421
  Ep04 step 8600/13600: loss = 0.06459
  Ep04 step 8700/13600: loss = 0.07074
  Ep04 step 8800/13600: loss = 0.07175
  Ep04 step 8900/13600: loss = 0.07214
  Ep04 step 9000/13600: loss = 0.07365
  Ep04 step 9100/13600: loss = 0.06742
  Ep04 step 9200/13600: loss = 0.06473
  Ep04 step 9300/13600: loss = 0.07743
  Ep04 step 9400/13600: loss = 0.07270
  Ep04 step 9500/13600: loss = 0.07098
  Ep04 step 9600/13600: loss = 0.08239
  Ep04 step 9700/13600: loss = 0.09544
  Ep04 step 9800/13600: loss = 0.08710
  Ep04 step 9900/13600: loss = 0.07313
  Ep04 step 10000/13600: loss = 0.07919
  Ep04 step 10100/13600: loss = 0.07947
  Ep04 step 10200/13600: loss = 0.07250
  Ep04 step 10300/13600: loss = 0.07833
  Ep04 step 10400/13600: loss = 0.08934
  Ep04 step 10500/13600: loss = 0.08195
  Ep04 step 10600/13600: loss = 0.07643
  Ep04 step 10700/13600: loss = 0.09221
  Ep04 step 10800/13600: loss = 0.07994
  Ep04 step 10900/13600: loss = 0.08086
  Ep04 step 11000/13600: loss = 0.07730
  Ep04 step 11100/13600: loss = 0.06977
  Ep04 step 11200/13600: loss = 0.08525
  Ep04 step 11300/13600: loss = 0.07824
  Ep04 step 11400/13600: loss = 0.06513
  Ep04 step 11500/13600: loss = 0.06690
  Ep04 step 11600/13600: loss = 0.06676
  Ep04 step 11700/13600: loss = 0.07398
  Ep04 step 11800/13600: loss = 0.07359
  Ep04 step 11900/13600: loss = 0.06946
  Ep04 step 12000/13600: loss = 0.07512
  Ep04 step 12100/13600: loss = 0.08345
  Ep04 step 12200/13600: loss = 0.07493
  Ep04 step 12300/13600: loss = 0.06740
  Ep04 step 12400/13600: loss = 0.06132
  Ep04 step 12500/13600: loss = 0.07206
  Ep04 step 12600/13600: loss = 0.07267
  Ep04 step 12700/13600: loss = 0.07580
  Ep04 step 12800/13600: loss = 0.05820
  Ep04 step 12900/13600: loss = 0.07879
  Ep04 step 13000/13600: loss = 0.07155
  Ep04 step 13100/13600: loss = 0.07267
  Ep04 step 13200/13600: loss = 0.07219
  Ep04 step 13300/13600: loss = 0.08597
  Ep04 step 13400/13600: loss = 0.08430
  Ep04 step 13500/13600: loss = 0.07066
  Ep04 step 13600/13600: loss = 0.07352

Epoch 04/6 | train=0.07461 val=0.09539 | AUC=['0.997', '0.996', '0.993', '0.994'] PR=['0.979', '0.977', '0.970', '0.980'] | CASCADE-only AUC=['0.996', '0.994', '0.991', '0.993'] PR=['0.953', '0.955', '0.948', '0.966'] | mono_viol=0.00000 | 3615s

  Ep05 step  100/13600: loss = 0.07461
  Ep05 step  200/13600: loss = 0.06118
  Ep05 step  300/13600: loss = 0.06304
  Ep05 step  400/13600: loss = 0.07307
  Ep05 step  500/13600: loss = 0.06200
  Ep05 step  600/13600: loss = 0.08457
  Ep05 step  700/13600: loss = 0.07980
  Ep05 step  800/13600: loss = 0.08461
  Ep05 step  900/13600: loss = 0.07258
  Ep05 step 1000/13600: loss = 0.08087
  Ep05 step 1100/13600: loss = 0.08425
  Ep05 step 1200/13600: loss = 0.07415
  Ep05 step 1300/13600: loss = 0.06857
  Ep05 step 1400/13600: loss = 0.07175
  Ep05 step 1500/13600: loss = 0.08273
  Ep05 step 1600/13600: loss = 0.08418
  Ep05 step 1700/13600: loss = 0.07485
  Ep05 step 1800/13600: loss = 0.07169
  Ep05 step 1900/13600: loss = 0.08801
  Ep05 step 2000/13600: loss = 0.06592
  Ep05 step 2100/13600: loss = 0.07641
  Ep05 step 2200/13600: loss = 0.07055
  Ep05 step 2300/13600: loss = 0.07262
  Ep05 step 2400/13600: loss = 0.06184
  Ep05 step 2500/13600: loss = 0.07985
  Ep05 step 2600/13600: loss = 0.07526
  Ep05 step 2700/13600: loss = 0.07399
  Ep05 step 2800/13600: loss = 0.07957
  Ep05 step 2900/13600: loss = 0.07409
  Ep05 step 3000/13600: loss = 0.07935
  Ep05 step 3100/13600: loss = 0.07566
  Ep05 step 3200/13600: loss = 0.07416
  Ep05 step 3300/13600: loss = 0.08564
  Ep05 step 3400/13600: loss = 0.07034
  Ep05 step 3500/13600: loss = 0.07490
  Ep05 step 3600/13600: loss = 0.07255
  Ep05 step 3700/13600: loss = 0.07966
  Ep05 step 3800/13600: loss = 0.07797
  Ep05 step 3900/13600: loss = 0.07118
  Ep05 step 4000/13600: loss = 0.06235
  Ep05 step 4100/13600: loss = 0.07232
  Ep05 step 4200/13600: loss = 0.08502
  Ep05 step 4300/13600: loss = 0.06308
  Ep05 step 4400/13600: loss = 0.07191
  Ep05 step 4500/13600: loss = 0.07484
  Ep05 step 4600/13600: loss = 0.06774
  Ep05 step 4700/13600: loss = 0.07353
  Ep05 step 4800/13600: loss = 0.07202
  Ep05 step 4900/13600: loss = 0.07545
  Ep05 step 5000/13600: loss = 0.07169
  Ep05 step 5100/13600: loss = 0.07792
  Ep05 step 5200/13600: loss = 0.06811
  Ep05 step 5300/13600: loss = 0.06502
  Ep05 step 5400/13600: loss = 0.07972
  Ep05 step 5500/13600: loss = 0.06799
  Ep05 step 5600/13600: loss = 0.08538
  Ep05 step 5700/13600: loss = 0.07452
  Ep05 step 5800/13600: loss = 0.06987
  Ep05 step 5900/13600: loss = 0.07204
  Ep05 step 6000/13600: loss = 0.07232
  Ep05 step 6100/13600: loss = 0.07146
  Ep05 step 6200/13600: loss = 0.07511
  Ep05 step 6300/13600: loss = 0.07454
  Ep05 step 6400/13600: loss = 0.08190
  Ep05 step 6500/13600: loss = 0.06730
  Ep05 step 6600/13600: loss = 0.07112
  Ep05 step 6700/13600: loss = 0.06551
  Ep05 step 6800/13600: loss = 0.07165
  Ep05 step 6900/13600: loss = 0.08430
  Ep05 step 7000/13600: loss = 0.06810
  Ep05 step 7100/13600: loss = 0.08000
  Ep05 step 7200/13600: loss = 0.06781
  Ep05 step 7300/13600: loss = 0.07902
  Ep05 step 7400/13600: loss = 0.06987
  Ep05 step 7500/13600: loss = 0.07054
  Ep05 step 7600/13600: loss = 0.07064
  Ep05 step 7700/13600: loss = 0.06593
  Ep05 step 7800/13600: loss = 0.07535
  Ep05 step 7900/13600: loss = 0.08240
  Ep05 step 8000/13600: loss = 0.07756
  Ep05 step 8100/13600: loss = 0.07724
  Ep05 step 8200/13600: loss = 0.06603
  Ep05 step 8300/13600: loss = 0.07219
  Ep05 step 8400/13600: loss = 0.06843
  Ep05 step 8500/13600: loss = 0.07406
  Ep05 step 8600/13600: loss = 0.06611
  Ep05 step 8700/13600: loss = 0.07459
  Ep05 step 8800/13600: loss = 0.07094
  Ep05 step 8900/13600: loss = 0.07243
  Ep05 step 9000/13600: loss = 0.07936
  Ep05 step 9100/13600: loss = 0.08470
  Ep05 step 9200/13600: loss = 0.06739
  Ep05 step 9300/13600: loss = 0.06959
  Ep05 step 9400/13600: loss = 0.07358
  Ep05 step 9500/13600: loss = 0.08601
  Ep05 step 9600/13600: loss = 0.07753
  Ep05 step 9700/13600: loss = 0.06983
  Ep05 step 9800/13600: loss = 0.07780
  Ep05 step 9900/13600: loss = 0.06535
  Ep05 step 10000/13600: loss = 0.07593
  Ep05 step 10100/13600: loss = 0.06436
  Ep05 step 10200/13600: loss = 0.06750
  Ep05 step 10300/13600: loss = 0.07488
  Ep05 step 10400/13600: loss = 0.08286
  Ep05 step 10500/13600: loss = 0.06377
  Ep05 step 10600/13600: loss = 0.06948
  Ep05 step 10700/13600: loss = 0.08225
  Ep05 step 10800/13600: loss = 0.08069
  Ep05 step 10900/13600: loss = 0.07332
  Ep05 step 11000/13600: loss = 0.07512
  Ep05 step 11100/13600: loss = 0.07596
  Ep05 step 11200/13600: loss = 0.07066
  Ep05 step 11300/13600: loss = 0.07744
  Ep05 step 11400/13600: loss = 0.08379
  Ep05 step 11500/13600: loss = 0.07900
  Ep05 step 11600/13600: loss = 0.07589
  Ep05 step 11700/13600: loss = 0.07564
  Ep05 step 11800/13600: loss = 0.07892
  Ep05 step 11900/13600: loss = 0.08699
  Ep05 step 12000/13600: loss = 0.05942
  Ep05 step 12100/13600: loss = 0.06164
  Ep05 step 12200/13600: loss = 0.08379
  Ep05 step 12300/13600: loss = 0.07123
  Ep05 step 12400/13600: loss = 0.08021
  Ep05 step 12500/13600: loss = 0.07131
  Ep05 step 12600/13600: loss = 0.07549
  Ep05 step 12700/13600: loss = 0.07918
  Ep05 step 12800/13600: loss = 0.07792
  Ep05 step 12900/13600: loss = 0.08064
  Ep05 step 13000/13600: loss = 0.06911
  Ep05 step 13100/13600: loss = 0.07069
  Ep05 step 13200/13600: loss = 0.08134
  Ep05 step 13300/13600: loss = 0.07208
  Ep05 step 13400/13600: loss = 0.07026
  Ep05 step 13500/13600: loss = 0.07372
  Ep05 step 13600/13600: loss = 0.06399

Epoch 05/6 | train=0.07405 val=0.09241 | AUC=['0.997', '0.996', '0.993', '0.994'] PR=['0.980', '0.980', '0.973', '0.980'] | CASCADE-only AUC=['0.996', '0.995', '0.992', '0.993'] PR=['0.955', '0.960', '0.953', '0.966'] | mono_viol=0.00000 | 4335s

  [checkpoint] best.pt updated (epoch 5, val_loss=0.09241)
[held-out geoclaw_2050] test_loss=0.18544 mono_viol=0.00000 (1000 runs)
  ALL-nodes     AUC=[0.9946525696516036, 0.9902360437512397, 0.9850800545811653, 0.988836114704609]  PR=[0.9809307121104399, 0.9814656031910001, 0.9775884630376491, 0.98967052902536]
  CASCADE-only  AUC=[0.9932203956246376, 0.9887423592209816, 0.9831347709298134, 0.9877873573303223]  PR=[0.9684234918943815, 0.9749741824344308, 0.9709708421863396, 0.9874092798417845]
[held-out syn_ts_914_6_1p2955] test_loss=0.03743 mono_viol=0.00000 (1000 runs)
  ALL-nodes     AUC=[0.9995368230342865, 0.9994939265847206, 0.9991449499726296, 0.9986731487512589]  PR=[0.9893904769352367, 0.9903134398495876, 0.9857336767603238, 0.986159978308761]
  CASCADE-only  AUC=[0.9991855753064156, 0.9992042624354363, 0.9987350062131882, 0.998138484120369]  PR=[0.9692691233531432, 0.9757894850526898, 0.9683645856587227, 0.9730967266573664]
[held-out syn_ts_258_9_3p0022] test_loss=0.17086 mono_viol=0.00000 (1000 runs)
  ALL-nodes     AUC=[0.9963009542822838, 0.98941786724329, 0.9860014178156853, 0.9922071403264999]  PR=[0.9886545291596919, 0.979632470515426, 0.9780699832355393, 0.9920050586671059]
  CASCADE-only  AUC=[0.9950864014029502, 0.9871152321696282, 0.983493466258049, 0.9911687102913856]  PR=[0.9800457943577714, 0.9700992938649026, 0.9695011412299951, 0.9895874175901329]
[held-out syn_ts_605_5_3p7563] test_loss=0.18265 mono_viol=0.00000 (1000 runs)
  ALL-nodes     AUC=[0.9781725852489471, 0.9902825885415077, 0.9920216782093048, 0.9944744374155998]  PR=[0.9735138502433852, 0.9912901142149846, 0.993694788613081, 0.996575695133382]
  CASCADE-only  AUC=[0.9713110689520836, 0.9879671756029129, 0.9903067261576652, 0.99349343085289]  PR=[0.9551574961851397, 0.9867903013048991, 0.9907320875630851, 0.995198723896661]
[held-out syn_ts_808_27_3p7885] test_loss=0.15778 mono_viol=0.00000 (1000 runs)
  ALL-nodes     AUC=[0.9841083117723465, 0.9954131264686584, 0.9947637607455253, 0.9963166500329972]  PR=[0.9765368986721844, 0.9939608972378193, 0.9945619469985615, 0.9971117861733417]
  CASCADE-only  AUC=[0.9800305645465851, 0.9944421187639236, 0.9938382657170296, 0.9957785792946815]  PR=[0.9640228999006418, 0.9911992659205522, 0.9924898883485888, 0.9961694693049511]
