[gate] CUDA OK: NVIDIA L40S
task=1 name=old17_plain_static_timing_s1 hold=old5 set=jesse22 ckpt=/scratch/tj2587/results/gnn_morestorms_v1/old17_plain_static_timing_s1/best.pt labels=/scratch/tj2587/results/legacy_v1_n1000 labels2=/scratch/tj2587/results/legacy_v1_n1000 timing=1 context=unset smoke=0 out=/scratch/tj2587/results/gnn_morestorms_numbers_v1_old5 commit=967d122 uncommitted_files=0
design subsets from the checkpoint: train_subset=None val_subset=None
Loaded /scratch/tj2587/results/gnn_morestorms_v1/old17_plain_static_timing_s1/best.pt: epoch=5 saved val_loss=0.09839487181613496 head=hazard params=697,112 horizons=[6, 24, 48, 96]
Train: 13600 runs (baselines) | Val: 3400 runs | held-out ['geoclaw_2050', 'syn_ts_914_6_1p2955', 'syn_ts_258_9_3p0022', 'syn_ts_605_5_3p7563', 'syn_ts_808_27_3p7885'] (5000 runs)
  baselines: 2000/13600 training runs
  baselines: 4000/13600 training runs
  baselines: 6000/13600 training runs
  baselines: 8000/13600 training runs
  baselines: 10000/13600 training runs
  baselines: 12000/13600 training runs
[R3] baselines from 13600 training runs of 17 storms; base rate per horizon [0.035, 0.0869, 0.1053, 0.1729] -> PASS
[timing-features] loaded 71 scenarios from data/flood/timing/node_timing_jesse22_plus_gissr48_v1.csv (features ('arrival_h', 'duration_h', 'time_to_peak_h'), scaled by 96 h)
[G1] model vs train.eval_step on 3 runs: max |diff| loss 7.14e-09, cascade PR 0.00e+00 -> PASS
  val: 500/3400 runs  (141s)
  val: 1000/3400 runs  (161s)
  val: 1500/3400 runs  (181s)
  val: 2000/3400 runs  (202s)
  val: 2500/3400 runs  (222s)
  val: 3000/3400 runs  (242s)
[val] model: loss 0.09839 | non-seed BCE 0.07275 | count WAPE ['0.095', '0.247', '0.258', '0.413'] bias ['-0.025', '-0.017', '+0.008', '+0.028'] | AP ['0.959', '0.942', '0.922', '0.936'] | window given failure: exact 0.862, within one 0.980; caught by 0.661 | ECE ['0.0013', '0.0027', '0.0046', '0.0060']
[val] no_cascade    : non-seed BCE 0.30844 | count WAPE ['0.644', '0.699', '0.700', '0.777'] | AP ['0.035', '0.086', '0.104', '0.170'] | window given failure: exact 0.389
[val] site_frequency: non-seed BCE 0.14924 | count WAPE ['0.662', '0.710', '0.710', '0.784'] | AP ['0.813', '0.860', '0.851', '0.888'] | window given failure: exact 0.802
[val] nearest_storm : non-seed BCE 0.07092 | count WAPE ['0.138', '0.169', '0.171', '0.191'] | AP ['0.908', '0.931', '0.916', '0.940'] | window given failure: exact 0.849
  geoclaw_2050: 500/1000 runs  (281s)
  geoclaw_2050: 1000/1000 runs  (305s)
[geoclaw_2050] model: loss 0.13518 | non-seed BCE 0.09888 | count WAPE ['0.035', '0.148', '0.183', '0.183'] bias ['-0.015', '-0.148', '-0.183', '-0.182'] | AP ['0.950', '0.977', '0.956', '0.979'] | window given failure: exact 0.818, within one 0.978; caught by 0.688 | ECE ['0.0014', '0.0246', '0.0383', '0.0580']
[geoclaw_2050] no_cascade    : non-seed BCE 0.49258 | count WAPE ['0.454', '0.467', '0.497', '0.457'] | AP ['0.064', '0.163', '0.209', '0.318'] | window given failure: exact 0.343
[geoclaw_2050] site_frequency: non-seed BCE 0.19680 | count WAPE ['0.472', '0.474', '0.502', '0.460'] | AP ['0.778', '0.941', '0.923', '0.970'] | window given failure: exact 0.750
[geoclaw_2050] nearest_storm : non-seed BCE 0.16625 | count WAPE ['0.161', '0.146', '0.204', '0.089'] | AP ['0.759', '0.944', '0.925', '0.976'] | window given failure: exact 0.740
[geoclaw_2050] nearest training storm used by the lookup: {'syn_ts_514_13_2p7829': 403, 'syn_ts_880_9_2p6632': 597}
  syn_ts_914_6_1p2955: 500/1000 runs  (322s)
  syn_ts_914_6_1p2955: 1000/1000 runs  (340s)
[syn_ts_914_6_1p2955] model: loss 0.07331 | non-seed BCE 0.04975 | count WAPE ['0.140', '0.627', '0.753', '2.013'] bias ['-0.121', '+0.624', '+0.750', '+2.006'] | AP ['0.973', '0.921', '0.915', '0.911'] | window given failure: exact 0.881, within one 0.981; caught by 0.905 | ECE ['0.0037', '0.0214', '0.0279', '0.0726']
[syn_ts_914_6_1p2955] no_cascade    : non-seed BCE 0.16778 | count WAPE ['1.166', '2.192', '2.255', '3.787'] | AP ['0.016', '0.027', '0.032', '0.036'] | window given failure: exact 0.105
[syn_ts_914_6_1p2955] site_frequency: non-seed BCE 0.11947 | count WAPE ['1.204', '2.230', '2.288', '3.820'] | AP ['0.786', '0.761', '0.784', '0.806'] | window given failure: exact 0.793
[syn_ts_914_6_1p2955] nearest_storm : non-seed BCE 0.01887 | count WAPE ['0.121', '0.229', '0.184', '0.194'] | AP ['0.950', '0.936', '0.929', '0.935'] | window given failure: exact 0.856
[syn_ts_914_6_1p2955] nearest training storm used by the lookup: {'syn_ts_708_13_1p1567': 905, 'syn_ts_570_2_1p5351': 64, 'syn_ts_321_19_1p7614': 31}
  syn_ts_258_9_3p0022: 500/1000 runs  (364s)
  syn_ts_258_9_3p0022: 1000/1000 runs  (387s)
[syn_ts_258_9_3p0022] model: loss 0.12149 | non-seed BCE 0.09676 | count WAPE ['0.036', '0.180', '0.168', '0.191'] bias ['-0.014', '-0.178', '-0.166', '-0.186'] | AP ['0.965', '0.974', '0.950', '0.977'] | window given failure: exact 0.851, within one 0.980; caught by 0.672 | ECE ['0.0028', '0.0300', '0.0348', '0.0578']
[syn_ts_258_9_3p0022] no_cascade    : non-seed BCE 0.48432 | count WAPE ['0.468', '0.466', '0.468', '0.444'] | AP ['0.066', '0.163', '0.198', '0.310'] | window given failure: exact 0.363
[syn_ts_258_9_3p0022] site_frequency: non-seed BCE 0.18283 | count WAPE ['0.479', '0.477', '0.478', '0.451'] | AP ['0.845', '0.948', '0.935', '0.970'] | window given failure: exact 0.792
[syn_ts_258_9_3p0022] nearest_storm : non-seed BCE 0.07330 | count WAPE ['0.089', '0.064', '0.087', '0.041'] | AP ['0.935', '0.981', '0.966', '0.988'] | window given failure: exact 0.838
[syn_ts_258_9_3p0022] nearest training storm used by the lookup: {'syn_ts_999_12_3p44': 937, 'syn_ts_514_13_2p7829': 63}
  syn_ts_605_5_3p7563: 500/1000 runs  (413s)
  syn_ts_605_5_3p7563: 1000/1000 runs  (438s)
[syn_ts_605_5_3p7563] model: loss 0.19885 | non-seed BCE 0.14957 | count WAPE ['0.155', '0.103', '0.156', '0.121'] bias ['-0.082', '-0.103', '-0.156', '-0.121'] | AP ['0.923', '0.970', '0.961', '0.982'] | window given failure: exact 0.728, within one 0.948; caught by 0.775 | ECE ['0.0134', '0.0256', '0.0443', '0.0452']
[syn_ts_605_5_3p7563] no_cascade    : non-seed BCE 0.62159 | count WAPE ['0.739', '0.588', '0.610', '0.499'] | AP ['0.134', '0.211', '0.270', '0.345'] | window given failure: exact 0.218
[syn_ts_605_5_3p7563] site_frequency: non-seed BCE 0.40135 | count WAPE ['0.766', '0.626', '0.642', '0.527'] | AP ['0.779', '0.914', '0.935', '0.972'] | window given failure: exact 0.501
[syn_ts_605_5_3p7563] nearest_storm : non-seed BCE 0.24116 | count WAPE ['0.477', '0.215', '0.226', '0.097'] | AP ['0.881', '0.957', '0.973', '0.990'] | window given failure: exact 0.631
[syn_ts_605_5_3p7563] nearest training storm used by the lookup: {'syn_ts_914_26_3p4047': 1000}
  syn_ts_808_27_3p7885: 500/1000 runs  (463s)
  syn_ts_808_27_3p7885: 1000/1000 runs  (488s)
[syn_ts_808_27_3p7885] model: loss 0.11283 | non-seed BCE 0.08528 | count WAPE ['0.080', '0.056', '0.090', '0.111'] bias ['-0.046', '-0.053', '-0.085', '-0.109'] | AP ['0.954', '0.986', '0.972', '0.987'] | window given failure: exact 0.820, within one 0.978; caught by 0.790 | ECE ['0.0050', '0.0112', '0.0217', '0.0361']
[syn_ts_808_27_3p7885] no_cascade    : non-seed BCE 0.54044 | count WAPE ['0.593', '0.526', '0.548', '0.479'] | AP ['0.086', '0.183', '0.233', '0.332'] | window given failure: exact 0.298
[syn_ts_808_27_3p7885] site_frequency: non-seed BCE 0.24279 | count WAPE ['0.613', '0.547', '0.565', '0.492'] | AP ['0.830', '0.947', '0.941', '0.971'] | window given failure: exact 0.711
[syn_ts_808_27_3p7885] nearest_storm : non-seed BCE 0.07064 | count WAPE ['0.132', '0.051', '0.071', '0.035'] | AP ['0.946', '0.989', '0.980', '0.994'] | window given failure: exact 0.827
[syn_ts_808_27_3p7885] nearest training storm used by the lookup: {'syn_ts_914_26_3p4047': 1000}
[speed] model forward on cuda: median 10.98 ms per run (n=50)
[G2] saved val_loss 0.098395 got 0.098395 |diff| 1.87e-09 -> PASS
wrote /scratch/tj2587/results/gnn_morestorms_numbers_v1_old5/old17_plain_static_timing_s1.json  (489s)
ALL GATES AND RULES: PASS
