task=0 arm=old17 variant=plain cell=static_mask torch_seed=1 set=jesse22 head=hazard labels=/scratch/tj2587/results/legacy_v1_n1000 labels2=/scratch/tj2587/results/legacy_v1_n1000 timing=unset context=unset ckpt=/scratch/tj2587/results/gnn_morestorms_v1/old17_plain_static_mask_s1 smoke=0 commit=967d122 uncommitted_files=0
[gate] CUDA OK: NVIDIA L40S
[gate] heterodata data/graph/nyc_infra_heterodata_v1_frozen_failover_edges.pt: total=6231 -> OK
[gate] set jesse22: 22 storms, 17 for training, 5 held out; in both folders []; missing [] -> OK
[gate] variant plain: storm context off, timing inputs off -> OK
[gate] head switch present: ('independent', 'hazard')
=== TRAIN MODE — full training ===
torch seed set: 1
Train: 13600  Val: 3400  (17 scenarios) | Test held-out: ['geoclaw_2050', 'syn_ts_914_6_1p2955', 'syn_ts_258_9_3p0022', 'syn_ts_605_5_3p7563', 'syn_ts_808_27_3p7885'] (5000 runs)
Model parameters: 695,960  head=hazard
Device: cuda
  Ep00 step  100/13600: loss = 0.38883
  Ep00 step  200/13600: loss = 0.22700
  Ep00 step  300/13600: loss = 0.16426
  Ep00 step  400/13600: loss = 0.14710
  Ep00 step  500/13600: loss = 0.13092
  Ep00 step  600/13600: loss = 0.12557
  Ep00 step  700/13600: loss = 0.12032
  Ep00 step  800/13600: loss = 0.12541
  Ep00 step  900/13600: loss = 0.12536
  Ep00 step 1000/13600: loss = 0.11725
  Ep00 step 1100/13600: loss = 0.11859
  Ep00 step 1200/13600: loss = 0.11026
  Ep00 step 1300/13600: loss = 0.11341
  Ep00 step 1400/13600: loss = 0.11054
  Ep00 step 1500/13600: loss = 0.11232
  Ep00 step 1600/13600: loss = 0.10836
  Ep00 step 1700/13600: loss = 0.11191
  Ep00 step 1800/13600: loss = 0.10872
  Ep00 step 1900/13600: loss = 0.10577
  Ep00 step 2000/13600: loss = 0.10853
  Ep00 step 2100/13600: loss = 0.11113
  Ep00 step 2200/13600: loss = 0.10755
  Ep00 step 2300/13600: loss = 0.10773
  Ep00 step 2400/13600: loss = 0.11305
  Ep00 step 2500/13600: loss = 0.11098
  Ep00 step 2600/13600: loss = 0.10401
  Ep00 step 2700/13600: loss = 0.10109
  Ep00 step 2800/13600: loss = 0.10347
  Ep00 step 2900/13600: loss = 0.10421
  Ep00 step 3000/13600: loss = 0.10180
  Ep00 step 3100/13600: loss = 0.10471
  Ep00 step 3200/13600: loss = 0.10304
  Ep00 step 3300/13600: loss = 0.10044
  Ep00 step 3400/13600: loss = 0.10326
  Ep00 step 3500/13600: loss = 0.10256
  Ep00 step 3600/13600: loss = 0.09969
  Ep00 step 3700/13600: loss = 0.09856
  Ep00 step 3800/13600: loss = 0.09993
  Ep00 step 3900/13600: loss = 0.09561
  Ep00 step 4000/13600: loss = 0.09894
  Ep00 step 4100/13600: loss = 0.10060
  Ep00 step 4200/13600: loss = 0.09883
  Ep00 step 4300/13600: loss = 0.09638
  Ep00 step 4400/13600: loss = 0.09802
  Ep00 step 4500/13600: loss = 0.09827
  Ep00 step 4600/13600: loss = 0.09639
  Ep00 step 4700/13600: loss = 0.10040
  Ep00 step 4800/13600: loss = 0.09507
  Ep00 step 4900/13600: loss = 0.08937
  Ep00 step 5000/13600: loss = 0.09708
  Ep00 step 5100/13600: loss = 0.09425
  Ep00 step 5200/13600: loss = 0.09797
  Ep00 step 5300/13600: loss = 0.09224
  Ep00 step 5400/13600: loss = 0.09740
  Ep00 step 5500/13600: loss = 0.09556
  Ep00 step 5600/13600: loss = 0.09523
  Ep00 step 5700/13600: loss = 0.09423
  Ep00 step 5800/13600: loss = 0.09282
  Ep00 step 5900/13600: loss = 0.08949
  Ep00 step 6000/13600: loss = 0.08759
  Ep00 step 6100/13600: loss = 0.09358
  Ep00 step 6200/13600: loss = 0.09016
  Ep00 step 6300/13600: loss = 0.09209
  Ep00 step 6400/13600: loss = 0.09080
  Ep00 step 6500/13600: loss = 0.09042
  Ep00 step 6600/13600: loss = 0.09512
  Ep00 step 6700/13600: loss = 0.09458
  Ep00 step 6800/13600: loss = 0.09832
  Ep00 step 6900/13600: loss = 0.08619
  Ep00 step 7000/13600: loss = 0.09155
  Ep00 step 7100/13600: loss = 0.09231
  Ep00 step 7200/13600: loss = 0.08911
  Ep00 step 7300/13600: loss = 0.09282
  Ep00 step 7400/13600: loss = 0.08975
  Ep00 step 7500/13600: loss = 0.09023
  Ep00 step 7600/13600: loss = 0.09251
  Ep00 step 7700/13600: loss = 0.09338
  Ep00 step 7800/13600: loss = 0.08675
  Ep00 step 7900/13600: loss = 0.08936
  Ep00 step 8000/13600: loss = 0.09210
  Ep00 step 8100/13600: loss = 0.09288
  Ep00 step 8200/13600: loss = 0.09144
  Ep00 step 8300/13600: loss = 0.09189
  Ep00 step 8400/13600: loss = 0.09152
  Ep00 step 8500/13600: loss = 0.09193
  Ep00 step 8600/13600: loss = 0.09249
  Ep00 step 8700/13600: loss = 0.08962
  Ep00 step 8800/13600: loss = 0.09115
  Ep00 step 8900/13600: loss = 0.08756
  Ep00 step 9000/13600: loss = 0.09018
  Ep00 step 9100/13600: loss = 0.09231
  Ep00 step 9200/13600: loss = 0.09066
  Ep00 step 9300/13600: loss = 0.08761
  Ep00 step 9400/13600: loss = 0.08938
  Ep00 step 9500/13600: loss = 0.09094
  Ep00 step 9600/13600: loss = 0.08875
  Ep00 step 9700/13600: loss = 0.09068
  Ep00 step 9800/13600: loss = 0.08987
  Ep00 step 9900/13600: loss = 0.09060
  Ep00 step 10000/13600: loss = 0.08972
  Ep00 step 10100/13600: loss = 0.09018
  Ep00 step 10200/13600: loss = 0.09022
  Ep00 step 10300/13600: loss = 0.08869
  Ep00 step 10400/13600: loss = 0.08855
  Ep00 step 10500/13600: loss = 0.08641
  Ep00 step 10600/13600: loss = 0.08611
  Ep00 step 10700/13600: loss = 0.08767
  Ep00 step 10800/13600: loss = 0.08829
  Ep00 step 10900/13600: loss = 0.08830
  Ep00 step 11000/13600: loss = 0.08996
  Ep00 step 11100/13600: loss = 0.08660
  Ep00 step 11200/13600: loss = 0.08764
  Ep00 step 11300/13600: loss = 0.08854
  Ep00 step 11400/13600: loss = 0.09034
  Ep00 step 11500/13600: loss = 0.08955
  Ep00 step 11600/13600: loss = 0.08837
  Ep00 step 11700/13600: loss = 0.08987
  Ep00 step 11800/13600: loss = 0.08713
  Ep00 step 11900/13600: loss = 0.08856
  Ep00 step 12000/13600: loss = 0.08460
  Ep00 step 12100/13600: loss = 0.08737
  Ep00 step 12200/13600: loss = 0.09092
  Ep00 step 12300/13600: loss = 0.08563
  Ep00 step 12400/13600: loss = 0.08823
  Ep00 step 12500/13600: loss = 0.08535
  Ep00 step 12600/13600: loss = 0.08951
  Ep00 step 12700/13600: loss = 0.08514
  Ep00 step 12800/13600: loss = 0.08781
  Ep00 step 12900/13600: loss = 0.08991
  Ep00 step 13000/13600: loss = 0.08614
  Ep00 step 13100/13600: loss = 0.08567
  Ep00 step 13200/13600: loss = 0.08848
  Ep00 step 13300/13600: loss = 0.08972
  Ep00 step 13400/13600: loss = 0.08333
  Ep00 step 13500/13600: loss = 0.08538
  Ep00 step 13600/13600: loss = 0.08762

Epoch 00/6 | train=0.09973 val=0.11210 | AUC=['0.999', '0.995', '0.990', '0.988'] PR=['0.986', '0.962', '0.943', '0.948'] | CASCADE-only AUC=['0.998', '0.992', '0.986', '0.984'] PR=['0.944', '0.911', '0.887', '0.906'] | mono_viol=0.00000 | 671s

  [checkpoint] best.pt updated (epoch 0, val_loss=0.11210)
  Ep01 step  100/13600: loss = 0.08633
  Ep01 step  200/13600: loss = 0.08895
  Ep01 step  300/13600: loss = 0.08942
  Ep01 step  400/13600: loss = 0.08754
  Ep01 step  500/13600: loss = 0.08122
  Ep01 step  600/13600: loss = 0.08770
  Ep01 step  700/13600: loss = 0.08482
  Ep01 step  800/13600: loss = 0.08820
  Ep01 step  900/13600: loss = 0.08726
  Ep01 step 1000/13600: loss = 0.08197
  Ep01 step 1100/13600: loss = 0.08731
  Ep01 step 1200/13600: loss = 0.08713
  Ep01 step 1300/13600: loss = 0.08716
  Ep01 step 1400/13600: loss = 0.08809
  Ep01 step 1500/13600: loss = 0.08560
  Ep01 step 1600/13600: loss = 0.08650
  Ep01 step 1700/13600: loss = 0.08624
  Ep01 step 1800/13600: loss = 0.08876
  Ep01 step 1900/13600: loss = 0.08730
  Ep01 step 2000/13600: loss = 0.08648
  Ep01 step 2100/13600: loss = 0.08732
  Ep01 step 2200/13600: loss = 0.08804
  Ep01 step 2300/13600: loss = 0.08526
  Ep01 step 2400/13600: loss = 0.08716
  Ep01 step 2500/13600: loss = 0.08639
  Ep01 step 2600/13600: loss = 0.08599
  Ep01 step 2700/13600: loss = 0.08449
  Ep01 step 2800/13600: loss = 0.08660
  Ep01 step 2900/13600: loss = 0.08295
  Ep01 step 3000/13600: loss = 0.08465
  Ep01 step 3100/13600: loss = 0.08388
  Ep01 step 3200/13600: loss = 0.08571
  Ep01 step 3300/13600: loss = 0.08577
  Ep01 step 3400/13600: loss = 0.08620
  Ep01 step 3500/13600: loss = 0.08685
  Ep01 step 3600/13600: loss = 0.08870
  Ep01 step 3700/13600: loss = 0.08483
  Ep01 step 3800/13600: loss = 0.08871
  Ep01 step 3900/13600: loss = 0.08728
  Ep01 step 4000/13600: loss = 0.08558
  Ep01 step 4100/13600: loss = 0.08585
  Ep01 step 4200/13600: loss = 0.08635
  Ep01 step 4300/13600: loss = 0.08230
  Ep01 step 4400/13600: loss = 0.08841
  Ep01 step 4500/13600: loss = 0.08757
  Ep01 step 4600/13600: loss = 0.08650
  Ep01 step 4700/13600: loss = 0.08503
  Ep01 step 4800/13600: loss = 0.08590
  Ep01 step 4900/13600: loss = 0.08705
  Ep01 step 5000/13600: loss = 0.08259
  Ep01 step 5100/13600: loss = 0.08658
  Ep01 step 5200/13600: loss = 0.08396
  Ep01 step 5300/13600: loss = 0.08471
  Ep01 step 5400/13600: loss = 0.08307
  Ep01 step 5500/13600: loss = 0.08363
  Ep01 step 5600/13600: loss = 0.08470
  Ep01 step 5700/13600: loss = 0.08432
  Ep01 step 5800/13600: loss = 0.08385
  Ep01 step 5900/13600: loss = 0.08416
  Ep01 step 6000/13600: loss = 0.08721
  Ep01 step 6100/13600: loss = 0.08397
  Ep01 step 6200/13600: loss = 0.08485
  Ep01 step 6300/13600: loss = 0.08653
  Ep01 step 6400/13600: loss = 0.08469
  Ep01 step 6500/13600: loss = 0.08748
  Ep01 step 6600/13600: loss = 0.08621
  Ep01 step 6700/13600: loss = 0.08506
  Ep01 step 6800/13600: loss = 0.08208
  Ep01 step 6900/13600: loss = 0.08739
  Ep01 step 7000/13600: loss = 0.08672
  Ep01 step 7100/13600: loss = 0.08386
  Ep01 step 7200/13600: loss = 0.08508
  Ep01 step 7300/13600: loss = 0.08302
  Ep01 step 7400/13600: loss = 0.08358
  Ep01 step 7500/13600: loss = 0.08585
  Ep01 step 7600/13600: loss = 0.08413
  Ep01 step 7700/13600: loss = 0.08571
  Ep01 step 7800/13600: loss = 0.08778
  Ep01 step 7900/13600: loss = 0.08467
  Ep01 step 8000/13600: loss = 0.08643
  Ep01 step 8100/13600: loss = 0.08394
  Ep01 step 8200/13600: loss = 0.08369
  Ep01 step 8300/13600: loss = 0.08507
  Ep01 step 8400/13600: loss = 0.08285
  Ep01 step 8500/13600: loss = 0.08173
  Ep01 step 8600/13600: loss = 0.08500
  Ep01 step 8700/13600: loss = 0.08502
  Ep01 step 8800/13600: loss = 0.08648
  Ep01 step 8900/13600: loss = 0.08458
  Ep01 step 9000/13600: loss = 0.08532
  Ep01 step 9100/13600: loss = 0.08372
  Ep01 step 9200/13600: loss = 0.08591
  Ep01 step 9300/13600: loss = 0.08424
  Ep01 step 9400/13600: loss = 0.08467
  Ep01 step 9500/13600: loss = 0.08594
  Ep01 step 9600/13600: loss = 0.08233
  Ep01 step 9700/13600: loss = 0.08192
  Ep01 step 9800/13600: loss = 0.08193
  Ep01 step 9900/13600: loss = 0.08588
  Ep01 step 10000/13600: loss = 0.08476
  Ep01 step 10100/13600: loss = 0.08570
  Ep01 step 10200/13600: loss = 0.08263
  Ep01 step 10300/13600: loss = 0.08410
  Ep01 step 10400/13600: loss = 0.08405
  Ep01 step 10500/13600: loss = 0.08467
  Ep01 step 10600/13600: loss = 0.08195
  Ep01 step 10700/13600: loss = 0.08262
  Ep01 step 10800/13600: loss = 0.08404
  Ep01 step 10900/13600: loss = 0.08154
  Ep01 step 11000/13600: loss = 0.08471
  Ep01 step 11100/13600: loss = 0.08420
  Ep01 step 11200/13600: loss = 0.08721
  Ep01 step 11300/13600: loss = 0.08472
  Ep01 step 11400/13600: loss = 0.08219
  Ep01 step 11500/13600: loss = 0.08040
  Ep01 step 11600/13600: loss = 0.08246
  Ep01 step 11700/13600: loss = 0.08785
  Ep01 step 11800/13600: loss = 0.08183
  Ep01 step 11900/13600: loss = 0.08284
  Ep01 step 12000/13600: loss = 0.08271
  Ep01 step 12100/13600: loss = 0.08634
  Ep01 step 12200/13600: loss = 0.08690
  Ep01 step 12300/13600: loss = 0.08594
  Ep01 step 12400/13600: loss = 0.08681
  Ep01 step 12500/13600: loss = 0.08721
  Ep01 step 12600/13600: loss = 0.07957
  Ep01 step 12700/13600: loss = 0.08658
  Ep01 step 12800/13600: loss = 0.08597
  Ep01 step 12900/13600: loss = 0.08257
  Ep01 step 13000/13600: loss = 0.08361
  Ep01 step 13100/13600: loss = 0.08584
  Ep01 step 13200/13600: loss = 0.08390
  Ep01 step 13300/13600: loss = 0.08572
  Ep01 step 13400/13600: loss = 0.08759
  Ep01 step 13500/13600: loss = 0.08300
  Ep01 step 13600/13600: loss = 0.08468

Epoch 01/6 | train=0.08518 val=0.11039 | AUC=['0.999', '0.995', '0.991', '0.988'] PR=['0.986', '0.958', '0.943', '0.945'] | CASCADE-only AUC=['0.998', '0.992', '0.987', '0.983'] PR=['0.947', '0.907', '0.890', '0.906'] | mono_viol=0.00000 | 1341s

  [checkpoint] best.pt updated (epoch 1, val_loss=0.11039)
  Ep02 step  100/13600: loss = 0.08294
  Ep02 step  200/13600: loss = 0.08423
  Ep02 step  300/13600: loss = 0.08436
  Ep02 step  400/13600: loss = 0.08223
  Ep02 step  500/13600: loss = 0.08081
  Ep02 step  600/13600: loss = 0.08327
  Ep02 step  700/13600: loss = 0.08324
  Ep02 step  800/13600: loss = 0.08448
  Ep02 step  900/13600: loss = 0.08540
  Ep02 step 1000/13600: loss = 0.08380
  Ep02 step 1100/13600: loss = 0.08571
  Ep02 step 1200/13600: loss = 0.08301
  Ep02 step 1300/13600: loss = 0.08419
  Ep02 step 1400/13600: loss = 0.08260
  Ep02 step 1500/13600: loss = 0.08625
  Ep02 step 1600/13600: loss = 0.08417
  Ep02 step 1700/13600: loss = 0.08198
  Ep02 step 1800/13600: loss = 0.08686
  Ep02 step 1900/13600: loss = 0.08327
  Ep02 step 2000/13600: loss = 0.08722
  Ep02 step 2100/13600: loss = 0.08244
  Ep02 step 2200/13600: loss = 0.08387
  Ep02 step 2300/13600: loss = 0.08299
  Ep02 step 2400/13600: loss = 0.08237
  Ep02 step 2500/13600: loss = 0.08278
  Ep02 step 2600/13600: loss = 0.08402
  Ep02 step 2700/13600: loss = 0.08140
  Ep02 step 2800/13600: loss = 0.08568
  Ep02 step 2900/13600: loss = 0.07984
  Ep02 step 3000/13600: loss = 0.08247
  Ep02 step 3100/13600: loss = 0.08286
  Ep02 step 3200/13600: loss = 0.08088
  Ep02 step 3300/13600: loss = 0.08834
  Ep02 step 3400/13600: loss = 0.08331
  Ep02 step 3500/13600: loss = 0.08343
  Ep02 step 3600/13600: loss = 0.08095
  Ep02 step 3700/13600: loss = 0.08658
  Ep02 step 3800/13600: loss = 0.08201
  Ep02 step 3900/13600: loss = 0.08422
  Ep02 step 4000/13600: loss = 0.08346
  Ep02 step 4100/13600: loss = 0.08272
  Ep02 step 4200/13600: loss = 0.08446
  Ep02 step 4300/13600: loss = 0.08344
  Ep02 step 4400/13600: loss = 0.07817
  Ep02 step 4500/13600: loss = 0.08397
  Ep02 step 4600/13600: loss = 0.08512
  Ep02 step 4700/13600: loss = 0.08286
  Ep02 step 4800/13600: loss = 0.08586
  Ep02 step 4900/13600: loss = 0.08272
  Ep02 step 5000/13600: loss = 0.08541
  Ep02 step 5100/13600: loss = 0.08792
  Ep02 step 5200/13600: loss = 0.08332
  Ep02 step 5300/13600: loss = 0.08493
  Ep02 step 5400/13600: loss = 0.08202
  Ep02 step 5500/13600: loss = 0.08435
  Ep02 step 5600/13600: loss = 0.08611
  Ep02 step 5700/13600: loss = 0.08213
  Ep02 step 5800/13600: loss = 0.08356
  Ep02 step 5900/13600: loss = 0.08365
  Ep02 step 6000/13600: loss = 0.08726
  Ep02 step 6100/13600: loss = 0.08332
  Ep02 step 6200/13600: loss = 0.08310
  Ep02 step 6300/13600: loss = 0.08205
  Ep02 step 6400/13600: loss = 0.08285
  Ep02 step 6500/13600: loss = 0.08339
  Ep02 step 6600/13600: loss = 0.08475
  Ep02 step 6700/13600: loss = 0.07988
  Ep02 step 6800/13600: loss = 0.08139
  Ep02 step 6900/13600: loss = 0.08223
  Ep02 step 7000/13600: loss = 0.08252
  Ep02 step 7100/13600: loss = 0.08528
  Ep02 step 7200/13600: loss = 0.08264
  Ep02 step 7300/13600: loss = 0.08440
  Ep02 step 7400/13600: loss = 0.08209
  Ep02 step 7500/13600: loss = 0.08164
  Ep02 step 7600/13600: loss = 0.08035
  Ep02 step 7700/13600: loss = 0.08595
  Ep02 step 7800/13600: loss = 0.08343
  Ep02 step 7900/13600: loss = 0.08624
  Ep02 step 8000/13600: loss = 0.08188
  Ep02 step 8100/13600: loss = 0.08514
  Ep02 step 8200/13600: loss = 0.08441
  Ep02 step 8300/13600: loss = 0.08329
  Ep02 step 8400/13600: loss = 0.07986
  Ep02 step 8500/13600: loss = 0.08390
  Ep02 step 8600/13600: loss = 0.08041
  Ep02 step 8700/13600: loss = 0.08227
  Ep02 step 8800/13600: loss = 0.08217
  Ep02 step 8900/13600: loss = 0.08496
  Ep02 step 9000/13600: loss = 0.08543
  Ep02 step 9100/13600: loss = 0.07696
  Ep02 step 9200/13600: loss = 0.08731
  Ep02 step 9300/13600: loss = 0.08544
  Ep02 step 9400/13600: loss = 0.08276
  Ep02 step 9500/13600: loss = 0.08446
  Ep02 step 9600/13600: loss = 0.08187
  Ep02 step 9700/13600: loss = 0.08386
  Ep02 step 9800/13600: loss = 0.08299
  Ep02 step 9900/13600: loss = 0.08554
  Ep02 step 10000/13600: loss = 0.08700
  Ep02 step 10100/13600: loss = 0.08247
  Ep02 step 10200/13600: loss = 0.08578
  Ep02 step 10300/13600: loss = 0.08124
  Ep02 step 10400/13600: loss = 0.08428
  Ep02 step 10500/13600: loss = 0.08277
  Ep02 step 10600/13600: loss = 0.08750
  Ep02 step 10700/13600: loss = 0.08153
  Ep02 step 10800/13600: loss = 0.08398
  Ep02 step 10900/13600: loss = 0.08091
  Ep02 step 11000/13600: loss = 0.08398
  Ep02 step 11100/13600: loss = 0.08350
  Ep02 step 11200/13600: loss = 0.08283
  Ep02 step 11300/13600: loss = 0.08716
  Ep02 step 11400/13600: loss = 0.08525
  Ep02 step 11500/13600: loss = 0.08309
  Ep02 step 11600/13600: loss = 0.08534
  Ep02 step 11700/13600: loss = 0.08145
  Ep02 step 11800/13600: loss = 0.08397
  Ep02 step 11900/13600: loss = 0.08313
  Ep02 step 12000/13600: loss = 0.08407
  Ep02 step 12100/13600: loss = 0.08341
  Ep02 step 12200/13600: loss = 0.08303
  Ep02 step 12300/13600: loss = 0.08203
  Ep02 step 12400/13600: loss = 0.08187
  Ep02 step 12500/13600: loss = 0.08380
  Ep02 step 12600/13600: loss = 0.08067
  Ep02 step 12700/13600: loss = 0.08514
  Ep02 step 12800/13600: loss = 0.08387
  Ep02 step 12900/13600: loss = 0.08575
  Ep02 step 13000/13600: loss = 0.08339
  Ep02 step 13100/13600: loss = 0.08277
  Ep02 step 13200/13600: loss = 0.08326
  Ep02 step 13300/13600: loss = 0.08464
  Ep02 step 13400/13600: loss = 0.08104
  Ep02 step 13500/13600: loss = 0.08318
  Ep02 step 13600/13600: loss = 0.08270

Epoch 02/6 | train=0.08352 val=0.11014 | AUC=['0.999', '0.996', '0.991', '0.988'] PR=['0.988', '0.965', '0.949', '0.949'] | CASCADE-only AUC=['0.998', '0.993', '0.988', '0.985'] PR=['0.951', '0.920', '0.901', '0.911'] | mono_viol=0.00000 | 2011s

  [checkpoint] best.pt updated (epoch 2, val_loss=0.11014)
  Ep03 step  100/13600: loss = 0.08522
  Ep03 step  200/13600: loss = 0.08426
  Ep03 step  300/13600: loss = 0.08191
  Ep03 step  400/13600: loss = 0.08246
  Ep03 step  500/13600: loss = 0.08588
  Ep03 step  600/13600: loss = 0.08532
  Ep03 step  700/13600: loss = 0.08311
  Ep03 step  800/13600: loss = 0.08515
  Ep03 step  900/13600: loss = 0.08278
  Ep03 step 1000/13600: loss = 0.08559
  Ep03 step 1100/13600: loss = 0.08323
  Ep03 step 1200/13600: loss = 0.08339
  Ep03 step 1300/13600: loss = 0.08283
  Ep03 step 1400/13600: loss = 0.08431
  Ep03 step 1500/13600: loss = 0.08240
  Ep03 step 1600/13600: loss = 0.08049
  Ep03 step 1700/13600: loss = 0.08039
  Ep03 step 1800/13600: loss = 0.08319
  Ep03 step 1900/13600: loss = 0.08097
  Ep03 step 2000/13600: loss = 0.08390
  Ep03 step 2100/13600: loss = 0.08114
  Ep03 step 2200/13600: loss = 0.08311
  Ep03 step 2300/13600: loss = 0.08147
  Ep03 step 2400/13600: loss = 0.07938
  Ep03 step 2500/13600: loss = 0.08125
  Ep03 step 2600/13600: loss = 0.08263
  Ep03 step 2700/13600: loss = 0.08433
  Ep03 step 2800/13600: loss = 0.08418
  Ep03 step 2900/13600: loss = 0.08459
  Ep03 step 3000/13600: loss = 0.08218
  Ep03 step 3100/13600: loss = 0.08422
  Ep03 step 3200/13600: loss = 0.08384
  Ep03 step 3300/13600: loss = 0.08606
  Ep03 step 3400/13600: loss = 0.08190
  Ep03 step 3500/13600: loss = 0.08456
  Ep03 step 3600/13600: loss = 0.07998
  Ep03 step 3700/13600: loss = 0.08587
  Ep03 step 3800/13600: loss = 0.08319
  Ep03 step 3900/13600: loss = 0.08193
  Ep03 step 4000/13600: loss = 0.08549
  Ep03 step 4100/13600: loss = 0.08577
  Ep03 step 4200/13600: loss = 0.08380
  Ep03 step 4300/13600: loss = 0.08462
  Ep03 step 4400/13600: loss = 0.08334
  Ep03 step 4500/13600: loss = 0.08313
  Ep03 step 4600/13600: loss = 0.08061
  Ep03 step 4700/13600: loss = 0.08348
  Ep03 step 4800/13600: loss = 0.08308
  Ep03 step 4900/13600: loss = 0.08400
  Ep03 step 5000/13600: loss = 0.08119
  Ep03 step 5100/13600: loss = 0.08333
  Ep03 step 5200/13600: loss = 0.08355
  Ep03 step 5300/13600: loss = 0.08151
  Ep03 step 5400/13600: loss = 0.08400
  Ep03 step 5500/13600: loss = 0.08149
  Ep03 step 5600/13600: loss = 0.08074
  Ep03 step 5700/13600: loss = 0.07803
  Ep03 step 5800/13600: loss = 0.08362
  Ep03 step 5900/13600: loss = 0.08290
  Ep03 step 6000/13600: loss = 0.08080
  Ep03 step 6100/13600: loss = 0.08512
  Ep03 step 6200/13600: loss = 0.08460
  Ep03 step 6300/13600: loss = 0.08245
  Ep03 step 6400/13600: loss = 0.07858
  Ep03 step 6500/13600: loss = 0.08029
  Ep03 step 6600/13600: loss = 0.08286
  Ep03 step 6700/13600: loss = 0.08188
  Ep03 step 6800/13600: loss = 0.08054
  Ep03 step 6900/13600: loss = 0.08251
  Ep03 step 7000/13600: loss = 0.07910
  Ep03 step 7100/13600: loss = 0.08177
  Ep03 step 7200/13600: loss = 0.08330
  Ep03 step 7300/13600: loss = 0.08116
  Ep03 step 7400/13600: loss = 0.08337
  Ep03 step 7500/13600: loss = 0.08226
  Ep03 step 7600/13600: loss = 0.08064
  Ep03 step 7700/13600: loss = 0.07748
  Ep03 step 7800/13600: loss = 0.08431
  Ep03 step 7900/13600: loss = 0.08203
  Ep03 step 8000/13600: loss = 0.08452
  Ep03 step 8100/13600: loss = 0.08624
  Ep03 step 8200/13600: loss = 0.08167
  Ep03 step 8300/13600: loss = 0.08382
  Ep03 step 8400/13600: loss = 0.08398
  Ep03 step 8500/13600: loss = 0.08396
  Ep03 step 8600/13600: loss = 0.07872
  Ep03 step 8700/13600: loss = 0.08325
  Ep03 step 8800/13600: loss = 0.08177
  Ep03 step 8900/13600: loss = 0.08367
  Ep03 step 9000/13600: loss = 0.08033
  Ep03 step 9100/13600: loss = 0.08244
  Ep03 step 9200/13600: loss = 0.08195
  Ep03 step 9300/13600: loss = 0.08338
  Ep03 step 9400/13600: loss = 0.08381
  Ep03 step 9500/13600: loss = 0.08399
  Ep03 step 9600/13600: loss = 0.08292
  Ep03 step 9700/13600: loss = 0.08195
  Ep03 step 9800/13600: loss = 0.08244
  Ep03 step 9900/13600: loss = 0.08394
  Ep03 step 10000/13600: loss = 0.08536
  Ep03 step 10100/13600: loss = 0.08167
  Ep03 step 10200/13600: loss = 0.08406
  Ep03 step 10300/13600: loss = 0.08113
  Ep03 step 10400/13600: loss = 0.08133
  Ep03 step 10500/13600: loss = 0.08146
  Ep03 step 10600/13600: loss = 0.08097
  Ep03 step 10700/13600: loss = 0.08545
  Ep03 step 10800/13600: loss = 0.08107
  Ep03 step 10900/13600: loss = 0.08374
  Ep03 step 11000/13600: loss = 0.08432
  Ep03 step 11100/13600: loss = 0.08357
  Ep03 step 11200/13600: loss = 0.08309
  Ep03 step 11300/13600: loss = 0.08347
  Ep03 step 11400/13600: loss = 0.08104
  Ep03 step 11500/13600: loss = 0.07907
  Ep03 step 11600/13600: loss = 0.08279
  Ep03 step 11700/13600: loss = 0.08125
  Ep03 step 11800/13600: loss = 0.08353
  Ep03 step 11900/13600: loss = 0.08541
  Ep03 step 12000/13600: loss = 0.08361
  Ep03 step 12100/13600: loss = 0.08453
  Ep03 step 12200/13600: loss = 0.08301
  Ep03 step 12300/13600: loss = 0.08429
  Ep03 step 12400/13600: loss = 0.08134
  Ep03 step 12500/13600: loss = 0.08284
  Ep03 step 12600/13600: loss = 0.08380
  Ep03 step 12700/13600: loss = 0.08265
  Ep03 step 12800/13600: loss = 0.08271
  Ep03 step 12900/13600: loss = 0.07991
  Ep03 step 13000/13600: loss = 0.08270
  Ep03 step 13100/13600: loss = 0.08395
  Ep03 step 13200/13600: loss = 0.08227
  Ep03 step 13300/13600: loss = 0.08075
  Ep03 step 13400/13600: loss = 0.08345
  Ep03 step 13500/13600: loss = 0.08404
  Ep03 step 13600/13600: loss = 0.08371

Epoch 03/6 | train=0.08278 val=0.10966 | AUC=['0.999', '0.996', '0.991', '0.989'] PR=['0.988', '0.964', '0.945', '0.946'] | CASCADE-only AUC=['0.998', '0.993', '0.987', '0.984'] PR=['0.953', '0.917', '0.892', '0.904'] | mono_viol=0.00000 | 2680s

  [checkpoint] best.pt updated (epoch 3, val_loss=0.10966)
  Ep04 step  100/13600: loss = 0.08364
  Ep04 step  200/13600: loss = 0.08158
  Ep04 step  300/13600: loss = 0.07927
  Ep04 step  400/13600: loss = 0.08382
  Ep04 step  500/13600: loss = 0.08191
  Ep04 step  600/13600: loss = 0.08361
  Ep04 step  700/13600: loss = 0.08306
  Ep04 step  800/13600: loss = 0.08488
  Ep04 step  900/13600: loss = 0.08281
  Ep04 step 1000/13600: loss = 0.08376
  Ep04 step 1100/13600: loss = 0.08302
  Ep04 step 1200/13600: loss = 0.08131
  Ep04 step 1300/13600: loss = 0.08164
  Ep04 step 1400/13600: loss = 0.08386
  Ep04 step 1500/13600: loss = 0.08233
  Ep04 step 1600/13600: loss = 0.07865
  Ep04 step 1700/13600: loss = 0.08344
  Ep04 step 1800/13600: loss = 0.08360
  Ep04 step 1900/13600: loss = 0.08474
  Ep04 step 2000/13600: loss = 0.08307
  Ep04 step 2100/13600: loss = 0.08389
  Ep04 step 2200/13600: loss = 0.08213
  Ep04 step 2300/13600: loss = 0.08133
  Ep04 step 2400/13600: loss = 0.08221
  Ep04 step 2500/13600: loss = 0.08448
  Ep04 step 2600/13600: loss = 0.08074
  Ep04 step 2700/13600: loss = 0.08381
  Ep04 step 2800/13600: loss = 0.08114
  Ep04 step 2900/13600: loss = 0.08106
  Ep04 step 3000/13600: loss = 0.07988
  Ep04 step 3100/13600: loss = 0.08738
  Ep04 step 3200/13600: loss = 0.08390
  Ep04 step 3300/13600: loss = 0.08203
  Ep04 step 3400/13600: loss = 0.08347
  Ep04 step 3500/13600: loss = 0.08445
  Ep04 step 3600/13600: loss = 0.08336
  Ep04 step 3700/13600: loss = 0.08579
  Ep04 step 3800/13600: loss = 0.08357
  Ep04 step 3900/13600: loss = 0.08294
  Ep04 step 4000/13600: loss = 0.08327
  Ep04 step 4100/13600: loss = 0.08294
  Ep04 step 4200/13600: loss = 0.08128
  Ep04 step 4300/13600: loss = 0.08342
  Ep04 step 4400/13600: loss = 0.08359
  Ep04 step 4500/13600: loss = 0.08005
  Ep04 step 4600/13600: loss = 0.08347
  Ep04 step 4700/13600: loss = 0.08113
  Ep04 step 4800/13600: loss = 0.08287
  Ep04 step 4900/13600: loss = 0.08270
  Ep04 step 5000/13600: loss = 0.08142
  Ep04 step 5100/13600: loss = 0.08017
  Ep04 step 5200/13600: loss = 0.08297
  Ep04 step 5300/13600: loss = 0.08270
  Ep04 step 5400/13600: loss = 0.08309
  Ep04 step 5500/13600: loss = 0.08339
  Ep04 step 5600/13600: loss = 0.08408
  Ep04 step 5700/13600: loss = 0.08315
  Ep04 step 5800/13600: loss = 0.08035
  Ep04 step 5900/13600: loss = 0.08162
  Ep04 step 6000/13600: loss = 0.07802
  Ep04 step 6100/13600: loss = 0.08418
  Ep04 step 6200/13600: loss = 0.07723
  Ep04 step 6300/13600: loss = 0.07911
  Ep04 step 6400/13600: loss = 0.08248
  Ep04 step 6500/13600: loss = 0.08123
  Ep04 step 6600/13600: loss = 0.08224
  Ep04 step 6700/13600: loss = 0.08058
  Ep04 step 6800/13600: loss = 0.08452
  Ep04 step 6900/13600: loss = 0.08315
  Ep04 step 7000/13600: loss = 0.08293
  Ep04 step 7100/13600: loss = 0.08115
  Ep04 step 7200/13600: loss = 0.08009
  Ep04 step 7300/13600: loss = 0.08659
  Ep04 step 7400/13600: loss = 0.08331
  Ep04 step 7500/13600: loss = 0.08132
  Ep04 step 7600/13600: loss = 0.08039
  Ep04 step 7700/13600: loss = 0.08314
  Ep04 step 7800/13600: loss = 0.08265
  Ep04 step 7900/13600: loss = 0.08317
  Ep04 step 8000/13600: loss = 0.08393
  Ep04 step 8100/13600: loss = 0.08351
  Ep04 step 8200/13600: loss = 0.08041
  Ep04 step 8300/13600: loss = 0.08135
  Ep04 step 8400/13600: loss = 0.07806
  Ep04 step 8500/13600: loss = 0.07747
  Ep04 step 8600/13600: loss = 0.08154
  Ep04 step 8700/13600: loss = 0.07982
  Ep04 step 8800/13600: loss = 0.08163
  Ep04 step 8900/13600: loss = 0.08118
  Ep04 step 9000/13600: loss = 0.08071
  Ep04 step 9100/13600: loss = 0.07841
  Ep04 step 9200/13600: loss = 0.07704
  Ep04 step 9300/13600: loss = 0.08102
  Ep04 step 9400/13600: loss = 0.08232
  Ep04 step 9500/13600: loss = 0.07890
  Ep04 step 9600/13600: loss = 0.08273
  Ep04 step 9700/13600: loss = 0.08535
  Ep04 step 9800/13600: loss = 0.08442
  Ep04 step 9900/13600: loss = 0.08311
  Ep04 step 10000/13600: loss = 0.08307
  Ep04 step 10100/13600: loss = 0.08413
  Ep04 step 10200/13600: loss = 0.08213
  Ep04 step 10300/13600: loss = 0.08180
  Ep04 step 10400/13600: loss = 0.08626
  Ep04 step 10500/13600: loss = 0.08398
  Ep04 step 10600/13600: loss = 0.08161
  Ep04 step 10700/13600: loss = 0.08248
  Ep04 step 10800/13600: loss = 0.08614
  Ep04 step 10900/13600: loss = 0.08324
  Ep04 step 11000/13600: loss = 0.08276
  Ep04 step 11100/13600: loss = 0.08150
  Ep04 step 11200/13600: loss = 0.08451
  Ep04 step 11300/13600: loss = 0.08303
  Ep04 step 11400/13600: loss = 0.07899
  Ep04 step 11500/13600: loss = 0.07866
  Ep04 step 11600/13600: loss = 0.07647
  Ep04 step 11700/13600: loss = 0.08337
  Ep04 step 11800/13600: loss = 0.08362
  Ep04 step 11900/13600: loss = 0.08054
  Ep04 step 12000/13600: loss = 0.08308
  Ep04 step 12100/13600: loss = 0.08546
  Ep04 step 12200/13600: loss = 0.08210
  Ep04 step 12300/13600: loss = 0.08163
  Ep04 step 12400/13600: loss = 0.08056
  Ep04 step 12500/13600: loss = 0.08013
  Ep04 step 12600/13600: loss = 0.08333
  Ep04 step 12700/13600: loss = 0.08268
  Ep04 step 12800/13600: loss = 0.07880
  Ep04 step 12900/13600: loss = 0.08251
  Ep04 step 13000/13600: loss = 0.07989
  Ep04 step 13100/13600: loss = 0.08091
  Ep04 step 13200/13600: loss = 0.08170
  Ep04 step 13300/13600: loss = 0.08497
  Ep04 step 13400/13600: loss = 0.08249
  Ep04 step 13500/13600: loss = 0.08200
  Ep04 step 13600/13600: loss = 0.08019

Epoch 04/6 | train=0.08221 val=0.10885 | AUC=['0.999', '0.996', '0.992', '0.990'] PR=['0.987', '0.964', '0.949', '0.955'] | CASCADE-only AUC=['0.998', '0.993', '0.989', '0.987'] PR=['0.948', '0.916', '0.898', '0.919'] | mono_viol=0.00000 | 3350s

  [checkpoint] best.pt updated (epoch 4, val_loss=0.10885)
  Ep05 step  100/13600: loss = 0.08233
  Ep05 step  200/13600: loss = 0.07927
  Ep05 step  300/13600: loss = 0.07920
  Ep05 step  400/13600: loss = 0.07974
  Ep05 step  500/13600: loss = 0.08153
  Ep05 step  600/13600: loss = 0.08164
  Ep05 step  700/13600: loss = 0.08416
  Ep05 step  800/13600: loss = 0.08320
  Ep05 step  900/13600: loss = 0.08314
  Ep05 step 1000/13600: loss = 0.08406
  Ep05 step 1100/13600: loss = 0.08342
  Ep05 step 1200/13600: loss = 0.08167
  Ep05 step 1300/13600: loss = 0.08011
  Ep05 step 1400/13600: loss = 0.08312
  Ep05 step 1500/13600: loss = 0.08309
  Ep05 step 1600/13600: loss = 0.08209
  Ep05 step 1700/13600: loss = 0.08247
  Ep05 step 1800/13600: loss = 0.08141
  Ep05 step 1900/13600: loss = 0.08476
  Ep05 step 2000/13600: loss = 0.08100
  Ep05 step 2100/13600: loss = 0.08283
  Ep05 step 2200/13600: loss = 0.08132
  Ep05 step 2300/13600: loss = 0.08361
  Ep05 step 2400/13600: loss = 0.07917
  Ep05 step 2500/13600: loss = 0.08370
  Ep05 step 2600/13600: loss = 0.08085
  Ep05 step 2700/13600: loss = 0.08275
  Ep05 step 2800/13600: loss = 0.08254
  Ep05 step 2900/13600: loss = 0.08096
  Ep05 step 3000/13600: loss = 0.08295
  Ep05 step 3100/13600: loss = 0.08335
  Ep05 step 3200/13600: loss = 0.08140
  Ep05 step 3300/13600: loss = 0.08327
  Ep05 step 3400/13600: loss = 0.08098
  Ep05 step 3500/13600: loss = 0.08036
  Ep05 step 3600/13600: loss = 0.08248
  Ep05 step 3700/13600: loss = 0.08462
  Ep05 step 3800/13600: loss = 0.08294
  Ep05 step 3900/13600: loss = 0.08169
  Ep05 step 4000/13600: loss = 0.07860
  Ep05 step 4100/13600: loss = 0.08342
  Ep05 step 4200/13600: loss = 0.08418
  Ep05 step 4300/13600: loss = 0.08000
  Ep05 step 4400/13600: loss = 0.08271
  Ep05 step 4500/13600: loss = 0.08238
  Ep05 step 4600/13600: loss = 0.08283
  Ep05 step 4700/13600: loss = 0.08404
  Ep05 step 4800/13600: loss = 0.08192
  Ep05 step 4900/13600: loss = 0.08192
  Ep05 step 5000/13600: loss = 0.08112
  Ep05 step 5100/13600: loss = 0.08352
  Ep05 step 5200/13600: loss = 0.08304
  Ep05 step 5300/13600: loss = 0.08191
  Ep05 step 5400/13600: loss = 0.08198
  Ep05 step 5500/13600: loss = 0.08009
  Ep05 step 5600/13600: loss = 0.08410
  Ep05 step 5700/13600: loss = 0.08214
  Ep05 step 5800/13600: loss = 0.07936
  Ep05 step 5900/13600: loss = 0.08135
  Ep05 step 6000/13600: loss = 0.08073
  Ep05 step 6100/13600: loss = 0.08183
  Ep05 step 6200/13600: loss = 0.08313
  Ep05 step 6300/13600: loss = 0.08250
  Ep05 step 6400/13600: loss = 0.08534
  Ep05 step 6500/13600: loss = 0.07841
  Ep05 step 6600/13600: loss = 0.08074
  Ep05 step 6700/13600: loss = 0.08101
  Ep05 step 6800/13600: loss = 0.08085
  Ep05 step 6900/13600: loss = 0.08548
  Ep05 step 7000/13600: loss = 0.08241
  Ep05 step 7100/13600: loss = 0.08313
  Ep05 step 7200/13600: loss = 0.08300
  Ep05 step 7300/13600: loss = 0.08292
  Ep05 step 7400/13600: loss = 0.08185
  Ep05 step 7500/13600: loss = 0.08281
  Ep05 step 7600/13600: loss = 0.08167
  Ep05 step 7700/13600: loss = 0.08146
  Ep05 step 7800/13600: loss = 0.08064
  Ep05 step 7900/13600: loss = 0.08316
  Ep05 step 8000/13600: loss = 0.08274
  Ep05 step 8100/13600: loss = 0.08445
  Ep05 step 8200/13600: loss = 0.07978
  Ep05 step 8300/13600: loss = 0.08461
  Ep05 step 8400/13600: loss = 0.07980
  Ep05 step 8500/13600: loss = 0.08085
  Ep05 step 8600/13600: loss = 0.07878
  Ep05 step 8700/13600: loss = 0.08167
  Ep05 step 8800/13600: loss = 0.08001
  Ep05 step 8900/13600: loss = 0.08160
  Ep05 step 9000/13600: loss = 0.08250
  Ep05 step 9100/13600: loss = 0.08524
  Ep05 step 9200/13600: loss = 0.08092
  Ep05 step 9300/13600: loss = 0.08028
  Ep05 step 9400/13600: loss = 0.08379
  Ep05 step 9500/13600: loss = 0.08460
  Ep05 step 9600/13600: loss = 0.08438
  Ep05 step 9700/13600: loss = 0.08129
  Ep05 step 9800/13600: loss = 0.08249
  Ep05 step 9900/13600: loss = 0.08096
  Ep05 step 10000/13600: loss = 0.08365
  Ep05 step 10100/13600: loss = 0.07988
  Ep05 step 10200/13600: loss = 0.08132
  Ep05 step 10300/13600: loss = 0.08167
  Ep05 step 10400/13600: loss = 0.08378
  Ep05 step 10500/13600: loss = 0.07945
  Ep05 step 10600/13600: loss = 0.08205
  Ep05 step 10700/13600: loss = 0.08245
  Ep05 step 10800/13600: loss = 0.08358
  Ep05 step 10900/13600: loss = 0.08268
  Ep05 step 11000/13600: loss = 0.08076
  Ep05 step 11100/13600: loss = 0.08345
  Ep05 step 11200/13600: loss = 0.08122
  Ep05 step 11300/13600: loss = 0.08365
  Ep05 step 11400/13600: loss = 0.08124
  Ep05 step 11500/13600: loss = 0.08331
  Ep05 step 11600/13600: loss = 0.08319
  Ep05 step 11700/13600: loss = 0.08170
  Ep05 step 11800/13600: loss = 0.08227
  Ep05 step 11900/13600: loss = 0.08478
  Ep05 step 12000/13600: loss = 0.07998
  Ep05 step 12100/13600: loss = 0.07913
  Ep05 step 12200/13600: loss = 0.08212
  Ep05 step 12300/13600: loss = 0.07811
  Ep05 step 12400/13600: loss = 0.08262
  Ep05 step 12500/13600: loss = 0.08084
  Ep05 step 12600/13600: loss = 0.08085
  Ep05 step 12700/13600: loss = 0.08294
  Ep05 step 12800/13600: loss = 0.08351
  Ep05 step 12900/13600: loss = 0.08245
  Ep05 step 13000/13600: loss = 0.08258
  Ep05 step 13100/13600: loss = 0.07734
  Ep05 step 13200/13600: loss = 0.08379
  Ep05 step 13300/13600: loss = 0.08206
  Ep05 step 13400/13600: loss = 0.08049
  Ep05 step 13500/13600: loss = 0.07944
  Ep05 step 13600/13600: loss = 0.07994

Epoch 05/6 | train=0.08200 val=0.10810 | AUC=['0.999', '0.996', '0.992', '0.991'] PR=['0.989', '0.968', '0.953', '0.957'] | CASCADE-only AUC=['0.998', '0.994', '0.989', '0.988'] PR=['0.956', '0.925', '0.906', '0.924'] | mono_viol=0.00000 | 4020s

  [checkpoint] best.pt updated (epoch 5, val_loss=0.10810)
[held-out geoclaw_2050] test_loss=0.14090 mono_viol=0.00000 (1000 runs)
  ALL-nodes     AUC=[0.9979205773472786, 0.9972281273007393, 0.9907130170464515, 0.9939912765026092]  PR=[0.9849742007097042, 0.9894877098086895, 0.9733933853238281, 0.9872972043426166]
  CASCADE-only  AUC=[0.9963141080141068, 0.9963788778185845, 0.9884826549291611, 0.9930426713824272]  PR=[0.9547696216558236, 0.9820615646299925, 0.9591846332835814, 0.9824793810240637]
[held-out syn_ts_914_6_1p2955] test_loss=0.08573 mono_viol=0.00000 (1000 runs)
  ALL-nodes     AUC=[0.9997427003383637, 0.9945761368274689, 0.9931713473796845, 0.9880448619127273]  PR=[0.992574463997764, 0.9366169756737647, 0.9309639331616448, 0.9227706825400158]
  CASCADE-only  AUC=[0.9994942291975021, 0.9911174128055572, 0.9898467141389847, 0.9829181720018387]  PR=[0.9702540030386668, 0.8639268185455183, 0.8665767834443159, 0.8638416971519083]
[held-out syn_ts_258_9_3p0022] test_loss=0.12466 mono_viol=0.00000 (1000 runs)
  ALL-nodes     AUC=[0.9985268116593361, 0.997335148870945, 0.9910607916712761, 0.9933233072757721]  PR=[0.9900591822006657, 0.9899878591011105, 0.9733998180703433, 0.9855648864859637]
  CASCADE-only  AUC=[0.9971874710321427, 0.9963377248048783, 0.988291634440422, 0.9919827222824097]  PR=[0.9653256971625757, 0.980804485741778, 0.9541525347013332, 0.9784129898931598]
[held-out syn_ts_605_5_3p7563] test_loss=0.20588 mono_viol=0.00000 (1000 runs)
  ALL-nodes     AUC=[0.9928841036558151, 0.9940049257278443, 0.990269340634346, 0.994718720972538]  PR=[0.9791947686144958, 0.9879987197345479, 0.9835977908667993, 0.9931824347874771]
  CASCADE-only  AUC=[0.9865852301716804, 0.9909165523052216, 0.9864581342935562, 0.9931555792093277]  PR=[0.933113526503487, 0.9741329476890349, 0.9685749897002708, 0.9882713180850012]
[held-out syn_ts_808_27_3p7885] test_loss=0.13867 mono_viol=0.00000 (1000 runs)
  ALL-nodes     AUC=[0.997239564359188, 0.9961917582154274, 0.991007171690464, 0.994526615679264]  PR=[0.986523429068798, 0.9885899885383687, 0.9785910943638755, 0.9900028706668579]
  CASCADE-only  AUC=[0.9947487507462501, 0.994592918753624, 0.9880207642912865, 0.9932373915314674]  PR=[0.9536010883804696, 0.9769573976731388, 0.9618761989761855, 0.984227585791066]
