task=24 arm=old17 variant=ctx cell=static_mask torch_seed=1 set=jesse22 head=hazard labels=/scratch/tj2587/results/legacy_v1_n1000 labels2=/scratch/tj2587/results/legacy_v1_n1000 timing=unset context=1 ckpt=/scratch/tj2587/results/gnn_morestorms_v1/old17_ctx_static_mask_s1 smoke=0 commit=967d122 uncommitted_files=0
[gate] CUDA OK: NVIDIA L40S
[gate] heterodata data/graph/nyc_infra_heterodata_v1_frozen_failover_edges.pt: total=6231 -> OK
[gate] set jesse22: 22 storms, 17 for training, 5 held out; in both folders []; missing [] -> OK
[gate] variant ctx: storm context on, timing inputs off -> OK
[gate] head switch present: ('independent', 'hazard')
=== TRAIN MODE — full training ===
torch seed set: 1
Train: 13600  Val: 3400  (17 scenarios) | Test held-out: ['geoclaw_2050', 'syn_ts_914_6_1p2955', 'syn_ts_258_9_3p0022', 'syn_ts_605_5_3p7563', 'syn_ts_808_27_3p7885'] (5000 runs)
Model parameters: 698,648  head=hazard
Device: cuda
  Ep00 step  100/13600: loss = 0.42319
  Ep00 step  200/13600: loss = 0.19077
  Ep00 step  300/13600: loss = 0.13019
  Ep00 step  400/13600: loss = 0.12046
  Ep00 step  500/13600: loss = 0.11620
  Ep00 step  600/13600: loss = 0.08952
  Ep00 step  700/13600: loss = 0.09214
  Ep00 step  800/13600: loss = 0.09840
  Ep00 step  900/13600: loss = 0.09990
  Ep00 step 1000/13600: loss = 0.08639
  Ep00 step 1100/13600: loss = 0.08928
  Ep00 step 1200/13600: loss = 0.07806
  Ep00 step 1300/13600: loss = 0.08492
  Ep00 step 1400/13600: loss = 0.08604
  Ep00 step 1500/13600: loss = 0.07340
  Ep00 step 1600/13600: loss = 0.08367
  Ep00 step 1700/13600: loss = 0.08017
  Ep00 step 1800/13600: loss = 0.08310
  Ep00 step 1900/13600: loss = 0.08043
  Ep00 step 2000/13600: loss = 0.07842
  Ep00 step 2100/13600: loss = 0.08612
  Ep00 step 2200/13600: loss = 0.07822
  Ep00 step 2300/13600: loss = 0.06702
  Ep00 step 2400/13600: loss = 0.07751
  Ep00 step 2500/13600: loss = 0.08132
  Ep00 step 2600/13600: loss = 0.07259
  Ep00 step 2700/13600: loss = 0.06610
  Ep00 step 2800/13600: loss = 0.07476
  Ep00 step 2900/13600: loss = 0.06957
  Ep00 step 3000/13600: loss = 0.06762
  Ep00 step 3100/13600: loss = 0.06990
  Ep00 step 3200/13600: loss = 0.07236
  Ep00 step 3300/13600: loss = 0.06758
  Ep00 step 3400/13600: loss = 0.07067
  Ep00 step 3500/13600: loss = 0.06869
  Ep00 step 3600/13600: loss = 0.06588
  Ep00 step 3700/13600: loss = 0.06498
  Ep00 step 3800/13600: loss = 0.06360
  Ep00 step 3900/13600: loss = 0.05687
  Ep00 step 4000/13600: loss = 0.06581
  Ep00 step 4100/13600: loss = 0.06029
  Ep00 step 4200/13600: loss = 0.06259
  Ep00 step 4300/13600: loss = 0.06465
  Ep00 step 4400/13600: loss = 0.06664
  Ep00 step 4500/13600: loss = 0.07141
  Ep00 step 4600/13600: loss = 0.06279
  Ep00 step 4700/13600: loss = 0.06763
  Ep00 step 4800/13600: loss = 0.06237
  Ep00 step 4900/13600: loss = 0.06494
  Ep00 step 5000/13600: loss = 0.06161
  Ep00 step 5100/13600: loss = 0.06308
  Ep00 step 5200/13600: loss = 0.06928
  Ep00 step 5300/13600: loss = 0.06020
  Ep00 step 5400/13600: loss = 0.06874
  Ep00 step 5500/13600: loss = 0.06032
  Ep00 step 5600/13600: loss = 0.06148
  Ep00 step 5700/13600: loss = 0.06258
  Ep00 step 5800/13600: loss = 0.06160
  Ep00 step 5900/13600: loss = 0.05234
  Ep00 step 6000/13600: loss = 0.05308
  Ep00 step 6100/13600: loss = 0.05776
  Ep00 step 6200/13600: loss = 0.05598
  Ep00 step 6300/13600: loss = 0.05622
  Ep00 step 6400/13600: loss = 0.05794
  Ep00 step 6500/13600: loss = 0.05819
  Ep00 step 6600/13600: loss = 0.06098
  Ep00 step 6700/13600: loss = 0.06323
  Ep00 step 6800/13600: loss = 0.06103
  Ep00 step 6900/13600: loss = 0.04595
  Ep00 step 7000/13600: loss = 0.05823
  Ep00 step 7100/13600: loss = 0.06379
  Ep00 step 7200/13600: loss = 0.05785
  Ep00 step 7300/13600: loss = 0.05433
  Ep00 step 7400/13600: loss = 0.05645
  Ep00 step 7500/13600: loss = 0.05989
  Ep00 step 7600/13600: loss = 0.05648
  Ep00 step 7700/13600: loss = 0.05556
  Ep00 step 7800/13600: loss = 0.05245
  Ep00 step 7900/13600: loss = 0.05510
  Ep00 step 8000/13600: loss = 0.04855
  Ep00 step 8100/13600: loss = 0.06134
  Ep00 step 8200/13600: loss = 0.06003
  Ep00 step 8300/13600: loss = 0.05806
  Ep00 step 8400/13600: loss = 0.06176
  Ep00 step 8500/13600: loss = 0.05419
  Ep00 step 8600/13600: loss = 0.06132
  Ep00 step 8700/13600: loss = 0.06185
  Ep00 step 8800/13600: loss = 0.04851
  Ep00 step 8900/13600: loss = 0.05428
  Ep00 step 9000/13600: loss = 0.05412
  Ep00 step 9100/13600: loss = 0.06380
  Ep00 step 9200/13600: loss = 0.05085
  Ep00 step 9300/13600: loss = 0.04910
  Ep00 step 9400/13600: loss = 0.05254
  Ep00 step 9500/13600: loss = 0.04890
  Ep00 step 9600/13600: loss = 0.05285
  Ep00 step 9700/13600: loss = 0.05545
  Ep00 step 9800/13600: loss = 0.05675
  Ep00 step 9900/13600: loss = 0.05320
  Ep00 step 10000/13600: loss = 0.06308
  Ep00 step 10100/13600: loss = 0.05366
  Ep00 step 10200/13600: loss = 0.05212
  Ep00 step 10300/13600: loss = 0.05901
  Ep00 step 10400/13600: loss = 0.05232
  Ep00 step 10500/13600: loss = 0.04617
  Ep00 step 10600/13600: loss = 0.04987
  Ep00 step 10700/13600: loss = 0.04694
  Ep00 step 10800/13600: loss = 0.05718
  Ep00 step 10900/13600: loss = 0.05752
  Ep00 step 11000/13600: loss = 0.05553
  Ep00 step 11100/13600: loss = 0.05182
  Ep00 step 11200/13600: loss = 0.05551
  Ep00 step 11300/13600: loss = 0.05696
  Ep00 step 11400/13600: loss = 0.05434
  Ep00 step 11500/13600: loss = 0.05317
  Ep00 step 11600/13600: loss = 0.05280
  Ep00 step 11700/13600: loss = 0.05250
  Ep00 step 11800/13600: loss = 0.05157
  Ep00 step 11900/13600: loss = 0.04475
  Ep00 step 12000/13600: loss = 0.04892
  Ep00 step 12100/13600: loss = 0.05179
  Ep00 step 12200/13600: loss = 0.05005
  Ep00 step 12300/13600: loss = 0.05197
  Ep00 step 12400/13600: loss = 0.05395
  Ep00 step 12500/13600: loss = 0.05153
  Ep00 step 12600/13600: loss = 0.05160
  Ep00 step 12700/13600: loss = 0.05170
  Ep00 step 12800/13600: loss = 0.05412
  Ep00 step 12900/13600: loss = 0.05280
  Ep00 step 13000/13600: loss = 0.05554
  Ep00 step 13100/13600: loss = 0.04577
  Ep00 step 13200/13600: loss = 0.04811
  Ep00 step 13300/13600: loss = 0.05393
  Ep00 step 13400/13600: loss = 0.04829
  Ep00 step 13500/13600: loss = 0.04631
  Ep00 step 13600/13600: loss = 0.05074

Epoch 00/6 | train=0.06660 val=0.07129 | AUC=['0.999', '0.998', '0.995', '0.995'] PR=['0.991', '0.985', '0.973', '0.979'] | CASCADE-only AUC=['0.998', '0.997', '0.993', '0.994'] PR=['0.966', '0.959', '0.944', '0.961'] | mono_viol=0.00000 | 670s

  [checkpoint] best.pt updated (epoch 0, val_loss=0.07129)
  Ep01 step  100/13600: loss = 0.05227
  Ep01 step  200/13600: loss = 0.05979
  Ep01 step  300/13600: loss = 0.05046
  Ep01 step  400/13600: loss = 0.04942
  Ep01 step  500/13600: loss = 0.04598
  Ep01 step  600/13600: loss = 0.05096
  Ep01 step  700/13600: loss = 0.05248
  Ep01 step  800/13600: loss = 0.05290
  Ep01 step  900/13600: loss = 0.05054
  Ep01 step 1000/13600: loss = 0.04251
  Ep01 step 1100/13600: loss = 0.05170
  Ep01 step 1200/13600: loss = 0.05295
  Ep01 step 1300/13600: loss = 0.05102
  Ep01 step 1400/13600: loss = 0.05287
  Ep01 step 1500/13600: loss = 0.04887
  Ep01 step 1600/13600: loss = 0.05093
  Ep01 step 1700/13600: loss = 0.05356
  Ep01 step 1800/13600: loss = 0.05650
  Ep01 step 1900/13600: loss = 0.05350
  Ep01 step 2000/13600: loss = 0.05014
  Ep01 step 2100/13600: loss = 0.05751
  Ep01 step 2200/13600: loss = 0.05345
  Ep01 step 2300/13600: loss = 0.04844
  Ep01 step 2400/13600: loss = 0.05085
  Ep01 step 2500/13600: loss = 0.04678
  Ep01 step 2600/13600: loss = 0.05446
  Ep01 step 2700/13600: loss = 0.04129
  Ep01 step 2800/13600: loss = 0.04705
  Ep01 step 2900/13600: loss = 0.04636
  Ep01 step 3000/13600: loss = 0.04963
  Ep01 step 3100/13600: loss = 0.04460
  Ep01 step 3200/13600: loss = 0.05219
  Ep01 step 3300/13600: loss = 0.05105
  Ep01 step 3400/13600: loss = 0.05349
  Ep01 step 3500/13600: loss = 0.05566
  Ep01 step 3600/13600: loss = 0.05421
  Ep01 step 3700/13600: loss = 0.04509
  Ep01 step 3800/13600: loss = 0.05287
  Ep01 step 3900/13600: loss = 0.04853
  Ep01 step 4000/13600: loss = 0.04730
  Ep01 step 4100/13600: loss = 0.04512
  Ep01 step 4200/13600: loss = 0.05299
  Ep01 step 4300/13600: loss = 0.04449
  Ep01 step 4400/13600: loss = 0.05399
  Ep01 step 4500/13600: loss = 0.05027
  Ep01 step 4600/13600: loss = 0.04975
  Ep01 step 4700/13600: loss = 0.04764
  Ep01 step 4800/13600: loss = 0.05724
  Ep01 step 4900/13600: loss = 0.04898
  Ep01 step 5000/13600: loss = 0.04457
  Ep01 step 5100/13600: loss = 0.05263
  Ep01 step 5200/13600: loss = 0.05196
  Ep01 step 5300/13600: loss = 0.05138
  Ep01 step 5400/13600: loss = 0.04938
  Ep01 step 5500/13600: loss = 0.05106
  Ep01 step 5600/13600: loss = 0.04914
  Ep01 step 5700/13600: loss = 0.04831
  Ep01 step 5800/13600: loss = 0.04865
  Ep01 step 5900/13600: loss = 0.04496
  Ep01 step 6000/13600: loss = 0.05372
  Ep01 step 6100/13600: loss = 0.04153
  Ep01 step 6200/13600: loss = 0.04928
  Ep01 step 6300/13600: loss = 0.04851
  Ep01 step 6400/13600: loss = 0.04965
  Ep01 step 6500/13600: loss = 0.04852
  Ep01 step 6600/13600: loss = 0.05038
  Ep01 step 6700/13600: loss = 0.05222
  Ep01 step 6800/13600: loss = 0.04368
  Ep01 step 6900/13600: loss = 0.05754
  Ep01 step 7000/13600: loss = 0.06059
  Ep01 step 7100/13600: loss = 0.04106
  Ep01 step 7200/13600: loss = 0.05663
  Ep01 step 7300/13600: loss = 0.04529
  Ep01 step 7400/13600: loss = 0.05728
  Ep01 step 7500/13600: loss = 0.04715
  Ep01 step 7600/13600: loss = 0.04860
  Ep01 step 7700/13600: loss = 0.05143
  Ep01 step 7800/13600: loss = 0.05096
  Ep01 step 7900/13600: loss = 0.04550
  Ep01 step 8000/13600: loss = 0.04653
  Ep01 step 8100/13600: loss = 0.04880
  Ep01 step 8200/13600: loss = 0.04401
  Ep01 step 8300/13600: loss = 0.04610
  Ep01 step 8400/13600: loss = 0.04302
  Ep01 step 8500/13600: loss = 0.04481
  Ep01 step 8600/13600: loss = 0.04573
  Ep01 step 8700/13600: loss = 0.04157
  Ep01 step 8800/13600: loss = 0.05721
  Ep01 step 8900/13600: loss = 0.04935
  Ep01 step 9000/13600: loss = 0.04875
  Ep01 step 9100/13600: loss = 0.04543
  Ep01 step 9200/13600: loss = 0.05013
  Ep01 step 9300/13600: loss = 0.05102
  Ep01 step 9400/13600: loss = 0.05545
  Ep01 step 9500/13600: loss = 0.04503
  Ep01 step 9600/13600: loss = 0.04859
  Ep01 step 9700/13600: loss = 0.04350
  Ep01 step 9800/13600: loss = 0.04595
  Ep01 step 9900/13600: loss = 0.05318
  Ep01 step 10000/13600: loss = 0.04123
  Ep01 step 10100/13600: loss = 0.04983
  Ep01 step 10200/13600: loss = 0.04527
  Ep01 step 10300/13600: loss = 0.04801
  Ep01 step 10400/13600: loss = 0.04890
  Ep01 step 10500/13600: loss = 0.04992
  Ep01 step 10600/13600: loss = 0.04766
  Ep01 step 10700/13600: loss = 0.04619
  Ep01 step 10800/13600: loss = 0.04498
  Ep01 step 10900/13600: loss = 0.04784
  Ep01 step 11000/13600: loss = 0.04635
  Ep01 step 11100/13600: loss = 0.04864
  Ep01 step 11200/13600: loss = 0.05302
  Ep01 step 11300/13600: loss = 0.04355
  Ep01 step 11400/13600: loss = 0.04463
  Ep01 step 11500/13600: loss = 0.04342
  Ep01 step 11600/13600: loss = 0.04783
  Ep01 step 11700/13600: loss = 0.05341
  Ep01 step 11800/13600: loss = 0.04931
  Ep01 step 11900/13600: loss = 0.04310
  Ep01 step 12000/13600: loss = 0.04813
  Ep01 step 12100/13600: loss = 0.05263
  Ep01 step 12200/13600: loss = 0.05301
  Ep01 step 12300/13600: loss = 0.05290
  Ep01 step 12400/13600: loss = 0.05756
  Ep01 step 12500/13600: loss = 0.05073
  Ep01 step 12600/13600: loss = 0.04199
  Ep01 step 12700/13600: loss = 0.04832
  Ep01 step 12800/13600: loss = 0.05331
  Ep01 step 12900/13600: loss = 0.04882
  Ep01 step 13000/13600: loss = 0.05087
  Ep01 step 13100/13600: loss = 0.04868
  Ep01 step 13200/13600: loss = 0.04969
  Ep01 step 13300/13600: loss = 0.04963
  Ep01 step 13400/13600: loss = 0.05709
  Ep01 step 13500/13600: loss = 0.04060
  Ep01 step 13600/13600: loss = 0.04587

Epoch 01/6 | train=0.04941 val=0.07159 | AUC=['0.999', '0.998', '0.995', '0.995'] PR=['0.992', '0.984', '0.972', '0.981'] | CASCADE-only AUC=['0.999', '0.997', '0.993', '0.994'] PR=['0.972', '0.960', '0.944', '0.964'] | mono_viol=0.00000 | 1341s

  Ep02 step  100/13600: loss = 0.04641
  Ep02 step  200/13600: loss = 0.04995
  Ep02 step  300/13600: loss = 0.04988
  Ep02 step  400/13600: loss = 0.04753
  Ep02 step  500/13600: loss = 0.04159
  Ep02 step  600/13600: loss = 0.05253
  Ep02 step  700/13600: loss = 0.04080
  Ep02 step  800/13600: loss = 0.04611
  Ep02 step  900/13600: loss = 0.04685
  Ep02 step 1000/13600: loss = 0.04969
  Ep02 step 1100/13600: loss = 0.05183
  Ep02 step 1200/13600: loss = 0.04615
  Ep02 step 1300/13600: loss = 0.05004
  Ep02 step 1400/13600: loss = 0.04878
  Ep02 step 1500/13600: loss = 0.06398
  Ep02 step 1600/13600: loss = 0.04287
  Ep02 step 1700/13600: loss = 0.04525
  Ep02 step 1800/13600: loss = 0.05332
  Ep02 step 1900/13600: loss = 0.05248
  Ep02 step 2000/13600: loss = 0.05163
  Ep02 step 2100/13600: loss = 0.04372
  Ep02 step 2200/13600: loss = 0.04975
  Ep02 step 2300/13600: loss = 0.04962
  Ep02 step 2400/13600: loss = 0.04314
  Ep02 step 2500/13600: loss = 0.05091
  Ep02 step 2600/13600: loss = 0.04499
  Ep02 step 2700/13600: loss = 0.04391
  Ep02 step 2800/13600: loss = 0.05007
  Ep02 step 2900/13600: loss = 0.04682
  Ep02 step 3000/13600: loss = 0.04491
  Ep02 step 3100/13600: loss = 0.05203
  Ep02 step 3200/13600: loss = 0.04492
  Ep02 step 3300/13600: loss = 0.05220
  Ep02 step 3400/13600: loss = 0.04094
  Ep02 step 3500/13600: loss = 0.04685
  Ep02 step 3600/13600: loss = 0.04706
  Ep02 step 3700/13600: loss = 0.05077
  Ep02 step 3800/13600: loss = 0.04773
  Ep02 step 3900/13600: loss = 0.04904
  Ep02 step 4000/13600: loss = 0.04943
  Ep02 step 4100/13600: loss = 0.04663
  Ep02 step 4200/13600: loss = 0.05107
  Ep02 step 4300/13600: loss = 0.04729
  Ep02 step 4400/13600: loss = 0.03760
  Ep02 step 4500/13600: loss = 0.04635
  Ep02 step 4600/13600: loss = 0.05093
  Ep02 step 4700/13600: loss = 0.04910
  Ep02 step 4800/13600: loss = 0.05359
  Ep02 step 4900/13600: loss = 0.04670
  Ep02 step 5000/13600: loss = 0.05187
  Ep02 step 5100/13600: loss = 0.04756
  Ep02 step 5200/13600: loss = 0.04488
  Ep02 step 5300/13600: loss = 0.04821
  Ep02 step 5400/13600: loss = 0.04332
  Ep02 step 5500/13600: loss = 0.04857
  Ep02 step 5600/13600: loss = 0.04696
  Ep02 step 5700/13600: loss = 0.04152
  Ep02 step 5800/13600: loss = 0.04062
  Ep02 step 5900/13600: loss = 0.05424
  Ep02 step 6000/13600: loss = 0.04702
  Ep02 step 6100/13600: loss = 0.05151
  Ep02 step 6200/13600: loss = 0.04394
  Ep02 step 6300/13600: loss = 0.04651
  Ep02 step 6400/13600: loss = 0.04584
  Ep02 step 6500/13600: loss = 0.04895
  Ep02 step 6600/13600: loss = 0.04926
  Ep02 step 6700/13600: loss = 0.04095
  Ep02 step 6800/13600: loss = 0.04221
  Ep02 step 6900/13600: loss = 0.04564
  Ep02 step 7000/13600: loss = 0.04050
  Ep02 step 7100/13600: loss = 0.04975
  Ep02 step 7200/13600: loss = 0.04738
  Ep02 step 7300/13600: loss = 0.05186
  Ep02 step 7400/13600: loss = 0.04413
  Ep02 step 7500/13600: loss = 0.04086
  Ep02 step 7600/13600: loss = 0.03923
  Ep02 step 7700/13600: loss = 0.04576
  Ep02 step 7800/13600: loss = 0.05458
  Ep02 step 7900/13600: loss = 0.04710
  Ep02 step 8000/13600: loss = 0.04445
  Ep02 step 8100/13600: loss = 0.05090
  Ep02 step 8200/13600: loss = 0.05179
  Ep02 step 8300/13600: loss = 0.04793
  Ep02 step 8400/13600: loss = 0.04352
  Ep02 step 8500/13600: loss = 0.04512
  Ep02 step 8600/13600: loss = 0.04381
  Ep02 step 8700/13600: loss = 0.04653
  Ep02 step 8800/13600: loss = 0.04658
  Ep02 step 8900/13600: loss = 0.05282
  Ep02 step 9000/13600: loss = 0.05254
  Ep02 step 9100/13600: loss = 0.04256
  Ep02 step 9200/13600: loss = 0.05302
  Ep02 step 9300/13600: loss = 0.05123
  Ep02 step 9400/13600: loss = 0.04581
  Ep02 step 9500/13600: loss = 0.05043
  Ep02 step 9600/13600: loss = 0.04611
  Ep02 step 9700/13600: loss = 0.05196
  Ep02 step 9800/13600: loss = 0.04145
  Ep02 step 9900/13600: loss = 0.04738
  Ep02 step 10000/13600: loss = 0.05570
  Ep02 step 10100/13600: loss = 0.04084
  Ep02 step 10200/13600: loss = 0.05310
  Ep02 step 10300/13600: loss = 0.04678
  Ep02 step 10400/13600: loss = 0.04787
  Ep02 step 10500/13600: loss = 0.04585
  Ep02 step 10600/13600: loss = 0.05399
  Ep02 step 10700/13600: loss = 0.04154
  Ep02 step 10800/13600: loss = 0.04942
  Ep02 step 10900/13600: loss = 0.04521
  Ep02 step 11000/13600: loss = 0.05339
  Ep02 step 11100/13600: loss = 0.04915
  Ep02 step 11200/13600: loss = 0.04078
  Ep02 step 11300/13600: loss = 0.05166
  Ep02 step 11400/13600: loss = 0.05149
  Ep02 step 11500/13600: loss = 0.04620
  Ep02 step 11600/13600: loss = 0.05730
  Ep02 step 11700/13600: loss = 0.04216
  Ep02 step 11800/13600: loss = 0.05005
  Ep02 step 11900/13600: loss = 0.04997
  Ep02 step 12000/13600: loss = 0.04543
  Ep02 step 12100/13600: loss = 0.04421
  Ep02 step 12200/13600: loss = 0.04162
  Ep02 step 12300/13600: loss = 0.04706
  Ep02 step 12400/13600: loss = 0.04633
  Ep02 step 12500/13600: loss = 0.04855
  Ep02 step 12600/13600: loss = 0.03989
  Ep02 step 12700/13600: loss = 0.05580
  Ep02 step 12800/13600: loss = 0.05893
  Ep02 step 12900/13600: loss = 0.05124
  Ep02 step 13000/13600: loss = 0.04569
  Ep02 step 13100/13600: loss = 0.04168
  Ep02 step 13200/13600: loss = 0.04560
  Ep02 step 13300/13600: loss = 0.04742
  Ep02 step 13400/13600: loss = 0.03805
  Ep02 step 13500/13600: loss = 0.05032
  Ep02 step 13600/13600: loss = 0.04714

Epoch 02/6 | train=0.04757 val=0.07062 | AUC=['0.999', '0.999', '0.996', '0.996'] PR=['0.992', '0.988', '0.976', '0.982'] | CASCADE-only AUC=['0.999', '0.998', '0.994', '0.995'] PR=['0.969', '0.968', '0.951', '0.966'] | mono_viol=0.00000 | 2009s

  [checkpoint] best.pt updated (epoch 2, val_loss=0.07062)
  Ep03 step  100/13600: loss = 0.04818
  Ep03 step  200/13600: loss = 0.04346
  Ep03 step  300/13600: loss = 0.04303
  Ep03 step  400/13600: loss = 0.04619
  Ep03 step  500/13600: loss = 0.05298
  Ep03 step  600/13600: loss = 0.04830
  Ep03 step  700/13600: loss = 0.04133
  Ep03 step  800/13600: loss = 0.05414
  Ep03 step  900/13600: loss = 0.04784
  Ep03 step 1000/13600: loss = 0.05079
  Ep03 step 1100/13600: loss = 0.04139
  Ep03 step 1200/13600: loss = 0.04476
  Ep03 step 1300/13600: loss = 0.04201
  Ep03 step 1400/13600: loss = 0.04906
  Ep03 step 1500/13600: loss = 0.05115
  Ep03 step 1600/13600: loss = 0.04706
  Ep03 step 1700/13600: loss = 0.04363
  Ep03 step 1800/13600: loss = 0.04329
  Ep03 step 1900/13600: loss = 0.03935
  Ep03 step 2000/13600: loss = 0.04941
  Ep03 step 2100/13600: loss = 0.05085
  Ep03 step 2200/13600: loss = 0.04611
  Ep03 step 2300/13600: loss = 0.04381
  Ep03 step 2400/13600: loss = 0.05118
  Ep03 step 2500/13600: loss = 0.04742
  Ep03 step 2600/13600: loss = 0.04629
  Ep03 step 2700/13600: loss = 0.04675
  Ep03 step 2800/13600: loss = 0.04810
  Ep03 step 2900/13600: loss = 0.04654
  Ep03 step 3000/13600: loss = 0.04361
  Ep03 step 3100/13600: loss = 0.04710
  Ep03 step 3200/13600: loss = 0.05009
  Ep03 step 3300/13600: loss = 0.05422
  Ep03 step 3400/13600: loss = 0.03973
  Ep03 step 3500/13600: loss = 0.05188
  Ep03 step 3600/13600: loss = 0.04259
  Ep03 step 3700/13600: loss = 0.05297
  Ep03 step 3800/13600: loss = 0.04702
  Ep03 step 3900/13600: loss = 0.04391
  Ep03 step 4000/13600: loss = 0.04579
  Ep03 step 4100/13600: loss = 0.04976
  Ep03 step 4200/13600: loss = 0.05194
  Ep03 step 4300/13600: loss = 0.04701
  Ep03 step 4400/13600: loss = 0.04791
  Ep03 step 4500/13600: loss = 0.04788
  Ep03 step 4600/13600: loss = 0.04623
  Ep03 step 4700/13600: loss = 0.04758
  Ep03 step 4800/13600: loss = 0.04577
  Ep03 step 4900/13600: loss = 0.04853
  Ep03 step 5000/13600: loss = 0.03494
  Ep03 step 5100/13600: loss = 0.05064
  Ep03 step 5200/13600: loss = 0.04971
  Ep03 step 5300/13600: loss = 0.04024
  Ep03 step 5400/13600: loss = 0.04837
  Ep03 step 5500/13600: loss = 0.03863
  Ep03 step 5600/13600: loss = 0.04141
  Ep03 step 5700/13600: loss = 0.04580
  Ep03 step 5800/13600: loss = 0.05351
  Ep03 step 5900/13600: loss = 0.05159
  Ep03 step 6000/13600: loss = 0.04819
  Ep03 step 6100/13600: loss = 0.05306
  Ep03 step 6200/13600: loss = 0.05182
  Ep03 step 6300/13600: loss = 0.04648
  Ep03 step 6400/13600: loss = 0.04039
  Ep03 step 6500/13600: loss = 0.04567
  Ep03 step 6600/13600: loss = 0.05064
  Ep03 step 6700/13600: loss = 0.04246
  Ep03 step 6800/13600: loss = 0.04514
  Ep03 step 6900/13600: loss = 0.04547
  Ep03 step 7000/13600: loss = 0.04514
  Ep03 step 7100/13600: loss = 0.04400
  Ep03 step 7200/13600: loss = 0.04596
  Ep03 step 7300/13600: loss = 0.04718
  Ep03 step 7400/13600: loss = 0.04883
  Ep03 step 7500/13600: loss = 0.03898
  Ep03 step 7600/13600: loss = 0.04507
  Ep03 step 7700/13600: loss = 0.04699
  Ep03 step 7800/13600: loss = 0.04521
  Ep03 step 7900/13600: loss = 0.05039
  Ep03 step 8000/13600: loss = 0.04831
  Ep03 step 8100/13600: loss = 0.05825
  Ep03 step 8200/13600: loss = 0.04290
  Ep03 step 8300/13600: loss = 0.05312
  Ep03 step 8400/13600: loss = 0.05096
  Ep03 step 8500/13600: loss = 0.04839
  Ep03 step 8600/13600: loss = 0.03791
  Ep03 step 8700/13600: loss = 0.05104
  Ep03 step 8800/13600: loss = 0.04199
  Ep03 step 8900/13600: loss = 0.04413
  Ep03 step 9000/13600: loss = 0.04238
  Ep03 step 9100/13600: loss = 0.04099
  Ep03 step 9200/13600: loss = 0.03987
  Ep03 step 9300/13600: loss = 0.04583
  Ep03 step 9400/13600: loss = 0.04750
  Ep03 step 9500/13600: loss = 0.04979
  Ep03 step 9600/13600: loss = 0.04455
  Ep03 step 9700/13600: loss = 0.04255
  Ep03 step 9800/13600: loss = 0.04685
  Ep03 step 9900/13600: loss = 0.05146
  Ep03 step 10000/13600: loss = 0.04671
  Ep03 step 10100/13600: loss = 0.04760
  Ep03 step 10200/13600: loss = 0.04931
  Ep03 step 10300/13600: loss = 0.04805
  Ep03 step 10400/13600: loss = 0.04663
  Ep03 step 10500/13600: loss = 0.04561
  Ep03 step 10600/13600: loss = 0.03939
  Ep03 step 10700/13600: loss = 0.05741
  Ep03 step 10800/13600: loss = 0.04580
  Ep03 step 10900/13600: loss = 0.04314
  Ep03 step 11000/13600: loss = 0.04519
  Ep03 step 11100/13600: loss = 0.04642
  Ep03 step 11200/13600: loss = 0.04407
  Ep03 step 11300/13600: loss = 0.04671
  Ep03 step 11400/13600: loss = 0.03856
  Ep03 step 11500/13600: loss = 0.03821
  Ep03 step 11600/13600: loss = 0.05019
  Ep03 step 11700/13600: loss = 0.04612
  Ep03 step 11800/13600: loss = 0.04514
  Ep03 step 11900/13600: loss = 0.05043
  Ep03 step 12000/13600: loss = 0.04909
  Ep03 step 12100/13600: loss = 0.05008
  Ep03 step 12200/13600: loss = 0.04749
  Ep03 step 12300/13600: loss = 0.05760
  Ep03 step 12400/13600: loss = 0.04510
  Ep03 step 12500/13600: loss = 0.04461
  Ep03 step 12600/13600: loss = 0.04951
  Ep03 step 12700/13600: loss = 0.05062
  Ep03 step 12800/13600: loss = 0.04452
  Ep03 step 12900/13600: loss = 0.03684
  Ep03 step 13000/13600: loss = 0.04687
  Ep03 step 13100/13600: loss = 0.04845
  Ep03 step 13200/13600: loss = 0.04858
  Ep03 step 13300/13600: loss = 0.04169
  Ep03 step 13400/13600: loss = 0.04790
  Ep03 step 13500/13600: loss = 0.05216
  Ep03 step 13600/13600: loss = 0.04335

Epoch 03/6 | train=0.04663 val=0.06688 | AUC=['0.999', '0.999', '0.996', '0.997'] PR=['0.993', '0.989', '0.979', '0.986'] | CASCADE-only AUC=['0.999', '0.998', '0.995', '0.996'] PR=['0.974', '0.972', '0.958', '0.974'] | mono_viol=0.00000 | 2678s

  [checkpoint] best.pt updated (epoch 3, val_loss=0.06688)
  Ep04 step  100/13600: loss = 0.04700
  Ep04 step  200/13600: loss = 0.04123
  Ep04 step  300/13600: loss = 0.04204
  Ep04 step  400/13600: loss = 0.04871
  Ep04 step  500/13600: loss = 0.04300
  Ep04 step  600/13600: loss = 0.04603
  Ep04 step  700/13600: loss = 0.04562
  Ep04 step  800/13600: loss = 0.05392
  Ep04 step  900/13600: loss = 0.04424
  Ep04 step 1000/13600: loss = 0.04804
  Ep04 step 1100/13600: loss = 0.04360
  Ep04 step 1200/13600: loss = 0.04445
  Ep04 step 1300/13600: loss = 0.04376
  Ep04 step 1400/13600: loss = 0.05339
  Ep04 step 1500/13600: loss = 0.04447
  Ep04 step 1600/13600: loss = 0.03561
  Ep04 step 1700/13600: loss = 0.04539
  Ep04 step 1800/13600: loss = 0.04569
  Ep04 step 1900/13600: loss = 0.04939
  Ep04 step 2000/13600: loss = 0.04859
  Ep04 step 2100/13600: loss = 0.05290
  Ep04 step 2200/13600: loss = 0.05269
  Ep04 step 2300/13600: loss = 0.04603
  Ep04 step 2400/13600: loss = 0.04104
  Ep04 step 2500/13600: loss = 0.04710
  Ep04 step 2600/13600: loss = 0.03806
  Ep04 step 2700/13600: loss = 0.05321
  Ep04 step 2800/13600: loss = 0.04082
  Ep04 step 2900/13600: loss = 0.04385
  Ep04 step 3000/13600: loss = 0.04357
  Ep04 step 3100/13600: loss = 0.05481
  Ep04 step 3200/13600: loss = 0.04919
  Ep04 step 3300/13600: loss = 0.03973
  Ep04 step 3400/13600: loss = 0.04233
  Ep04 step 3500/13600: loss = 0.04614
  Ep04 step 3600/13600: loss = 0.04701
  Ep04 step 3700/13600: loss = 0.05116
  Ep04 step 3800/13600: loss = 0.04631
  Ep04 step 3900/13600: loss = 0.04848
  Ep04 step 4000/13600: loss = 0.04768
  Ep04 step 4100/13600: loss = 0.04883
  Ep04 step 4200/13600: loss = 0.04573
  Ep04 step 4300/13600: loss = 0.04580
  Ep04 step 4400/13600: loss = 0.05185
  Ep04 step 4500/13600: loss = 0.04142
  Ep04 step 4600/13600: loss = 0.05095
  Ep04 step 4700/13600: loss = 0.04620
  Ep04 step 4800/13600: loss = 0.05058
  Ep04 step 4900/13600: loss = 0.04171
  Ep04 step 5000/13600: loss = 0.04085
  Ep04 step 5100/13600: loss = 0.04909
  Ep04 step 5200/13600: loss = 0.04521
  Ep04 step 5300/13600: loss = 0.04636
  Ep04 step 5400/13600: loss = 0.04918
  Ep04 step 5500/13600: loss = 0.04519
  Ep04 step 5600/13600: loss = 0.05421
  Ep04 step 5700/13600: loss = 0.04994
  Ep04 step 5800/13600: loss = 0.04488
  Ep04 step 5900/13600: loss = 0.04318
  Ep04 step 6000/13600: loss = 0.03454
  Ep04 step 6100/13600: loss = 0.04859
  Ep04 step 6200/13600: loss = 0.03513
  Ep04 step 6300/13600: loss = 0.03817
  Ep04 step 6400/13600: loss = 0.04264
  Ep04 step 6500/13600: loss = 0.04103
  Ep04 step 6600/13600: loss = 0.04036
  Ep04 step 6700/13600: loss = 0.04447
  Ep04 step 6800/13600: loss = 0.04810
  Ep04 step 6900/13600: loss = 0.04706
  Ep04 step 7000/13600: loss = 0.04223
  Ep04 step 7100/13600: loss = 0.04095
  Ep04 step 7200/13600: loss = 0.04194
  Ep04 step 7300/13600: loss = 0.05220
  Ep04 step 7400/13600: loss = 0.04830
  Ep04 step 7500/13600: loss = 0.04342
  Ep04 step 7600/13600: loss = 0.04333
  Ep04 step 7700/13600: loss = 0.04663
  Ep04 step 7800/13600: loss = 0.04367
  Ep04 step 7900/13600: loss = 0.05635
  Ep04 step 8000/13600: loss = 0.04729
  Ep04 step 8100/13600: loss = 0.04180
  Ep04 step 8200/13600: loss = 0.04053
  Ep04 step 8300/13600: loss = 0.04876
  Ep04 step 8400/13600: loss = 0.03860
  Ep04 step 8500/13600: loss = 0.04154
  Ep04 step 8600/13600: loss = 0.04340
  Ep04 step 8700/13600: loss = 0.04726
  Ep04 step 8800/13600: loss = 0.04411
  Ep04 step 8900/13600: loss = 0.04412
  Ep04 step 9000/13600: loss = 0.04444
  Ep04 step 9100/13600: loss = 0.04078
  Ep04 step 9200/13600: loss = 0.04104
  Ep04 step 9300/13600: loss = 0.04666
  Ep04 step 9400/13600: loss = 0.04168
  Ep04 step 9500/13600: loss = 0.04517
  Ep04 step 9600/13600: loss = 0.04945
  Ep04 step 9700/13600: loss = 0.05754
  Ep04 step 9800/13600: loss = 0.05689
  Ep04 step 9900/13600: loss = 0.04552
  Ep04 step 10000/13600: loss = 0.05098
  Ep04 step 10100/13600: loss = 0.04615
  Ep04 step 10200/13600: loss = 0.04043
  Ep04 step 10300/13600: loss = 0.04916
  Ep04 step 10400/13600: loss = 0.05485
  Ep04 step 10500/13600: loss = 0.04745
  Ep04 step 10600/13600: loss = 0.03908
  Ep04 step 10700/13600: loss = 0.05739
  Ep04 step 10800/13600: loss = 0.05176
  Ep04 step 10900/13600: loss = 0.04594
  Ep04 step 11000/13600: loss = 0.04708
  Ep04 step 11100/13600: loss = 0.04314
  Ep04 step 11200/13600: loss = 0.05238
  Ep04 step 11300/13600: loss = 0.05003
  Ep04 step 11400/13600: loss = 0.03718
  Ep04 step 11500/13600: loss = 0.04463
  Ep04 step 11600/13600: loss = 0.03493
  Ep04 step 11700/13600: loss = 0.04628
  Ep04 step 11800/13600: loss = 0.04652
  Ep04 step 11900/13600: loss = 0.04370
  Ep04 step 12000/13600: loss = 0.04595
  Ep04 step 12100/13600: loss = 0.05661
  Ep04 step 12200/13600: loss = 0.04424
  Ep04 step 12300/13600: loss = 0.04335
  Ep04 step 12400/13600: loss = 0.03503
  Ep04 step 12500/13600: loss = 0.04557
  Ep04 step 12600/13600: loss = 0.04471
  Ep04 step 12700/13600: loss = 0.04530
  Ep04 step 12800/13600: loss = 0.03617
  Ep04 step 12900/13600: loss = 0.05272
  Ep04 step 13000/13600: loss = 0.04453
  Ep04 step 13100/13600: loss = 0.04602
  Ep04 step 13200/13600: loss = 0.04748
  Ep04 step 13300/13600: loss = 0.05370
  Ep04 step 13400/13600: loss = 0.04721
  Ep04 step 13500/13600: loss = 0.04472
  Ep04 step 13600/13600: loss = 0.04882

Epoch 04/6 | train=0.04584 val=0.06909 | AUC=['0.999', '0.999', '0.996', '0.996'] PR=['0.993', '0.989', '0.979', '0.985'] | CASCADE-only AUC=['0.999', '0.998', '0.995', '0.995'] PR=['0.974', '0.969', '0.956', '0.972'] | mono_viol=0.00000 | 3346s

  Ep05 step  100/13600: loss = 0.04321
  Ep05 step  200/13600: loss = 0.03575
  Ep05 step  300/13600: loss = 0.04355
  Ep05 step  400/13600: loss = 0.04231
  Ep05 step  500/13600: loss = 0.03902
  Ep05 step  600/13600: loss = 0.04634
  Ep05 step  700/13600: loss = 0.05485
  Ep05 step  800/13600: loss = 0.04943
  Ep05 step  900/13600: loss = 0.04712
  Ep05 step 1000/13600: loss = 0.05036
  Ep05 step 1100/13600: loss = 0.05026
  Ep05 step 1200/13600: loss = 0.05210
  Ep05 step 1300/13600: loss = 0.04355
  Ep05 step 1400/13600: loss = 0.04420
  Ep05 step 1500/13600: loss = 0.04767
  Ep05 step 1600/13600: loss = 0.04840
  Ep05 step 1700/13600: loss = 0.04667
  Ep05 step 1800/13600: loss = 0.04652
  Ep05 step 1900/13600: loss = 0.05158
  Ep05 step 2000/13600: loss = 0.03878
  Ep05 step 2100/13600: loss = 0.04585
  Ep05 step 2200/13600: loss = 0.04092
  Ep05 step 2300/13600: loss = 0.04727
  Ep05 step 2400/13600: loss = 0.03725
  Ep05 step 2500/13600: loss = 0.04817
  Ep05 step 2600/13600: loss = 0.04174
  Ep05 step 2700/13600: loss = 0.04645
  Ep05 step 2800/13600: loss = 0.04715
  Ep05 step 2900/13600: loss = 0.04662
  Ep05 step 3000/13600: loss = 0.04671
  Ep05 step 3100/13600: loss = 0.04886
  Ep05 step 3200/13600: loss = 0.04320
  Ep05 step 3300/13600: loss = 0.05437
  Ep05 step 3400/13600: loss = 0.04475
  Ep05 step 3500/13600: loss = 0.04289
  Ep05 step 3600/13600: loss = 0.04287
  Ep05 step 3700/13600: loss = 0.05093
  Ep05 step 3800/13600: loss = 0.04480
  Ep05 step 3900/13600: loss = 0.04074
  Ep05 step 4000/13600: loss = 0.04360
  Ep05 step 4100/13600: loss = 0.04813
  Ep05 step 4200/13600: loss = 0.05277
  Ep05 step 4300/13600: loss = 0.03726
  Ep05 step 4400/13600: loss = 0.04537
  Ep05 step 4500/13600: loss = 0.04592
  Ep05 step 4600/13600: loss = 0.03861
  Ep05 step 4700/13600: loss = 0.04367
  Ep05 step 4800/13600: loss = 0.04239
  Ep05 step 4900/13600: loss = 0.05062
  Ep05 step 5000/13600: loss = 0.04920
  Ep05 step 5100/13600: loss = 0.05164
  Ep05 step 5200/13600: loss = 0.04433
  Ep05 step 5300/13600: loss = 0.04546
  Ep05 step 5400/13600: loss = 0.04631
  Ep05 step 5500/13600: loss = 0.03964
  Ep05 step 5600/13600: loss = 0.04743
  Ep05 step 5700/13600: loss = 0.04634
  Ep05 step 5800/13600: loss = 0.04008
  Ep05 step 5900/13600: loss = 0.04714
  Ep05 step 6000/13600: loss = 0.04320
  Ep05 step 6100/13600: loss = 0.04638
  Ep05 step 6200/13600: loss = 0.04580
  Ep05 step 6300/13600: loss = 0.04573
  Ep05 step 6400/13600: loss = 0.04791
  Ep05 step 6500/13600: loss = 0.04146
  Ep05 step 6600/13600: loss = 0.04501
  Ep05 step 6700/13600: loss = 0.04045
  Ep05 step 6800/13600: loss = 0.03759
  Ep05 step 6900/13600: loss = 0.05574
  Ep05 step 7000/13600: loss = 0.04121
  Ep05 step 7100/13600: loss = 0.04673
  Ep05 step 7200/13600: loss = 0.04468
  Ep05 step 7300/13600: loss = 0.04663
  Ep05 step 7400/13600: loss = 0.04632
  Ep05 step 7500/13600: loss = 0.04284
  Ep05 step 7600/13600: loss = 0.04170
  Ep05 step 7700/13600: loss = 0.04236
  Ep05 step 7800/13600: loss = 0.04638
  Ep05 step 7900/13600: loss = 0.04903
  Ep05 step 8000/13600: loss = 0.04708
  Ep05 step 8100/13600: loss = 0.04595
  Ep05 step 8200/13600: loss = 0.03952
  Ep05 step 8300/13600: loss = 0.04832
  Ep05 step 8400/13600: loss = 0.03977
  Ep05 step 8500/13600: loss = 0.04627
  Ep05 step 8600/13600: loss = 0.04232
  Ep05 step 8700/13600: loss = 0.05083
  Ep05 step 8800/13600: loss = 0.04301
  Ep05 step 8900/13600: loss = 0.04350
  Ep05 step 9000/13600: loss = 0.05157
  Ep05 step 9100/13600: loss = 0.05226
  Ep05 step 9200/13600: loss = 0.04329
  Ep05 step 9300/13600: loss = 0.04194
  Ep05 step 9400/13600: loss = 0.04827
  Ep05 step 9500/13600: loss = 0.05150
  Ep05 step 9600/13600: loss = 0.05045
  Ep05 step 9700/13600: loss = 0.04231
  Ep05 step 9800/13600: loss = 0.04784
  Ep05 step 9900/13600: loss = 0.04071
  Ep05 step 10000/13600: loss = 0.04870
  Ep05 step 10100/13600: loss = 0.04041
  Ep05 step 10200/13600: loss = 0.04279
  Ep05 step 10300/13600: loss = 0.04697
  Ep05 step 10400/13600: loss = 0.05009
  Ep05 step 10500/13600: loss = 0.03508
  Ep05 step 10600/13600: loss = 0.04194
  Ep05 step 10700/13600: loss = 0.05222
  Ep05 step 10800/13600: loss = 0.04754
  Ep05 step 10900/13600: loss = 0.04658
  Ep05 step 11000/13600: loss = 0.04629
  Ep05 step 11100/13600: loss = 0.05039
  Ep05 step 11200/13600: loss = 0.04424
  Ep05 step 11300/13600: loss = 0.04958
  Ep05 step 11400/13600: loss = 0.04928
  Ep05 step 11500/13600: loss = 0.05014
  Ep05 step 11600/13600: loss = 0.04813
  Ep05 step 11700/13600: loss = 0.04069
  Ep05 step 11800/13600: loss = 0.04672
  Ep05 step 11900/13600: loss = 0.05518
  Ep05 step 12000/13600: loss = 0.04109
  Ep05 step 12100/13600: loss = 0.03573
  Ep05 step 12200/13600: loss = 0.05103
  Ep05 step 12300/13600: loss = 0.03967
  Ep05 step 12400/13600: loss = 0.04026
  Ep05 step 12500/13600: loss = 0.04692
  Ep05 step 12600/13600: loss = 0.04655
  Ep05 step 12700/13600: loss = 0.04854
  Ep05 step 12800/13600: loss = 0.04946
  Ep05 step 12900/13600: loss = 0.05097
  Ep05 step 13000/13600: loss = 0.04512
  Ep05 step 13100/13600: loss = 0.04301
  Ep05 step 13200/13600: loss = 0.05161
  Ep05 step 13300/13600: loss = 0.04749
  Ep05 step 13400/13600: loss = 0.04578
  Ep05 step 13500/13600: loss = 0.04410
  Ep05 step 13600/13600: loss = 0.04054

Epoch 05/6 | train=0.04562 val=0.06573 | AUC=['0.999', '0.999', '0.996', '0.996'] PR=['0.993', '0.989', '0.980', '0.985'] | CASCADE-only AUC=['0.999', '0.998', '0.995', '0.995'] PR=['0.974', '0.971', '0.959', '0.971'] | mono_viol=0.00000 | 4014s

  [checkpoint] best.pt updated (epoch 5, val_loss=0.06573)
[held-out geoclaw_2050] test_loss=0.09367 mono_viol=0.00000 (1000 runs)
  ALL-nodes     AUC=[0.9982177263498306, 0.9984527967572212, 0.9942236846685409, 0.997193178832531]  PR=[0.9868112384500689, 0.994527872906784, 0.9847240665991562, 0.9944356211617803]
  CASCADE-only  AUC=[0.9968316060304642, 0.9979745545387269, 0.9928272931575776, 0.9967461626529693]  PR=[0.9599449222050732, 0.9908712795817001, 0.9770720188841022, 0.9924039415982633]
[held-out syn_ts_914_6_1p2955] test_loss=0.03351 mono_viol=0.00000 (1000 runs)
  ALL-nodes     AUC=[0.9999011995792388, 0.9996650720238686, 0.999314736545086, 0.9990128729343414]  PR=[0.9971905445488172, 0.9926105192485255, 0.9873188427114697, 0.9880464180897095]
  CASCADE-only  AUC=[0.9998060396909714, 0.9994301040768623, 0.9989512527585029, 0.9985840290784835]  PR=[0.9888321466439348, 0.9785100497246465, 0.9697909286952076, 0.9751236008510351]
[held-out syn_ts_258_9_3p0022] test_loss=0.08244 mono_viol=0.00000 (1000 runs)
  ALL-nodes     AUC=[0.9988047349452972, 0.9987760109305381, 0.9951234104633331, 0.9971300238370895]  PR=[0.9918735979379673, 0.99585601374168, 0.9869846778590666, 0.9941719523801079]
  CASCADE-only  AUC=[0.997715362727642, 0.9983063200116158, 0.9935921631455421, 0.996521452844143]  PR=[0.9714208903982545, 0.9923392620052416, 0.9783640120826832, 0.9913124600336385]
[held-out syn_ts_605_5_3p7563] test_loss=0.13834 mono_viol=0.00000 (1000 runs)
  ALL-nodes     AUC=[0.9928879476189614, 0.9949132863879204, 0.9914306058287621, 0.9965123457312584]  PR=[0.9809627060218564, 0.9904423916746555, 0.986087275077448, 0.9958403716456995]
  CASCADE-only  AUC=[0.9866004079580307, 0.9922941406965256, 0.9880810113549232, 0.9954925481677055]  PR=[0.9397148666526615, 0.9799510770213009, 0.9738564824578216, 0.9930459848435848]
[held-out syn_ts_808_27_3p7885] test_loss=0.08316 mono_viol=0.00000 (1000 runs)
  ALL-nodes     AUC=[0.9978772082924843, 0.9980371397137642, 0.9948384088277816, 0.9975910754799843]  PR=[0.9895449913420367, 0.9947230221244652, 0.9886757711863919, 0.9958800075903781]
  CASCADE-only  AUC=[0.9959689459204674, 0.9972110133171082, 0.9931247357130051, 0.9970145747065544]  PR=[0.9638676760455195, 0.9897700956719651, 0.9804661127988596, 0.9935962327459319]
