task=7 arm=mix57_same variant=plain cell=dynamic_timing torch_seed=1 set=w29_all head=hazard labels=/scratch/tj2587/results/dynamic_v1/arrival_h360 labels2=/scratch/tj2587/results/gissr48_v1/arrival_h360 timing=1 context=unset ckpt=/scratch/tj2587/results/gnn_morestorms_v1/mix57_same_plain_dynamic_timing_s1 smoke=0 commit=967d122 uncommitted_files=0
[gate] CUDA OK: NVIDIA L40S
[gate] heterodata data/graph/nyc_infra_heterodata_v1_frozen_failover_edges.pt: total=6231 -> OK
[gate] set w29_all: 70 storms, 57 for training, 13 held out; in both folders []; missing [] -> OK
[gate] timing table data/flood/timing/node_timing_jesse22_plus_gissr48_v1.csv: storms without rows [] -> OK
[gate] variant plain: storm context off, timing inputs on -> OK
[gate] head switch present: ('independent', 'hazard')
=== TRAIN MODE — full training ===
torch seed set: 1
Train: 45600  Val: 11400  (57 scenarios) | Test held-out: ['geoclaw_2050', 'syn_ts_914_6_1p2955', 'syn_ts_258_9_3p0022', 'syn_ts_605_5_3p7563', 'syn_ts_808_27_3p7885', 'syn2_t449w6_wl2p103', 'syn2_t580w24_wl2p439', 'syn2_t934c34_wl2p777', 'syn2_t270w17_wl3p116', 'syn2_t33w13_wl3p458', 'syn2_t857w1_wl3p800', 'syn2_t116w1_wl4p130', 'syn2_t198w16_wl4p722'] (13000 runs)
Subsampled train to 13600
Subsampled val to 3400
Model parameters: 697,112  head=hazard
Device: cuda
[timing-features] loaded 71 scenarios from data/flood/timing/node_timing_jesse22_plus_gissr48_v1.csv (features ('arrival_h', 'duration_h', 'time_to_peak_h'), scaled by 96 h)
  Ep00 step  100/13600: loss = 0.52041
  Ep00 step  200/13600: loss = 0.31538
  Ep00 step  300/13600: loss = 0.27487
  Ep00 step  400/13600: loss = 0.25789
  Ep00 step  500/13600: loss = 0.25509
  Ep00 step  600/13600: loss = 0.23591
  Ep00 step  700/13600: loss = 0.23401
  Ep00 step  800/13600: loss = 0.23114
  Ep00 step  900/13600: loss = 0.22172
  Ep00 step 1000/13600: loss = 0.23512
  Ep00 step 1100/13600: loss = 0.21353
  Ep00 step 1200/13600: loss = 0.21544
  Ep00 step 1300/13600: loss = 0.21469
  Ep00 step 1400/13600: loss = 0.21788
  Ep00 step 1500/13600: loss = 0.21811
  Ep00 step 1600/13600: loss = 0.20362
  Ep00 step 1700/13600: loss = 0.20397
  Ep00 step 1800/13600: loss = 0.20787
  Ep00 step 1900/13600: loss = 0.20575
  Ep00 step 2000/13600: loss = 0.21141
  Ep00 step 2100/13600: loss = 0.20737
  Ep00 step 2200/13600: loss = 0.21330
  Ep00 step 2300/13600: loss = 0.20223
  Ep00 step 2400/13600: loss = 0.20394
  Ep00 step 2500/13600: loss = 0.20401
  Ep00 step 2600/13600: loss = 0.20381
  Ep00 step 2700/13600: loss = 0.20794
  Ep00 step 2800/13600: loss = 0.19700
  Ep00 step 2900/13600: loss = 0.19511
  Ep00 step 3000/13600: loss = 0.19214
  Ep00 step 3100/13600: loss = 0.19141
  Ep00 step 3200/13600: loss = 0.19930
  Ep00 step 3300/13600: loss = 0.19607
  Ep00 step 3400/13600: loss = 0.19444
  Ep00 step 3500/13600: loss = 0.19662
  Ep00 step 3600/13600: loss = 0.18190
  Ep00 step 3700/13600: loss = 0.18081
  Ep00 step 3800/13600: loss = 0.19120
  Ep00 step 3900/13600: loss = 0.19154
  Ep00 step 4000/13600: loss = 0.18359
  Ep00 step 4100/13600: loss = 0.18476
  Ep00 step 4200/13600: loss = 0.17626
  Ep00 step 4300/13600: loss = 0.18221
  Ep00 step 4400/13600: loss = 0.19360
  Ep00 step 4500/13600: loss = 0.18143
  Ep00 step 4600/13600: loss = 0.17987
  Ep00 step 4700/13600: loss = 0.18599
  Ep00 step 4800/13600: loss = 0.18734
  Ep00 step 4900/13600: loss = 0.18414
  Ep00 step 5000/13600: loss = 0.18545
  Ep00 step 5100/13600: loss = 0.18171
  Ep00 step 5200/13600: loss = 0.18509
  Ep00 step 5300/13600: loss = 0.18571
  Ep00 step 5400/13600: loss = 0.17930
  Ep00 step 5500/13600: loss = 0.18465
  Ep00 step 5600/13600: loss = 0.17776
  Ep00 step 5700/13600: loss = 0.18301
  Ep00 step 5800/13600: loss = 0.18748
  Ep00 step 5900/13600: loss = 0.18192
  Ep00 step 6000/13600: loss = 0.17844
  Ep00 step 6100/13600: loss = 0.18228
  Ep00 step 6200/13600: loss = 0.17745
  Ep00 step 6300/13600: loss = 0.17771
  Ep00 step 6400/13600: loss = 0.17929
  Ep00 step 6500/13600: loss = 0.17604
  Ep00 step 6600/13600: loss = 0.18001
  Ep00 step 6700/13600: loss = 0.17513
  Ep00 step 6800/13600: loss = 0.17257
  Ep00 step 6900/13600: loss = 0.17903
  Ep00 step 7000/13600: loss = 0.17593
  Ep00 step 7100/13600: loss = 0.17749
  Ep00 step 7200/13600: loss = 0.17359
  Ep00 step 7300/13600: loss = 0.18012
  Ep00 step 7400/13600: loss = 0.17259
  Ep00 step 7500/13600: loss = 0.17612
  Ep00 step 7600/13600: loss = 0.17590
  Ep00 step 7700/13600: loss = 0.17094
  Ep00 step 7800/13600: loss = 0.17428
  Ep00 step 7900/13600: loss = 0.17451
  Ep00 step 8000/13600: loss = 0.17215
  Ep00 step 8100/13600: loss = 0.17158
  Ep00 step 8200/13600: loss = 0.17288
  Ep00 step 8300/13600: loss = 0.16992
  Ep00 step 8400/13600: loss = 0.17351
  Ep00 step 8500/13600: loss = 0.16977
  Ep00 step 8600/13600: loss = 0.17419
  Ep00 step 8700/13600: loss = 0.17354
  Ep00 step 8800/13600: loss = 0.17010
  Ep00 step 8900/13600: loss = 0.17046
  Ep00 step 9000/13600: loss = 0.16923
  Ep00 step 9100/13600: loss = 0.17651
  Ep00 step 9200/13600: loss = 0.17378
  Ep00 step 9300/13600: loss = 0.16916
  Ep00 step 9400/13600: loss = 0.16908
  Ep00 step 9500/13600: loss = 0.16994
  Ep00 step 9600/13600: loss = 0.16931
  Ep00 step 9700/13600: loss = 0.16695
  Ep00 step 9800/13600: loss = 0.17313
  Ep00 step 9900/13600: loss = 0.17140
  Ep00 step 10000/13600: loss = 0.17176
  Ep00 step 10100/13600: loss = 0.17892
  Ep00 step 10200/13600: loss = 0.16805
  Ep00 step 10300/13600: loss = 0.16703
  Ep00 step 10400/13600: loss = 0.17382
  Ep00 step 10500/13600: loss = 0.16744
  Ep00 step 10600/13600: loss = 0.16987
  Ep00 step 10700/13600: loss = 0.16428
  Ep00 step 10800/13600: loss = 0.17203
  Ep00 step 10900/13600: loss = 0.17271
  Ep00 step 11000/13600: loss = 0.15868
  Ep00 step 11100/13600: loss = 0.17002
  Ep00 step 11200/13600: loss = 0.17000
  Ep00 step 11300/13600: loss = 0.17281
  Ep00 step 11400/13600: loss = 0.17130
  Ep00 step 11500/13600: loss = 0.16849
  Ep00 step 11600/13600: loss = 0.16899
  Ep00 step 11700/13600: loss = 0.16184
  Ep00 step 11800/13600: loss = 0.17180
  Ep00 step 11900/13600: loss = 0.16879
  Ep00 step 12000/13600: loss = 0.16969
  Ep00 step 12100/13600: loss = 0.16353
  Ep00 step 12200/13600: loss = 0.17185
  Ep00 step 12300/13600: loss = 0.16644
  Ep00 step 12400/13600: loss = 0.16627
  Ep00 step 12500/13600: loss = 0.16897
  Ep00 step 12600/13600: loss = 0.17221
  Ep00 step 12700/13600: loss = 0.16944
  Ep00 step 12800/13600: loss = 0.16548
  Ep00 step 12900/13600: loss = 0.16754
  Ep00 step 13000/13600: loss = 0.16592
  Ep00 step 13100/13600: loss = 0.17124
  Ep00 step 13200/13600: loss = 0.17054
  Ep00 step 13300/13600: loss = 0.16752
  Ep00 step 13400/13600: loss = 0.16317
  Ep00 step 13500/13600: loss = 0.16541
  Ep00 step 13600/13600: loss = 0.16649

Epoch 00/6 | train=0.18759 val=0.19210 | AUC=['0.993', '0.986', '0.981', '0.982'] PR=['0.961', '0.950', '0.942', '0.953'] | CASCADE-only AUC=['0.990', '0.982', '0.976', '0.978'] PR=['0.915', '0.911', '0.905', '0.927'] | mono_viol=0.00000 | 827s

  [checkpoint] best.pt updated (epoch 0, val_loss=0.19210)
  Ep01 step  100/13600: loss = 0.16518
  Ep01 step  200/13600: loss = 0.16707
  Ep01 step  300/13600: loss = 0.16995
  Ep01 step  400/13600: loss = 0.16621
  Ep01 step  500/13600: loss = 0.16781
  Ep01 step  600/13600: loss = 0.17367
  Ep01 step  700/13600: loss = 0.17143
  Ep01 step  800/13600: loss = 0.17172
  Ep01 step  900/13600: loss = 0.16828
  Ep01 step 1000/13600: loss = 0.16666
  Ep01 step 1100/13600: loss = 0.16308
  Ep01 step 1200/13600: loss = 0.16548
  Ep01 step 1300/13600: loss = 0.15891
  Ep01 step 1400/13600: loss = 0.16339
  Ep01 step 1500/13600: loss = 0.16537
  Ep01 step 1600/13600: loss = 0.16756
  Ep01 step 1700/13600: loss = 0.16609
  Ep01 step 1800/13600: loss = 0.16181
  Ep01 step 1900/13600: loss = 0.16270
  Ep01 step 2000/13600: loss = 0.16382
  Ep01 step 2100/13600: loss = 0.16392
  Ep01 step 2200/13600: loss = 0.16892
  Ep01 step 2300/13600: loss = 0.16440
  Ep01 step 2400/13600: loss = 0.16388
  Ep01 step 2500/13600: loss = 0.16340
  Ep01 step 2600/13600: loss = 0.17097
  Ep01 step 2700/13600: loss = 0.16578
  Ep01 step 2800/13600: loss = 0.17026
  Ep01 step 2900/13600: loss = 0.17162
  Ep01 step 3000/13600: loss = 0.16269
  Ep01 step 3100/13600: loss = 0.16224
  Ep01 step 3200/13600: loss = 0.16028
  Ep01 step 3300/13600: loss = 0.16501
  Ep01 step 3400/13600: loss = 0.16341
  Ep01 step 3500/13600: loss = 0.16275
  Ep01 step 3600/13600: loss = 0.16137
  Ep01 step 3700/13600: loss = 0.16357
  Ep01 step 3800/13600: loss = 0.16635
  Ep01 step 3900/13600: loss = 0.16486
  Ep01 step 4000/13600: loss = 0.16564
  Ep01 step 4100/13600: loss = 0.16705
  Ep01 step 4200/13600: loss = 0.15855
  Ep01 step 4300/13600: loss = 0.16718
  Ep01 step 4400/13600: loss = 0.16165
  Ep01 step 4500/13600: loss = 0.16262
  Ep01 step 4600/13600: loss = 0.16474
  Ep01 step 4700/13600: loss = 0.16242
  Ep01 step 4800/13600: loss = 0.16581
  Ep01 step 4900/13600: loss = 0.16448
  Ep01 step 5000/13600: loss = 0.16790
  Ep01 step 5100/13600: loss = 0.16130
  Ep01 step 5200/13600: loss = 0.16353
  Ep01 step 5300/13600: loss = 0.16776
  Ep01 step 5400/13600: loss = 0.15996
  Ep01 step 5500/13600: loss = 0.16097
  Ep01 step 5600/13600: loss = 0.16812
  Ep01 step 5700/13600: loss = 0.16404
  Ep01 step 5800/13600: loss = 0.16300
  Ep01 step 5900/13600: loss = 0.15869
  Ep01 step 6000/13600: loss = 0.16646
  Ep01 step 6100/13600: loss = 0.16517
  Ep01 step 6200/13600: loss = 0.16100
  Ep01 step 6300/13600: loss = 0.16561
  Ep01 step 6400/13600: loss = 0.17059
  Ep01 step 6500/13600: loss = 0.16433
  Ep01 step 6600/13600: loss = 0.16756
  Ep01 step 6700/13600: loss = 0.16598
  Ep01 step 6800/13600: loss = 0.16064
  Ep01 step 6900/13600: loss = 0.16034
  Ep01 step 7000/13600: loss = 0.16345
  Ep01 step 7100/13600: loss = 0.16251
  Ep01 step 7200/13600: loss = 0.16078
  Ep01 step 7300/13600: loss = 0.16425
  Ep01 step 7400/13600: loss = 0.16194
  Ep01 step 7500/13600: loss = 0.16530
  Ep01 step 7600/13600: loss = 0.16651
  Ep01 step 7700/13600: loss = 0.16360
  Ep01 step 7800/13600: loss = 0.16239
  Ep01 step 7900/13600: loss = 0.16102
  Ep01 step 8000/13600: loss = 0.16542
  Ep01 step 8100/13600: loss = 0.16356
  Ep01 step 8200/13600: loss = 0.16194
  Ep01 step 8300/13600: loss = 0.16122
  Ep01 step 8400/13600: loss = 0.16366
  Ep01 step 8500/13600: loss = 0.15604
  Ep01 step 8600/13600: loss = 0.16889
  Ep01 step 8700/13600: loss = 0.16367
  Ep01 step 8800/13600: loss = 0.16024
  Ep01 step 8900/13600: loss = 0.16729
  Ep01 step 9000/13600: loss = 0.15462
  Ep01 step 9100/13600: loss = 0.16239
  Ep01 step 9200/13600: loss = 0.15916
  Ep01 step 9300/13600: loss = 0.16247
  Ep01 step 9400/13600: loss = 0.16536
  Ep01 step 9500/13600: loss = 0.16477
  Ep01 step 9600/13600: loss = 0.16658
  Ep01 step 9700/13600: loss = 0.16052
  Ep01 step 9800/13600: loss = 0.16489
  Ep01 step 9900/13600: loss = 0.16265
  Ep01 step 10000/13600: loss = 0.16477
  Ep01 step 10100/13600: loss = 0.16707
  Ep01 step 10200/13600: loss = 0.15908
  Ep01 step 10300/13600: loss = 0.15783
  Ep01 step 10400/13600: loss = 0.16264
  Ep01 step 10500/13600: loss = 0.16857
  Ep01 step 10600/13600: loss = 0.15723
  Ep01 step 10700/13600: loss = 0.16520
  Ep01 step 10800/13600: loss = 0.16141
  Ep01 step 10900/13600: loss = 0.16434
  Ep01 step 11000/13600: loss = 0.16792
  Ep01 step 11100/13600: loss = 0.16304
  Ep01 step 11200/13600: loss = 0.16417
  Ep01 step 11300/13600: loss = 0.15723
  Ep01 step 11400/13600: loss = 0.16865
  Ep01 step 11500/13600: loss = 0.16746
  Ep01 step 11600/13600: loss = 0.16056
  Ep01 step 11700/13600: loss = 0.16068
  Ep01 step 11800/13600: loss = 0.16270
  Ep01 step 11900/13600: loss = 0.15615
  Ep01 step 12000/13600: loss = 0.16387
  Ep01 step 12100/13600: loss = 0.16148
  Ep01 step 12200/13600: loss = 0.16366
  Ep01 step 12300/13600: loss = 0.16006
  Ep01 step 12400/13600: loss = 0.16304
  Ep01 step 12500/13600: loss = 0.16059
  Ep01 step 12600/13600: loss = 0.16249
  Ep01 step 12700/13600: loss = 0.16255
  Ep01 step 12800/13600: loss = 0.15726
  Ep01 step 12900/13600: loss = 0.15807
  Ep01 step 13000/13600: loss = 0.16292
  Ep01 step 13100/13600: loss = 0.16102
  Ep01 step 13200/13600: loss = 0.15680
  Ep01 step 13300/13600: loss = 0.16349
  Ep01 step 13400/13600: loss = 0.16211
  Ep01 step 13500/13600: loss = 0.16046
  Ep01 step 13600/13600: loss = 0.15993

Epoch 01/6 | train=0.16374 val=0.18989 | AUC=['0.993', '0.986', '0.980', '0.982'] PR=['0.958', '0.948', '0.939', '0.951'] | CASCADE-only AUC=['0.989', '0.981', '0.975', '0.977'] PR=['0.911', '0.908', '0.901', '0.924'] | mono_viol=0.00000 | 1649s

  [checkpoint] best.pt updated (epoch 1, val_loss=0.18989)
  Ep02 step  100/13600: loss = 0.15857
  Ep02 step  200/13600: loss = 0.16487
  Ep02 step  300/13600: loss = 0.15671
  Ep02 step  400/13600: loss = 0.16368
  Ep02 step  500/13600: loss = 0.15571
  Ep02 step  600/13600: loss = 0.16302
  Ep02 step  700/13600: loss = 0.15798
  Ep02 step  800/13600: loss = 0.16754
  Ep02 step  900/13600: loss = 0.15470
  Ep02 step 1000/13600: loss = 0.16421
  Ep02 step 1100/13600: loss = 0.16205
  Ep02 step 1200/13600: loss = 0.15794
  Ep02 step 1300/13600: loss = 0.16283
  Ep02 step 1400/13600: loss = 0.16420
  Ep02 step 1500/13600: loss = 0.15788
  Ep02 step 1600/13600: loss = 0.16518
  Ep02 step 1700/13600: loss = 0.15882
  Ep02 step 1800/13600: loss = 0.16040
  Ep02 step 1900/13600: loss = 0.15984
  Ep02 step 2000/13600: loss = 0.15575
  Ep02 step 2100/13600: loss = 0.16315
  Ep02 step 2200/13600: loss = 0.16337
  Ep02 step 2300/13600: loss = 0.16259
  Ep02 step 2400/13600: loss = 0.16068
  Ep02 step 2500/13600: loss = 0.16505
  Ep02 step 2600/13600: loss = 0.15799
  Ep02 step 2700/13600: loss = 0.16405
  Ep02 step 2800/13600: loss = 0.16997
  Ep02 step 2900/13600: loss = 0.16302
  Ep02 step 3000/13600: loss = 0.15603
  Ep02 step 3100/13600: loss = 0.15954
  Ep02 step 3200/13600: loss = 0.16224
  Ep02 step 3300/13600: loss = 0.16327
  Ep02 step 3400/13600: loss = 0.16017
  Ep02 step 3500/13600: loss = 0.15843
  Ep02 step 3600/13600: loss = 0.16131
  Ep02 step 3700/13600: loss = 0.16438
  Ep02 step 3800/13600: loss = 0.16176
  Ep02 step 3900/13600: loss = 0.16063
  Ep02 step 4000/13600: loss = 0.16334
  Ep02 step 4100/13600: loss = 0.16092
  Ep02 step 4200/13600: loss = 0.16010
  Ep02 step 4300/13600: loss = 0.16111
  Ep02 step 4400/13600: loss = 0.16078
  Ep02 step 4500/13600: loss = 0.16317
  Ep02 step 4600/13600: loss = 0.16145
  Ep02 step 4700/13600: loss = 0.16027
  Ep02 step 4800/13600: loss = 0.15927
  Ep02 step 4900/13600: loss = 0.15688
  Ep02 step 5000/13600: loss = 0.16409
  Ep02 step 5100/13600: loss = 0.16134
  Ep02 step 5200/13600: loss = 0.16154
  Ep02 step 5300/13600: loss = 0.16332
  Ep02 step 5400/13600: loss = 0.16316
  Ep02 step 5500/13600: loss = 0.16558
  Ep02 step 5600/13600: loss = 0.16150
  Ep02 step 5700/13600: loss = 0.15631
  Ep02 step 5800/13600: loss = 0.15528
  Ep02 step 5900/13600: loss = 0.16198
  Ep02 step 6000/13600: loss = 0.16470
  Ep02 step 6100/13600: loss = 0.16203
  Ep02 step 6200/13600: loss = 0.15893
  Ep02 step 6300/13600: loss = 0.15637
  Ep02 step 6400/13600: loss = 0.16342
  Ep02 step 6500/13600: loss = 0.16301
  Ep02 step 6600/13600: loss = 0.15725
  Ep02 step 6700/13600: loss = 0.15983
  Ep02 step 6800/13600: loss = 0.15867
  Ep02 step 6900/13600: loss = 0.17158
  Ep02 step 7000/13600: loss = 0.16220
  Ep02 step 7100/13600: loss = 0.15479
  Ep02 step 7200/13600: loss = 0.15893
  Ep02 step 7300/13600: loss = 0.16534
  Ep02 step 7400/13600: loss = 0.15932
  Ep02 step 7500/13600: loss = 0.15289
  Ep02 step 7600/13600: loss = 0.16147
  Ep02 step 7700/13600: loss = 0.16460
  Ep02 step 7800/13600: loss = 0.16034
  Ep02 step 7900/13600: loss = 0.16303
  Ep02 step 8000/13600: loss = 0.15887
  Ep02 step 8100/13600: loss = 0.16019
  Ep02 step 8200/13600: loss = 0.16394
  Ep02 step 8300/13600: loss = 0.16116
  Ep02 step 8400/13600: loss = 0.15600
  Ep02 step 8500/13600: loss = 0.15627
  Ep02 step 8600/13600: loss = 0.16607
  Ep02 step 8700/13600: loss = 0.15378
  Ep02 step 8800/13600: loss = 0.15812
  Ep02 step 8900/13600: loss = 0.16169
  Ep02 step 9000/13600: loss = 0.15857
  Ep02 step 9100/13600: loss = 0.15953
  Ep02 step 9200/13600: loss = 0.15839
  Ep02 step 9300/13600: loss = 0.16740
  Ep02 step 9400/13600: loss = 0.16112
  Ep02 step 9500/13600: loss = 0.15929
  Ep02 step 9600/13600: loss = 0.16754
  Ep02 step 9700/13600: loss = 0.16390
  Ep02 step 9800/13600: loss = 0.16104
  Ep02 step 9900/13600: loss = 0.16132
  Ep02 step 10000/13600: loss = 0.15617
  Ep02 step 10100/13600: loss = 0.15789
  Ep02 step 10200/13600: loss = 0.15663
  Ep02 step 10300/13600: loss = 0.15404
  Ep02 step 10400/13600: loss = 0.15484
  Ep02 step 10500/13600: loss = 0.15709
  Ep02 step 10600/13600: loss = 0.15934
  Ep02 step 10700/13600: loss = 0.16284
  Ep02 step 10800/13600: loss = 0.16222
  Ep02 step 10900/13600: loss = 0.16284
  Ep02 step 11000/13600: loss = 0.15440
  Ep02 step 11100/13600: loss = 0.15932
  Ep02 step 11200/13600: loss = 0.15166
  Ep02 step 11300/13600: loss = 0.16032
  Ep02 step 11400/13600: loss = 0.16219
  Ep02 step 11500/13600: loss = 0.16384
  Ep02 step 11600/13600: loss = 0.15971
  Ep02 step 11700/13600: loss = 0.16189
  Ep02 step 11800/13600: loss = 0.16343
  Ep02 step 11900/13600: loss = 0.15956
  Ep02 step 12000/13600: loss = 0.16103
  Ep02 step 12100/13600: loss = 0.16085
  Ep02 step 12200/13600: loss = 0.16135
  Ep02 step 12300/13600: loss = 0.15533
  Ep02 step 12400/13600: loss = 0.15256
  Ep02 step 12500/13600: loss = 0.15641
  Ep02 step 12600/13600: loss = 0.16227
  Ep02 step 12700/13600: loss = 0.15649
  Ep02 step 12800/13600: loss = 0.16054
  Ep02 step 12900/13600: loss = 0.15684
  Ep02 step 13000/13600: loss = 0.16340
  Ep02 step 13100/13600: loss = 0.16009
  Ep02 step 13200/13600: loss = 0.15518
  Ep02 step 13300/13600: loss = 0.15643
  Ep02 step 13400/13600: loss = 0.16092
  Ep02 step 13500/13600: loss = 0.15839
  Ep02 step 13600/13600: loss = 0.15854

Epoch 02/6 | train=0.16045 val=0.18885 | AUC=['0.993', '0.986', '0.981', '0.983'] PR=['0.959', '0.950', '0.942', '0.954'] | CASCADE-only AUC=['0.990', '0.981', '0.976', '0.979'] PR=['0.914', '0.911', '0.904', '0.926'] | mono_viol=0.00000 | 2476s

  [checkpoint] best.pt updated (epoch 2, val_loss=0.18885)
  Ep03 step  100/13600: loss = 0.15803
  Ep03 step  200/13600: loss = 0.15990
  Ep03 step  300/13600: loss = 0.15807
  Ep03 step  400/13600: loss = 0.15524
  Ep03 step  500/13600: loss = 0.15816
  Ep03 step  600/13600: loss = 0.16326
  Ep03 step  700/13600: loss = 0.16079
  Ep03 step  800/13600: loss = 0.15980
  Ep03 step  900/13600: loss = 0.15588
  Ep03 step 1000/13600: loss = 0.15325
  Ep03 step 1100/13600: loss = 0.16007
  Ep03 step 1200/13600: loss = 0.14915
  Ep03 step 1300/13600: loss = 0.16917
  Ep03 step 1400/13600: loss = 0.16068
  Ep03 step 1500/13600: loss = 0.16084
  Ep03 step 1600/13600: loss = 0.15409
  Ep03 step 1700/13600: loss = 0.15827
  Ep03 step 1800/13600: loss = 0.16274
  Ep03 step 1900/13600: loss = 0.15727
  Ep03 step 2000/13600: loss = 0.15608
  Ep03 step 2100/13600: loss = 0.15550
  Ep03 step 2200/13600: loss = 0.15955
  Ep03 step 2300/13600: loss = 0.15871
  Ep03 step 2400/13600: loss = 0.16504
  Ep03 step 2500/13600: loss = 0.15933
  Ep03 step 2600/13600: loss = 0.16721
  Ep03 step 2700/13600: loss = 0.16024
  Ep03 step 2800/13600: loss = 0.16072
  Ep03 step 2900/13600: loss = 0.15805
  Ep03 step 3000/13600: loss = 0.15486
  Ep03 step 3100/13600: loss = 0.16130
  Ep03 step 3200/13600: loss = 0.15708
  Ep03 step 3300/13600: loss = 0.16780
  Ep03 step 3400/13600: loss = 0.15746
  Ep03 step 3500/13600: loss = 0.16196
  Ep03 step 3600/13600: loss = 0.15961
  Ep03 step 3700/13600: loss = 0.15551
  Ep03 step 3800/13600: loss = 0.15378
  Ep03 step 3900/13600: loss = 0.16087
  Ep03 step 4000/13600: loss = 0.15911
  Ep03 step 4100/13600: loss = 0.16134
  Ep03 step 4200/13600: loss = 0.15353
  Ep03 step 4300/13600: loss = 0.15949
  Ep03 step 4400/13600: loss = 0.15831
  Ep03 step 4500/13600: loss = 0.15223
  Ep03 step 4600/13600: loss = 0.15645
  Ep03 step 4700/13600: loss = 0.16416
  Ep03 step 4800/13600: loss = 0.16492
  Ep03 step 4900/13600: loss = 0.15873
  Ep03 step 5000/13600: loss = 0.15828
  Ep03 step 5100/13600: loss = 0.15964
  Ep03 step 5200/13600: loss = 0.16641
  Ep03 step 5300/13600: loss = 0.15680
  Ep03 step 5400/13600: loss = 0.15093
  Ep03 step 5500/13600: loss = 0.16322
  Ep03 step 5600/13600: loss = 0.15832
  Ep03 step 5700/13600: loss = 0.16121
  Ep03 step 5800/13600: loss = 0.16078
  Ep03 step 5900/13600: loss = 0.16278
  Ep03 step 6000/13600: loss = 0.16076
  Ep03 step 6100/13600: loss = 0.15365
  Ep03 step 6200/13600: loss = 0.15385
  Ep03 step 6300/13600: loss = 0.15986
  Ep03 step 6400/13600: loss = 0.15656
  Ep03 step 6500/13600: loss = 0.15214
  Ep03 step 6600/13600: loss = 0.16442
  Ep03 step 6700/13600: loss = 0.16132
  Ep03 step 6800/13600: loss = 0.15939
  Ep03 step 6900/13600: loss = 0.15601
  Ep03 step 7000/13600: loss = 0.16639
  Ep03 step 7100/13600: loss = 0.15730
  Ep03 step 7200/13600: loss = 0.16703
  Ep03 step 7300/13600: loss = 0.15844
  Ep03 step 7400/13600: loss = 0.15870
  Ep03 step 7500/13600: loss = 0.15808
  Ep03 step 7600/13600: loss = 0.15591
  Ep03 step 7700/13600: loss = 0.16301
  Ep03 step 7800/13600: loss = 0.16240
  Ep03 step 7900/13600: loss = 0.15777
  Ep03 step 8000/13600: loss = 0.15666
  Ep03 step 8100/13600: loss = 0.15727
  Ep03 step 8200/13600: loss = 0.15587
  Ep03 step 8300/13600: loss = 0.15819
  Ep03 step 8400/13600: loss = 0.15476
  Ep03 step 8500/13600: loss = 0.15706
  Ep03 step 8600/13600: loss = 0.16381
  Ep03 step 8700/13600: loss = 0.15538
  Ep03 step 8800/13600: loss = 0.15958
  Ep03 step 8900/13600: loss = 0.16127
  Ep03 step 9000/13600: loss = 0.15533
  Ep03 step 9100/13600: loss = 0.15562
  Ep03 step 9200/13600: loss = 0.15893
  Ep03 step 9300/13600: loss = 0.15712
  Ep03 step 9400/13600: loss = 0.15888
  Ep03 step 9500/13600: loss = 0.15697
  Ep03 step 9600/13600: loss = 0.15905
  Ep03 step 9700/13600: loss = 0.15501
  Ep03 step 9800/13600: loss = 0.15956
  Ep03 step 9900/13600: loss = 0.16389
  Ep03 step 10000/13600: loss = 0.16167
  Ep03 step 10100/13600: loss = 0.15600
  Ep03 step 10200/13600: loss = 0.15712
  Ep03 step 10300/13600: loss = 0.16091
  Ep03 step 10400/13600: loss = 0.15900
  Ep03 step 10500/13600: loss = 0.15693
  Ep03 step 10600/13600: loss = 0.15834
  Ep03 step 10700/13600: loss = 0.15923
  Ep03 step 10800/13600: loss = 0.15296
  Ep03 step 10900/13600: loss = 0.15810
  Ep03 step 11000/13600: loss = 0.16084
  Ep03 step 11100/13600: loss = 0.16214
  Ep03 step 11200/13600: loss = 0.15948
  Ep03 step 11300/13600: loss = 0.16530
  Ep03 step 11400/13600: loss = 0.16376
  Ep03 step 11500/13600: loss = 0.15737
  Ep03 step 11600/13600: loss = 0.16391
  Ep03 step 11700/13600: loss = 0.15023
  Ep03 step 11800/13600: loss = 0.16752
  Ep03 step 11900/13600: loss = 0.15681
  Ep03 step 12000/13600: loss = 0.15563
  Ep03 step 12100/13600: loss = 0.15445
  Ep03 step 12200/13600: loss = 0.16166
  Ep03 step 12300/13600: loss = 0.15872
  Ep03 step 12400/13600: loss = 0.15326
  Ep03 step 12500/13600: loss = 0.15707
  Ep03 step 12600/13600: loss = 0.15730
  Ep03 step 12700/13600: loss = 0.15908
  Ep03 step 12800/13600: loss = 0.16003
  Ep03 step 12900/13600: loss = 0.15960
  Ep03 step 13000/13600: loss = 0.15874
  Ep03 step 13100/13600: loss = 0.15301
  Ep03 step 13200/13600: loss = 0.15828
  Ep03 step 13300/13600: loss = 0.16195
  Ep03 step 13400/13600: loss = 0.15869
  Ep03 step 13500/13600: loss = 0.15596
  Ep03 step 13600/13600: loss = 0.15871

Epoch 03/6 | train=0.15886 val=0.18762 | AUC=['0.994', '0.988', '0.982', '0.985'] PR=['0.962', '0.954', '0.945', '0.956'] | CASCADE-only AUC=['0.991', '0.983', '0.978', '0.981'] PR=['0.919', '0.917', '0.909', '0.931'] | mono_viol=0.00000 | 3300s

  [checkpoint] best.pt updated (epoch 3, val_loss=0.18762)
  Ep04 step  100/13600: loss = 0.16056
  Ep04 step  200/13600: loss = 0.15644
  Ep04 step  300/13600: loss = 0.16135
  Ep04 step  400/13600: loss = 0.16149
  Ep04 step  500/13600: loss = 0.15857
  Ep04 step  600/13600: loss = 0.15581
  Ep04 step  700/13600: loss = 0.16599
  Ep04 step  800/13600: loss = 0.16016
  Ep04 step  900/13600: loss = 0.15781
  Ep04 step 1000/13600: loss = 0.15837
  Ep04 step 1100/13600: loss = 0.15903
  Ep04 step 1200/13600: loss = 0.15653
  Ep04 step 1300/13600: loss = 0.15993
  Ep04 step 1400/13600: loss = 0.16108
  Ep04 step 1500/13600: loss = 0.16123
  Ep04 step 1600/13600: loss = 0.15619
  Ep04 step 1700/13600: loss = 0.15982
  Ep04 step 1800/13600: loss = 0.16312
  Ep04 step 1900/13600: loss = 0.16249
  Ep04 step 2000/13600: loss = 0.15793
  Ep04 step 2100/13600: loss = 0.15966
  Ep04 step 2200/13600: loss = 0.15743
  Ep04 step 2300/13600: loss = 0.16402
  Ep04 step 2400/13600: loss = 0.15644
  Ep04 step 2500/13600: loss = 0.15697
  Ep04 step 2600/13600: loss = 0.16079
  Ep04 step 2700/13600: loss = 0.15345
  Ep04 step 2800/13600: loss = 0.15660
  Ep04 step 2900/13600: loss = 0.15544
  Ep04 step 3000/13600: loss = 0.15578
  Ep04 step 3100/13600: loss = 0.16222
  Ep04 step 3200/13600: loss = 0.15701
  Ep04 step 3300/13600: loss = 0.15637
  Ep04 step 3400/13600: loss = 0.15830
  Ep04 step 3500/13600: loss = 0.16575
  Ep04 step 3600/13600: loss = 0.15699
  Ep04 step 3700/13600: loss = 0.15571
  Ep04 step 3800/13600: loss = 0.15911
  Ep04 step 3900/13600: loss = 0.15863
  Ep04 step 4000/13600: loss = 0.15825
  Ep04 step 4100/13600: loss = 0.15722
  Ep04 step 4200/13600: loss = 0.15553
  Ep04 step 4300/13600: loss = 0.16017
  Ep04 step 4400/13600: loss = 0.16324
  Ep04 step 4500/13600: loss = 0.16244
  Ep04 step 4600/13600: loss = 0.15428
  Ep04 step 4700/13600: loss = 0.15497
  Ep04 step 4800/13600: loss = 0.15916
  Ep04 step 4900/13600: loss = 0.16061
  Ep04 step 5000/13600: loss = 0.16111
  Ep04 step 5100/13600: loss = 0.15782
  Ep04 step 5200/13600: loss = 0.15726
  Ep04 step 5300/13600: loss = 0.15950
  Ep04 step 5400/13600: loss = 0.15717
  Ep04 step 5500/13600: loss = 0.15595
  Ep04 step 5600/13600: loss = 0.15631
  Ep04 step 5700/13600: loss = 0.15091
  Ep04 step 5800/13600: loss = 0.15564
  Ep04 step 5900/13600: loss = 0.15675
  Ep04 step 6000/13600: loss = 0.15572
  Ep04 step 6100/13600: loss = 0.16173
  Ep04 step 6200/13600: loss = 0.15797
  Ep04 step 6300/13600: loss = 0.15924
  Ep04 step 6400/13600: loss = 0.15815
  Ep04 step 6500/13600: loss = 0.15539
  Ep04 step 6600/13600: loss = 0.15408
  Ep04 step 6700/13600: loss = 0.15567
  Ep04 step 6800/13600: loss = 0.15943
  Ep04 step 6900/13600: loss = 0.15660
  Ep04 step 7000/13600: loss = 0.15257
  Ep04 step 7100/13600: loss = 0.15650
  Ep04 step 7200/13600: loss = 0.15738
  Ep04 step 7300/13600: loss = 0.15540
  Ep04 step 7400/13600: loss = 0.15969
  Ep04 step 7500/13600: loss = 0.15979
  Ep04 step 7600/13600: loss = 0.15543
  Ep04 step 7700/13600: loss = 0.15122
  Ep04 step 7800/13600: loss = 0.15552
  Ep04 step 7900/13600: loss = 0.15190
  Ep04 step 8000/13600: loss = 0.16475
  Ep04 step 8100/13600: loss = 0.15091
  Ep04 step 8200/13600: loss = 0.15686
  Ep04 step 8300/13600: loss = 0.15560
  Ep04 step 8400/13600: loss = 0.15747
  Ep04 step 8500/13600: loss = 0.15732
  Ep04 step 8600/13600: loss = 0.15853
  Ep04 step 8700/13600: loss = 0.15626
  Ep04 step 8800/13600: loss = 0.16124
  Ep04 step 8900/13600: loss = 0.15208
  Ep04 step 9000/13600: loss = 0.16595
  Ep04 step 9100/13600: loss = 0.16442
  Ep04 step 9200/13600: loss = 0.15776
  Ep04 step 9300/13600: loss = 0.15789
  Ep04 step 9400/13600: loss = 0.16090
  Ep04 step 9500/13600: loss = 0.15117
  Ep04 step 9600/13600: loss = 0.15615
  Ep04 step 9700/13600: loss = 0.15399
  Ep04 step 9800/13600: loss = 0.16337
  Ep04 step 9900/13600: loss = 0.15787
  Ep04 step 10000/13600: loss = 0.15776
  Ep04 step 10100/13600: loss = 0.15185
  Ep04 step 10200/13600: loss = 0.15773
  Ep04 step 10300/13600: loss = 0.15581
  Ep04 step 10400/13600: loss = 0.15974
  Ep04 step 10500/13600: loss = 0.16052
  Ep04 step 10600/13600: loss = 0.15964
  Ep04 step 10700/13600: loss = 0.15744
  Ep04 step 10800/13600: loss = 0.16045
  Ep04 step 10900/13600: loss = 0.15004
  Ep04 step 11000/13600: loss = 0.15415
  Ep04 step 11100/13600: loss = 0.15656
  Ep04 step 11200/13600: loss = 0.15842
  Ep04 step 11300/13600: loss = 0.15803
  Ep04 step 11400/13600: loss = 0.15225
  Ep04 step 11500/13600: loss = 0.15784
  Ep04 step 11600/13600: loss = 0.14950
  Ep04 step 11700/13600: loss = 0.15204
  Ep04 step 11800/13600: loss = 0.16429
  Ep04 step 11900/13600: loss = 0.15868
  Ep04 step 12000/13600: loss = 0.15790
  Ep04 step 12100/13600: loss = 0.15246
  Ep04 step 12200/13600: loss = 0.15834
  Ep04 step 12300/13600: loss = 0.15912
  Ep04 step 12400/13600: loss = 0.15681
  Ep04 step 12500/13600: loss = 0.15959
  Ep04 step 12600/13600: loss = 0.16039
  Ep04 step 12700/13600: loss = 0.15419
  Ep04 step 12800/13600: loss = 0.16341
  Ep04 step 12900/13600: loss = 0.15929
  Ep04 step 13000/13600: loss = 0.15475
  Ep04 step 13100/13600: loss = 0.15975
  Ep04 step 13200/13600: loss = 0.15061
  Ep04 step 13300/13600: loss = 0.15434
  Ep04 step 13400/13600: loss = 0.15766
  Ep04 step 13500/13600: loss = 0.16254
  Ep04 step 13600/13600: loss = 0.16050

Epoch 04/6 | train=0.15779 val=0.18683 | AUC=['0.994', '0.988', '0.982', '0.984'] PR=['0.962', '0.954', '0.945', '0.956'] | CASCADE-only AUC=['0.991', '0.983', '0.977', '0.980'] PR=['0.919', '0.917', '0.910', '0.932'] | mono_viol=0.00000 | 4123s

  [checkpoint] best.pt updated (epoch 4, val_loss=0.18683)
  Ep05 step  100/13600: loss = 0.15588
  Ep05 step  200/13600: loss = 0.15506
  Ep05 step  300/13600: loss = 0.15670
  Ep05 step  400/13600: loss = 0.15923
  Ep05 step  500/13600: loss = 0.15695
  Ep05 step  600/13600: loss = 0.15570
  Ep05 step  700/13600: loss = 0.15441
  Ep05 step  800/13600: loss = 0.15194
  Ep05 step  900/13600: loss = 0.15514
  Ep05 step 1000/13600: loss = 0.15950
  Ep05 step 1100/13600: loss = 0.16112
  Ep05 step 1200/13600: loss = 0.15819
  Ep05 step 1300/13600: loss = 0.15741
  Ep05 step 1400/13600: loss = 0.15715
  Ep05 step 1500/13600: loss = 0.16185
  Ep05 step 1600/13600: loss = 0.15488
  Ep05 step 1700/13600: loss = 0.15428
  Ep05 step 1800/13600: loss = 0.16104
  Ep05 step 1900/13600: loss = 0.16051
  Ep05 step 2000/13600: loss = 0.16272
  Ep05 step 2100/13600: loss = 0.16181
  Ep05 step 2200/13600: loss = 0.15834
  Ep05 step 2300/13600: loss = 0.14853
  Ep05 step 2400/13600: loss = 0.15454
  Ep05 step 2500/13600: loss = 0.15078
  Ep05 step 2600/13600: loss = 0.15974
  Ep05 step 2700/13600: loss = 0.15964
  Ep05 step 2800/13600: loss = 0.15413
  Ep05 step 2900/13600: loss = 0.15768
  Ep05 step 3000/13600: loss = 0.15530
  Ep05 step 3100/13600: loss = 0.15628
  Ep05 step 3200/13600: loss = 0.15775
  Ep05 step 3300/13600: loss = 0.15200
  Ep05 step 3400/13600: loss = 0.15318
  Ep05 step 3500/13600: loss = 0.16098
  Ep05 step 3600/13600: loss = 0.16020
  Ep05 step 3700/13600: loss = 0.15944
  Ep05 step 3800/13600: loss = 0.15944
  Ep05 step 3900/13600: loss = 0.15636
  Ep05 step 4000/13600: loss = 0.15277
  Ep05 step 4100/13600: loss = 0.16207
  Ep05 step 4200/13600: loss = 0.15558
  Ep05 step 4300/13600: loss = 0.15451
  Ep05 step 4400/13600: loss = 0.15922
  Ep05 step 4500/13600: loss = 0.16471
  Ep05 step 4600/13600: loss = 0.15924
  Ep05 step 4700/13600: loss = 0.16348
  Ep05 step 4800/13600: loss = 0.15222
  Ep05 step 4900/13600: loss = 0.15689
  Ep05 step 5000/13600: loss = 0.15874
  Ep05 step 5100/13600: loss = 0.15353
  Ep05 step 5200/13600: loss = 0.15597
  Ep05 step 5300/13600: loss = 0.16466
  Ep05 step 5400/13600: loss = 0.15824
  Ep05 step 5500/13600: loss = 0.15523
  Ep05 step 5600/13600: loss = 0.15412
  Ep05 step 5700/13600: loss = 0.15745
  Ep05 step 5800/13600: loss = 0.15724
  Ep05 step 5900/13600: loss = 0.15482
  Ep05 step 6000/13600: loss = 0.15308
  Ep05 step 6100/13600: loss = 0.15007
  Ep05 step 6200/13600: loss = 0.15636
  Ep05 step 6300/13600: loss = 0.15484
  Ep05 step 6400/13600: loss = 0.15453
  Ep05 step 6500/13600: loss = 0.15597
  Ep05 step 6600/13600: loss = 0.15798
  Ep05 step 6700/13600: loss = 0.15866
  Ep05 step 6800/13600: loss = 0.15908
  Ep05 step 6900/13600: loss = 0.15770
  Ep05 step 7000/13600: loss = 0.15439
  Ep05 step 7100/13600: loss = 0.15763
  Ep05 step 7200/13600: loss = 0.15721
  Ep05 step 7300/13600: loss = 0.15956
  Ep05 step 7400/13600: loss = 0.16012
  Ep05 step 7500/13600: loss = 0.15546
  Ep05 step 7600/13600: loss = 0.15289
  Ep05 step 7700/13600: loss = 0.15528
  Ep05 step 7800/13600: loss = 0.15584
  Ep05 step 7900/13600: loss = 0.15322
  Ep05 step 8000/13600: loss = 0.15759
  Ep05 step 8100/13600: loss = 0.15502
  Ep05 step 8200/13600: loss = 0.15288
  Ep05 step 8300/13600: loss = 0.15976
  Ep05 step 8400/13600: loss = 0.16079
  Ep05 step 8500/13600: loss = 0.16243
  Ep05 step 8600/13600: loss = 0.16020
  Ep05 step 8700/13600: loss = 0.15301
  Ep05 step 8800/13600: loss = 0.15645
  Ep05 step 8900/13600: loss = 0.15863
  Ep05 step 9000/13600: loss = 0.16028
  Ep05 step 9100/13600: loss = 0.15944
  Ep05 step 9200/13600: loss = 0.15700
  Ep05 step 9300/13600: loss = 0.15709
  Ep05 step 9400/13600: loss = 0.15850
  Ep05 step 9500/13600: loss = 0.16304
  Ep05 step 9600/13600: loss = 0.16293
  Ep05 step 9700/13600: loss = 0.15725
  Ep05 step 9800/13600: loss = 0.15720
  Ep05 step 9900/13600: loss = 0.15726
  Ep05 step 10000/13600: loss = 0.15481
  Ep05 step 10100/13600: loss = 0.15397
  Ep05 step 10200/13600: loss = 0.15638
  Ep05 step 10300/13600: loss = 0.15141
  Ep05 step 10400/13600: loss = 0.15327
  Ep05 step 10500/13600: loss = 0.15273
  Ep05 step 10600/13600: loss = 0.16142
  Ep05 step 10700/13600: loss = 0.15751
  Ep05 step 10800/13600: loss = 0.16208
  Ep05 step 10900/13600: loss = 0.15373
  Ep05 step 11000/13600: loss = 0.16033
  Ep05 step 11100/13600: loss = 0.15235
  Ep05 step 11200/13600: loss = 0.15307
  Ep05 step 11300/13600: loss = 0.16470
  Ep05 step 11400/13600: loss = 0.15696
  Ep05 step 11500/13600: loss = 0.15827
  Ep05 step 11600/13600: loss = 0.15857
  Ep05 step 11700/13600: loss = 0.15525
  Ep05 step 11800/13600: loss = 0.15656
  Ep05 step 11900/13600: loss = 0.15624
  Ep05 step 12000/13600: loss = 0.15665
  Ep05 step 12100/13600: loss = 0.14779
  Ep05 step 12200/13600: loss = 0.16223
  Ep05 step 12300/13600: loss = 0.16095
  Ep05 step 12400/13600: loss = 0.15809
  Ep05 step 12500/13600: loss = 0.15504
  Ep05 step 12600/13600: loss = 0.15723
  Ep05 step 12700/13600: loss = 0.15641
  Ep05 step 12800/13600: loss = 0.16047
  Ep05 step 12900/13600: loss = 0.15769
  Ep05 step 13000/13600: loss = 0.16237
  Ep05 step 13100/13600: loss = 0.15465
  Ep05 step 13200/13600: loss = 0.15718
  Ep05 step 13300/13600: loss = 0.15471
  Ep05 step 13400/13600: loss = 0.15284
  Ep05 step 13500/13600: loss = 0.15950
  Ep05 step 13600/13600: loss = 0.15618

Epoch 05/6 | train=0.15708 val=0.18873 | AUC=['0.994', '0.987', '0.981', '0.981'] PR=['0.961', '0.951', '0.941', '0.950'] | CASCADE-only AUC=['0.990', '0.982', '0.976', '0.977'] PR=['0.915', '0.913', '0.902', '0.921'] | mono_viol=0.00000 | 4945s

[held-out geoclaw_2050] test_loss=0.28738 mono_viol=0.00000 (1000 runs)
  ALL-nodes     AUC=[0.9892656920552254, 0.9850977432727813, 0.9785230764746666, 0.9845526319742203]  PR=[0.9629595038886437, 0.9707461996974649, 0.9656707085799546, 0.9845806511411038]
  CASCADE-only  AUC=[0.986383368730545, 0.9828128498792649, 0.9757192144989968, 0.9830821422338486]  PR=[0.9388915941369537, 0.9598059301088342, 0.9547675976593415, 0.9808605318804483]
[held-out syn_ts_914_6_1p2955] test_loss=0.14940 mono_viol=0.00000 (1000 runs)
  ALL-nodes     AUC=[0.9948030898571014, 0.9885009580254555, 0.9855307480692863, 0.9804217537045479]  PR=[0.9391751481435625, 0.9228241906468668, 0.9141655251823876, 0.8962040401646619]
  CASCADE-only  AUC=[0.990940075993538, 0.9826107577681541, 0.9790838461518288, 0.9725584617257118]  PR=[0.8595535860924272, 0.8603609324890595, 0.8528100920832365, 0.8336272997954149]
[held-out syn_ts_258_9_3p0022] test_loss=0.21161 mono_viol=0.00000 (1000 runs)
  ALL-nodes     AUC=[0.9942351135015488, 0.9866974402666092, 0.9821343095898628, 0.9897134802937507]  PR=[0.9797355564521029, 0.9714333206967541, 0.9684825621824943, 0.9870441320869411]
  CASCADE-only  AUC=[0.9923426737785339, 0.9837528358697891, 0.978938818871975, 0.9882384421825409]  PR=[0.9630788087319312, 0.9566550302403013, 0.9548846144715583, 0.9824763105240004]
[held-out syn_ts_605_5_3p7563] test_loss=0.27444 mono_viol=0.00000 (1000 runs)
  ALL-nodes     AUC=[0.9860216697454453, 0.9911739050149918, 0.9924816221594811, 0.9937821318507194]  PR=[0.9817234234305862, 0.9909742014933136, 0.9932641220005798, 0.9954382458902181]
  CASCADE-only  AUC=[0.9815106308460235, 0.988985725581646, 0.990770668208599, 0.9925665326118469]  PR=[0.9686462932912818, 0.9857913348937705, 0.9897266946109209, 0.9932989017401501]
[held-out syn_ts_808_27_3p7885] test_loss=0.23402 mono_viol=0.00000 (1000 runs)
  ALL-nodes     AUC=[0.9875132985115052, 0.9925991316437721, 0.9903051543235779, 0.9916243212819099]  PR=[0.9791780628796404, 0.9893577031962107, 0.9886317438473741, 0.9927243619417491]
  CASCADE-only  AUC=[0.9842222397923469, 0.9910923281908035, 0.988600511431694, 0.9904252909421921]  PR=[0.9672425399764563, 0.9842837309836385, 0.9839577640148146, 0.9902112970733883]
[held-out syn2_t449w6_wl2p103] test_loss=0.16173 mono_viol=0.00000 (1000 runs)
  ALL-nodes     AUC=[0.9905805668234825, 0.9815041745305061, 0.9792190273404121, 0.96333963316679]  PR=[0.8976397952615449, 0.887115899691734, 0.8793087880404238, 0.8098060120176996]
  CASCADE-only  AUC=[0.9859211507439614, 0.9738595124483108, 0.9721261736154556, 0.9521418270468712]  PR=[0.7985760639357778, 0.8045598832918969, 0.8026703395905093, 0.7156681927790566]
[held-out syn2_t580w24_wl2p439] test_loss=0.17035 mono_viol=0.00000 (1000 runs)
  ALL-nodes     AUC=[0.9908515659570694, 0.9813383265733718, 0.9727618238925934, 0.9578210040330887]  PR=[0.9353272028594622, 0.9119062583855377, 0.8903772483009467, 0.8897070445706761]
  CASCADE-only  AUC=[0.9862935154438018, 0.9752911631464958, 0.965969200372696, 0.9503958331942558]  PR=[0.8772268960820299, 0.8612752775439694, 0.8383982943432047, 0.8509053230922617]
[held-out syn2_t934c34_wl2p777] test_loss=0.18606 mono_viol=0.00000 (1000 runs)
  ALL-nodes     AUC=[0.9912335955500603, 0.9858549212217331, 0.9743313354253769, 0.9856148591637611]  PR=[0.9486786604845328, 0.9449985659787747, 0.9198635725864417, 0.966504142415327]
  CASCADE-only  AUC=[0.9884032273292541, 0.9821590594649315, 0.9693204197287559, 0.9831171761155129]  PR=[0.9097685722418751, 0.9136812400584069, 0.8855472183436468, 0.9538379983816337]
[held-out syn2_t270w17_wl3p116] test_loss=0.19481 mono_viol=0.00000 (1000 runs)
  ALL-nodes     AUC=[0.9938190659880638, 0.9825142582058907, 0.9782179553508759, 0.9886175196170807]  PR=[0.9736219954659682, 0.9549258258295215, 0.9519230177995499, 0.9818838457567873]
  CASCADE-only  AUC=[0.9919279343485832, 0.9783679308891297, 0.9742407031655311, 0.9868790551424026]  PR=[0.9536989539439066, 0.9321997489660835, 0.9321730592492554, 0.975836673482098]
[held-out syn2_t33w13_wl3p458] test_loss=0.20571 mono_viol=0.00000 (1000 runs)
  ALL-nodes     AUC=[0.9971999661326408, 0.9906483141779899, 0.9869151773452759, 0.9916858367919922]  PR=[0.9919318289421678, 0.9824359356524845, 0.9803362919652496, 0.9916003109815807]
  CASCADE-only  AUC=[0.9962873777747154, 0.9886017626523972, 0.9846483706831932, 0.9905640831589699]  PR=[0.9858575755262363, 0.9738331798818612, 0.9724057503155344, 0.9889100789659636]
[held-out syn2_t857w1_wl3p800] test_loss=0.18690 mono_viol=0.00000 (1000 runs)
  ALL-nodes     AUC=[0.9970000987052917, 0.9919258767962456, 0.9896091538667678, 0.9905248500108719]  PR=[0.9929047738989925, 0.986940951704343, 0.986333257314157, 0.990941035408806]
  CASCADE-only  AUC=[0.9959100648760796, 0.9899261666536331, 0.9875260699391365, 0.9889814686179161]  PR=[0.9870496599795664, 0.9796527189634813, 0.9799422285160122, 0.9874242605101425]
[held-out syn2_t116w1_wl4p130] test_loss=0.19420 mono_viol=0.00000 (1000 runs)
  ALL-nodes     AUC=[0.9959082152843476, 0.9926762110590934, 0.9903027050495148, 0.992885101377964]  PR=[0.9918165299007491, 0.9895503662205274, 0.9886180044941851, 0.9942187442740749]
  CASCADE-only  AUC=[0.994358792424202, 0.9907792580723762, 0.9881493324041366, 0.9916311785578728]  PR=[0.9846187308977412, 0.9831822575125636, 0.9826675443304692, 0.9918097709742398]
[held-out syn2_t198w16_wl4p722] test_loss=0.21691 mono_viol=0.00000 (1000 runs)
  ALL-nodes     AUC=[0.9946524882912636, 0.9943181446790695, 0.994126451253891, 0.9953720391392707]  PR=[0.9913747173533789, 0.9934282784110413, 0.9941855492367146, 0.9966031012092477]
  CASCADE-only  AUC=[0.9923598505258561, 0.9926282356977463, 0.992574934720993, 0.9943723299503326]  PR=[0.9829636401526368, 0.9888452853774937, 0.9905836437567295, 0.9948537771298892]
