task=8 arm=mix57_full variant=plain cell=static_mask torch_seed=1 set=w29_all head=hazard labels=/scratch/tj2587/results/legacy_v1_n1000 labels2=/scratch/tj2587/results/gissr48_v1/static timing=unset context=unset ckpt=/scratch/tj2587/results/gnn_morestorms_v1/mix57_full_plain_static_mask_s1 smoke=0 commit=967d122 uncommitted_files=0
[gate] CUDA OK: NVIDIA L40S
[gate] heterodata data/graph/nyc_infra_heterodata_v1_frozen_failover_edges.pt: total=6231 -> OK
[gate] set w29_all: 70 storms, 57 for training, 13 held out; in both folders []; missing [] -> OK
[gate] variant plain: storm context off, timing inputs off -> OK
[gate] head switch present: ('independent', 'hazard')
=== TRAIN MODE — full training ===
torch seed set: 1
Train: 45600  Val: 11400  (57 scenarios) | Test held-out: ['geoclaw_2050', 'syn_ts_914_6_1p2955', 'syn_ts_258_9_3p0022', 'syn_ts_605_5_3p7563', 'syn_ts_808_27_3p7885', 'syn2_t449w6_wl2p103', 'syn2_t580w24_wl2p439', 'syn2_t934c34_wl2p777', 'syn2_t270w17_wl3p116', 'syn2_t33w13_wl3p458', 'syn2_t857w1_wl3p800', 'syn2_t116w1_wl4p130', 'syn2_t198w16_wl4p722'] (13000 runs)
Subsampled val to 3400
Model parameters: 695,960  head=hazard
Device: cuda
  Ep00 step  100/45600: loss = 0.43498
  Ep00 step  200/45600: loss = 0.22628
  Ep00 step  300/45600: loss = 0.17284
  Ep00 step  400/45600: loss = 0.15103
  Ep00 step  500/45600: loss = 0.13812
  Ep00 step  600/45600: loss = 0.13506
  Ep00 step  700/45600: loss = 0.12895
  Ep00 step  800/45600: loss = 0.12674
  Ep00 step  900/45600: loss = 0.12273
  Ep00 step 1000/45600: loss = 0.12196
  Ep00 step 1100/45600: loss = 0.12163
  Ep00 step 1200/45600: loss = 0.11775
  Ep00 step 1300/45600: loss = 0.12258
  Ep00 step 1400/45600: loss = 0.12114
  Ep00 step 1500/45600: loss = 0.11498
  Ep00 step 1600/45600: loss = 0.11469
  Ep00 step 1700/45600: loss = 0.11821
  Ep00 step 1800/45600: loss = 0.11262
  Ep00 step 1900/45600: loss = 0.11432
  Ep00 step 2000/45600: loss = 0.11410
  Ep00 step 2100/45600: loss = 0.11476
  Ep00 step 2200/45600: loss = 0.11220
  Ep00 step 2300/45600: loss = 0.10900
  Ep00 step 2400/45600: loss = 0.11008
  Ep00 step 2500/45600: loss = 0.10745
  Ep00 step 2600/45600: loss = 0.11140
  Ep00 step 2700/45600: loss = 0.11035
  Ep00 step 2800/45600: loss = 0.10466
  Ep00 step 2900/45600: loss = 0.10607
  Ep00 step 3000/45600: loss = 0.10886
  Ep00 step 3100/45600: loss = 0.10559
  Ep00 step 3200/45600: loss = 0.11001
  Ep00 step 3300/45600: loss = 0.10590
  Ep00 step 3400/45600: loss = 0.10596
  Ep00 step 3500/45600: loss = 0.10325
  Ep00 step 3600/45600: loss = 0.10500
  Ep00 step 3700/45600: loss = 0.10307
  Ep00 step 3800/45600: loss = 0.11430
  Ep00 step 3900/45600: loss = 0.10732
  Ep00 step 4000/45600: loss = 0.09963
  Ep00 step 4100/45600: loss = 0.10364
  Ep00 step 4200/45600: loss = 0.10172
  Ep00 step 4300/45600: loss = 0.10163
  Ep00 step 4400/45600: loss = 0.10092
  Ep00 step 4500/45600: loss = 0.10426
  Ep00 step 4600/45600: loss = 0.09936
  Ep00 step 4700/45600: loss = 0.10003
  Ep00 step 4800/45600: loss = 0.10090
  Ep00 step 4900/45600: loss = 0.10142
  Ep00 step 5000/45600: loss = 0.10100
  Ep00 step 5100/45600: loss = 0.10001
  Ep00 step 5200/45600: loss = 0.09775
  Ep00 step 5300/45600: loss = 0.09629
  Ep00 step 5400/45600: loss = 0.10009
  Ep00 step 5500/45600: loss = 0.09797
  Ep00 step 5600/45600: loss = 0.09849
  Ep00 step 5700/45600: loss = 0.09614
  Ep00 step 5800/45600: loss = 0.09968
  Ep00 step 5900/45600: loss = 0.09446
  Ep00 step 6000/45600: loss = 0.09913
  Ep00 step 6100/45600: loss = 0.09718
  Ep00 step 6200/45600: loss = 0.09570
  Ep00 step 6300/45600: loss = 0.09631
  Ep00 step 6400/45600: loss = 0.09462
  Ep00 step 6500/45600: loss = 0.09729
  Ep00 step 6600/45600: loss = 0.09384
  Ep00 step 6700/45600: loss = 0.09844
  Ep00 step 6800/45600: loss = 0.09617
  Ep00 step 6900/45600: loss = 0.09595
  Ep00 step 7000/45600: loss = 0.09565
  Ep00 step 7100/45600: loss = 0.09617
  Ep00 step 7200/45600: loss = 0.09543
  Ep00 step 7300/45600: loss = 0.09562
  Ep00 step 7400/45600: loss = 0.10271
  Ep00 step 7500/45600: loss = 0.09498
  Ep00 step 7600/45600: loss = 0.09470
  Ep00 step 7700/45600: loss = 0.09476
  Ep00 step 7800/45600: loss = 0.09387
  Ep00 step 7900/45600: loss = 0.09367
  Ep00 step 8000/45600: loss = 0.09458
  Ep00 step 8100/45600: loss = 0.09527
  Ep00 step 8200/45600: loss = 0.09243
  Ep00 step 8300/45600: loss = 0.09218
  Ep00 step 8400/45600: loss = 0.09319
  Ep00 step 8500/45600: loss = 0.09275
  Ep00 step 8600/45600: loss = 0.09279
  Ep00 step 8700/45600: loss = 0.09148
  Ep00 step 8800/45600: loss = 0.09294
  Ep00 step 8900/45600: loss = 0.09677
  Ep00 step 9000/45600: loss = 0.09233
  Ep00 step 9100/45600: loss = 0.09474
  Ep00 step 9200/45600: loss = 0.09330
  Ep00 step 9300/45600: loss = 0.09153
  Ep00 step 9400/45600: loss = 0.09457
  Ep00 step 9500/45600: loss = 0.09191
  Ep00 step 9600/45600: loss = 0.09296
  Ep00 step 9700/45600: loss = 0.09409
  Ep00 step 9800/45600: loss = 0.09100
  Ep00 step 9900/45600: loss = 0.09246
  Ep00 step 10000/45600: loss = 0.09181
  Ep00 step 10100/45600: loss = 0.09449
  Ep00 step 10200/45600: loss = 0.09328
  Ep00 step 10300/45600: loss = 0.09325
  Ep00 step 10400/45600: loss = 0.09397
  Ep00 step 10500/45600: loss = 0.09219
  Ep00 step 10600/45600: loss = 0.09222
  Ep00 step 10700/45600: loss = 0.09249
  Ep00 step 10800/45600: loss = 0.09121
  Ep00 step 10900/45600: loss = 0.09061
  Ep00 step 11000/45600: loss = 0.09968
  Ep00 step 11100/45600: loss = 0.09213
  Ep00 step 11200/45600: loss = 0.09200
  Ep00 step 11300/45600: loss = 0.09074
  Ep00 step 11400/45600: loss = 0.09023
  Ep00 step 11500/45600: loss = 0.08986
  Ep00 step 11600/45600: loss = 0.08996
  Ep00 step 11700/45600: loss = 0.09118
  Ep00 step 11800/45600: loss = 0.08812
  Ep00 step 11900/45600: loss = 0.09156
  Ep00 step 12000/45600: loss = 0.08939
  Ep00 step 12100/45600: loss = 0.09355
  Ep00 step 12200/45600: loss = 0.09126
  Ep00 step 12300/45600: loss = 0.09091
  Ep00 step 12400/45600: loss = 0.09017
  Ep00 step 12500/45600: loss = 0.09011
  Ep00 step 12600/45600: loss = 0.09353
  Ep00 step 12700/45600: loss = 0.09023
  Ep00 step 12800/45600: loss = 0.09234
  Ep00 step 12900/45600: loss = 0.09173
  Ep00 step 13000/45600: loss = 0.09057
  Ep00 step 13100/45600: loss = 0.09264
  Ep00 step 13200/45600: loss = 0.09205
  Ep00 step 13300/45600: loss = 0.08956
  Ep00 step 13400/45600: loss = 0.08881
  Ep00 step 13500/45600: loss = 0.08914
  Ep00 step 13600/45600: loss = 0.09056
  Ep00 step 13700/45600: loss = 0.08955
  Ep00 step 13800/45600: loss = 0.08921
  Ep00 step 13900/45600: loss = 0.09648
  Ep00 step 14000/45600: loss = 0.09029
  Ep00 step 14100/45600: loss = 0.09034
  Ep00 step 14200/45600: loss = 0.09424
  Ep00 step 14300/45600: loss = 0.09491
  Ep00 step 14400/45600: loss = 0.08847
  Ep00 step 14500/45600: loss = 0.09013
  Ep00 step 14600/45600: loss = 0.08876
  Ep00 step 14700/45600: loss = 0.09286
  Ep00 step 14800/45600: loss = 0.08859
  Ep00 step 14900/45600: loss = 0.08898
  Ep00 step 15000/45600: loss = 0.08998
  Ep00 step 15100/45600: loss = 0.08875
  Ep00 step 15200/45600: loss = 0.09001
  Ep00 step 15300/45600: loss = 0.09249
  Ep00 step 15400/45600: loss = 0.09122
  Ep00 step 15500/45600: loss = 0.09143
  Ep00 step 15600/45600: loss = 0.08928
  Ep00 step 15700/45600: loss = 0.09067
  Ep00 step 15800/45600: loss = 0.08994
  Ep00 step 15900/45600: loss = 0.08965
  Ep00 step 16000/45600: loss = 0.08837
  Ep00 step 16100/45600: loss = 0.08779
  Ep00 step 16200/45600: loss = 0.09046
  Ep00 step 16300/45600: loss = 0.09536
  Ep00 step 16400/45600: loss = 0.09101
  Ep00 step 16500/45600: loss = 0.08923
  Ep00 step 16600/45600: loss = 0.08997
  Ep00 step 16700/45600: loss = 0.08811
  Ep00 step 16800/45600: loss = 0.08843
  Ep00 step 16900/45600: loss = 0.08850
  Ep00 step 17000/45600: loss = 0.08923
  Ep00 step 17100/45600: loss = 0.08978
  Ep00 step 17200/45600: loss = 0.08974
  Ep00 step 17300/45600: loss = 0.08874
  Ep00 step 17400/45600: loss = 0.08885
  Ep00 step 17500/45600: loss = 0.09604
  Ep00 step 17600/45600: loss = 0.08787
  Ep00 step 17700/45600: loss = 0.08939
  Ep00 step 17800/45600: loss = 0.09259
  Ep00 step 17900/45600: loss = 0.08952
  Ep00 step 18000/45600: loss = 0.08756
  Ep00 step 18100/45600: loss = 0.08865
  Ep00 step 18200/45600: loss = 0.08759
  Ep00 step 18300/45600: loss = 0.09096
  Ep00 step 18400/45600: loss = 0.08609
  Ep00 step 18500/45600: loss = 0.08738
  Ep00 step 18600/45600: loss = 0.08841
  Ep00 step 18700/45600: loss = 0.08741
  Ep00 step 18800/45600: loss = 0.08621
  Ep00 step 18900/45600: loss = 0.09008
  Ep00 step 19000/45600: loss = 0.08780
  Ep00 step 19100/45600: loss = 0.08954
  Ep00 step 19200/45600: loss = 0.08763
  Ep00 step 19300/45600: loss = 0.08845
  Ep00 step 19400/45600: loss = 0.08802
  Ep00 step 19500/45600: loss = 0.08888
  Ep00 step 19600/45600: loss = 0.08657
  Ep00 step 19700/45600: loss = 0.08744
  Ep00 step 19800/45600: loss = 0.08995
  Ep00 step 19900/45600: loss = 0.09478
  Ep00 step 20000/45600: loss = 0.08912
  Ep00 step 20100/45600: loss = 0.08703
  Ep00 step 20200/45600: loss = 0.08922
  Ep00 step 20300/45600: loss = 0.08676
  Ep00 step 20400/45600: loss = 0.08815
  Ep00 step 20500/45600: loss = 0.08807
  Ep00 step 20600/45600: loss = 0.08678
  Ep00 step 20700/45600: loss = 0.08720
  Ep00 step 20800/45600: loss = 0.08883
  Ep00 step 20900/45600: loss = 0.08725
  Ep00 step 21000/45600: loss = 0.08768
  Ep00 step 21100/45600: loss = 0.09098
  Ep00 step 21200/45600: loss = 0.09041
  Ep00 step 21300/45600: loss = 0.08739
  Ep00 step 21400/45600: loss = 0.08733
  Ep00 step 21500/45600: loss = 0.09197
  Ep00 step 21600/45600: loss = 0.08733
  Ep00 step 21700/45600: loss = 0.08758
  Ep00 step 21800/45600: loss = 0.08773
  Ep00 step 21900/45600: loss = 0.08548
  Ep00 step 22000/45600: loss = 0.09002
  Ep00 step 22100/45600: loss = 0.08848
  Ep00 step 22200/45600: loss = 0.08406
  Ep00 step 22300/45600: loss = 0.08799
  Ep00 step 22400/45600: loss = 0.08669
  Ep00 step 22500/45600: loss = 0.08680
  Ep00 step 22600/45600: loss = 0.08973
  Ep00 step 22700/45600: loss = 0.08908
  Ep00 step 22800/45600: loss = 0.08745
  Ep00 step 22900/45600: loss = 0.09256
  Ep00 step 23000/45600: loss = 0.08856
  Ep00 step 23100/45600: loss = 0.08672
  Ep00 step 23200/45600: loss = 0.09249
  Ep00 step 23300/45600: loss = 0.08826
  Ep00 step 23400/45600: loss = 0.08680
  Ep00 step 23500/45600: loss = 0.08686
  Ep00 step 23600/45600: loss = 0.08696
  Ep00 step 23700/45600: loss = 0.08555
  Ep00 step 23800/45600: loss = 0.08816
  Ep00 step 23900/45600: loss = 0.09123
  Ep00 step 24000/45600: loss = 0.08959
  Ep00 step 24100/45600: loss = 0.08832
  Ep00 step 24200/45600: loss = 0.08594
  Ep00 step 24300/45600: loss = 0.08781
  Ep00 step 24400/45600: loss = 0.09354
  Ep00 step 24500/45600: loss = 0.09061
  Ep00 step 24600/45600: loss = 0.08767
  Ep00 step 24700/45600: loss = 0.08722
  Ep00 step 24800/45600: loss = 0.08801
  Ep00 step 24900/45600: loss = 0.09080
  Ep00 step 25000/45600: loss = 0.08630
  Ep00 step 25100/45600: loss = 0.08868
  Ep00 step 25200/45600: loss = 0.08526
  Ep00 step 25300/45600: loss = 0.08545
  Ep00 step 25400/45600: loss = 0.08755
  Ep00 step 25500/45600: loss = 0.08674
  Ep00 step 25600/45600: loss = 0.08647
  Ep00 step 25700/45600: loss = 0.08638
  Ep00 step 25800/45600: loss = 0.08653
  Ep00 step 25900/45600: loss = 0.08673
  Ep00 step 26000/45600: loss = 0.08850
  Ep00 step 26100/45600: loss = 0.08774
  Ep00 step 26200/45600: loss = 0.08403
  Ep00 step 26300/45600: loss = 0.08645
  Ep00 step 26400/45600: loss = 0.08679
  Ep00 step 26500/45600: loss = 0.08731
  Ep00 step 26600/45600: loss = 0.08689
  Ep00 step 26700/45600: loss = 0.08741
  Ep00 step 26800/45600: loss = 0.08591
  Ep00 step 26900/45600: loss = 0.08939
  Ep00 step 27000/45600: loss = 0.09017
  Ep00 step 27100/45600: loss = 0.09534
  Ep00 step 27200/45600: loss = 0.08722
  Ep00 step 27300/45600: loss = 0.08567
  Ep00 step 27400/45600: loss = 0.08848
  Ep00 step 27500/45600: loss = 0.08583
  Ep00 step 27600/45600: loss = 0.08543
  Ep00 step 27700/45600: loss = 0.08882
  Ep00 step 27800/45600: loss = 0.08590
  Ep00 step 27900/45600: loss = 0.08464
  Ep00 step 28000/45600: loss = 0.09211
  Ep00 step 28100/45600: loss = 0.08606
  Ep00 step 28200/45600: loss = 0.08601
  Ep00 step 28300/45600: loss = 0.08631
  Ep00 step 28400/45600: loss = 0.08543
  Ep00 step 28500/45600: loss = 0.08715
  Ep00 step 28600/45600: loss = 0.08777
  Ep00 step 28700/45600: loss = 0.09327
  Ep00 step 28800/45600: loss = 0.08849
  Ep00 step 28900/45600: loss = 0.08798
  Ep00 step 29000/45600: loss = 0.08638
  Ep00 step 29100/45600: loss = 0.08688
  Ep00 step 29200/45600: loss = 0.08631
  Ep00 step 29300/45600: loss = 0.08766
  Ep00 step 29400/45600: loss = 0.08849
  Ep00 step 29500/45600: loss = 0.09365
  Ep00 step 29600/45600: loss = 0.08536
  Ep00 step 29700/45600: loss = 0.08671
  Ep00 step 29800/45600: loss = 0.08695
  Ep00 step 29900/45600: loss = 0.08519
  Ep00 step 30000/45600: loss = 0.09175
  Ep00 step 30100/45600: loss = 0.08579
  Ep00 step 30200/45600: loss = 0.08726
  Ep00 step 30300/45600: loss = 0.08452
  Ep00 step 30400/45600: loss = 0.09083
  Ep00 step 30500/45600: loss = 0.08641
  Ep00 step 30600/45600: loss = 0.08495
  Ep00 step 30700/45600: loss = 0.08767
  Ep00 step 30800/45600: loss = 0.08660
  Ep00 step 30900/45600: loss = 0.08603
  Ep00 step 31000/45600: loss = 0.08783
  Ep00 step 31100/45600: loss = 0.08637
  Ep00 step 31200/45600: loss = 0.08910
  Ep00 step 31300/45600: loss = 0.08681
  Ep00 step 31400/45600: loss = 0.08724
  Ep00 step 31500/45600: loss = 0.08612
  Ep00 step 31600/45600: loss = 0.08581
  Ep00 step 31700/45600: loss = 0.08791
  Ep00 step 31800/45600: loss = 0.08511
  Ep00 step 31900/45600: loss = 0.08692
  Ep00 step 32000/45600: loss = 0.08537
  Ep00 step 32100/45600: loss = 0.08728
  Ep00 step 32200/45600: loss = 0.08833
  Ep00 step 32300/45600: loss = 0.08850
  Ep00 step 32400/45600: loss = 0.08514
  Ep00 step 32500/45600: loss = 0.08353
  Ep00 step 32600/45600: loss = 0.08507
  Ep00 step 32700/45600: loss = 0.09184
  Ep00 step 32800/45600: loss = 0.08411
  Ep00 step 32900/45600: loss = 0.09091
  Ep00 step 33000/45600: loss = 0.08912
  Ep00 step 33100/45600: loss = 0.08774
  Ep00 step 33200/45600: loss = 0.08720
  Ep00 step 33300/45600: loss = 0.09289
  Ep00 step 33400/45600: loss = 0.08518
  Ep00 step 33500/45600: loss = 0.08524
  Ep00 step 33600/45600: loss = 0.08593
  Ep00 step 33700/45600: loss = 0.09067
  Ep00 step 33800/45600: loss = 0.08812
  Ep00 step 33900/45600: loss = 0.08312
  Ep00 step 34000/45600: loss = 0.08553
  Ep00 step 34100/45600: loss = 0.08618
  Ep00 step 34200/45600: loss = 0.08529
  Ep00 step 34300/45600: loss = 0.08641
  Ep00 step 34400/45600: loss = 0.08745
  Ep00 step 34500/45600: loss = 0.08671
  Ep00 step 34600/45600: loss = 0.08689
  Ep00 step 34700/45600: loss = 0.08674
  Ep00 step 34800/45600: loss = 0.08652
  Ep00 step 34900/45600: loss = 0.08574
  Ep00 step 35000/45600: loss = 0.08622
  Ep00 step 35100/45600: loss = 0.08778
  Ep00 step 35200/45600: loss = 0.08730
  Ep00 step 35300/45600: loss = 0.08819
  Ep00 step 35400/45600: loss = 0.09131
  Ep00 step 35500/45600: loss = 0.08497
  Ep00 step 35600/45600: loss = 0.09029
  Ep00 step 35700/45600: loss = 0.08676
  Ep00 step 35800/45600: loss = 0.08566
  Ep00 step 35900/45600: loss = 0.08656
  Ep00 step 36000/45600: loss = 0.08614
  Ep00 step 36100/45600: loss = 0.08548
  Ep00 step 36200/45600: loss = 0.08602
  Ep00 step 36300/45600: loss = 0.08742
  Ep00 step 36400/45600: loss = 0.08885
  Ep00 step 36500/45600: loss = 0.08860
  Ep00 step 36600/45600: loss = 0.08601
  Ep00 step 36700/45600: loss = 0.08640
  Ep00 step 36800/45600: loss = 0.08569
  Ep00 step 36900/45600: loss = 0.08998
  Ep00 step 37000/45600: loss = 0.08794
  Ep00 step 37100/45600: loss = 0.08767
  Ep00 step 37200/45600: loss = 0.08617
  Ep00 step 37300/45600: loss = 0.08733
  Ep00 step 37400/45600: loss = 0.08595
  Ep00 step 37500/45600: loss = 0.08646
  Ep00 step 37600/45600: loss = 0.08539
  Ep00 step 37700/45600: loss = 0.08451
  Ep00 step 37800/45600: loss = 0.08551
  Ep00 step 37900/45600: loss = 0.08822
  Ep00 step 38000/45600: loss = 0.08473
  Ep00 step 38100/45600: loss = 0.08534
  Ep00 step 38200/45600: loss = 0.08411
  Ep00 step 38300/45600: loss = 0.08615
  Ep00 step 38400/45600: loss = 0.08311
  Ep00 step 38500/45600: loss = 0.08725
  Ep00 step 38600/45600: loss = 0.08407
  Ep00 step 38700/45600: loss = 0.08323
  Ep00 step 38800/45600: loss = 0.08636
  Ep00 step 38900/45600: loss = 0.08962
  Ep00 step 39000/45600: loss = 0.08792
  Ep00 step 39100/45600: loss = 0.09140
  Ep00 step 39200/45600: loss = 0.08542
  Ep00 step 39300/45600: loss = 0.09057
  Ep00 step 39400/45600: loss = 0.08966
  Ep00 step 39500/45600: loss = 0.08403
  Ep00 step 39600/45600: loss = 0.08786
  Ep00 step 39700/45600: loss = 0.08670
  Ep00 step 39800/45600: loss = 0.08764
  Ep00 step 39900/45600: loss = 0.08773
  Ep00 step 40000/45600: loss = 0.09136
  Ep00 step 40100/45600: loss = 0.08586
  Ep00 step 40200/45600: loss = 0.08608
  Ep00 step 40300/45600: loss = 0.08666
  Ep00 step 40400/45600: loss = 0.08299
  Ep00 step 40500/45600: loss = 0.08712
  Ep00 step 40600/45600: loss = 0.08450
  Ep00 step 40700/45600: loss = 0.08539
  Ep00 step 40800/45600: loss = 0.08694
  Ep00 step 40900/45600: loss = 0.08641
  Ep00 step 41000/45600: loss = 0.08536
  Ep00 step 41100/45600: loss = 0.08612
  Ep00 step 41200/45600: loss = 0.08697
  Ep00 step 41300/45600: loss = 0.08550
  Ep00 step 41400/45600: loss = 0.08784
  Ep00 step 41500/45600: loss = 0.08458
  Ep00 step 41600/45600: loss = 0.08467
  Ep00 step 41700/45600: loss = 0.08587
  Ep00 step 41800/45600: loss = 0.08533
  Ep00 step 41900/45600: loss = 0.08755
  Ep00 step 42000/45600: loss = 0.08918
  Ep00 step 42100/45600: loss = 0.08531
  Ep00 step 42200/45600: loss = 0.08511
  Ep00 step 42300/45600: loss = 0.08173
  Ep00 step 42400/45600: loss = 0.08814
  Ep00 step 42500/45600: loss = 0.08492
  Ep00 step 42600/45600: loss = 0.08353
  Ep00 step 42700/45600: loss = 0.08992
  Ep00 step 42800/45600: loss = 0.08889
  Ep00 step 42900/45600: loss = 0.08715
  Ep00 step 43000/45600: loss = 0.08937
  Ep00 step 43100/45600: loss = 0.08393
  Ep00 step 43200/45600: loss = 0.09210
  Ep00 step 43300/45600: loss = 0.08635
  Ep00 step 43400/45600: loss = 0.08526
  Ep00 step 43500/45600: loss = 0.08691
  Ep00 step 43600/45600: loss = 0.08687
  Ep00 step 43700/45600: loss = 0.08610
  Ep00 step 43800/45600: loss = 0.08720
  Ep00 step 43900/45600: loss = 0.08768
  Ep00 step 44000/45600: loss = 0.08607
  Ep00 step 44100/45600: loss = 0.08783
  Ep00 step 44200/45600: loss = 0.08535
  Ep00 step 44300/45600: loss = 0.08593
  Ep00 step 44400/45600: loss = 0.08504
  Ep00 step 44500/45600: loss = 0.08453
  Ep00 step 44600/45600: loss = 0.08462
  Ep00 step 44700/45600: loss = 0.08586
  Ep00 step 44800/45600: loss = 0.08514
  Ep00 step 44900/45600: loss = 0.08254
  Ep00 step 45000/45600: loss = 0.08621
  Ep00 step 45100/45600: loss = 0.08581
  Ep00 step 45200/45600: loss = 0.08432
  Ep00 step 45300/45600: loss = 0.08572
  Ep00 step 45400/45600: loss = 0.09034
  Ep00 step 45500/45600: loss = 0.08529
  Ep00 step 45600/45600: loss = 0.08628

Epoch 00/6 | train=0.09255 val=0.11954 | AUC=['0.998', '0.995', '0.989', '0.988'] PR=['0.985', '0.966', '0.948', '0.955'] | CASCADE-only AUC=['0.997', '0.992', '0.985', '0.983'] PR=['0.944', '0.928', '0.904', '0.925'] | mono_viol=0.00000 | 2295s

  [checkpoint] best.pt updated (epoch 0, val_loss=0.11954)
  Ep01 step  100/45600: loss = 0.08433
  Ep01 step  200/45600: loss = 0.08607
  Ep01 step  300/45600: loss = 0.08634
  Ep01 step  400/45600: loss = 0.08485
  Ep01 step  500/45600: loss = 0.08668
  Ep01 step  600/45600: loss = 0.08586
  Ep01 step  700/45600: loss = 0.08584
  Ep01 step  800/45600: loss = 0.09011
  Ep01 step  900/45600: loss = 0.08477
  Ep01 step 1000/45600: loss = 0.08585
  Ep01 step 1100/45600: loss = 0.08492
  Ep01 step 1200/45600: loss = 0.08632
  Ep01 step 1300/45600: loss = 0.08527
  Ep01 step 1400/45600: loss = 0.08442
  Ep01 step 1500/45600: loss = 0.08834
  Ep01 step 1600/45600: loss = 0.08573
  Ep01 step 1700/45600: loss = 0.09108
  Ep01 step 1800/45600: loss = 0.08702
  Ep01 step 1900/45600: loss = 0.08382
  Ep01 step 2000/45600: loss = 0.08433
  Ep01 step 2100/45600: loss = 0.08486
  Ep01 step 2200/45600: loss = 0.08613
  Ep01 step 2300/45600: loss = 0.08573
  Ep01 step 2400/45600: loss = 0.08653
  Ep01 step 2500/45600: loss = 0.08381
  Ep01 step 2600/45600: loss = 0.08567
  Ep01 step 2700/45600: loss = 0.08520
  Ep01 step 2800/45600: loss = 0.08577
  Ep01 step 2900/45600: loss = 0.08532
  Ep01 step 3000/45600: loss = 0.08963
  Ep01 step 3100/45600: loss = 0.08944
  Ep01 step 3200/45600: loss = 0.08603
  Ep01 step 3300/45600: loss = 0.08698
  Ep01 step 3400/45600: loss = 0.09023
  Ep01 step 3500/45600: loss = 0.08368
  Ep01 step 3600/45600: loss = 0.08729
  Ep01 step 3700/45600: loss = 0.08359
  Ep01 step 3800/45600: loss = 0.08479
  Ep01 step 3900/45600: loss = 0.08872
  Ep01 step 4000/45600: loss = 0.08897
  Ep01 step 4100/45600: loss = 0.08651
  Ep01 step 4200/45600: loss = 0.08436
  Ep01 step 4300/45600: loss = 0.08436
  Ep01 step 4400/45600: loss = 0.08359
  Ep01 step 4500/45600: loss = 0.08648
  Ep01 step 4600/45600: loss = 0.08807
  Ep01 step 4700/45600: loss = 0.08682
  Ep01 step 4800/45600: loss = 0.08534
  Ep01 step 4900/45600: loss = 0.08449
  Ep01 step 5000/45600: loss = 0.09081
  Ep01 step 5100/45600: loss = 0.08389
  Ep01 step 5200/45600: loss = 0.08567
  Ep01 step 5300/45600: loss = 0.08659
  Ep01 step 5400/45600: loss = 0.08462
  Ep01 step 5500/45600: loss = 0.08285
  Ep01 step 5600/45600: loss = 0.08425
  Ep01 step 5700/45600: loss = 0.08583
  Ep01 step 5800/45600: loss = 0.08528
  Ep01 step 5900/45600: loss = 0.08333
  Ep01 step 6000/45600: loss = 0.08337
  Ep01 step 6100/45600: loss = 0.08685
  Ep01 step 6200/45600: loss = 0.08527
  Ep01 step 6300/45600: loss = 0.08758
  Ep01 step 6400/45600: loss = 0.08574
  Ep01 step 6500/45600: loss = 0.08435
  Ep01 step 6600/45600: loss = 0.08422
  Ep01 step 6700/45600: loss = 0.08745
  Ep01 step 6800/45600: loss = 0.08377
  Ep01 step 6900/45600: loss = 0.08567
  Ep01 step 7000/45600: loss = 0.09259
  Ep01 step 7100/45600: loss = 0.08662
  Ep01 step 7200/45600: loss = 0.08547
  Ep01 step 7300/45600: loss = 0.08571
  Ep01 step 7400/45600: loss = 0.08568
  Ep01 step 7500/45600: loss = 0.08488
  Ep01 step 7600/45600: loss = 0.08577
  Ep01 step 7700/45600: loss = 0.08514
  Ep01 step 7800/45600: loss = 0.09113
  Ep01 step 7900/45600: loss = 0.08534
  Ep01 step 8000/45600: loss = 0.08527
  Ep01 step 8100/45600: loss = 0.08385
  Ep01 step 8200/45600: loss = 0.09021
  Ep01 step 8300/45600: loss = 0.08595
  Ep01 step 8400/45600: loss = 0.08527
  Ep01 step 8500/45600: loss = 0.08620
  Ep01 step 8600/45600: loss = 0.08621
  Ep01 step 8700/45600: loss = 0.08516
  Ep01 step 8800/45600: loss = 0.08605
  Ep01 step 8900/45600: loss = 0.08819
  Ep01 step 9000/45600: loss = 0.08589
  Ep01 step 9100/45600: loss = 0.08431
  Ep01 step 9200/45600: loss = 0.08580
  Ep01 step 9300/45600: loss = 0.08419
  Ep01 step 9400/45600: loss = 0.08491
  Ep01 step 9500/45600: loss = 0.08517
  Ep01 step 9600/45600: loss = 0.08986
  Ep01 step 9700/45600: loss = 0.08428
  Ep01 step 9800/45600: loss = 0.08401
  Ep01 step 9900/45600: loss = 0.08465
  Ep01 step 10000/45600: loss = 0.08858
  Ep01 step 10100/45600: loss = 0.08519
  Ep01 step 10200/45600: loss = 0.08474
  Ep01 step 10300/45600: loss = 0.08486
  Ep01 step 10400/45600: loss = 0.08422
  Ep01 step 10500/45600: loss = 0.08585
  Ep01 step 10600/45600: loss = 0.08457
  Ep01 step 10700/45600: loss = 0.08582
  Ep01 step 10800/45600: loss = 0.08693
  Ep01 step 10900/45600: loss = 0.08686
  Ep01 step 11000/45600: loss = 0.08536
  Ep01 step 11100/45600: loss = 0.08522
  Ep01 step 11200/45600: loss = 0.08452
  Ep01 step 11300/45600: loss = 0.08483
  Ep01 step 11400/45600: loss = 0.08406
  Ep01 step 11500/45600: loss = 0.08501
  Ep01 step 11600/45600: loss = 0.08587
  Ep01 step 11700/45600: loss = 0.09249
  Ep01 step 11800/45600: loss = 0.08645
  Ep01 step 11900/45600: loss = 0.08637
  Ep01 step 12000/45600: loss = 0.08385
  Ep01 step 12100/45600: loss = 0.08274
  Ep01 step 12200/45600: loss = 0.08402
  Ep01 step 12300/45600: loss = 0.08634
  Ep01 step 12400/45600: loss = 0.08595
  Ep01 step 12500/45600: loss = 0.08668
  Ep01 step 12600/45600: loss = 0.08670
  Ep01 step 12700/45600: loss = 0.08415
  Ep01 step 12800/45600: loss = 0.08513
  Ep01 step 12900/45600: loss = 0.08366
  Ep01 step 13000/45600: loss = 0.08609
  Ep01 step 13100/45600: loss = 0.08399
  Ep01 step 13200/45600: loss = 0.08470
  Ep01 step 13300/45600: loss = 0.08453
  Ep01 step 13400/45600: loss = 0.08448
  Ep01 step 13500/45600: loss = 0.08634
  Ep01 step 13600/45600: loss = 0.08442
  Ep01 step 13700/45600: loss = 0.08642
  Ep01 step 13800/45600: loss = 0.08461
  Ep01 step 13900/45600: loss = 0.08373
  Ep01 step 14000/45600: loss = 0.09013
  Ep01 step 14100/45600: loss = 0.08573
  Ep01 step 14200/45600: loss = 0.08589
  Ep01 step 14300/45600: loss = 0.08513
  Ep01 step 14400/45600: loss = 0.08569
  Ep01 step 14500/45600: loss = 0.09150
  Ep01 step 14600/45600: loss = 0.08572
  Ep01 step 14700/45600: loss = 0.08548
  Ep01 step 14800/45600: loss = 0.08406
  Ep01 step 14900/45600: loss = 0.08529
  Ep01 step 15000/45600: loss = 0.08279
  Ep01 step 15100/45600: loss = 0.09087
  Ep01 step 15200/45600: loss = 0.09214
  Ep01 step 15300/45600: loss = 0.08518
  Ep01 step 15400/45600: loss = 0.08479
  Ep01 step 15500/45600: loss = 0.08335
  Ep01 step 15600/45600: loss = 0.08637
  Ep01 step 15700/45600: loss = 0.08698
  Ep01 step 15800/45600: loss = 0.08494
  Ep01 step 15900/45600: loss = 0.08651
  Ep01 step 16000/45600: loss = 0.08718
  Ep01 step 16100/45600: loss = 0.08430
  Ep01 step 16200/45600: loss = 0.08015
  Ep01 step 16300/45600: loss = 0.08376
  Ep01 step 16400/45600: loss = 0.08670
  Ep01 step 16500/45600: loss = 0.08669
  Ep01 step 16600/45600: loss = 0.08592
  Ep01 step 16700/45600: loss = 0.08502
  Ep01 step 16800/45600: loss = 0.08406
  Ep01 step 16900/45600: loss = 0.08349
  Ep01 step 17000/45600: loss = 0.09238
  Ep01 step 17100/45600: loss = 0.08568
  Ep01 step 17200/45600: loss = 0.08365
  Ep01 step 17300/45600: loss = 0.08803
  Ep01 step 17400/45600: loss = 0.08529
  Ep01 step 17500/45600: loss = 0.08604
  Ep01 step 17600/45600: loss = 0.08595
  Ep01 step 17700/45600: loss = 0.08381
  Ep01 step 17800/45600: loss = 0.08377
  Ep01 step 17900/45600: loss = 0.08672
  Ep01 step 18000/45600: loss = 0.08492
  Ep01 step 18100/45600: loss = 0.08607
  Ep01 step 18200/45600: loss = 0.09201
  Ep01 step 18300/45600: loss = 0.08591
  Ep01 step 18400/45600: loss = 0.08454
  Ep01 step 18500/45600: loss = 0.08405
  Ep01 step 18600/45600: loss = 0.08417
  Ep01 step 18700/45600: loss = 0.08559
  Ep01 step 18800/45600: loss = 0.08569
  Ep01 step 18900/45600: loss = 0.08507
  Ep01 step 19000/45600: loss = 0.08913
  Ep01 step 19100/45600: loss = 0.08383
  Ep01 step 19200/45600: loss = 0.08505
  Ep01 step 19300/45600: loss = 0.08485
  Ep01 step 19400/45600: loss = 0.08384
  Ep01 step 19500/45600: loss = 0.08666
  Ep01 step 19600/45600: loss = 0.08564
  Ep01 step 19700/45600: loss = 0.08205
  Ep01 step 19800/45600: loss = 0.08504
  Ep01 step 19900/45600: loss = 0.08502
  Ep01 step 20000/45600: loss = 0.08505
  Ep01 step 20100/45600: loss = 0.08463
  Ep01 step 20200/45600: loss = 0.09081
  Ep01 step 20300/45600: loss = 0.08410
  Ep01 step 20400/45600: loss = 0.08611
  Ep01 step 20500/45600: loss = 0.08513
  Ep01 step 20600/45600: loss = 0.08491
  Ep01 step 20700/45600: loss = 0.08616
  Ep01 step 20800/45600: loss = 0.08617
  Ep01 step 20900/45600: loss = 0.08502
  Ep01 step 21000/45600: loss = 0.08754
  Ep01 step 21100/45600: loss = 0.08513
  Ep01 step 21200/45600: loss = 0.08287
  Ep01 step 21300/45600: loss = 0.08349
  Ep01 step 21400/45600: loss = 0.08223
  Ep01 step 21500/45600: loss = 0.08235
  Ep01 step 21600/45600: loss = 0.08548
  Ep01 step 21700/45600: loss = 0.09087
  Ep01 step 21800/45600: loss = 0.08407
  Ep01 step 21900/45600: loss = 0.08461
  Ep01 step 22000/45600: loss = 0.08291
  Ep01 step 22100/45600: loss = 0.08623
  Ep01 step 22200/45600: loss = 0.08575
  Ep01 step 22300/45600: loss = 0.08336
  Ep01 step 22400/45600: loss = 0.08508
  Ep01 step 22500/45600: loss = 0.08429
  Ep01 step 22600/45600: loss = 0.08324
  Ep01 step 22700/45600: loss = 0.08942
  Ep01 step 22800/45600: loss = 0.08562
  Ep01 step 22900/45600: loss = 0.08622
  Ep01 step 23000/45600: loss = 0.08524
  Ep01 step 23100/45600: loss = 0.08559
  Ep01 step 23200/45600: loss = 0.08334
  Ep01 step 23300/45600: loss = 0.09017
  Ep01 step 23400/45600: loss = 0.08463
  Ep01 step 23500/45600: loss = 0.08700
  Ep01 step 23600/45600: loss = 0.08591
  Ep01 step 23700/45600: loss = 0.08658
  Ep01 step 23800/45600: loss = 0.08681
  Ep01 step 23900/45600: loss = 0.08428
  Ep01 step 24000/45600: loss = 0.08355
  Ep01 step 24100/45600: loss = 0.09000
  Ep01 step 24200/45600: loss = 0.08495
  Ep01 step 24300/45600: loss = 0.08927
  Ep01 step 24400/45600: loss = 0.08490
  Ep01 step 24500/45600: loss = 0.08391
  Ep01 step 24600/45600: loss = 0.08517
  Ep01 step 24700/45600: loss = 0.08379
  Ep01 step 24800/45600: loss = 0.08384
  Ep01 step 24900/45600: loss = 0.08829
  Ep01 step 25000/45600: loss = 0.08648
  Ep01 step 25100/45600: loss = 0.08490
  Ep01 step 25200/45600: loss = 0.08446
  Ep01 step 25300/45600: loss = 0.08874
  Ep01 step 25400/45600: loss = 0.08476
  Ep01 step 25500/45600: loss = 0.08443
  Ep01 step 25600/45600: loss = 0.08464
  Ep01 step 25700/45600: loss = 0.08487
  Ep01 step 25800/45600: loss = 0.08733
  Ep01 step 25900/45600: loss = 0.08537
  Ep01 step 26000/45600: loss = 0.08454
  Ep01 step 26100/45600: loss = 0.08537
  Ep01 step 26200/45600: loss = 0.08474
  Ep01 step 26300/45600: loss = 0.08455
  Ep01 step 26400/45600: loss = 0.08230
  Ep01 step 26500/45600: loss = 0.08979
  Ep01 step 26600/45600: loss = 0.08291
  Ep01 step 26700/45600: loss = 0.08630
  Ep01 step 26800/45600: loss = 0.08464
  Ep01 step 26900/45600: loss = 0.08512
  Ep01 step 27000/45600: loss = 0.08655
  Ep01 step 27100/45600: loss = 0.08307
  Ep01 step 27200/45600: loss = 0.08311
  Ep01 step 27300/45600: loss = 0.08777
  Ep01 step 27400/45600: loss = 0.08517
  Ep01 step 27500/45600: loss = 0.08956
  Ep01 step 27600/45600: loss = 0.08466
  Ep01 step 27700/45600: loss = 0.08541
  Ep01 step 27800/45600: loss = 0.08754
  Ep01 step 27900/45600: loss = 0.09085
  Ep01 step 28000/45600: loss = 0.08362
  Ep01 step 28100/45600: loss = 0.08365
  Ep01 step 28200/45600: loss = 0.08251
  Ep01 step 28300/45600: loss = 0.08556
  Ep01 step 28400/45600: loss = 0.08945
  Ep01 step 28500/45600: loss = 0.08589
  Ep01 step 28600/45600: loss = 0.08599
  Ep01 step 28700/45600: loss = 0.08418
  Ep01 step 28800/45600: loss = 0.08796
  Ep01 step 28900/45600: loss = 0.08539
  Ep01 step 29000/45600: loss = 0.08357
  Ep01 step 29100/45600: loss = 0.08333
  Ep01 step 29200/45600: loss = 0.08272
  Ep01 step 29300/45600: loss = 0.08363
  Ep01 step 29400/45600: loss = 0.08476
  Ep01 step 29500/45600: loss = 0.08507
  Ep01 step 29600/45600: loss = 0.08424
  Ep01 step 29700/45600: loss = 0.08543
  Ep01 step 29800/45600: loss = 0.08482
  Ep01 step 29900/45600: loss = 0.08354
  Ep01 step 30000/45600: loss = 0.08722
  Ep01 step 30100/45600: loss = 0.08984
  Ep01 step 30200/45600: loss = 0.08391
  Ep01 step 30300/45600: loss = 0.08539
  Ep01 step 30400/45600: loss = 0.08868
  Ep01 step 30500/45600: loss = 0.08405
  Ep01 step 30600/45600: loss = 0.08334
  Ep01 step 30700/45600: loss = 0.08575
  Ep01 step 30800/45600: loss = 0.08382
  Ep01 step 30900/45600: loss = 0.08412
  Ep01 step 31000/45600: loss = 0.08551
  Ep01 step 31100/45600: loss = 0.08425
  Ep01 step 31200/45600: loss = 0.09234
  Ep01 step 31300/45600: loss = 0.08456
  Ep01 step 31400/45600: loss = 0.08316
  Ep01 step 31500/45600: loss = 0.08638
  Ep01 step 31600/45600: loss = 0.08482
  Ep01 step 31700/45600: loss = 0.08147
  Ep01 step 31800/45600: loss = 0.08576
  Ep01 step 31900/45600: loss = 0.08534
  Ep01 step 32000/45600: loss = 0.08576
  Ep01 step 32100/45600: loss = 0.08142
  Ep01 step 32200/45600: loss = 0.08401
  Ep01 step 32300/45600: loss = 0.08435
  Ep01 step 32400/45600: loss = 0.08464
  Ep01 step 32500/45600: loss = 0.08306
  Ep01 step 32600/45600: loss = 0.08230
  Ep01 step 32700/45600: loss = 0.08779
  Ep01 step 32800/45600: loss = 0.08580
  Ep01 step 32900/45600: loss = 0.08522
  Ep01 step 33000/45600: loss = 0.08376
  Ep01 step 33100/45600: loss = 0.08538
  Ep01 step 33200/45600: loss = 0.08546
  Ep01 step 33300/45600: loss = 0.08356
  Ep01 step 33400/45600: loss = 0.09055
  Ep01 step 33500/45600: loss = 0.08411
  Ep01 step 33600/45600: loss = 0.08680
  Ep01 step 33700/45600: loss = 0.08685
  Ep01 step 33800/45600: loss = 0.08389
  Ep01 step 33900/45600: loss = 0.08562
  Ep01 step 34000/45600: loss = 0.08515
  Ep01 step 34100/45600: loss = 0.08792
  Ep01 step 34200/45600: loss = 0.08658
  Ep01 step 34300/45600: loss = 0.08650
  Ep01 step 34400/45600: loss = 0.08242
  Ep01 step 34500/45600: loss = 0.08387
  Ep01 step 34600/45600: loss = 0.08990
  Ep01 step 34700/45600: loss = 0.08661
  Ep01 step 34800/45600: loss = 0.08661
  Ep01 step 34900/45600: loss = 0.08803
  Ep01 step 35000/45600: loss = 0.08460
  Ep01 step 35100/45600: loss = 0.08819
  Ep01 step 35200/45600: loss = 0.08575
  Ep01 step 35300/45600: loss = 0.08484
  Ep01 step 35400/45600: loss = 0.08597
  Ep01 step 35500/45600: loss = 0.08959
  Ep01 step 35600/45600: loss = 0.08444
  Ep01 step 35700/45600: loss = 0.08540
  Ep01 step 35800/45600: loss = 0.08352
  Ep01 step 35900/45600: loss = 0.08444
  Ep01 step 36000/45600: loss = 0.08977
  Ep01 step 36100/45600: loss = 0.08762
  Ep01 step 36200/45600: loss = 0.08557
  Ep01 step 36300/45600: loss = 0.08420
  Ep01 step 36400/45600: loss = 0.08774
  Ep01 step 36500/45600: loss = 0.08379
  Ep01 step 36600/45600: loss = 0.08546
  Ep01 step 36700/45600: loss = 0.08375
  Ep01 step 36800/45600: loss = 0.08347
  Ep01 step 36900/45600: loss = 0.08542
  Ep01 step 37000/45600: loss = 0.08458
  Ep01 step 37100/45600: loss = 0.08450
  Ep01 step 37200/45600: loss = 0.09117
  Ep01 step 37300/45600: loss = 0.08607
  Ep01 step 37400/45600: loss = 0.08400
  Ep01 step 37500/45600: loss = 0.08617
  Ep01 step 37600/45600: loss = 0.08496
  Ep01 step 37700/45600: loss = 0.08617
  Ep01 step 37800/45600: loss = 0.08331
  Ep01 step 37900/45600: loss = 0.08277
  Ep01 step 38000/45600: loss = 0.08380
  Ep01 step 38100/45600: loss = 0.08437
  Ep01 step 38200/45600: loss = 0.08371
  Ep01 step 38300/45600: loss = 0.08544
  Ep01 step 38400/45600: loss = 0.08700
  Ep01 step 38500/45600: loss = 0.08421
  Ep01 step 38600/45600: loss = 0.08417
  Ep01 step 38700/45600: loss = 0.08378
  Ep01 step 38800/45600: loss = 0.08428
  Ep01 step 38900/45600: loss = 0.08394
  Ep01 step 39000/45600: loss = 0.08527
  Ep01 step 39100/45600: loss = 0.08307
  Ep01 step 39200/45600: loss = 0.08238
  Ep01 step 39300/45600: loss = 0.08370
  Ep01 step 39400/45600: loss = 0.08456
  Ep01 step 39500/45600: loss = 0.08540
  Ep01 step 39600/45600: loss = 0.08449
  Ep01 step 39700/45600: loss = 0.08447
  Ep01 step 39800/45600: loss = 0.08304
  Ep01 step 39900/45600: loss = 0.08363
  Ep01 step 40000/45600: loss = 0.08303
  Ep01 step 40100/45600: loss = 0.08537
  Ep01 step 40200/45600: loss = 0.08450
  Ep01 step 40300/45600: loss = 0.08463
  Ep01 step 40400/45600: loss = 0.08798
  Ep01 step 40500/45600: loss = 0.08590
  Ep01 step 40600/45600: loss = 0.08594
  Ep01 step 40700/45600: loss = 0.08444
  Ep01 step 40800/45600: loss = 0.09110
  Ep01 step 40900/45600: loss = 0.08650
  Ep01 step 41000/45600: loss = 0.08492
  Ep01 step 41100/45600: loss = 0.08858
  Ep01 step 41200/45600: loss = 0.08647
  Ep01 step 41300/45600: loss = 0.08923
  Ep01 step 41400/45600: loss = 0.08422
  Ep01 step 41500/45600: loss = 0.08336
  Ep01 step 41600/45600: loss = 0.08401
  Ep01 step 41700/45600: loss = 0.08400
  Ep01 step 41800/45600: loss = 0.08684
  Ep01 step 41900/45600: loss = 0.08488
  Ep01 step 42000/45600: loss = 0.08634
  Ep01 step 42100/45600: loss = 0.08243
  Ep01 step 42200/45600: loss = 0.08585
  Ep01 step 42300/45600: loss = 0.08389
  Ep01 step 42400/45600: loss = 0.08512
  Ep01 step 42500/45600: loss = 0.08381
  Ep01 step 42600/45600: loss = 0.08550
  Ep01 step 42700/45600: loss = 0.08540
  Ep01 step 42800/45600: loss = 0.08405
  Ep01 step 42900/45600: loss = 0.08106
  Ep01 step 43000/45600: loss = 0.08154
  Ep01 step 43100/45600: loss = 0.08540
  Ep01 step 43200/45600: loss = 0.08314
  Ep01 step 43300/45600: loss = 0.08589
  Ep01 step 43400/45600: loss = 0.08417
  Ep01 step 43500/45600: loss = 0.08373
  Ep01 step 43600/45600: loss = 0.08725
  Ep01 step 43700/45600: loss = 0.08454
  Ep01 step 43800/45600: loss = 0.08629
  Ep01 step 43900/45600: loss = 0.08607
  Ep01 step 44000/45600: loss = 0.08478
  Ep01 step 44100/45600: loss = 0.08452
  Ep01 step 44200/45600: loss = 0.08686
  Ep01 step 44300/45600: loss = 0.08482
  Ep01 step 44400/45600: loss = 0.08325
  Ep01 step 44500/45600: loss = 0.08458
  Ep01 step 44600/45600: loss = 0.08335
  Ep01 step 44700/45600: loss = 0.08468
  Ep01 step 44800/45600: loss = 0.09039
  Ep01 step 44900/45600: loss = 0.08548
  Ep01 step 45000/45600: loss = 0.08508
  Ep01 step 45100/45600: loss = 0.08614
  Ep01 step 45200/45600: loss = 0.08529
  Ep01 step 45300/45600: loss = 0.09066
  Ep01 step 45400/45600: loss = 0.08433
  Ep01 step 45500/45600: loss = 0.08538
  Ep01 step 45600/45600: loss = 0.08425

Epoch 01/6 | train=0.08553 val=0.11575 | AUC=['0.998', '0.996', '0.991', '0.990'] PR=['0.986', '0.969', '0.953', '0.960'] | CASCADE-only AUC=['0.997', '0.993', '0.987', '0.986'] PR=['0.948', '0.933', '0.910', '0.932'] | mono_viol=0.00000 | 4519s

  [checkpoint] best.pt updated (epoch 1, val_loss=0.11575)
  Ep02 step  100/45600: loss = 0.08378
  Ep02 step  200/45600: loss = 0.08486
  Ep02 step  300/45600: loss = 0.08971
  Ep02 step  400/45600: loss = 0.08743
  Ep02 step  500/45600: loss = 0.08426
  Ep02 step  600/45600: loss = 0.08902
  Ep02 step  700/45600: loss = 0.08384
  Ep02 step  800/45600: loss = 0.08314
  Ep02 step  900/45600: loss = 0.08513
  Ep02 step 1000/45600: loss = 0.08470
  Ep02 step 1100/45600: loss = 0.08395
  Ep02 step 1200/45600: loss = 0.08407
  Ep02 step 1300/45600: loss = 0.08699
  Ep02 step 1400/45600: loss = 0.08817
  Ep02 step 1500/45600: loss = 0.08477
  Ep02 step 1600/45600: loss = 0.08546
  Ep02 step 1700/45600: loss = 0.08553
  Ep02 step 1800/45600: loss = 0.08637
  Ep02 step 1900/45600: loss = 0.08462
  Ep02 step 2000/45600: loss = 0.08365
  Ep02 step 2100/45600: loss = 0.08449
  Ep02 step 2200/45600: loss = 0.08393
  Ep02 step 2300/45600: loss = 0.08483
  Ep02 step 2400/45600: loss = 0.08513
  Ep02 step 2500/45600: loss = 0.08413
  Ep02 step 2600/45600: loss = 0.08541
  Ep02 step 2700/45600: loss = 0.08490
  Ep02 step 2800/45600: loss = 0.08544
  Ep02 step 2900/45600: loss = 0.08494
  Ep02 step 3000/45600: loss = 0.08378
  Ep02 step 3100/45600: loss = 0.08392
  Ep02 step 3200/45600: loss = 0.08605
  Ep02 step 3300/45600: loss = 0.08918
  Ep02 step 3400/45600: loss = 0.08636
  Ep02 step 3500/45600: loss = 0.08729
  Ep02 step 3600/45600: loss = 0.08642
  Ep02 step 3700/45600: loss = 0.08873
  Ep02 step 3800/45600: loss = 0.08544
  Ep02 step 3900/45600: loss = 0.08330
  Ep02 step 4000/45600: loss = 0.08337
  Ep02 step 4100/45600: loss = 0.08298
  Ep02 step 4200/45600: loss = 0.08383
  Ep02 step 4300/45600: loss = 0.08426
  Ep02 step 4400/45600: loss = 0.08463
  Ep02 step 4500/45600: loss = 0.08925
  Ep02 step 4600/45600: loss = 0.08457
  Ep02 step 4700/45600: loss = 0.08379
  Ep02 step 4800/45600: loss = 0.08357
  Ep02 step 4900/45600: loss = 0.08237
  Ep02 step 5000/45600: loss = 0.08319
  Ep02 step 5100/45600: loss = 0.08568
  Ep02 step 5200/45600: loss = 0.08352
  Ep02 step 5300/45600: loss = 0.08363
  Ep02 step 5400/45600: loss = 0.08635
  Ep02 step 5500/45600: loss = 0.08516
  Ep02 step 5600/45600: loss = 0.08723
  Ep02 step 5700/45600: loss = 0.08463
  Ep02 step 5800/45600: loss = 0.08354
  Ep02 step 5900/45600: loss = 0.08242
  Ep02 step 6000/45600: loss = 0.08733
  Ep02 step 6100/45600: loss = 0.08407
  Ep02 step 6200/45600: loss = 0.08512
  Ep02 step 6300/45600: loss = 0.08497
  Ep02 step 6400/45600: loss = 0.08532
  Ep02 step 6500/45600: loss = 0.08383
  Ep02 step 6600/45600: loss = 0.08512
  Ep02 step 6700/45600: loss = 0.08872
  Ep02 step 6800/45600: loss = 0.08330
  Ep02 step 6900/45600: loss = 0.08374
  Ep02 step 7000/45600: loss = 0.08654
  Ep02 step 7100/45600: loss = 0.08713
  Ep02 step 7200/45600: loss = 0.08604
  Ep02 step 7300/45600: loss = 0.08597
  Ep02 step 7400/45600: loss = 0.08458
  Ep02 step 7500/45600: loss = 0.08339
  Ep02 step 7600/45600: loss = 0.08382
  Ep02 step 7700/45600: loss = 0.08548
  Ep02 step 7800/45600: loss = 0.08445
  Ep02 step 7900/45600: loss = 0.08420
  Ep02 step 8000/45600: loss = 0.08474
  Ep02 step 8100/45600: loss = 0.08350
  Ep02 step 8200/45600: loss = 0.08274
  Ep02 step 8300/45600: loss = 0.08421
  Ep02 step 8400/45600: loss = 0.08278
  Ep02 step 8500/45600: loss = 0.08440
  Ep02 step 8600/45600: loss = 0.08484
  Ep02 step 8700/45600: loss = 0.08070
  Ep02 step 8800/45600: loss = 0.08429
  Ep02 step 8900/45600: loss = 0.08462
  Ep02 step 9000/45600: loss = 0.08448
  Ep02 step 9100/45600: loss = 0.08681
  Ep02 step 9200/45600: loss = 0.08606
  Ep02 step 9300/45600: loss = 0.08407
  Ep02 step 9400/45600: loss = 0.08569
  Ep02 step 9500/45600: loss = 0.08566
  Ep02 step 9600/45600: loss = 0.08407
  Ep02 step 9700/45600: loss = 0.08344
  Ep02 step 9800/45600: loss = 0.08409
  Ep02 step 9900/45600: loss = 0.08474
  Ep02 step 10000/45600: loss = 0.08537
  Ep02 step 10100/45600: loss = 0.08309
  Ep02 step 10200/45600: loss = 0.08335
  Ep02 step 10300/45600: loss = 0.08481
  Ep02 step 10400/45600: loss = 0.08783
  Ep02 step 10500/45600: loss = 0.08600
  Ep02 step 10600/45600: loss = 0.08634
  Ep02 step 10700/45600: loss = 0.08375
  Ep02 step 10800/45600: loss = 0.08305
  Ep02 step 10900/45600: loss = 0.08825
  Ep02 step 11000/45600: loss = 0.08378
  Ep02 step 11100/45600: loss = 0.08484
  Ep02 step 11200/45600: loss = 0.08642
  Ep02 step 11300/45600: loss = 0.08359
  Ep02 step 11400/45600: loss = 0.08246
  Ep02 step 11500/45600: loss = 0.09005
  Ep02 step 11600/45600: loss = 0.08534
  Ep02 step 11700/45600: loss = 0.08349
  Ep02 step 11800/45600: loss = 0.08487
  Ep02 step 11900/45600: loss = 0.08453
  Ep02 step 12000/45600: loss = 0.08316
  Ep02 step 12100/45600: loss = 0.08204
  Ep02 step 12200/45600: loss = 0.08477
  Ep02 step 12300/45600: loss = 0.08611
  Ep02 step 12400/45600: loss = 0.08963
  Ep02 step 12500/45600: loss = 0.08349
  Ep02 step 12600/45600: loss = 0.08453
  Ep02 step 12700/45600: loss = 0.08466
  Ep02 step 12800/45600: loss = 0.08417
  Ep02 step 12900/45600: loss = 0.08836
  Ep02 step 13000/45600: loss = 0.08558
  Ep02 step 13100/45600: loss = 0.08244
  Ep02 step 13200/45600: loss = 0.08586
  Ep02 step 13300/45600: loss = 0.08522
  Ep02 step 13400/45600: loss = 0.08380
  Ep02 step 13500/45600: loss = 0.08669
  Ep02 step 13600/45600: loss = 0.08441
  Ep02 step 13700/45600: loss = 0.08272
  Ep02 step 13800/45600: loss = 0.08949
  Ep02 step 13900/45600: loss = 0.08533
  Ep02 step 14000/45600: loss = 0.08274
  Ep02 step 14100/45600: loss = 0.08721
  Ep02 step 14200/45600: loss = 0.08424
  Ep02 step 14300/45600: loss = 0.08563
  Ep02 step 14400/45600: loss = 0.08497
  Ep02 step 14500/45600: loss = 0.08548
  Ep02 step 14600/45600: loss = 0.08340
  Ep02 step 14700/45600: loss = 0.08505
  Ep02 step 14800/45600: loss = 0.08508
  Ep02 step 14900/45600: loss = 0.08358
  Ep02 step 15000/45600: loss = 0.08436
  Ep02 step 15100/45600: loss = 0.08453
  Ep02 step 15200/45600: loss = 0.08194
  Ep02 step 15300/45600: loss = 0.09078
  Ep02 step 15400/45600: loss = 0.08288
  Ep02 step 15500/45600: loss = 0.08417
  Ep02 step 15600/45600: loss = 0.08468
  Ep02 step 15700/45600: loss = 0.08810
  Ep02 step 15800/45600: loss = 0.08529
  Ep02 step 15900/45600: loss = 0.08334
  Ep02 step 16000/45600: loss = 0.09034
  Ep02 step 16100/45600: loss = 0.08448
  Ep02 step 16200/45600: loss = 0.08467
  Ep02 step 16300/45600: loss = 0.08526
  Ep02 step 16400/45600: loss = 0.08249
  Ep02 step 16500/45600: loss = 0.08417
  Ep02 step 16600/45600: loss = 0.08563
  Ep02 step 16700/45600: loss = 0.08370
  Ep02 step 16800/45600: loss = 0.08574
  Ep02 step 16900/45600: loss = 0.08925
  Ep02 step 17000/45600: loss = 0.08330
  Ep02 step 17100/45600: loss = 0.08381
  Ep02 step 17200/45600: loss = 0.08367
  Ep02 step 17300/45600: loss = 0.08464
  Ep02 step 17400/45600: loss = 0.08603
  Ep02 step 17500/45600: loss = 0.08504
  Ep02 step 17600/45600: loss = 0.08389
  Ep02 step 17700/45600: loss = 0.08403
  Ep02 step 17800/45600: loss = 0.08202
  Ep02 step 17900/45600: loss = 0.08409
  Ep02 step 18000/45600: loss = 0.08404
  Ep02 step 18100/45600: loss = 0.08405
  Ep02 step 18200/45600: loss = 0.08389
  Ep02 step 18300/45600: loss = 0.08500
  Ep02 step 18400/45600: loss = 0.08548
  Ep02 step 18500/45600: loss = 0.08367
  Ep02 step 18600/45600: loss = 0.08451
  Ep02 step 18700/45600: loss = 0.08684
  Ep02 step 18800/45600: loss = 0.08837
  Ep02 step 18900/45600: loss = 0.08265
  Ep02 step 19000/45600: loss = 0.08334
  Ep02 step 19100/45600: loss = 0.08545
  Ep02 step 19200/45600: loss = 0.08374
  Ep02 step 19300/45600: loss = 0.08441
  Ep02 step 19400/45600: loss = 0.08446
  Ep02 step 19500/45600: loss = 0.08748
  Ep02 step 19600/45600: loss = 0.08304
  Ep02 step 19700/45600: loss = 0.08431
  Ep02 step 19800/45600: loss = 0.08471
  Ep02 step 19900/45600: loss = 0.08397
  Ep02 step 20000/45600: loss = 0.08469
  Ep02 step 20100/45600: loss = 0.08657
  Ep02 step 20200/45600: loss = 0.08866
  Ep02 step 20300/45600: loss = 0.08290
  Ep02 step 20400/45600: loss = 0.08765
  Ep02 step 20500/45600: loss = 0.08239
  Ep02 step 20600/45600: loss = 0.08454
  Ep02 step 20700/45600: loss = 0.08310
  Ep02 step 20800/45600: loss = 0.08389
  Ep02 step 20900/45600: loss = 0.08496
  Ep02 step 21000/45600: loss = 0.08274
  Ep02 step 21100/45600: loss = 0.08465
  Ep02 step 21200/45600: loss = 0.08566
  Ep02 step 21300/45600: loss = 0.08918
  Ep02 step 21400/45600: loss = 0.08452
  Ep02 step 21500/45600: loss = 0.08236
  Ep02 step 21600/45600: loss = 0.08343
  Ep02 step 21700/45600: loss = 0.08194
  Ep02 step 21800/45600: loss = 0.08363
  Ep02 step 21900/45600: loss = 0.08469
  Ep02 step 22000/45600: loss = 0.08464
  Ep02 step 22100/45600: loss = 0.08328
  Ep02 step 22200/45600: loss = 0.08282
  Ep02 step 22300/45600: loss = 0.08591
  Ep02 step 22400/45600: loss = 0.08630
  Ep02 step 22500/45600: loss = 0.08748
  Ep02 step 22600/45600: loss = 0.08295
  Ep02 step 22700/45600: loss = 0.08315
  Ep02 step 22800/45600: loss = 0.08388
  Ep02 step 22900/45600: loss = 0.08397
  Ep02 step 23000/45600: loss = 0.08536
  Ep02 step 23100/45600: loss = 0.08553
  Ep02 step 23200/45600: loss = 0.08329
  Ep02 step 23300/45600: loss = 0.08692
  Ep02 step 23400/45600: loss = 0.08892
  Ep02 step 23500/45600: loss = 0.08585
  Ep02 step 23600/45600: loss = 0.08373
  Ep02 step 23700/45600: loss = 0.08292
  Ep02 step 23800/45600: loss = 0.09020
  Ep02 step 23900/45600: loss = 0.08499
  Ep02 step 24000/45600: loss = 0.08385
  Ep02 step 24100/45600: loss = 0.08874
  Ep02 step 24200/45600: loss = 0.08833
  Ep02 step 24300/45600: loss = 0.08520
  Ep02 step 24400/45600: loss = 0.08263
  Ep02 step 24500/45600: loss = 0.08538
  Ep02 step 24600/45600: loss = 0.08361
  Ep02 step 24700/45600: loss = 0.08506
  Ep02 step 24800/45600: loss = 0.08959
  Ep02 step 24900/45600: loss = 0.08439
  Ep02 step 25000/45600: loss = 0.08420
  Ep02 step 25100/45600: loss = 0.08880
  Ep02 step 25200/45600: loss = 0.08442
  Ep02 step 25300/45600: loss = 0.08558
  Ep02 step 25400/45600: loss = 0.08271
  Ep02 step 25500/45600: loss = 0.08501
  Ep02 step 25600/45600: loss = 0.08183
  Ep02 step 25700/45600: loss = 0.08425
  Ep02 step 25800/45600: loss = 0.08225
  Ep02 step 25900/45600: loss = 0.08458
  Ep02 step 26000/45600: loss = 0.08471
  Ep02 step 26100/45600: loss = 0.08457
  Ep02 step 26200/45600: loss = 0.08236
  Ep02 step 26300/45600: loss = 0.08381
  Ep02 step 26400/45600: loss = 0.08962
  Ep02 step 26500/45600: loss = 0.08247
  Ep02 step 26600/45600: loss = 0.08405
  Ep02 step 26700/45600: loss = 0.08588
  Ep02 step 26800/45600: loss = 0.08564
  Ep02 step 26900/45600: loss = 0.08356
  Ep02 step 27000/45600: loss = 0.08521
  Ep02 step 27100/45600: loss = 0.08563
  Ep02 step 27200/45600: loss = 0.08525
  Ep02 step 27300/45600: loss = 0.08551
  Ep02 step 27400/45600: loss = 0.08477
  Ep02 step 27500/45600: loss = 0.08685
  Ep02 step 27600/45600: loss = 0.07969
  Ep02 step 27700/45600: loss = 0.08645
  Ep02 step 27800/45600: loss = 0.08266
  Ep02 step 27900/45600: loss = 0.08378
  Ep02 step 28000/45600: loss = 0.08452
  Ep02 step 28100/45600: loss = 0.08363
  Ep02 step 28200/45600: loss = 0.08529
  Ep02 step 28300/45600: loss = 0.08224
  Ep02 step 28400/45600: loss = 0.08366
  Ep02 step 28500/45600: loss = 0.08587
  Ep02 step 28600/45600: loss = 0.08201
  Ep02 step 28700/45600: loss = 0.09079
  Ep02 step 28800/45600: loss = 0.08419
  Ep02 step 28900/45600: loss = 0.08633
  Ep02 step 29000/45600: loss = 0.09058
  Ep02 step 29100/45600: loss = 0.08270
  Ep02 step 29200/45600: loss = 0.08216
  Ep02 step 29300/45600: loss = 0.08340
  Ep02 step 29400/45600: loss = 0.08243
  Ep02 step 29500/45600: loss = 0.08842
  Ep02 step 29600/45600: loss = 0.08520
  Ep02 step 29700/45600: loss = 0.08371
  Ep02 step 29800/45600: loss = 0.08345
  Ep02 step 29900/45600: loss = 0.08573
  Ep02 step 30000/45600: loss = 0.08703
  Ep02 step 30100/45600: loss = 0.08230
  Ep02 step 30200/45600: loss = 0.08407
  Ep02 step 30300/45600: loss = 0.08407
  Ep02 step 30400/45600: loss = 0.08334
  Ep02 step 30500/45600: loss = 0.08466
  Ep02 step 30600/45600: loss = 0.08468
  Ep02 step 30700/45600: loss = 0.08324
  Ep02 step 30800/45600: loss = 0.08278
  Ep02 step 30900/45600: loss = 0.08250
  Ep02 step 31000/45600: loss = 0.08920
  Ep02 step 31100/45600: loss = 0.08540
  Ep02 step 31200/45600: loss = 0.08343
  Ep02 step 31300/45600: loss = 0.08462
  Ep02 step 31400/45600: loss = 0.08381
  Ep02 step 31500/45600: loss = 0.08301
  Ep02 step 31600/45600: loss = 0.08442
  Ep02 step 31700/45600: loss = 0.08342
  Ep02 step 31800/45600: loss = 0.08432
  Ep02 step 31900/45600: loss = 0.08377
  Ep02 step 32000/45600: loss = 0.08352
  Ep02 step 32100/45600: loss = 0.08542
  Ep02 step 32200/45600: loss = 0.08360
  Ep02 step 32300/45600: loss = 0.08493
  Ep02 step 32400/45600: loss = 0.08862
  Ep02 step 32500/45600: loss = 0.08394
  Ep02 step 32600/45600: loss = 0.08488
  Ep02 step 32700/45600: loss = 0.08381
  Ep02 step 32800/45600: loss = 0.08701
  Ep02 step 32900/45600: loss = 0.08586
  Ep02 step 33000/45600: loss = 0.08511
  Ep02 step 33100/45600: loss = 0.08362
  Ep02 step 33200/45600: loss = 0.09040
  Ep02 step 33300/45600: loss = 0.08278
  Ep02 step 33400/45600: loss = 0.08140
  Ep02 step 33500/45600: loss = 0.08364
  Ep02 step 33600/45600: loss = 0.08636
  Ep02 step 33700/45600: loss = 0.08437
  Ep02 step 33800/45600: loss = 0.08428
  Ep02 step 33900/45600: loss = 0.08099
  Ep02 step 34000/45600: loss = 0.08557
  Ep02 step 34100/45600: loss = 0.08261
  Ep02 step 34200/45600: loss = 0.08358
  Ep02 step 34300/45600: loss = 0.08505
  Ep02 step 34400/45600: loss = 0.08915
  Ep02 step 34500/45600: loss = 0.08482
  Ep02 step 34600/45600: loss = 0.08779
  Ep02 step 34700/45600: loss = 0.08632
  Ep02 step 34800/45600: loss = 0.08378
  Ep02 step 34900/45600: loss = 0.08595
  Ep02 step 35000/45600: loss = 0.08403
  Ep02 step 35100/45600: loss = 0.08848
  Ep02 step 35200/45600: loss = 0.08421
  Ep02 step 35300/45600: loss = 0.08517
  Ep02 step 35400/45600: loss = 0.08456
  Ep02 step 35500/45600: loss = 0.08422
  Ep02 step 35600/45600: loss = 0.08355
  Ep02 step 35700/45600: loss = 0.08362
  Ep02 step 35800/45600: loss = 0.08444
  Ep02 step 35900/45600: loss = 0.08451
  Ep02 step 36000/45600: loss = 0.08416
  Ep02 step 36100/45600: loss = 0.08319
  Ep02 step 36200/45600: loss = 0.08471
  Ep02 step 36300/45600: loss = 0.08290
  Ep02 step 36400/45600: loss = 0.08409
  Ep02 step 36500/45600: loss = 0.08290
  Ep02 step 36600/45600: loss = 0.08876
  Ep02 step 36700/45600: loss = 0.08551
  Ep02 step 36800/45600: loss = 0.08443
  Ep02 step 36900/45600: loss = 0.08410
  Ep02 step 37000/45600: loss = 0.08182
  Ep02 step 37100/45600: loss = 0.08592
  Ep02 step 37200/45600: loss = 0.08452
  Ep02 step 37300/45600: loss = 0.08220
  Ep02 step 37400/45600: loss = 0.09103
  Ep02 step 37500/45600: loss = 0.08379
  Ep02 step 37600/45600: loss = 0.08790
  Ep02 step 37700/45600: loss = 0.08270
  Ep02 step 37800/45600: loss = 0.08402
  Ep02 step 37900/45600: loss = 0.08538
  Ep02 step 38000/45600: loss = 0.08628
  Ep02 step 38100/45600: loss = 0.08415
  Ep02 step 38200/45600: loss = 0.08523
  Ep02 step 38300/45600: loss = 0.08316
  Ep02 step 38400/45600: loss = 0.08629
  Ep02 step 38500/45600: loss = 0.08162
  Ep02 step 38600/45600: loss = 0.08343
  Ep02 step 38700/45600: loss = 0.08443
  Ep02 step 38800/45600: loss = 0.08341
  Ep02 step 38900/45600: loss = 0.08239
  Ep02 step 39000/45600: loss = 0.08581
  Ep02 step 39100/45600: loss = 0.08250
  Ep02 step 39200/45600: loss = 0.08471
  Ep02 step 39300/45600: loss = 0.08673
  Ep02 step 39400/45600: loss = 0.08398
  Ep02 step 39500/45600: loss = 0.08504
  Ep02 step 39600/45600: loss = 0.08408
  Ep02 step 39700/45600: loss = 0.08416
  Ep02 step 39800/45600: loss = 0.08364
  Ep02 step 39900/45600: loss = 0.08555
  Ep02 step 40000/45600: loss = 0.08346
  Ep02 step 40100/45600: loss = 0.08374
  Ep02 step 40200/45600: loss = 0.08376
  Ep02 step 40300/45600: loss = 0.08231
  Ep02 step 40400/45600: loss = 0.08401
  Ep02 step 40500/45600: loss = 0.08386
  Ep02 step 40600/45600: loss = 0.08483
  Ep02 step 40700/45600: loss = 0.08341
  Ep02 step 40800/45600: loss = 0.08539
  Ep02 step 40900/45600: loss = 0.08530
  Ep02 step 41000/45600: loss = 0.09030
  Ep02 step 41100/45600: loss = 0.08447
  Ep02 step 41200/45600: loss = 0.08444
  Ep02 step 41300/45600: loss = 0.08677
  Ep02 step 41400/45600: loss = 0.08331
  Ep02 step 41500/45600: loss = 0.08230
  Ep02 step 41600/45600: loss = 0.08474
  Ep02 step 41700/45600: loss = 0.08221
  Ep02 step 41800/45600: loss = 0.08292
  Ep02 step 41900/45600: loss = 0.08616
  Ep02 step 42000/45600: loss = 0.08158
  Ep02 step 42100/45600: loss = 0.08611
  Ep02 step 42200/45600: loss = 0.08701
  Ep02 step 42300/45600: loss = 0.08427
  Ep02 step 42400/45600: loss = 0.08289
  Ep02 step 42500/45600: loss = 0.08295
  Ep02 step 42600/45600: loss = 0.08402
  Ep02 step 42700/45600: loss = 0.08891
  Ep02 step 42800/45600: loss = 0.08435
  Ep02 step 42900/45600: loss = 0.08396
  Ep02 step 43000/45600: loss = 0.08647
  Ep02 step 43100/45600: loss = 0.08365
  Ep02 step 43200/45600: loss = 0.08340
  Ep02 step 43300/45600: loss = 0.08335
  Ep02 step 43400/45600: loss = 0.08530
  Ep02 step 43500/45600: loss = 0.08390
  Ep02 step 43600/45600: loss = 0.09002
  Ep02 step 43700/45600: loss = 0.08402
  Ep02 step 43800/45600: loss = 0.08309
  Ep02 step 43900/45600: loss = 0.08138
  Ep02 step 44000/45600: loss = 0.08418
  Ep02 step 44100/45600: loss = 0.08266
  Ep02 step 44200/45600: loss = 0.08711
  Ep02 step 44300/45600: loss = 0.08441
  Ep02 step 44400/45600: loss = 0.09088
  Ep02 step 44500/45600: loss = 0.08531
  Ep02 step 44600/45600: loss = 0.08387
  Ep02 step 44700/45600: loss = 0.08302
  Ep02 step 44800/45600: loss = 0.08585
  Ep02 step 44900/45600: loss = 0.08656
  Ep02 step 45000/45600: loss = 0.08518
  Ep02 step 45100/45600: loss = 0.08429
  Ep02 step 45200/45600: loss = 0.08342
  Ep02 step 45300/45600: loss = 0.08436
  Ep02 step 45400/45600: loss = 0.08372
  Ep02 step 45500/45600: loss = 0.08701
  Ep02 step 45600/45600: loss = 0.08469

Epoch 02/6 | train=0.08480 val=0.11578 | AUC=['0.999', '0.996', '0.991', '0.990'] PR=['0.987', '0.971', '0.956', '0.961'] | CASCADE-only AUC=['0.997', '0.994', '0.988', '0.987'] PR=['0.952', '0.937', '0.917', '0.935'] | mono_viol=0.00000 | 6729s

  Ep03 step  100/45600: loss = 0.08270
  Ep03 step  200/45600: loss = 0.08578
  Ep03 step  300/45600: loss = 0.08374
  Ep03 step  400/45600: loss = 0.08321
  Ep03 step  500/45600: loss = 0.08380
  Ep03 step  600/45600: loss = 0.08252
  Ep03 step  700/45600: loss = 0.08950
  Ep03 step  800/45600: loss = 0.08392
  Ep03 step  900/45600: loss = 0.08481
  Ep03 step 1000/45600: loss = 0.08365
  Ep03 step 1100/45600: loss = 0.08358
  Ep03 step 1200/45600: loss = 0.08349
  Ep03 step 1300/45600: loss = 0.08458
  Ep03 step 1400/45600: loss = 0.08387
  Ep03 step 1500/45600: loss = 0.08373
  Ep03 step 1600/45600: loss = 0.08473
  Ep03 step 1700/45600: loss = 0.08283
  Ep03 step 1800/45600: loss = 0.09020
  Ep03 step 1900/45600: loss = 0.08520
  Ep03 step 2000/45600: loss = 0.08493
  Ep03 step 2100/45600: loss = 0.08609
  Ep03 step 2200/45600: loss = 0.08505
  Ep03 step 2300/45600: loss = 0.08452
  Ep03 step 2400/45600: loss = 0.08450
  Ep03 step 2500/45600: loss = 0.08271
  Ep03 step 2600/45600: loss = 0.08409
  Ep03 step 2700/45600: loss = 0.08325
  Ep03 step 2800/45600: loss = 0.08422
  Ep03 step 2900/45600: loss = 0.08321
  Ep03 step 3000/45600: loss = 0.08345
  Ep03 step 3100/45600: loss = 0.08465
  Ep03 step 3200/45600: loss = 0.08555
  Ep03 step 3300/45600: loss = 0.08239
  Ep03 step 3400/45600: loss = 0.08329
  Ep03 step 3500/45600: loss = 0.08447
  Ep03 step 3600/45600: loss = 0.08294
  Ep03 step 3700/45600: loss = 0.09001
  Ep03 step 3800/45600: loss = 0.08501
  Ep03 step 3900/45600: loss = 0.08415
  Ep03 step 4000/45600: loss = 0.08387
  Ep03 step 4100/45600: loss = 0.08365
  Ep03 step 4200/45600: loss = 0.08344
  Ep03 step 4300/45600: loss = 0.08312
  Ep03 step 4400/45600: loss = 0.08503
  Ep03 step 4500/45600: loss = 0.08410
  Ep03 step 4600/45600: loss = 0.08337
  Ep03 step 4700/45600: loss = 0.08490
  Ep03 step 4800/45600: loss = 0.08295
  Ep03 step 4900/45600: loss = 0.08143
  Ep03 step 5000/45600: loss = 0.08420
  Ep03 step 5100/45600: loss = 0.09070
  Ep03 step 5200/45600: loss = 0.08541
  Ep03 step 5300/45600: loss = 0.08501
  Ep03 step 5400/45600: loss = 0.08416
  Ep03 step 5500/45600: loss = 0.08421
  Ep03 step 5600/45600: loss = 0.08692
  Ep03 step 5700/45600: loss = 0.08329
  Ep03 step 5800/45600: loss = 0.08372
  Ep03 step 5900/45600: loss = 0.08421
  Ep03 step 6000/45600: loss = 0.08358
  Ep03 step 6100/45600: loss = 0.08415
  Ep03 step 6200/45600: loss = 0.08415
  Ep03 step 6300/45600: loss = 0.08554
  Ep03 step 6400/45600: loss = 0.08267
  Ep03 step 6500/45600: loss = 0.08306
  Ep03 step 6600/45600: loss = 0.08401
  Ep03 step 6700/45600: loss = 0.08453
  Ep03 step 6800/45600: loss = 0.08345
  Ep03 step 6900/45600: loss = 0.08503
  Ep03 step 7000/45600: loss = 0.08434
  Ep03 step 7100/45600: loss = 0.08426
  Ep03 step 7200/45600: loss = 0.08425
  Ep03 step 7300/45600: loss = 0.08230
  Ep03 step 7400/45600: loss = 0.08166
  Ep03 step 7500/45600: loss = 0.08486
  Ep03 step 7600/45600: loss = 0.08263
  Ep03 step 7700/45600: loss = 0.08399
  Ep03 step 7800/45600: loss = 0.08366
  Ep03 step 7900/45600: loss = 0.08039
  Ep03 step 8000/45600: loss = 0.08443
  Ep03 step 8100/45600: loss = 0.08365
  Ep03 step 8200/45600: loss = 0.08157
  Ep03 step 8300/45600: loss = 0.08528
  Ep03 step 8400/45600: loss = 0.09020
  Ep03 step 8500/45600: loss = 0.08440
  Ep03 step 8600/45600: loss = 0.08400
  Ep03 step 8700/45600: loss = 0.08217
  Ep03 step 8800/45600: loss = 0.08382
  Ep03 step 8900/45600: loss = 0.08443
  Ep03 step 9000/45600: loss = 0.08966
  Ep03 step 9100/45600: loss = 0.08487
  Ep03 step 9200/45600: loss = 0.08295
  Ep03 step 9300/45600: loss = 0.08406
  Ep03 step 9400/45600: loss = 0.08300
  Ep03 step 9500/45600: loss = 0.08396
  Ep03 step 9600/45600: loss = 0.08193
  Ep03 step 9700/45600: loss = 0.08994
  Ep03 step 9800/45600: loss = 0.08462
  Ep03 step 9900/45600: loss = 0.08320
  Ep03 step 10000/45600: loss = 0.08250
  Ep03 step 10100/45600: loss = 0.08426
  Ep03 step 10200/45600: loss = 0.08290
  Ep03 step 10300/45600: loss = 0.08452
  Ep03 step 10400/45600: loss = 0.08456
  Ep03 step 10500/45600: loss = 0.08558
  Ep03 step 10600/45600: loss = 0.08323
  Ep03 step 10700/45600: loss = 0.08299
  Ep03 step 10800/45600: loss = 0.08325
  Ep03 step 10900/45600: loss = 0.08463
  Ep03 step 11000/45600: loss = 0.08402
  Ep03 step 11100/45600: loss = 0.08392
  Ep03 step 11200/45600: loss = 0.08377
  Ep03 step 11300/45600: loss = 0.08346
  Ep03 step 11400/45600: loss = 0.08383
  Ep03 step 11500/45600: loss = 0.08312
  Ep03 step 11600/45600: loss = 0.08119
  Ep03 step 11700/45600: loss = 0.08648
  Ep03 step 11800/45600: loss = 0.08497
  Ep03 step 11900/45600: loss = 0.08923
  Ep03 step 12000/45600: loss = 0.08462
  Ep03 step 12100/45600: loss = 0.08515
  Ep03 step 12200/45600: loss = 0.08499
  Ep03 step 12300/45600: loss = 0.08318
  Ep03 step 12400/45600: loss = 0.08406
  Ep03 step 12500/45600: loss = 0.08536
  Ep03 step 12600/45600: loss = 0.08452
  Ep03 step 12700/45600: loss = 0.08101
  Ep03 step 12800/45600: loss = 0.08602
  Ep03 step 12900/45600: loss = 0.08341
  Ep03 step 13000/45600: loss = 0.08280
  Ep03 step 13100/45600: loss = 0.08287
  Ep03 step 13200/45600: loss = 0.08676
  Ep03 step 13300/45600: loss = 0.08554
  Ep03 step 13400/45600: loss = 0.08261
  Ep03 step 13500/45600: loss = 0.08406
  Ep03 step 13600/45600: loss = 0.08461
  Ep03 step 13700/45600: loss = 0.08483
  Ep03 step 13800/45600: loss = 0.08962
  Ep03 step 13900/45600: loss = 0.08225
  Ep03 step 14000/45600: loss = 0.08506
  Ep03 step 14100/45600: loss = 0.08800
  Ep03 step 14200/45600: loss = 0.08415
  Ep03 step 14300/45600: loss = 0.08443
  Ep03 step 14400/45600: loss = 0.08467
  Ep03 step 14500/45600: loss = 0.08494
  Ep03 step 14600/45600: loss = 0.08375
  Ep03 step 14700/45600: loss = 0.08377
  Ep03 step 14800/45600: loss = 0.08537
  Ep03 step 14900/45600: loss = 0.08372
  Ep03 step 15000/45600: loss = 0.08596
  Ep03 step 15100/45600: loss = 0.08022
  Ep03 step 15200/45600: loss = 0.08439
  Ep03 step 15300/45600: loss = 0.08391
  Ep03 step 15400/45600: loss = 0.08354
  Ep03 step 15500/45600: loss = 0.08823
  Ep03 step 15600/45600: loss = 0.08465
  Ep03 step 15700/45600: loss = 0.08186
  Ep03 step 15800/45600: loss = 0.08350
  Ep03 step 15900/45600: loss = 0.08375
  Ep03 step 16000/45600: loss = 0.08454
  Ep03 step 16100/45600: loss = 0.09228
  Ep03 step 16200/45600: loss = 0.08529
  Ep03 step 16300/45600: loss = 0.08365
  Ep03 step 16400/45600: loss = 0.08594
  Ep03 step 16500/45600: loss = 0.08590
  Ep03 step 16600/45600: loss = 0.08424
  Ep03 step 16700/45600: loss = 0.08304
  Ep03 step 16800/45600: loss = 0.08396
  Ep03 step 16900/45600: loss = 0.08465
  Ep03 step 17000/45600: loss = 0.08304
  Ep03 step 17100/45600: loss = 0.08353
  Ep03 step 17200/45600: loss = 0.08623
  Ep03 step 17300/45600: loss = 0.08365
  Ep03 step 17400/45600: loss = 0.08335
  Ep03 step 17500/45600: loss = 0.08384
  Ep03 step 17600/45600: loss = 0.08400
  Ep03 step 17700/45600: loss = 0.08347
  Ep03 step 17800/45600: loss = 0.08468
  Ep03 step 17900/45600: loss = 0.08535
  Ep03 step 18000/45600: loss = 0.08510
  Ep03 step 18100/45600: loss = 0.08355
  Ep03 step 18200/45600: loss = 0.08905
  Ep03 step 18300/45600: loss = 0.08417
  Ep03 step 18400/45600: loss = 0.08371
  Ep03 step 18500/45600: loss = 0.08404
  Ep03 step 18600/45600: loss = 0.08181
  Ep03 step 18700/45600: loss = 0.08415
  Ep03 step 18800/45600: loss = 0.08378
  Ep03 step 18900/45600: loss = 0.09000
  Ep03 step 19000/45600: loss = 0.09106
  Ep03 step 19100/45600: loss = 0.08875
  Ep03 step 19200/45600: loss = 0.08513
  Ep03 step 19300/45600: loss = 0.08328
  Ep03 step 19400/45600: loss = 0.08442
  Ep03 step 19500/45600: loss = 0.08501
  Ep03 step 19600/45600: loss = 0.08743
  Ep03 step 19700/45600: loss = 0.08460
  Ep03 step 19800/45600: loss = 0.08149
  Ep03 step 19900/45600: loss = 0.08574
  Ep03 step 20000/45600: loss = 0.08476
  Ep03 step 20100/45600: loss = 0.08721
  Ep03 step 20200/45600: loss = 0.08524
  Ep03 step 20300/45600: loss = 0.08456
  Ep03 step 20400/45600: loss = 0.08400
  Ep03 step 20500/45600: loss = 0.08636
  Ep03 step 20600/45600: loss = 0.08814
  Ep03 step 20700/45600: loss = 0.08525
  Ep03 step 20800/45600: loss = 0.08436
  Ep03 step 20900/45600: loss = 0.08620
  Ep03 step 21000/45600: loss = 0.08789
  Ep03 step 21100/45600: loss = 0.08581
  Ep03 step 21200/45600: loss = 0.08343
  Ep03 step 21300/45600: loss = 0.08237
  Ep03 step 21400/45600: loss = 0.08293
  Ep03 step 21500/45600: loss = 0.08320
  Ep03 step 21600/45600: loss = 0.08417
  Ep03 step 21700/45600: loss = 0.08285
  Ep03 step 21800/45600: loss = 0.08445
  Ep03 step 21900/45600: loss = 0.08496
  Ep03 step 22000/45600: loss = 0.08455
  Ep03 step 22100/45600: loss = 0.08353
  Ep03 step 22200/45600: loss = 0.08577
  Ep03 step 22300/45600: loss = 0.08631
  Ep03 step 22400/45600: loss = 0.08370
  Ep03 step 22500/45600: loss = 0.08783
  Ep03 step 22600/45600: loss = 0.08414
  Ep03 step 22700/45600: loss = 0.08459
  Ep03 step 22800/45600: loss = 0.08442
  Ep03 step 22900/45600: loss = 0.08339
  Ep03 step 23000/45600: loss = 0.08384
  Ep03 step 23100/45600: loss = 0.08253
  Ep03 step 23200/45600: loss = 0.08953
  Ep03 step 23300/45600: loss = 0.08168
  Ep03 step 23400/45600: loss = 0.08194
  Ep03 step 23500/45600: loss = 0.08360
  Ep03 step 23600/45600: loss = 0.08494
  Ep03 step 23700/45600: loss = 0.08572
  Ep03 step 23800/45600: loss = 0.08525
  Ep03 step 23900/45600: loss = 0.08448
  Ep03 step 24000/45600: loss = 0.08712
  Ep03 step 24100/45600: loss = 0.08486
  Ep03 step 24200/45600: loss = 0.08321
  Ep03 step 24300/45600: loss = 0.08367
  Ep03 step 24400/45600: loss = 0.08532
  Ep03 step 24500/45600: loss = 0.08260
  Ep03 step 24600/45600: loss = 0.08326
  Ep03 step 24700/45600: loss = 0.08348
  Ep03 step 24800/45600: loss = 0.08345
  Ep03 step 24900/45600: loss = 0.08395
  Ep03 step 25000/45600: loss = 0.08353
  Ep03 step 25100/45600: loss = 0.08254
  Ep03 step 25200/45600: loss = 0.08467
  Ep03 step 25300/45600: loss = 0.08421
  Ep03 step 25400/45600: loss = 0.08809
  Ep03 step 25500/45600: loss = 0.08622
  Ep03 step 25600/45600: loss = 0.08321
  Ep03 step 25700/45600: loss = 0.08251
  Ep03 step 25800/45600: loss = 0.08591
  Ep03 step 25900/45600: loss = 0.08700
  Ep03 step 26000/45600: loss = 0.08799
  Ep03 step 26100/45600: loss = 0.08544
  Ep03 step 26200/45600: loss = 0.08759
  Ep03 step 26300/45600: loss = 0.08932
  Ep03 step 26400/45600: loss = 0.08617
  Ep03 step 26500/45600: loss = 0.08424
  Ep03 step 26600/45600: loss = 0.08259
  Ep03 step 26700/45600: loss = 0.08557
  Ep03 step 26800/45600: loss = 0.08473
  Ep03 step 26900/45600: loss = 0.08218
  Ep03 step 27000/45600: loss = 0.08379
  Ep03 step 27100/45600: loss = 0.08354
  Ep03 step 27200/45600: loss = 0.08832
  Ep03 step 27300/45600: loss = 0.08387
  Ep03 step 27400/45600: loss = 0.08414
  Ep03 step 27500/45600: loss = 0.08179
  Ep03 step 27600/45600: loss = 0.08937
  Ep03 step 27700/45600: loss = 0.08673
  Ep03 step 27800/45600: loss = 0.08105
  Ep03 step 27900/45600: loss = 0.08832
  Ep03 step 28000/45600: loss = 0.08756
  Ep03 step 28100/45600: loss = 0.08281
  Ep03 step 28200/45600: loss = 0.08285
  Ep03 step 28300/45600: loss = 0.08305
  Ep03 step 28400/45600: loss = 0.08625
  Ep03 step 28500/45600: loss = 0.09037
  Ep03 step 28600/45600: loss = 0.08520
  Ep03 step 28700/45600: loss = 0.08435
  Ep03 step 28800/45600: loss = 0.08358
  Ep03 step 28900/45600: loss = 0.08536
  Ep03 step 29000/45600: loss = 0.08250
  Ep03 step 29100/45600: loss = 0.08337
  Ep03 step 29200/45600: loss = 0.08627
  Ep03 step 29300/45600: loss = 0.08230
  Ep03 step 29400/45600: loss = 0.08396
  Ep03 step 29500/45600: loss = 0.08441
  Ep03 step 29600/45600: loss = 0.08541
  Ep03 step 29700/45600: loss = 0.08294
  Ep03 step 29800/45600: loss = 0.08440
  Ep03 step 29900/45600: loss = 0.08423
  Ep03 step 30000/45600: loss = 0.08475
  Ep03 step 30100/45600: loss = 0.08334
  Ep03 step 30200/45600: loss = 0.08623
  Ep03 step 30300/45600: loss = 0.08618
  Ep03 step 30400/45600: loss = 0.08343
  Ep03 step 30500/45600: loss = 0.08344
  Ep03 step 30600/45600: loss = 0.08596
  Ep03 step 30700/45600: loss = 0.08293
  Ep03 step 30800/45600: loss = 0.08795
  Ep03 step 30900/45600: loss = 0.08424
  Ep03 step 31000/45600: loss = 0.08256
[2026-10-07T18:01:20.357] error: *** JOB 19367650 ON gl006 CANCELLED AT 2026-10-07T18:01:20 DUE to SIGNAL Terminated ***
