task=2 arm=old17 variant=plain cell=dynamic_mask torch_seed=1 set=jesse22 head=hazard labels=/scratch/tj2587/results/dynamic_v1/arrival_h360 labels2=/scratch/tj2587/results/dynamic_v1/arrival_h360 timing=unset context=unset ckpt=/scratch/tj2587/results/gnn_morestorms_v1/old17_plain_dynamic_mask_s1 smoke=0 commit=967d122 uncommitted_files=0
[gate] CUDA OK: NVIDIA L40S
[gate] heterodata data/graph/nyc_infra_heterodata_v1_frozen_failover_edges.pt: total=6231 -> OK
[gate] set jesse22: 22 storms, 17 for training, 5 held out; in both folders []; missing [] -> OK
[gate] variant plain: storm context off, timing inputs off -> OK
[gate] head switch present: ('independent', 'hazard')
=== TRAIN MODE — full training ===
torch seed set: 1
Train: 13600  Val: 3400  (17 scenarios) | Test held-out: ['geoclaw_2050', 'syn_ts_914_6_1p2955', 'syn_ts_258_9_3p0022', 'syn_ts_605_5_3p7563', 'syn_ts_808_27_3p7885'] (5000 runs)
Model parameters: 695,960  head=hazard
Device: cuda
  Ep00 step  100/13600: loss = 0.45148
  Ep00 step  200/13600: loss = 0.34795
  Ep00 step  300/13600: loss = 0.26125
  Ep00 step  400/13600: loss = 0.27346
  Ep00 step  500/13600: loss = 0.24667
  Ep00 step  600/13600: loss = 0.22765
  Ep00 step  700/13600: loss = 0.21573
  Ep00 step  800/13600: loss = 0.23325
  Ep00 step  900/13600: loss = 0.23191
  Ep00 step 1000/13600: loss = 0.21009
  Ep00 step 1100/13600: loss = 0.22143
  Ep00 step 1200/13600: loss = 0.20169
  Ep00 step 1300/13600: loss = 0.20373
  Ep00 step 1400/13600: loss = 0.20334
  Ep00 step 1500/13600: loss = 0.19941
  Ep00 step 1600/13600: loss = 0.19708
  Ep00 step 1700/13600: loss = 0.21731
  Ep00 step 1800/13600: loss = 0.19951
  Ep00 step 1900/13600: loss = 0.19258
  Ep00 step 2000/13600: loss = 0.19988
  Ep00 step 2100/13600: loss = 0.20855
  Ep00 step 2200/13600: loss = 0.20240
  Ep00 step 2300/13600: loss = 0.18785
  Ep00 step 2400/13600: loss = 0.21569
  Ep00 step 2500/13600: loss = 0.20377
  Ep00 step 2600/13600: loss = 0.18577
  Ep00 step 2700/13600: loss = 0.19665
  Ep00 step 2800/13600: loss = 0.19982
  Ep00 step 2900/13600: loss = 0.20100
  Ep00 step 3000/13600: loss = 0.18783
  Ep00 step 3100/13600: loss = 0.19703
  Ep00 step 3200/13600: loss = 0.19864
  Ep00 step 3300/13600: loss = 0.18906
  Ep00 step 3400/13600: loss = 0.19763
  Ep00 step 3500/13600: loss = 0.20368
  Ep00 step 3600/13600: loss = 0.19024
  Ep00 step 3700/13600: loss = 0.18929
  Ep00 step 3800/13600: loss = 0.19237
  Ep00 step 3900/13600: loss = 0.17861
  Ep00 step 4000/13600: loss = 0.19201
  Ep00 step 4100/13600: loss = 0.19473
  Ep00 step 4200/13600: loss = 0.18405
  Ep00 step 4300/13600: loss = 0.18055
  Ep00 step 4400/13600: loss = 0.18393
  Ep00 step 4500/13600: loss = 0.18889
  Ep00 step 4600/13600: loss = 0.19113
  Ep00 step 4700/13600: loss = 0.20089
  Ep00 step 4800/13600: loss = 0.18010
  Ep00 step 4900/13600: loss = 0.16492
  Ep00 step 5000/13600: loss = 0.19114
  Ep00 step 5100/13600: loss = 0.16885
  Ep00 step 5200/13600: loss = 0.18429
  Ep00 step 5300/13600: loss = 0.17052
  Ep00 step 5400/13600: loss = 0.17943
  Ep00 step 5500/13600: loss = 0.18861
  Ep00 step 5600/13600: loss = 0.17736
  Ep00 step 5700/13600: loss = 0.17074
  Ep00 step 5800/13600: loss = 0.17995
  Ep00 step 5900/13600: loss = 0.17161
  Ep00 step 6000/13600: loss = 0.16836
  Ep00 step 6100/13600: loss = 0.17754
  Ep00 step 6200/13600: loss = 0.17533
  Ep00 step 6300/13600: loss = 0.17329
  Ep00 step 6400/13600: loss = 0.16185
  Ep00 step 6500/13600: loss = 0.17485
  Ep00 step 6600/13600: loss = 0.18722
  Ep00 step 6700/13600: loss = 0.18438
  Ep00 step 6800/13600: loss = 0.17756
  Ep00 step 6900/13600: loss = 0.17574
  Ep00 step 7000/13600: loss = 0.17789
  Ep00 step 7100/13600: loss = 0.18203
  Ep00 step 7200/13600: loss = 0.16166
  Ep00 step 7300/13600: loss = 0.18603
  Ep00 step 7400/13600: loss = 0.18078
  Ep00 step 7500/13600: loss = 0.16705
  Ep00 step 7600/13600: loss = 0.17655
  Ep00 step 7700/13600: loss = 0.17659
  Ep00 step 7800/13600: loss = 0.17030
  Ep00 step 7900/13600: loss = 0.17708
  Ep00 step 8000/13600: loss = 0.18523
  Ep00 step 8100/13600: loss = 0.17663
  Ep00 step 8200/13600: loss = 0.18034
  Ep00 step 8300/13600: loss = 0.18144
  Ep00 step 8400/13600: loss = 0.17237
  Ep00 step 8500/13600: loss = 0.17949
  Ep00 step 8600/13600: loss = 0.18767
  Ep00 step 8700/13600: loss = 0.17243
  Ep00 step 8800/13600: loss = 0.17359
  Ep00 step 8900/13600: loss = 0.16530
  Ep00 step 9000/13600: loss = 0.17718
  Ep00 step 9100/13600: loss = 0.18172
  Ep00 step 9200/13600: loss = 0.17447
  Ep00 step 9300/13600: loss = 0.16982
  Ep00 step 9400/13600: loss = 0.18201
  Ep00 step 9500/13600: loss = 0.17826
  Ep00 step 9600/13600: loss = 0.17185
  Ep00 step 9700/13600: loss = 0.17618
  Ep00 step 9800/13600: loss = 0.17375
  Ep00 step 9900/13600: loss = 0.17575
  Ep00 step 10000/13600: loss = 0.16779
  Ep00 step 10100/13600: loss = 0.17788
  Ep00 step 10200/13600: loss = 0.18035
  Ep00 step 10300/13600: loss = 0.17694
  Ep00 step 10400/13600: loss = 0.16550
  Ep00 step 10500/13600: loss = 0.17060
  Ep00 step 10600/13600: loss = 0.16960
  Ep00 step 10700/13600: loss = 0.17143
  Ep00 step 10800/13600: loss = 0.17293
  Ep00 step 10900/13600: loss = 0.16215
  Ep00 step 11000/13600: loss = 0.17896
  Ep00 step 11100/13600: loss = 0.16283
  Ep00 step 11200/13600: loss = 0.17339
  Ep00 step 11300/13600: loss = 0.17686
  Ep00 step 11400/13600: loss = 0.17717
  Ep00 step 11500/13600: loss = 0.17731
  Ep00 step 11600/13600: loss = 0.18310
  Ep00 step 11700/13600: loss = 0.18204
  Ep00 step 11800/13600: loss = 0.16980
  Ep00 step 11900/13600: loss = 0.17973
  Ep00 step 12000/13600: loss = 0.16848
  Ep00 step 12100/13600: loss = 0.16715
  Ep00 step 12200/13600: loss = 0.18112
  Ep00 step 12300/13600: loss = 0.17033
  Ep00 step 12400/13600: loss = 0.17271
  Ep00 step 12500/13600: loss = 0.16299
  Ep00 step 12600/13600: loss = 0.18156
  Ep00 step 12700/13600: loss = 0.16881
  Ep00 step 12800/13600: loss = 0.16874
  Ep00 step 12900/13600: loss = 0.17958
  Ep00 step 13000/13600: loss = 0.16302
  Ep00 step 13100/13600: loss = 0.16593
  Ep00 step 13200/13600: loss = 0.17288
  Ep00 step 13300/13600: loss = 0.18358
  Ep00 step 13400/13600: loss = 0.16273
  Ep00 step 13500/13600: loss = 0.16264
  Ep00 step 13600/13600: loss = 0.17161

Epoch 00/6 | train=0.18774 val=0.19810 | AUC=['0.992', '0.986', '0.981', '0.981'] PR=['0.947', '0.938', '0.930', '0.940'] | CASCADE-only AUC=['0.988', '0.980', '0.975', '0.976'] PR=['0.881', '0.885', '0.881', '0.902'] | mono_viol=0.00000 | 750s

  [checkpoint] best.pt updated (epoch 0, val_loss=0.19810)
  Ep01 step  100/13600: loss = 0.17165
  Ep01 step  200/13600: loss = 0.16834
  Ep01 step  300/13600: loss = 0.18284
  Ep01 step  400/13600: loss = 0.17509
  Ep01 step  500/13600: loss = 0.14909
  Ep01 step  600/13600: loss = 0.17556
  Ep01 step  700/13600: loss = 0.16274
  Ep01 step  800/13600: loss = 0.17520
  Ep01 step  900/13600: loss = 0.17715
  Ep01 step 1000/13600: loss = 0.15156
  Ep01 step 1100/13600: loss = 0.17527
  Ep01 step 1200/13600: loss = 0.17880
  Ep01 step 1300/13600: loss = 0.17034
  Ep01 step 1400/13600: loss = 0.17355
  Ep01 step 1500/13600: loss = 0.17784
  Ep01 step 1600/13600: loss = 0.16877
  Ep01 step 1700/13600: loss = 0.16199
  Ep01 step 1800/13600: loss = 0.18543
  Ep01 step 1900/13600: loss = 0.17586
  Ep01 step 2000/13600: loss = 0.17764
  Ep01 step 2100/13600: loss = 0.16567
  Ep01 step 2200/13600: loss = 0.17789
  Ep01 step 2300/13600: loss = 0.16307
  Ep01 step 2400/13600: loss = 0.17024
  Ep01 step 2500/13600: loss = 0.17693
  Ep01 step 2600/13600: loss = 0.16842
  Ep01 step 2700/13600: loss = 0.16995
  Ep01 step 2800/13600: loss = 0.18245
  Ep01 step 2900/13600: loss = 0.15494
  Ep01 step 3000/13600: loss = 0.16685
  Ep01 step 3100/13600: loss = 0.15931
  Ep01 step 3200/13600: loss = 0.16465
  Ep01 step 3300/13600: loss = 0.17008
  Ep01 step 3400/13600: loss = 0.17756
  Ep01 step 3500/13600: loss = 0.17074
  Ep01 step 3600/13600: loss = 0.17706
  Ep01 step 3700/13600: loss = 0.16843
  Ep01 step 3800/13600: loss = 0.18439
  Ep01 step 3900/13600: loss = 0.17316
  Ep01 step 4000/13600: loss = 0.16726
  Ep01 step 4100/13600: loss = 0.16698
  Ep01 step 4200/13600: loss = 0.17697
  Ep01 step 4300/13600: loss = 0.15880
  Ep01 step 4400/13600: loss = 0.17764
  Ep01 step 4500/13600: loss = 0.15925
  Ep01 step 4600/13600: loss = 0.16473
  Ep01 step 4700/13600: loss = 0.17066
  Ep01 step 4800/13600: loss = 0.16593
  Ep01 step 4900/13600: loss = 0.16918
  Ep01 step 5000/13600: loss = 0.15388
  Ep01 step 5100/13600: loss = 0.17040
  Ep01 step 5200/13600: loss = 0.16199
  Ep01 step 5300/13600: loss = 0.16799
  Ep01 step 5400/13600: loss = 0.15828
  Ep01 step 5500/13600: loss = 0.15616
  Ep01 step 5600/13600: loss = 0.16782
  Ep01 step 5700/13600: loss = 0.16364
  Ep01 step 5800/13600: loss = 0.16400
  Ep01 step 5900/13600: loss = 0.16311
  Ep01 step 6000/13600: loss = 0.16890
  Ep01 step 6100/13600: loss = 0.16785
  Ep01 step 6200/13600: loss = 0.16171
  Ep01 step 6300/13600: loss = 0.17838
  Ep01 step 6400/13600: loss = 0.16377
  Ep01 step 6500/13600: loss = 0.18075
  Ep01 step 6600/13600: loss = 0.17609
  Ep01 step 6700/13600: loss = 0.16769
  Ep01 step 6800/13600: loss = 0.15705
  Ep01 step 6900/13600: loss = 0.17707
  Ep01 step 7000/13600: loss = 0.17488
  Ep01 step 7100/13600: loss = 0.17277
  Ep01 step 7200/13600: loss = 0.15342
  Ep01 step 7300/13600: loss = 0.15824
  Ep01 step 7400/13600: loss = 0.15670
  Ep01 step 7500/13600: loss = 0.17845
  Ep01 step 7600/13600: loss = 0.16360
  Ep01 step 7700/13600: loss = 0.17107
  Ep01 step 7800/13600: loss = 0.17533
  Ep01 step 7900/13600: loss = 0.16264
  Ep01 step 8000/13600: loss = 0.16896
  Ep01 step 8100/13600: loss = 0.17379
  Ep01 step 8200/13600: loss = 0.16286
  Ep01 step 8300/13600: loss = 0.16664
  Ep01 step 8400/13600: loss = 0.16036
  Ep01 step 8500/13600: loss = 0.15617
  Ep01 step 8600/13600: loss = 0.17005
  Ep01 step 8700/13600: loss = 0.17524
  Ep01 step 8800/13600: loss = 0.16356
  Ep01 step 8900/13600: loss = 0.16871
  Ep01 step 9000/13600: loss = 0.16968
  Ep01 step 9100/13600: loss = 0.16005
  Ep01 step 9200/13600: loss = 0.16508
  Ep01 step 9300/13600: loss = 0.16167
  Ep01 step 9400/13600: loss = 0.15960
  Ep01 step 9500/13600: loss = 0.17032
  Ep01 step 9600/13600: loss = 0.15349
  Ep01 step 9700/13600: loss = 0.15065
  Ep01 step 9800/13600: loss = 0.16208
  Ep01 step 9900/13600: loss = 0.17502
  Ep01 step 10000/13600: loss = 0.16681
  Ep01 step 10100/13600: loss = 0.17205
  Ep01 step 10200/13600: loss = 0.15339
  Ep01 step 10300/13600: loss = 0.16517
  Ep01 step 10400/13600: loss = 0.16483
  Ep01 step 10500/13600: loss = 0.15833
  Ep01 step 10600/13600: loss = 0.15428
  Ep01 step 10700/13600: loss = 0.15152
  Ep01 step 10800/13600: loss = 0.16165
  Ep01 step 10900/13600: loss = 0.15739
  Ep01 step 11000/13600: loss = 0.16559
  Ep01 step 11100/13600: loss = 0.16736
  Ep01 step 11200/13600: loss = 0.17512
  Ep01 step 11300/13600: loss = 0.17454
  Ep01 step 11400/13600: loss = 0.15959
  Ep01 step 11500/13600: loss = 0.16443
  Ep01 step 11600/13600: loss = 0.16140
  Ep01 step 11700/13600: loss = 0.17244
  Ep01 step 11800/13600: loss = 0.15615
  Ep01 step 11900/13600: loss = 0.15744
  Ep01 step 12000/13600: loss = 0.15824
  Ep01 step 12100/13600: loss = 0.17178
  Ep01 step 12200/13600: loss = 0.16622
  Ep01 step 12300/13600: loss = 0.16665
  Ep01 step 12400/13600: loss = 0.15659
  Ep01 step 12500/13600: loss = 0.17282
  Ep01 step 12600/13600: loss = 0.15496
  Ep01 step 12700/13600: loss = 0.16698
  Ep01 step 12800/13600: loss = 0.16646
  Ep01 step 12900/13600: loss = 0.16104
  Ep01 step 13000/13600: loss = 0.16667
  Ep01 step 13100/13600: loss = 0.17016
  Ep01 step 13200/13600: loss = 0.16740
  Ep01 step 13300/13600: loss = 0.17045
  Ep01 step 13400/13600: loss = 0.17879
  Ep01 step 13500/13600: loss = 0.16272
  Ep01 step 13600/13600: loss = 0.16759

Epoch 01/6 | train=0.16711 val=0.18999 | AUC=['0.992', '0.986', '0.981', '0.982'] PR=['0.946', '0.938', '0.932', '0.943'] | CASCADE-only AUC=['0.988', '0.981', '0.976', '0.977'] PR=['0.882', '0.887', '0.885', '0.908'] | mono_viol=0.00000 | 1496s

  [checkpoint] best.pt updated (epoch 1, val_loss=0.18999)
  Ep02 step  100/13600: loss = 0.16207
  Ep02 step  200/13600: loss = 0.16712
  Ep02 step  300/13600: loss = 0.16190
  Ep02 step  400/13600: loss = 0.16051
  Ep02 step  500/13600: loss = 0.15379
  Ep02 step  600/13600: loss = 0.16354
  Ep02 step  700/13600: loss = 0.17182
  Ep02 step  800/13600: loss = 0.16528
  Ep02 step  900/13600: loss = 0.17463
  Ep02 step 1000/13600: loss = 0.16348
  Ep02 step 1100/13600: loss = 0.16984
  Ep02 step 1200/13600: loss = 0.16085
  Ep02 step 1300/13600: loss = 0.17014
  Ep02 step 1400/13600: loss = 0.15892
  Ep02 step 1500/13600: loss = 0.17203
  Ep02 step 1600/13600: loss = 0.17399
  Ep02 step 1700/13600: loss = 0.16066
  Ep02 step 1800/13600: loss = 0.17081
  Ep02 step 1900/13600: loss = 0.15836
  Ep02 step 2000/13600: loss = 0.17718
  Ep02 step 2100/13600: loss = 0.16254
  Ep02 step 2200/13600: loss = 0.16185
  Ep02 step 2300/13600: loss = 0.15234
  Ep02 step 2400/13600: loss = 0.15884
  Ep02 step 2500/13600: loss = 0.16261
  Ep02 step 2600/13600: loss = 0.16923
  Ep02 step 2700/13600: loss = 0.16569
  Ep02 step 2800/13600: loss = 0.16609
  Ep02 step 2900/13600: loss = 0.14607
  Ep02 step 3000/13600: loss = 0.16533
  Ep02 step 3100/13600: loss = 0.15957
  Ep02 step 3200/13600: loss = 0.15679
  Ep02 step 3300/13600: loss = 0.18008
  Ep02 step 3400/13600: loss = 0.16725
  Ep02 step 3500/13600: loss = 0.15890
  Ep02 step 3600/13600: loss = 0.15552
  Ep02 step 3700/13600: loss = 0.17033
  Ep02 step 3800/13600: loss = 0.16474
  Ep02 step 3900/13600: loss = 0.16042
  Ep02 step 4000/13600: loss = 0.16793
  Ep02 step 4100/13600: loss = 0.16734
  Ep02 step 4200/13600: loss = 0.15413
  Ep02 step 4300/13600: loss = 0.16249
  Ep02 step 4400/13600: loss = 0.15633
  Ep02 step 4500/13600: loss = 0.16663
  Ep02 step 4600/13600: loss = 0.16820
  Ep02 step 4700/13600: loss = 0.15962
  Ep02 step 4800/13600: loss = 0.16552
  Ep02 step 4900/13600: loss = 0.15866
  Ep02 step 5000/13600: loss = 0.16703
  Ep02 step 5100/13600: loss = 0.17438
  Ep02 step 5200/13600: loss = 0.16777
  Ep02 step 5300/13600: loss = 0.16858
  Ep02 step 5400/13600: loss = 0.15683
  Ep02 step 5500/13600: loss = 0.16864
  Ep02 step 5600/13600: loss = 0.16409
  Ep02 step 5700/13600: loss = 0.15597
  Ep02 step 5800/13600: loss = 0.16237
  Ep02 step 5900/13600: loss = 0.16607
  Ep02 step 6000/13600: loss = 0.16419
  Ep02 step 6100/13600: loss = 0.16142
  Ep02 step 6200/13600: loss = 0.16860
  Ep02 step 6300/13600: loss = 0.16826
  Ep02 step 6400/13600: loss = 0.16773
  Ep02 step 6500/13600: loss = 0.16611
  Ep02 step 6600/13600: loss = 0.17499
  Ep02 step 6700/13600: loss = 0.15328
  Ep02 step 6800/13600: loss = 0.15753
  Ep02 step 6900/13600: loss = 0.16441
  Ep02 step 7000/13600: loss = 0.16391
  Ep02 step 7100/13600: loss = 0.17310
  Ep02 step 7200/13600: loss = 0.15799
  Ep02 step 7300/13600: loss = 0.17313
  Ep02 step 7400/13600: loss = 0.16028
  Ep02 step 7500/13600: loss = 0.16697
  Ep02 step 7600/13600: loss = 0.16435
  Ep02 step 7700/13600: loss = 0.16577
  Ep02 step 7800/13600: loss = 0.17260
  Ep02 step 7900/13600: loss = 0.17056
  Ep02 step 8000/13600: loss = 0.16548
  Ep02 step 8100/13600: loss = 0.16965
  Ep02 step 8200/13600: loss = 0.16072
  Ep02 step 8300/13600: loss = 0.16539
  Ep02 step 8400/13600: loss = 0.14828
  Ep02 step 8500/13600: loss = 0.16628
  Ep02 step 8600/13600: loss = 0.15992
  Ep02 step 8700/13600: loss = 0.16325
  Ep02 step 8800/13600: loss = 0.16080
  Ep02 step 8900/13600: loss = 0.16018
  Ep02 step 9000/13600: loss = 0.16443
  Ep02 step 9100/13600: loss = 0.14181
  Ep02 step 9200/13600: loss = 0.17490
  Ep02 step 9300/13600: loss = 0.16826
  Ep02 step 9400/13600: loss = 0.16640
  Ep02 step 9500/13600: loss = 0.16498
  Ep02 step 9600/13600: loss = 0.15716
  Ep02 step 9700/13600: loss = 0.16389
  Ep02 step 9800/13600: loss = 0.15901
  Ep02 step 9900/13600: loss = 0.17711
  Ep02 step 10000/13600: loss = 0.16921
  Ep02 step 10100/13600: loss = 0.15845
  Ep02 step 10200/13600: loss = 0.17038
  Ep02 step 10300/13600: loss = 0.15366
  Ep02 step 10400/13600: loss = 0.15825
  Ep02 step 10500/13600: loss = 0.16462
  Ep02 step 10600/13600: loss = 0.17303
  Ep02 step 10700/13600: loss = 0.16564
  Ep02 step 10800/13600: loss = 0.16289
  Ep02 step 10900/13600: loss = 0.15562
  Ep02 step 11000/13600: loss = 0.16370
  Ep02 step 11100/13600: loss = 0.16299
  Ep02 step 11200/13600: loss = 0.16760
  Ep02 step 11300/13600: loss = 0.16590
  Ep02 step 11400/13600: loss = 0.17162
  Ep02 step 11500/13600: loss = 0.16880
  Ep02 step 11600/13600: loss = 0.16648
  Ep02 step 11700/13600: loss = 0.16025
  Ep02 step 11800/13600: loss = 0.16809
  Ep02 step 11900/13600: loss = 0.16207
  Ep02 step 12000/13600: loss = 0.17091
  Ep02 step 12100/13600: loss = 0.15181
  Ep02 step 12200/13600: loss = 0.16219
  Ep02 step 12300/13600: loss = 0.15999
  Ep02 step 12400/13600: loss = 0.15567
  Ep02 step 12500/13600: loss = 0.16392
  Ep02 step 12600/13600: loss = 0.15989
  Ep02 step 12700/13600: loss = 0.16238
  Ep02 step 12800/13600: loss = 0.15948
  Ep02 step 12900/13600: loss = 0.17122
  Ep02 step 13000/13600: loss = 0.16221
  Ep02 step 13100/13600: loss = 0.16966
  Ep02 step 13200/13600: loss = 0.16564
  Ep02 step 13300/13600: loss = 0.17064
  Ep02 step 13400/13600: loss = 0.16140
  Ep02 step 13500/13600: loss = 0.16135
  Ep02 step 13600/13600: loss = 0.15755

Epoch 02/6 | train=0.16403 val=0.18996 | AUC=['0.993', '0.988', '0.983', '0.984'] PR=['0.953', '0.945', '0.935', '0.948'] | CASCADE-only AUC=['0.990', '0.984', '0.978', '0.980'] PR=['0.898', '0.899', '0.892', '0.915'] | mono_viol=0.00000 | 2243s

  [checkpoint] best.pt updated (epoch 2, val_loss=0.18996)
  Ep03 step  100/13600: loss = 0.17082
  Ep03 step  200/13600: loss = 0.17019
  Ep03 step  300/13600: loss = 0.16579
  Ep03 step  400/13600: loss = 0.15363
  Ep03 step  500/13600: loss = 0.16988
  Ep03 step  600/13600: loss = 0.16650
  Ep03 step  700/13600: loss = 0.16192
  Ep03 step  800/13600: loss = 0.16866
  Ep03 step  900/13600: loss = 0.16325
  Ep03 step 1000/13600: loss = 0.16454
  Ep03 step 1100/13600: loss = 0.16406
  Ep03 step 1200/13600: loss = 0.17057
  Ep03 step 1300/13600: loss = 0.15832
  Ep03 step 1400/13600: loss = 0.16877
  Ep03 step 1500/13600: loss = 0.16231
  Ep03 step 1600/13600: loss = 0.15328
  Ep03 step 1700/13600: loss = 0.16051
  Ep03 step 1800/13600: loss = 0.17181
  Ep03 step 1900/13600: loss = 0.16949
  Ep03 step 2000/13600: loss = 0.16524
  Ep03 step 2100/13600: loss = 0.15939
  Ep03 step 2200/13600: loss = 0.15605
  Ep03 step 2300/13600: loss = 0.16569
  Ep03 step 2400/13600: loss = 0.15401
  Ep03 step 2500/13600: loss = 0.15730
  Ep03 step 2600/13600: loss = 0.16380
  Ep03 step 2700/13600: loss = 0.17039
  Ep03 step 2800/13600: loss = 0.16066
  Ep03 step 2900/13600: loss = 0.17030
  Ep03 step 3000/13600: loss = 0.16620
  Ep03 step 3100/13600: loss = 0.16824
  Ep03 step 3200/13600: loss = 0.16536
  Ep03 step 3300/13600: loss = 0.17006
  Ep03 step 3400/13600: loss = 0.16070
  Ep03 step 3500/13600: loss = 0.15944
  Ep03 step 3600/13600: loss = 0.16305
  Ep03 step 3700/13600: loss = 0.16508
  Ep03 step 3800/13600: loss = 0.16856
  Ep03 step 3900/13600: loss = 0.15632
  Ep03 step 4000/13600: loss = 0.17293
  Ep03 step 4100/13600: loss = 0.17456
  Ep03 step 4200/13600: loss = 0.16555
  Ep03 step 4300/13600: loss = 0.16931
  Ep03 step 4400/13600: loss = 0.16192
  Ep03 step 4500/13600: loss = 0.17236
  Ep03 step 4600/13600: loss = 0.14891
  Ep03 step 4700/13600: loss = 0.16693
  Ep03 step 4800/13600: loss = 0.16565
  Ep03 step 4900/13600: loss = 0.16935
  Ep03 step 5000/13600: loss = 0.16164
  Ep03 step 5100/13600: loss = 0.15891
  Ep03 step 5200/13600: loss = 0.16135
  Ep03 step 5300/13600: loss = 0.15937
  Ep03 step 5400/13600: loss = 0.15826
  Ep03 step 5500/13600: loss = 0.15996
  Ep03 step 5600/13600: loss = 0.16469
  Ep03 step 5700/13600: loss = 0.15652
  Ep03 step 5800/13600: loss = 0.16146
  Ep03 step 5900/13600: loss = 0.15387
  Ep03 step 6000/13600: loss = 0.15973
  Ep03 step 6100/13600: loss = 0.16426
  Ep03 step 6200/13600: loss = 0.16694
  Ep03 step 6300/13600: loss = 0.15986
  Ep03 step 6400/13600: loss = 0.15443
  Ep03 step 6500/13600: loss = 0.15329
  Ep03 step 6600/13600: loss = 0.16681
  Ep03 step 6700/13600: loss = 0.16370
  Ep03 step 6800/13600: loss = 0.16007
  Ep03 step 6900/13600: loss = 0.15467
  Ep03 step 7000/13600: loss = 0.15200
  Ep03 step 7100/13600: loss = 0.15354
  Ep03 step 7200/13600: loss = 0.17077
  Ep03 step 7300/13600: loss = 0.15558
  Ep03 step 7400/13600: loss = 0.16050
  Ep03 step 7500/13600: loss = 0.16915
  Ep03 step 7600/13600: loss = 0.15528
  Ep03 step 7700/13600: loss = 0.14610
  Ep03 step 7800/13600: loss = 0.16853
  Ep03 step 7900/13600: loss = 0.15169
  Ep03 step 8000/13600: loss = 0.16792
  Ep03 step 8100/13600: loss = 0.15931
  Ep03 step 8200/13600: loss = 0.15711
  Ep03 step 8300/13600: loss = 0.16216
  Ep03 step 8400/13600: loss = 0.16137
  Ep03 step 8500/13600: loss = 0.15848
  Ep03 step 8600/13600: loss = 0.14870
  Ep03 step 8700/13600: loss = 0.15440
  Ep03 step 8800/13600: loss = 0.15569
  Ep03 step 8900/13600: loss = 0.16769
  Ep03 step 9000/13600: loss = 0.16340
  Ep03 step 9100/13600: loss = 0.16788
  Ep03 step 9200/13600: loss = 0.15996
  Ep03 step 9300/13600: loss = 0.15253
  Ep03 step 9400/13600: loss = 0.17421
  Ep03 step 9500/13600: loss = 0.16140
  Ep03 step 9600/13600: loss = 0.15597
  Ep03 step 9700/13600: loss = 0.17629
  Ep03 step 9800/13600: loss = 0.15769
  Ep03 step 9900/13600: loss = 0.17697
  Ep03 step 10000/13600: loss = 0.17136
  Ep03 step 10100/13600: loss = 0.15771
  Ep03 step 10200/13600: loss = 0.16513
  Ep03 step 10300/13600: loss = 0.15686
  Ep03 step 10400/13600: loss = 0.15897
  Ep03 step 10500/13600: loss = 0.15768
  Ep03 step 10600/13600: loss = 0.15854
  Ep03 step 10700/13600: loss = 0.16530
  Ep03 step 10800/13600: loss = 0.16538
  Ep03 step 10900/13600: loss = 0.16108
  Ep03 step 11000/13600: loss = 0.17513
  Ep03 step 11100/13600: loss = 0.16153
  Ep03 step 11200/13600: loss = 0.16420
  Ep03 step 11300/13600: loss = 0.17151
  Ep03 step 11400/13600: loss = 0.16436
  Ep03 step 11500/13600: loss = 0.15998
  Ep03 step 11600/13600: loss = 0.15629
  Ep03 step 11700/13600: loss = 0.16194
  Ep03 step 11800/13600: loss = 0.16528
  Ep03 step 11900/13600: loss = 0.17314
  Ep03 step 12000/13600: loss = 0.16471
  Ep03 step 12100/13600: loss = 0.16767
  Ep03 step 12200/13600: loss = 0.15485
  Ep03 step 12300/13600: loss = 0.15982
  Ep03 step 12400/13600: loss = 0.16147
  Ep03 step 12500/13600: loss = 0.16734
  Ep03 step 12600/13600: loss = 0.16740
  Ep03 step 12700/13600: loss = 0.16112
  Ep03 step 12800/13600: loss = 0.16425
  Ep03 step 12900/13600: loss = 0.16377
  Ep03 step 13000/13600: loss = 0.16518
  Ep03 step 13100/13600: loss = 0.16898
  Ep03 step 13200/13600: loss = 0.14925
  Ep03 step 13300/13600: loss = 0.15627
  Ep03 step 13400/13600: loss = 0.17447
  Ep03 step 13500/13600: loss = 0.16678
  Ep03 step 13600/13600: loss = 0.17461

Epoch 03/6 | train=0.16286 val=0.19147 | AUC=['0.992', '0.987', '0.981', '0.982'] PR=['0.950', '0.941', '0.931', '0.942'] | CASCADE-only AUC=['0.989', '0.982', '0.976', '0.977'] PR=['0.891', '0.892', '0.884', '0.906'] | mono_viol=0.00000 | 2990s

  Ep04 step  100/13600: loss = 0.16589
  Ep04 step  200/13600: loss = 0.15974
  Ep04 step  300/13600: loss = 0.14601
  Ep04 step  400/13600: loss = 0.15952
  Ep04 step  500/13600: loss = 0.15416
  Ep04 step  600/13600: loss = 0.16912
  Ep04 step  700/13600: loss = 0.16187
  Ep04 step  800/13600: loss = 0.16535
  Ep04 step  900/13600: loss = 0.16172
  Ep04 step 1000/13600: loss = 0.16601
  Ep04 step 1100/13600: loss = 0.17103
  Ep04 step 1200/13600: loss = 0.16859
  Ep04 step 1300/13600: loss = 0.15631
  Ep04 step 1400/13600: loss = 0.17020
  Ep04 step 1500/13600: loss = 0.16521
  Ep04 step 1600/13600: loss = 0.15349
  Ep04 step 1700/13600: loss = 0.17313
  Ep04 step 1800/13600: loss = 0.16165
  Ep04 step 1900/13600: loss = 0.16750
  Ep04 step 2000/13600: loss = 0.16572
  Ep04 step 2100/13600: loss = 0.16825
  Ep04 step 2200/13600: loss = 0.15586
  Ep04 step 2300/13600: loss = 0.16169
  Ep04 step 2400/13600: loss = 0.16646
  Ep04 step 2500/13600: loss = 0.16972
  Ep04 step 2600/13600: loss = 0.15751
  Ep04 step 2700/13600: loss = 0.16499
  Ep04 step 2800/13600: loss = 0.15903
  Ep04 step 2900/13600: loss = 0.15401
  Ep04 step 3000/13600: loss = 0.15506
  Ep04 step 3100/13600: loss = 0.17080
  Ep04 step 3200/13600: loss = 0.15813
  Ep04 step 3300/13600: loss = 0.17018
  Ep04 step 3400/13600: loss = 0.16422
  Ep04 step 3500/13600: loss = 0.17043
  Ep04 step 3600/13600: loss = 0.16021
  Ep04 step 3700/13600: loss = 0.16867
  Ep04 step 3800/13600: loss = 0.17205
  Ep04 step 3900/13600: loss = 0.16112
  Ep04 step 4000/13600: loss = 0.15727
  Ep04 step 4100/13600: loss = 0.16402
  Ep04 step 4200/13600: loss = 0.15700
  Ep04 step 4300/13600: loss = 0.15712
  Ep04 step 4400/13600: loss = 0.15502
  Ep04 step 4500/13600: loss = 0.16166
  Ep04 step 4600/13600: loss = 0.16180
  Ep04 step 4700/13600: loss = 0.14990
  Ep04 step 4800/13600: loss = 0.16019
  Ep04 step 4900/13600: loss = 0.16066
  Ep04 step 5000/13600: loss = 0.15299
  Ep04 step 5100/13600: loss = 0.14711
  Ep04 step 5200/13600: loss = 0.16774
  Ep04 step 5300/13600: loss = 0.16477
  Ep04 step 5400/13600: loss = 0.17274
  Ep04 step 5500/13600: loss = 0.16523
  Ep04 step 5600/13600: loss = 0.16242
  Ep04 step 5700/13600: loss = 0.15050
  Ep04 step 5800/13600: loss = 0.15652
  Ep04 step 5900/13600: loss = 0.16606
  Ep04 step 6000/13600: loss = 0.15368
  Ep04 step 6100/13600: loss = 0.16570
  Ep04 step 6200/13600: loss = 0.14854
  Ep04 step 6300/13600: loss = 0.15965
  Ep04 step 6400/13600: loss = 0.16487
  Ep04 step 6500/13600: loss = 0.15670
  Ep04 step 6600/13600: loss = 0.16701
  Ep04 step 6700/13600: loss = 0.16992
  Ep04 step 6800/13600: loss = 0.17236
  Ep04 step 6900/13600: loss = 0.16584
  Ep04 step 7000/13600: loss = 0.16999
  Ep04 step 7100/13600: loss = 0.15820
  Ep04 step 7200/13600: loss = 0.15746
  Ep04 step 7300/13600: loss = 0.16876
  Ep04 step 7400/13600: loss = 0.16775
  Ep04 step 7500/13600: loss = 0.16451
  Ep04 step 7600/13600: loss = 0.16711
  Ep04 step 7700/13600: loss = 0.16874
  Ep04 step 7800/13600: loss = 0.16213
  Ep04 step 7900/13600: loss = 0.16260
  Ep04 step 8000/13600: loss = 0.16910
  Ep04 step 8100/13600: loss = 0.17265
  Ep04 step 8200/13600: loss = 0.16845
  Ep04 step 8300/13600: loss = 0.15734
  Ep04 step 8400/13600: loss = 0.14939
  Ep04 step 8500/13600: loss = 0.14366
  Ep04 step 8600/13600: loss = 0.16412
  Ep04 step 8700/13600: loss = 0.15785
  Ep04 step 8800/13600: loss = 0.16173
  Ep04 step 8900/13600: loss = 0.15830
  Ep04 step 9000/13600: loss = 0.15596
  Ep04 step 9100/13600: loss = 0.15239
  Ep04 step 9200/13600: loss = 0.14912
  Ep04 step 9300/13600: loss = 0.16265
  Ep04 step 9400/13600: loss = 0.16882
  Ep04 step 9500/13600: loss = 0.14969
  Ep04 step 9600/13600: loss = 0.16560
  Ep04 step 9700/13600: loss = 0.17712
  Ep04 step 9800/13600: loss = 0.15926
  Ep04 step 9900/13600: loss = 0.16056
  Ep04 step 10000/13600: loss = 0.16051
  Ep04 step 10100/13600: loss = 0.17250
  Ep04 step 10200/13600: loss = 0.15609
  Ep04 step 10300/13600: loss = 0.16383
  Ep04 step 10400/13600: loss = 0.17628
  Ep04 step 10500/13600: loss = 0.16955
  Ep04 step 10600/13600: loss = 0.16300
  Ep04 step 10700/13600: loss = 0.16290
  Ep04 step 10800/13600: loss = 0.16370
  Ep04 step 10900/13600: loss = 0.17339
  Ep04 step 11000/13600: loss = 0.16290
  Ep04 step 11100/13600: loss = 0.15695
  Ep04 step 11200/13600: loss = 0.16734
  Ep04 step 11300/13600: loss = 0.16237
  Ep04 step 11400/13600: loss = 0.15179
  Ep04 step 11500/13600: loss = 0.15674
  Ep04 step 11600/13600: loss = 0.15925
  Ep04 step 11700/13600: loss = 0.15914
  Ep04 step 11800/13600: loss = 0.16293
  Ep04 step 11900/13600: loss = 0.14944
  Ep04 step 12000/13600: loss = 0.15916
  Ep04 step 12100/13600: loss = 0.16282
  Ep04 step 12200/13600: loss = 0.16286
  Ep04 step 12300/13600: loss = 0.16712
  Ep04 step 12400/13600: loss = 0.15537
  Ep04 step 12500/13600: loss = 0.14915
  Ep04 step 12600/13600: loss = 0.17236
  Ep04 step 12700/13600: loss = 0.16705
  Ep04 step 12800/13600: loss = 0.14750
  Ep04 step 12900/13600: loss = 0.15108
  Ep04 step 13000/13600: loss = 0.15541
  Ep04 step 13100/13600: loss = 0.16585
  Ep04 step 13200/13600: loss = 0.16265
  Ep04 step 13300/13600: loss = 0.16943
  Ep04 step 13400/13600: loss = 0.17091
  Ep04 step 13500/13600: loss = 0.16532
  Ep04 step 13600/13600: loss = 0.15501

Epoch 04/6 | train=0.16196 val=0.19000 | AUC=['0.993', '0.988', '0.984', '0.985'] PR=['0.953', '0.947', '0.938', '0.950'] | CASCADE-only AUC=['0.990', '0.984', '0.979', '0.982'] PR=['0.897', '0.901', '0.893', '0.916'] | mono_viol=0.00000 | 3735s

  Ep05 step  100/13600: loss = 0.16065
  Ep05 step  200/13600: loss = 0.15779
  Ep05 step  300/13600: loss = 0.15709
  Ep05 step  400/13600: loss = 0.16100
  Ep05 step  500/13600: loss = 0.16875
  Ep05 step  600/13600: loss = 0.16461
  Ep05 step  700/13600: loss = 0.15951
  Ep05 step  800/13600: loss = 0.16876
  Ep05 step  900/13600: loss = 0.16369
  Ep05 step 1000/13600: loss = 0.15985
  Ep05 step 1100/13600: loss = 0.15414
  Ep05 step 1200/13600: loss = 0.15471
  Ep05 step 1300/13600: loss = 0.15401
  Ep05 step 1400/13600: loss = 0.17083
  Ep05 step 1500/13600: loss = 0.17353
  Ep05 step 1600/13600: loss = 0.16568
  Ep05 step 1700/13600: loss = 0.16392
  Ep05 step 1800/13600: loss = 0.15768
  Ep05 step 1900/13600: loss = 0.16776
  Ep05 step 2000/13600: loss = 0.15383
  Ep05 step 2100/13600: loss = 0.16097
  Ep05 step 2200/13600: loss = 0.16086
  Ep05 step 2300/13600: loss = 0.16435
  Ep05 step 2400/13600: loss = 0.14508
  Ep05 step 2500/13600: loss = 0.16314
  Ep05 step 2600/13600: loss = 0.16463
  Ep05 step 2700/13600: loss = 0.15890
  Ep05 step 2800/13600: loss = 0.16852
  Ep05 step 2900/13600: loss = 0.15805
  Ep05 step 3000/13600: loss = 0.16825
  Ep05 step 3100/13600: loss = 0.17106
  Ep05 step 3200/13600: loss = 0.15843
  Ep05 step 3300/13600: loss = 0.16778
  Ep05 step 3400/13600: loss = 0.16061
  Ep05 step 3500/13600: loss = 0.15810
  Ep05 step 3600/13600: loss = 0.15347
  Ep05 step 3700/13600: loss = 0.16783
  Ep05 step 3800/13600: loss = 0.16247
  Ep05 step 3900/13600: loss = 0.16424
  Ep05 step 4000/13600: loss = 0.14772
  Ep05 step 4100/13600: loss = 0.15830
  Ep05 step 4200/13600: loss = 0.16262
  Ep05 step 4300/13600: loss = 0.15552
  Ep05 step 4400/13600: loss = 0.15967
  Ep05 step 4500/13600: loss = 0.16187
  Ep05 step 4600/13600: loss = 0.15816
  Ep05 step 4700/13600: loss = 0.16737
  Ep05 step 4800/13600: loss = 0.16582
  Ep05 step 4900/13600: loss = 0.15570
  Ep05 step 5000/13600: loss = 0.15424
  Ep05 step 5100/13600: loss = 0.16489
  Ep05 step 5200/13600: loss = 0.15901
  Ep05 step 5300/13600: loss = 0.15831
  Ep05 step 5400/13600: loss = 0.16848
  Ep05 step 5500/13600: loss = 0.16342
  Ep05 step 5600/13600: loss = 0.16854
  Ep05 step 5700/13600: loss = 0.16719
  Ep05 step 5800/13600: loss = 0.15592
  Ep05 step 5900/13600: loss = 0.16166
  Ep05 step 6000/13600: loss = 0.16143
  Ep05 step 6100/13600: loss = 0.16267
  Ep05 step 6200/13600: loss = 0.15257
  Ep05 step 6300/13600: loss = 0.15519
  Ep05 step 6400/13600: loss = 0.17786
  Ep05 step 6500/13600: loss = 0.15509
  Ep05 step 6600/13600: loss = 0.16097
  Ep05 step 6700/13600: loss = 0.16452
  Ep05 step 6800/13600: loss = 0.16143
  Ep05 step 6900/13600: loss = 0.18160
  Ep05 step 7000/13600: loss = 0.16382
  Ep05 step 7100/13600: loss = 0.17081
  Ep05 step 7200/13600: loss = 0.16889
  Ep05 step 7300/13600: loss = 0.16523
  Ep05 step 7400/13600: loss = 0.15690
  Ep05 step 7500/13600: loss = 0.16937
  Ep05 step 7600/13600: loss = 0.15429
  Ep05 step 7700/13600: loss = 0.15989
  Ep05 step 7800/13600: loss = 0.15206
  Ep05 step 7900/13600: loss = 0.15882
  Ep05 step 8000/13600: loss = 0.16521
  Ep05 step 8100/13600: loss = 0.17346
  Ep05 step 8200/13600: loss = 0.15222
  Ep05 step 8300/13600: loss = 0.17522
  Ep05 step 8400/13600: loss = 0.15372
  Ep05 step 8500/13600: loss = 0.15472
  Ep05 step 8600/13600: loss = 0.14734
  Ep05 step 8700/13600: loss = 0.16015
  Ep05 step 8800/13600: loss = 0.16090
  Ep05 step 8900/13600: loss = 0.15996
  Ep05 step 9000/13600: loss = 0.15786
  Ep05 step 9100/13600: loss = 0.17031
  Ep05 step 9200/13600: loss = 0.16350
  Ep05 step 9300/13600: loss = 0.15350
  Ep05 step 9400/13600: loss = 0.16707
  Ep05 step 9500/13600: loss = 0.16975
  Ep05 step 9600/13600: loss = 0.16769
  Ep05 step 9700/13600: loss = 0.16913
  Ep05 step 9800/13600: loss = 0.16531
  Ep05 step 9900/13600: loss = 0.15853
  Ep05 step 10000/13600: loss = 0.16159
  Ep05 step 10100/13600: loss = 0.14916
  Ep05 step 10200/13600: loss = 0.15869
  Ep05 step 10300/13600: loss = 0.15912
  Ep05 step 10400/13600: loss = 0.16524
  Ep05 step 10500/13600: loss = 0.16228
  Ep05 step 10600/13600: loss = 0.16655
  Ep05 step 10700/13600: loss = 0.16351
  Ep05 step 10800/13600: loss = 0.16568
  Ep05 step 10900/13600: loss = 0.15931
  Ep05 step 11000/13600: loss = 0.15503
  Ep05 step 11100/13600: loss = 0.15499
  Ep05 step 11200/13600: loss = 0.15241
  Ep05 step 11300/13600: loss = 0.16493
  Ep05 step 11400/13600: loss = 0.15242
  Ep05 step 11500/13600: loss = 0.16774
  Ep05 step 11600/13600: loss = 0.17053
  Ep05 step 11700/13600: loss = 0.16411
  Ep05 step 11800/13600: loss = 0.16423
  Ep05 step 11900/13600: loss = 0.16931
  Ep05 step 12000/13600: loss = 0.15779
  Ep05 step 12100/13600: loss = 0.16158
  Ep05 step 12200/13600: loss = 0.16049
  Ep05 step 12300/13600: loss = 0.15872
  Ep05 step 12400/13600: loss = 0.16759
  Ep05 step 12500/13600: loss = 0.16322
  Ep05 step 12600/13600: loss = 0.16406
  Ep05 step 12700/13600: loss = 0.16442
  Ep05 step 12800/13600: loss = 0.15945
  Ep05 step 12900/13600: loss = 0.16429
  Ep05 step 13000/13600: loss = 0.16157
  Ep05 step 13100/13600: loss = 0.14609
  Ep05 step 13200/13600: loss = 0.16646
  Ep05 step 13300/13600: loss = 0.15890
  Ep05 step 13400/13600: loss = 0.15163
  Ep05 step 13500/13600: loss = 0.15544
  Ep05 step 13600/13600: loss = 0.16310

Epoch 05/6 | train=0.16161 val=0.18766 | AUC=['0.993', '0.988', '0.983', '0.983'] PR=['0.954', '0.947', '0.937', '0.948'] | CASCADE-only AUC=['0.990', '0.984', '0.978', '0.979'] PR=['0.898', '0.902', '0.893', '0.916'] | mono_viol=0.00000 | 4479s

  [checkpoint] best.pt updated (epoch 5, val_loss=0.18766)
[held-out geoclaw_2050] test_loss=0.32794 mono_viol=0.00000 (1000 runs)
  ALL-nodes     AUC=[0.9923823713064194, 0.9842318669557572, 0.9760703068971633, 0.9852678787112236]  PR=[0.9723618384563351, 0.9695202750334813, 0.962072409453703, 0.9854900468890686]
  CASCADE-only  AUC=[0.990333606004715, 0.9818375657200813, 0.9729604325294494, 0.9838784493803978]  PR=[0.9539993181252212, 0.9585535478524493, 0.9503131179545355, 0.9820987736597824]
[held-out syn_ts_914_6_1p2955] test_loss=0.12682 mono_viol=0.00000 (1000 runs)
  ALL-nodes     AUC=[0.9967550415992736, 0.9923634738326073, 0.9901766393780709, 0.9859421194195748]  PR=[0.963599764049286, 0.9440934235893049, 0.941498885886788, 0.933381831856992]
  CASCADE-only  AUC=[0.9942648672461509, 0.988541191637516, 0.985884158372879, 0.9803949552178383]  PR=[0.9118464540739105, 0.8963944875918413, 0.8971906768380886, 0.8915813281732314]
[held-out syn_ts_258_9_3p0022] test_loss=0.27110 mono_viol=0.00000 (1000 runs)
  ALL-nodes     AUC=[0.9920348306894302, 0.9849201145768166, 0.9792438694238663, 0.9874902309775353]  PR=[0.9717070151511181, 0.96844689204403, 0.9640528155600183, 0.9846208998033408]
  CASCADE-only  AUC=[0.9894225711226463, 0.9817026218771935, 0.9756371497511863, 0.9857580450773239]  PR=[0.9481155461459548, 0.9524405690286006, 0.9487016920158123, 0.9792400840146518]
[held-out syn_ts_605_5_3p7563] test_loss=0.48772 mono_viol=0.00000 (1000 runs)
  ALL-nodes     AUC=[0.9820294757485389, 0.9895516335964203, 0.9902105972170829, 0.9928349944353103]  PR=[0.9766541682638279, 0.9900232172750126, 0.9914583510060229, 0.9949296384105185]
  CASCADE-only  AUC=[0.9762277856469155, 0.9869879915118217, 0.9879843435883522, 0.9914264712929726]  PR=[0.9596386004046067, 0.9844002548826438, 0.9869483866821146, 0.9925438519993344]
[held-out syn_ts_808_27_3p7885] test_loss=0.38098 mono_viol=0.00000 (1000 runs)
  ALL-nodes     AUC=[0.9847575992941856, 0.9935912929177284, 0.9899796503782272, 0.993242515385151]  PR=[0.975947958009155, 0.9908613761380572, 0.9879406183514033, 0.9941709334971713]
  CASCADE-only  AUC=[0.980808375954628, 0.9922789961099625, 0.9882125582098961, 0.9922689834833145]  PR=[0.9623127487938342, 0.9864327892465397, 0.9828123359193123, 0.9921396145534538]
