task=1 arm=old17 variant=plain cell=static_timing torch_seed=1 set=jesse22 head=hazard labels=/scratch/tj2587/results/legacy_v1_n1000 labels2=/scratch/tj2587/results/legacy_v1_n1000 timing=1 context=unset ckpt=/scratch/tj2587/results/gnn_morestorms_v1/old17_plain_static_timing_s1 smoke=0 commit=967d122 uncommitted_files=0
[gate] CUDA OK: NVIDIA L40S
[gate] heterodata data/graph/nyc_infra_heterodata_v1_frozen_failover_edges.pt: total=6231 -> OK
[gate] set jesse22: 22 storms, 17 for training, 5 held out; in both folders []; missing [] -> OK
[gate] timing table data/flood/timing/node_timing_jesse22_plus_gissr48_v1.csv: storms without rows [] -> OK
[gate] variant plain: storm context off, timing inputs on -> OK
[gate] head switch present: ('independent', 'hazard')
=== TRAIN MODE — full training ===
torch seed set: 1
Train: 13600  Val: 3400  (17 scenarios) | Test held-out: ['geoclaw_2050', 'syn_ts_914_6_1p2955', 'syn_ts_258_9_3p0022', 'syn_ts_605_5_3p7563', 'syn_ts_808_27_3p7885'] (5000 runs)
Model parameters: 697,112  head=hazard
Device: cuda
[timing-features] loaded 71 scenarios from data/flood/timing/node_timing_jesse22_plus_gissr48_v1.csv (features ('arrival_h', 'duration_h', 'time_to_peak_h'), scaled by 96 h)
  Ep00 step  100/13600: loss = 0.39215
  Ep00 step  200/13600: loss = 0.22452
  Ep00 step  300/13600: loss = 0.15925
  Ep00 step  400/13600: loss = 0.14450
  Ep00 step  500/13600: loss = 0.13352
  Ep00 step  600/13600: loss = 0.12606
  Ep00 step  700/13600: loss = 0.11861
  Ep00 step  800/13600: loss = 0.12518
  Ep00 step  900/13600: loss = 0.12271
  Ep00 step 1000/13600: loss = 0.11483
  Ep00 step 1100/13600: loss = 0.11649
  Ep00 step 1200/13600: loss = 0.10792
  Ep00 step 1300/13600: loss = 0.10980
  Ep00 step 1400/13600: loss = 0.10796
  Ep00 step 1500/13600: loss = 0.10894
  Ep00 step 1600/13600: loss = 0.10552
  Ep00 step 1700/13600: loss = 0.10795
  Ep00 step 1800/13600: loss = 0.10357
  Ep00 step 1900/13600: loss = 0.09996
  Ep00 step 2000/13600: loss = 0.10381
  Ep00 step 2100/13600: loss = 0.10711
  Ep00 step 2200/13600: loss = 0.10221
  Ep00 step 2300/13600: loss = 0.09893
  Ep00 step 2400/13600: loss = 0.10397
  Ep00 step 2500/13600: loss = 0.10344
  Ep00 step 2600/13600: loss = 0.09729
  Ep00 step 2700/13600: loss = 0.09335
  Ep00 step 2800/13600: loss = 0.09562
  Ep00 step 2900/13600: loss = 0.09764
  Ep00 step 3000/13600: loss = 0.09693
  Ep00 step 3100/13600: loss = 0.09826
  Ep00 step 3200/13600: loss = 0.09516
  Ep00 step 3300/13600: loss = 0.09195
  Ep00 step 3400/13600: loss = 0.09475
  Ep00 step 3500/13600: loss = 0.09525
  Ep00 step 3600/13600: loss = 0.09335
  Ep00 step 3700/13600: loss = 0.09281
  Ep00 step 3800/13600: loss = 0.09086
  Ep00 step 3900/13600: loss = 0.08945
  Ep00 step 4000/13600: loss = 0.09345
  Ep00 step 4100/13600: loss = 0.09336
  Ep00 step 4200/13600: loss = 0.09237
  Ep00 step 4300/13600: loss = 0.08950
  Ep00 step 4400/13600: loss = 0.09281
  Ep00 step 4500/13600: loss = 0.09154
  Ep00 step 4600/13600: loss = 0.08764
  Ep00 step 4700/13600: loss = 0.09493
  Ep00 step 4800/13600: loss = 0.08767
  Ep00 step 4900/13600: loss = 0.08230
  Ep00 step 5000/13600: loss = 0.08904
  Ep00 step 5100/13600: loss = 0.08685
  Ep00 step 5200/13600: loss = 0.09152
  Ep00 step 5300/13600: loss = 0.08564
  Ep00 step 5400/13600: loss = 0.09060
  Ep00 step 5500/13600: loss = 0.08904
  Ep00 step 5600/13600: loss = 0.08739
  Ep00 step 5700/13600: loss = 0.08909
  Ep00 step 5800/13600: loss = 0.08833
  Ep00 step 5900/13600: loss = 0.08184
  Ep00 step 6000/13600: loss = 0.07978
  Ep00 step 6100/13600: loss = 0.08689
  Ep00 step 6200/13600: loss = 0.08246
  Ep00 step 6300/13600: loss = 0.08666
  Ep00 step 6400/13600: loss = 0.08434
  Ep00 step 6500/13600: loss = 0.08455
  Ep00 step 6600/13600: loss = 0.08711
  Ep00 step 6700/13600: loss = 0.08567
  Ep00 step 6800/13600: loss = 0.08610
  Ep00 step 6900/13600: loss = 0.07669
  Ep00 step 7000/13600: loss = 0.08503
  Ep00 step 7100/13600: loss = 0.08557
  Ep00 step 7200/13600: loss = 0.08356
  Ep00 step 7300/13600: loss = 0.08326
  Ep00 step 7400/13600: loss = 0.08100
  Ep00 step 7500/13600: loss = 0.08353
  Ep00 step 7600/13600: loss = 0.08250
  Ep00 step 7700/13600: loss = 0.08513
  Ep00 step 7800/13600: loss = 0.07835
  Ep00 step 7900/13600: loss = 0.08092
  Ep00 step 8000/13600: loss = 0.08164
  Ep00 step 8100/13600: loss = 0.08760
  Ep00 step 8200/13600: loss = 0.08353
  Ep00 step 8300/13600: loss = 0.08358
  Ep00 step 8400/13600: loss = 0.08509
  Ep00 step 8500/13600: loss = 0.08506
  Ep00 step 8600/13600: loss = 0.08429
  Ep00 step 8700/13600: loss = 0.08345
  Ep00 step 8800/13600: loss = 0.08201
  Ep00 step 8900/13600: loss = 0.08042
  Ep00 step 9000/13600: loss = 0.08060
  Ep00 step 9100/13600: loss = 0.08463
  Ep00 step 9200/13600: loss = 0.08117
  Ep00 step 9300/13600: loss = 0.07983
  Ep00 step 9400/13600: loss = 0.08046
  Ep00 step 9500/13600: loss = 0.08061
  Ep00 step 9600/13600: loss = 0.08023
  Ep00 step 9700/13600: loss = 0.08268
  Ep00 step 9800/13600: loss = 0.08049
  Ep00 step 9900/13600: loss = 0.08188
  Ep00 step 10000/13600: loss = 0.08631
  Ep00 step 10100/13600: loss = 0.08083
  Ep00 step 10200/13600: loss = 0.08036
  Ep00 step 10300/13600: loss = 0.08059
  Ep00 step 10400/13600: loss = 0.08005
  Ep00 step 10500/13600: loss = 0.07661
  Ep00 step 10600/13600: loss = 0.07724
  Ep00 step 10700/13600: loss = 0.07821
  Ep00 step 10800/13600: loss = 0.08033
  Ep00 step 10900/13600: loss = 0.08196
  Ep00 step 11000/13600: loss = 0.08364
  Ep00 step 11100/13600: loss = 0.07824
  Ep00 step 11200/13600: loss = 0.07924
  Ep00 step 11300/13600: loss = 0.08005
  Ep00 step 11400/13600: loss = 0.08161
  Ep00 step 11500/13600: loss = 0.08046
  Ep00 step 11600/13600: loss = 0.07748
  Ep00 step 11700/13600: loss = 0.08126
  Ep00 step 11800/13600: loss = 0.07737
  Ep00 step 11900/13600: loss = 0.07836
  Ep00 step 12000/13600: loss = 0.07398
  Ep00 step 12100/13600: loss = 0.08098
  Ep00 step 12200/13600: loss = 0.07927
  Ep00 step 12300/13600: loss = 0.07495
  Ep00 step 12400/13600: loss = 0.07861
  Ep00 step 12500/13600: loss = 0.07778
  Ep00 step 12600/13600: loss = 0.08127
  Ep00 step 12700/13600: loss = 0.07671
  Ep00 step 12800/13600: loss = 0.08058
  Ep00 step 12900/13600: loss = 0.08141
  Ep00 step 13000/13600: loss = 0.08053
  Ep00 step 13100/13600: loss = 0.07708
  Ep00 step 13200/13600: loss = 0.08007
  Ep00 step 13300/13600: loss = 0.08104
  Ep00 step 13400/13600: loss = 0.07422
  Ep00 step 13500/13600: loss = 0.07817
  Ep00 step 13600/13600: loss = 0.07992

Epoch 00/6 | train=0.09273 val=0.10280 | AUC=['0.999', '0.996', '0.991', '0.990'] PR=['0.986', '0.968', '0.950', '0.952'] | CASCADE-only AUC=['0.998', '0.994', '0.988', '0.986'] PR=['0.946', '0.923', '0.900', '0.914'] | mono_viol=0.00000 | 691s

  [checkpoint] best.pt updated (epoch 0, val_loss=0.10280)
  Ep01 step  100/13600: loss = 0.07837
  Ep01 step  200/13600: loss = 0.08349
  Ep01 step  300/13600: loss = 0.07875
  Ep01 step  400/13600: loss = 0.07816
  Ep01 step  500/13600: loss = 0.07425
  Ep01 step  600/13600: loss = 0.07760
  Ep01 step  700/13600: loss = 0.07640
  Ep01 step  800/13600: loss = 0.07880
  Ep01 step  900/13600: loss = 0.07812
  Ep01 step 1000/13600: loss = 0.07647
  Ep01 step 1100/13600: loss = 0.07797
  Ep01 step 1200/13600: loss = 0.07900
  Ep01 step 1300/13600: loss = 0.07876
  Ep01 step 1400/13600: loss = 0.07829
  Ep01 step 1500/13600: loss = 0.07538
  Ep01 step 1600/13600: loss = 0.07856
  Ep01 step 1700/13600: loss = 0.08014
  Ep01 step 1800/13600: loss = 0.07762
  Ep01 step 1900/13600: loss = 0.08093
  Ep01 step 2000/13600: loss = 0.07789
  Ep01 step 2100/13600: loss = 0.07899
  Ep01 step 2200/13600: loss = 0.08066
  Ep01 step 2300/13600: loss = 0.07715
  Ep01 step 2400/13600: loss = 0.07752
  Ep01 step 2500/13600: loss = 0.07658
  Ep01 step 2600/13600: loss = 0.07718
  Ep01 step 2700/13600: loss = 0.07365
  Ep01 step 2800/13600: loss = 0.07695
  Ep01 step 2900/13600: loss = 0.07504
  Ep01 step 3000/13600: loss = 0.07781
  Ep01 step 3100/13600: loss = 0.07521
  Ep01 step 3200/13600: loss = 0.07678
  Ep01 step 3300/13600: loss = 0.07611
  Ep01 step 3400/13600: loss = 0.07651
  Ep01 step 3500/13600: loss = 0.08078
  Ep01 step 3600/13600: loss = 0.07944
  Ep01 step 3700/13600: loss = 0.07563
  Ep01 step 3800/13600: loss = 0.07833
  Ep01 step 3900/13600: loss = 0.08188
  Ep01 step 4000/13600: loss = 0.07701
  Ep01 step 4100/13600: loss = 0.07688
  Ep01 step 4200/13600: loss = 0.07600
  Ep01 step 4300/13600: loss = 0.07266
  Ep01 step 4400/13600: loss = 0.07971
  Ep01 step 4500/13600: loss = 0.07894
  Ep01 step 4600/13600: loss = 0.07660
  Ep01 step 4700/13600: loss = 0.07766
  Ep01 step 4800/13600: loss = 0.07906
  Ep01 step 4900/13600: loss = 0.08025
  Ep01 step 5000/13600: loss = 0.07471
  Ep01 step 5100/13600: loss = 0.07808
  Ep01 step 5200/13600: loss = 0.07771
  Ep01 step 5300/13600: loss = 0.07785
  Ep01 step 5400/13600: loss = 0.07602
  Ep01 step 5500/13600: loss = 0.07615
  Ep01 step 5600/13600: loss = 0.07606
  Ep01 step 5700/13600: loss = 0.07514
  Ep01 step 5800/13600: loss = 0.07592
  Ep01 step 5900/13600: loss = 0.07752
  Ep01 step 6000/13600: loss = 0.07961
  Ep01 step 6100/13600: loss = 0.07437
  Ep01 step 6200/13600: loss = 0.07604
  Ep01 step 6300/13600: loss = 0.07731
  Ep01 step 6400/13600: loss = 0.07682
  Ep01 step 6500/13600: loss = 0.07669
  Ep01 step 6600/13600: loss = 0.07568
  Ep01 step 6700/13600: loss = 0.07605
  Ep01 step 6800/13600: loss = 0.07306
  Ep01 step 6900/13600: loss = 0.07997
  Ep01 step 7000/13600: loss = 0.08018
  Ep01 step 7100/13600: loss = 0.07399
  Ep01 step 7200/13600: loss = 0.08010
  Ep01 step 7300/13600: loss = 0.07594
  Ep01 step 7400/13600: loss = 0.07756
  Ep01 step 7500/13600: loss = 0.07729
  Ep01 step 7600/13600: loss = 0.07629
  Ep01 step 7700/13600: loss = 0.07634
  Ep01 step 7800/13600: loss = 0.07890
  Ep01 step 7900/13600: loss = 0.07730
  Ep01 step 8000/13600: loss = 0.07696
  Ep01 step 8100/13600: loss = 0.07367
  Ep01 step 8200/13600: loss = 0.07614
  Ep01 step 8300/13600: loss = 0.07667
  Ep01 step 8400/13600: loss = 0.07367
  Ep01 step 8500/13600: loss = 0.07433
  Ep01 step 8600/13600: loss = 0.07464
  Ep01 step 8700/13600: loss = 0.07410
  Ep01 step 8800/13600: loss = 0.07958
  Ep01 step 8900/13600: loss = 0.07821
  Ep01 step 9000/13600: loss = 0.07651
  Ep01 step 9100/13600: loss = 0.07540
  Ep01 step 9200/13600: loss = 0.07618
  Ep01 step 9300/13600: loss = 0.07804
  Ep01 step 9400/13600: loss = 0.07915
  Ep01 step 9500/13600: loss = 0.07723
  Ep01 step 9600/13600: loss = 0.07466
  Ep01 step 9700/13600: loss = 0.07358
  Ep01 step 9800/13600: loss = 0.07123
  Ep01 step 9900/13600: loss = 0.07548
  Ep01 step 10000/13600: loss = 0.07673
  Ep01 step 10100/13600: loss = 0.07638
  Ep01 step 10200/13600: loss = 0.07589
  Ep01 step 10300/13600: loss = 0.07672
  Ep01 step 10400/13600: loss = 0.07597
  Ep01 step 10500/13600: loss = 0.07774
  Ep01 step 10600/13600: loss = 0.07402
  Ep01 step 10700/13600: loss = 0.07274
  Ep01 step 10800/13600: loss = 0.07522
  Ep01 step 10900/13600: loss = 0.07170
  Ep01 step 11000/13600: loss = 0.07617
  Ep01 step 11100/13600: loss = 0.07489
  Ep01 step 11200/13600: loss = 0.07905
  Ep01 step 11300/13600: loss = 0.07627
  Ep01 step 11400/13600: loss = 0.07325
  Ep01 step 11500/13600: loss = 0.07022
  Ep01 step 11600/13600: loss = 0.07294
  Ep01 step 11700/13600: loss = 0.08070
  Ep01 step 11800/13600: loss = 0.07504
  Ep01 step 11900/13600: loss = 0.07320
  Ep01 step 12000/13600: loss = 0.07534
  Ep01 step 12100/13600: loss = 0.07872
  Ep01 step 12200/13600: loss = 0.07837
  Ep01 step 12300/13600: loss = 0.07712
  Ep01 step 12400/13600: loss = 0.07881
  Ep01 step 12500/13600: loss = 0.07736
  Ep01 step 12600/13600: loss = 0.07066
  Ep01 step 12700/13600: loss = 0.07813
  Ep01 step 12800/13600: loss = 0.07831
  Ep01 step 12900/13600: loss = 0.07358
  Ep01 step 13000/13600: loss = 0.08052
  Ep01 step 13100/13600: loss = 0.07849
  Ep01 step 13200/13600: loss = 0.07397
  Ep01 step 13300/13600: loss = 0.07786
  Ep01 step 13400/13600: loss = 0.08039
  Ep01 step 13500/13600: loss = 0.07227
  Ep01 step 13600/13600: loss = 0.07405

Epoch 01/6 | train=0.07677 val=0.10051 | AUC=['0.999', '0.996', '0.992', '0.990'] PR=['0.987', '0.964', '0.951', '0.953'] | CASCADE-only AUC=['0.998', '0.993', '0.989', '0.986'] PR=['0.952', '0.918', '0.905', '0.919'] | mono_viol=0.00000 | 1379s

  [checkpoint] best.pt updated (epoch 1, val_loss=0.10051)
  Ep02 step  100/13600: loss = 0.07525
  Ep02 step  200/13600: loss = 0.07531
  Ep02 step  300/13600: loss = 0.07577
  Ep02 step  400/13600: loss = 0.07345
  Ep02 step  500/13600: loss = 0.06924
  Ep02 step  600/13600: loss = 0.07586
  Ep02 step  700/13600: loss = 0.07382
  Ep02 step  800/13600: loss = 0.07679
  Ep02 step  900/13600: loss = 0.07748
  Ep02 step 1000/13600: loss = 0.07568
  Ep02 step 1100/13600: loss = 0.07677
  Ep02 step 1200/13600: loss = 0.07291
  Ep02 step 1300/13600: loss = 0.07578
  Ep02 step 1400/13600: loss = 0.07752
  Ep02 step 1500/13600: loss = 0.07958
  Ep02 step 1600/13600: loss = 0.07444
  Ep02 step 1700/13600: loss = 0.07316
  Ep02 step 1800/13600: loss = 0.07852
  Ep02 step 1900/13600: loss = 0.07723
  Ep02 step 2000/13600: loss = 0.07857
  Ep02 step 2100/13600: loss = 0.07694
  Ep02 step 2200/13600: loss = 0.07725
  Ep02 step 2300/13600: loss = 0.07608
  Ep02 step 2400/13600: loss = 0.07557
  Ep02 step 2500/13600: loss = 0.07356
  Ep02 step 2600/13600: loss = 0.07492
  Ep02 step 2700/13600: loss = 0.07316
  Ep02 step 2800/13600: loss = 0.07562
  Ep02 step 2900/13600: loss = 0.07228
  Ep02 step 3000/13600: loss = 0.07288
  Ep02 step 3100/13600: loss = 0.07596
  Ep02 step 3200/13600: loss = 0.07175
  Ep02 step 3300/13600: loss = 0.07982
  Ep02 step 3400/13600: loss = 0.07521
  Ep02 step 3500/13600: loss = 0.07382
  Ep02 step 3600/13600: loss = 0.07397
  Ep02 step 3700/13600: loss = 0.07832
  Ep02 step 3800/13600: loss = 0.07432
  Ep02 step 3900/13600: loss = 0.07683
  Ep02 step 4000/13600: loss = 0.07580
  Ep02 step 4100/13600: loss = 0.07337
  Ep02 step 4200/13600: loss = 0.07687
  Ep02 step 4300/13600: loss = 0.07516
  Ep02 step 4400/13600: loss = 0.06628
  Ep02 step 4500/13600: loss = 0.07541
  Ep02 step 4600/13600: loss = 0.07686
  Ep02 step 4700/13600: loss = 0.07426
  Ep02 step 4800/13600: loss = 0.07768
  Ep02 step 4900/13600: loss = 0.07256
  Ep02 step 5000/13600: loss = 0.07912
  Ep02 step 5100/13600: loss = 0.07893
  Ep02 step 5200/13600: loss = 0.07442
  Ep02 step 5300/13600: loss = 0.07656
  Ep02 step 5400/13600: loss = 0.07227
  Ep02 step 5500/13600: loss = 0.07570
  Ep02 step 5600/13600: loss = 0.07709
  Ep02 step 5700/13600: loss = 0.07358
  Ep02 step 5800/13600: loss = 0.07322
  Ep02 step 5900/13600: loss = 0.07448
  Ep02 step 6000/13600: loss = 0.08282
  Ep02 step 6100/13600: loss = 0.07622
  Ep02 step 6200/13600: loss = 0.07481
  Ep02 step 6300/13600: loss = 0.06995
  Ep02 step 6400/13600: loss = 0.07345
  Ep02 step 6500/13600: loss = 0.07559
  Ep02 step 6600/13600: loss = 0.07647
  Ep02 step 6700/13600: loss = 0.07058
  Ep02 step 6800/13600: loss = 0.07156
  Ep02 step 6900/13600: loss = 0.07211
  Ep02 step 7000/13600: loss = 0.07668
  Ep02 step 7100/13600: loss = 0.07515
  Ep02 step 7200/13600: loss = 0.07382
  Ep02 step 7300/13600: loss = 0.07851
  Ep02 step 7400/13600: loss = 0.07343
  Ep02 step 7500/13600: loss = 0.07162
  Ep02 step 7600/13600: loss = 0.07101
  Ep02 step 7700/13600: loss = 0.07589
  Ep02 step 7800/13600: loss = 0.07358
  Ep02 step 7900/13600: loss = 0.07639
  Ep02 step 8000/13600: loss = 0.07288
  Ep02 step 8100/13600: loss = 0.07711
  Ep02 step 8200/13600: loss = 0.07985
  Ep02 step 8300/13600: loss = 0.07440
  Ep02 step 8400/13600: loss = 0.07291
  Ep02 step 8500/13600: loss = 0.07547
  Ep02 step 8600/13600: loss = 0.07220
  Ep02 step 8700/13600: loss = 0.07492
  Ep02 step 8800/13600: loss = 0.07428
  Ep02 step 8900/13600: loss = 0.07786
  Ep02 step 9000/13600: loss = 0.07545
  Ep02 step 9100/13600: loss = 0.06938
  Ep02 step 9200/13600: loss = 0.07770
  Ep02 step 9300/13600: loss = 0.07825
  Ep02 step 9400/13600: loss = 0.07454
  Ep02 step 9500/13600: loss = 0.07664
  Ep02 step 9600/13600: loss = 0.07230
  Ep02 step 9700/13600: loss = 0.07572
  Ep02 step 9800/13600: loss = 0.07438
  Ep02 step 9900/13600: loss = 0.07547
  Ep02 step 10000/13600: loss = 0.07737
  Ep02 step 10100/13600: loss = 0.07275
  Ep02 step 10200/13600: loss = 0.08043
  Ep02 step 10300/13600: loss = 0.07379
  Ep02 step 10400/13600: loss = 0.07714
  Ep02 step 10500/13600: loss = 0.07235
  Ep02 step 10600/13600: loss = 0.08209
  Ep02 step 10700/13600: loss = 0.07146
  Ep02 step 10800/13600: loss = 0.07628
  Ep02 step 10900/13600: loss = 0.07213
  Ep02 step 11000/13600: loss = 0.07622
  Ep02 step 11100/13600: loss = 0.07608
  Ep02 step 11200/13600: loss = 0.07205
  Ep02 step 11300/13600: loss = 0.07635
  Ep02 step 11400/13600: loss = 0.07707
  Ep02 step 11500/13600: loss = 0.07678
  Ep02 step 11600/13600: loss = 0.07734
  Ep02 step 11700/13600: loss = 0.07300
  Ep02 step 11800/13600: loss = 0.07366
  Ep02 step 11900/13600: loss = 0.07337
  Ep02 step 12000/13600: loss = 0.07396
  Ep02 step 12100/13600: loss = 0.07445
  Ep02 step 12200/13600: loss = 0.07462
  Ep02 step 12300/13600: loss = 0.07435
  Ep02 step 12400/13600: loss = 0.07337
  Ep02 step 12500/13600: loss = 0.07683
  Ep02 step 12600/13600: loss = 0.07226
  Ep02 step 12700/13600: loss = 0.07718
  Ep02 step 12800/13600: loss = 0.07687
  Ep02 step 12900/13600: loss = 0.07744
  Ep02 step 13000/13600: loss = 0.07474
  Ep02 step 13100/13600: loss = 0.07484
  Ep02 step 13200/13600: loss = 0.07349
  Ep02 step 13300/13600: loss = 0.07447
  Ep02 step 13400/13600: loss = 0.07110
  Ep02 step 13500/13600: loss = 0.07466
  Ep02 step 13600/13600: loss = 0.07523

Epoch 02/6 | train=0.07507 val=0.10276 | AUC=['0.999', '0.997', '0.993', '0.990'] PR=['0.989', '0.971', '0.957', '0.956'] | CASCADE-only AUC=['0.998', '0.995', '0.990', '0.986'] PR=['0.956', '0.934', '0.916', '0.924'] | mono_viol=0.00000 | 2067s

  Ep03 step  100/13600: loss = 0.07807
  Ep03 step  200/13600: loss = 0.07442
  Ep03 step  300/13600: loss = 0.07165
  Ep03 step  400/13600: loss = 0.07579
  Ep03 step  500/13600: loss = 0.07659
  Ep03 step  600/13600: loss = 0.07803
  Ep03 step  700/13600: loss = 0.07477
  Ep03 step  800/13600: loss = 0.07845
  Ep03 step  900/13600: loss = 0.07504
  Ep03 step 1000/13600: loss = 0.07663
  Ep03 step 1100/13600: loss = 0.07522
  Ep03 step 1200/13600: loss = 0.07724
  Ep03 step 1300/13600: loss = 0.07469
  Ep03 step 1400/13600: loss = 0.07432
  Ep03 step 1500/13600: loss = 0.07498
  Ep03 step 1600/13600: loss = 0.07087
  Ep03 step 1700/13600: loss = 0.07132
  Ep03 step 1800/13600: loss = 0.07465
  Ep03 step 1900/13600: loss = 0.07126
  Ep03 step 2000/13600: loss = 0.07586
  Ep03 step 2100/13600: loss = 0.07093
  Ep03 step 2200/13600: loss = 0.07383
  Ep03 step 2300/13600: loss = 0.07217
  Ep03 step 2400/13600: loss = 0.07139
  Ep03 step 2500/13600: loss = 0.07205
  Ep03 step 2600/13600: loss = 0.07396
  Ep03 step 2700/13600: loss = 0.07624
  Ep03 step 2800/13600: loss = 0.07592
  Ep03 step 2900/13600: loss = 0.07453
  Ep03 step 3000/13600: loss = 0.07242
  Ep03 step 3100/13600: loss = 0.07396
  Ep03 step 3200/13600: loss = 0.07783
  Ep03 step 3300/13600: loss = 0.07693
  Ep03 step 3400/13600: loss = 0.07175
  Ep03 step 3500/13600: loss = 0.07692
  Ep03 step 3600/13600: loss = 0.07043
  Ep03 step 3700/13600: loss = 0.07907
  Ep03 step 3800/13600: loss = 0.07584
  Ep03 step 3900/13600: loss = 0.07265
  Ep03 step 4000/13600: loss = 0.07341
  Ep03 step 4100/13600: loss = 0.08125
  Ep03 step 4200/13600: loss = 0.07550
  Ep03 step 4300/13600: loss = 0.07547
  Ep03 step 4400/13600: loss = 0.07711
  Ep03 step 4500/13600: loss = 0.07337
  Ep03 step 4600/13600: loss = 0.07374
  Ep03 step 4700/13600: loss = 0.07505
  Ep03 step 4800/13600: loss = 0.07403
  Ep03 step 4900/13600: loss = 0.07457
  Ep03 step 5000/13600: loss = 0.07150
  Ep03 step 5100/13600: loss = 0.07579
  Ep03 step 5200/13600: loss = 0.07522
  Ep03 step 5300/13600: loss = 0.07282
  Ep03 step 5400/13600: loss = 0.07772
  Ep03 step 5500/13600: loss = 0.07279
  Ep03 step 5600/13600: loss = 0.07279
  Ep03 step 5700/13600: loss = 0.06819
  Ep03 step 5800/13600: loss = 0.07578
  Ep03 step 5900/13600: loss = 0.07495
  Ep03 step 6000/13600: loss = 0.07257
  Ep03 step 6100/13600: loss = 0.08007
  Ep03 step 6200/13600: loss = 0.07554
  Ep03 step 6300/13600: loss = 0.07555
  Ep03 step 6400/13600: loss = 0.06943
  Ep03 step 6500/13600: loss = 0.07120
  Ep03 step 6600/13600: loss = 0.07385
  Ep03 step 6700/13600: loss = 0.06932
  Ep03 step 6800/13600: loss = 0.07329
  Ep03 step 6900/13600: loss = 0.07520
  Ep03 step 7000/13600: loss = 0.07120
  Ep03 step 7100/13600: loss = 0.07365
  Ep03 step 7200/13600: loss = 0.07321
  Ep03 step 7300/13600: loss = 0.07332
  Ep03 step 7400/13600: loss = 0.07893
  Ep03 step 7500/13600: loss = 0.07318
  Ep03 step 7600/13600: loss = 0.07189
  Ep03 step 7700/13600: loss = 0.06900
  Ep03 step 7800/13600: loss = 0.07480
  Ep03 step 7900/13600: loss = 0.07480
  Ep03 step 8000/13600: loss = 0.07514
  Ep03 step 8100/13600: loss = 0.08235
  Ep03 step 8200/13600: loss = 0.07516
  Ep03 step 8300/13600: loss = 0.07663
  Ep03 step 8400/13600: loss = 0.07827
  Ep03 step 8500/13600: loss = 0.07574
  Ep03 step 8600/13600: loss = 0.06974
  Ep03 step 8700/13600: loss = 0.07602
  Ep03 step 8800/13600: loss = 0.07346
  Ep03 step 8900/13600: loss = 0.07495
  Ep03 step 9000/13600: loss = 0.06973
  Ep03 step 9100/13600: loss = 0.07167
  Ep03 step 9200/13600: loss = 0.07247
  Ep03 step 9300/13600: loss = 0.07521
  Ep03 step 9400/13600: loss = 0.07434
  Ep03 step 9500/13600: loss = 0.07722
  Ep03 step 9600/13600: loss = 0.07366
  Ep03 step 9700/13600: loss = 0.07205
  Ep03 step 9800/13600: loss = 0.07543
  Ep03 step 9900/13600: loss = 0.07441
  Ep03 step 10000/13600: loss = 0.07617
  Ep03 step 10100/13600: loss = 0.07304
  Ep03 step 10200/13600: loss = 0.07635
  Ep03 step 10300/13600: loss = 0.07229
  Ep03 step 10400/13600: loss = 0.07343
  Ep03 step 10500/13600: loss = 0.07280
  Ep03 step 10600/13600: loss = 0.07296
  Ep03 step 10700/13600: loss = 0.07969
  Ep03 step 10800/13600: loss = 0.07286
  Ep03 step 10900/13600: loss = 0.07332
  Ep03 step 11000/13600: loss = 0.07342
  Ep03 step 11100/13600: loss = 0.07487
  Ep03 step 11200/13600: loss = 0.07417
  Ep03 step 11300/13600: loss = 0.07470
  Ep03 step 11400/13600: loss = 0.07040
  Ep03 step 11500/13600: loss = 0.06765
  Ep03 step 11600/13600: loss = 0.07832
  Ep03 step 11700/13600: loss = 0.07112
  Ep03 step 11800/13600: loss = 0.07536
  Ep03 step 11900/13600: loss = 0.07487
  Ep03 step 12000/13600: loss = 0.07598
  Ep03 step 12100/13600: loss = 0.07602
  Ep03 step 12200/13600: loss = 0.07860
  Ep03 step 12300/13600: loss = 0.07658
  Ep03 step 12400/13600: loss = 0.07239
  Ep03 step 12500/13600: loss = 0.07336
  Ep03 step 12600/13600: loss = 0.07562
  Ep03 step 12700/13600: loss = 0.07399
  Ep03 step 12800/13600: loss = 0.07324
  Ep03 step 12900/13600: loss = 0.06925
  Ep03 step 13000/13600: loss = 0.07461
  Ep03 step 13100/13600: loss = 0.07797
  Ep03 step 13200/13600: loss = 0.07696
  Ep03 step 13300/13600: loss = 0.07274
  Ep03 step 13400/13600: loss = 0.07462
  Ep03 step 13500/13600: loss = 0.07466
  Ep03 step 13600/13600: loss = 0.07384

Epoch 03/6 | train=0.07435 val=0.10026 | AUC=['0.999', '0.997', '0.992', '0.990'] PR=['0.989', '0.973', '0.956', '0.954'] | CASCADE-only AUC=['0.998', '0.995', '0.989', '0.987'] PR=['0.956', '0.937', '0.912', '0.919'] | mono_viol=0.00000 | 2755s

  [checkpoint] best.pt updated (epoch 3, val_loss=0.10026)
  Ep04 step  100/13600: loss = 0.07437
  Ep04 step  200/13600: loss = 0.07141
  Ep04 step  300/13600: loss = 0.07066
  Ep04 step  400/13600: loss = 0.07673
  Ep04 step  500/13600: loss = 0.07385
  Ep04 step  600/13600: loss = 0.07715
  Ep04 step  700/13600: loss = 0.07440
  Ep04 step  800/13600: loss = 0.07634
  Ep04 step  900/13600: loss = 0.07424
  Ep04 step 1000/13600: loss = 0.07509
  Ep04 step 1100/13600: loss = 0.07246
  Ep04 step 1200/13600: loss = 0.07181
  Ep04 step 1300/13600: loss = 0.07177
  Ep04 step 1400/13600: loss = 0.07444
  Ep04 step 1500/13600: loss = 0.07315
  Ep04 step 1600/13600: loss = 0.06855
  Ep04 step 1700/13600: loss = 0.07416
  Ep04 step 1800/13600: loss = 0.07484
  Ep04 step 1900/13600: loss = 0.07742
  Ep04 step 2000/13600: loss = 0.07373
  Ep04 step 2100/13600: loss = 0.07491
  Ep04 step 2200/13600: loss = 0.07523
  Ep04 step 2300/13600: loss = 0.07339
  Ep04 step 2400/13600: loss = 0.07348
  Ep04 step 2500/13600: loss = 0.07476
  Ep04 step 2600/13600: loss = 0.07168
  Ep04 step 2700/13600: loss = 0.07642
  Ep04 step 2800/13600: loss = 0.07137
  Ep04 step 2900/13600: loss = 0.07221
  Ep04 step 3000/13600: loss = 0.07174
  Ep04 step 3100/13600: loss = 0.07788
  Ep04 step 3200/13600: loss = 0.07572
  Ep04 step 3300/13600: loss = 0.07187
  Ep04 step 3400/13600: loss = 0.07424
  Ep04 step 3500/13600: loss = 0.07432
  Ep04 step 3600/13600: loss = 0.07467
  Ep04 step 3700/13600: loss = 0.07736
  Ep04 step 3800/13600: loss = 0.07389
  Ep04 step 3900/13600: loss = 0.07672
  Ep04 step 4000/13600: loss = 0.07407
  Ep04 step 4100/13600: loss = 0.07414
  Ep04 step 4200/13600: loss = 0.07243
  Ep04 step 4300/13600: loss = 0.07529
  Ep04 step 4400/13600: loss = 0.07578
  Ep04 step 4500/13600: loss = 0.07029
  Ep04 step 4600/13600: loss = 0.07521
  Ep04 step 4700/13600: loss = 0.07346
  Ep04 step 4800/13600: loss = 0.07594
  Ep04 step 4900/13600: loss = 0.07399
  Ep04 step 5000/13600: loss = 0.07375
  Ep04 step 5100/13600: loss = 0.07508
  Ep04 step 5200/13600: loss = 0.07441
  Ep04 step 5300/13600: loss = 0.07542
  Ep04 step 5400/13600: loss = 0.07233
  Ep04 step 5500/13600: loss = 0.07586
  Ep04 step 5600/13600: loss = 0.07440
  Ep04 step 5700/13600: loss = 0.07608
  Ep04 step 5800/13600: loss = 0.07088
  Ep04 step 5900/13600: loss = 0.07197
  Ep04 step 6000/13600: loss = 0.06833
  Ep04 step 6100/13600: loss = 0.07586
  Ep04 step 6200/13600: loss = 0.06796
  Ep04 step 6300/13600: loss = 0.06953
  Ep04 step 6400/13600: loss = 0.07198
  Ep04 step 6500/13600: loss = 0.07114
  Ep04 step 6600/13600: loss = 0.07226
  Ep04 step 6700/13600: loss = 0.07089
  Ep04 step 6800/13600: loss = 0.07720
  Ep04 step 6900/13600: loss = 0.07448
  Ep04 step 7000/13600: loss = 0.07214
  Ep04 step 7100/13600: loss = 0.07108
  Ep04 step 7200/13600: loss = 0.07007
  Ep04 step 7300/13600: loss = 0.07823
  Ep04 step 7400/13600: loss = 0.07832
  Ep04 step 7500/13600: loss = 0.07144
  Ep04 step 7600/13600: loss = 0.06974
  Ep04 step 7700/13600: loss = 0.07280
  Ep04 step 7800/13600: loss = 0.07515
  Ep04 step 7900/13600: loss = 0.07583
  Ep04 step 8000/13600: loss = 0.07643
  Ep04 step 8100/13600: loss = 0.07189
  Ep04 step 8200/13600: loss = 0.06921
  Ep04 step 8300/13600: loss = 0.07316
  Ep04 step 8400/13600: loss = 0.06928
  Ep04 step 8500/13600: loss = 0.06958
  Ep04 step 8600/13600: loss = 0.07229
  Ep04 step 8700/13600: loss = 0.07272
  Ep04 step 8800/13600: loss = 0.07251
  Ep04 step 8900/13600: loss = 0.07232
  Ep04 step 9000/13600: loss = 0.07550
  Ep04 step 9100/13600: loss = 0.07058
  Ep04 step 9200/13600: loss = 0.06828
  Ep04 step 9300/13600: loss = 0.07351
  Ep04 step 9400/13600: loss = 0.07171
  Ep04 step 9500/13600: loss = 0.07032
  Ep04 step 9600/13600: loss = 0.07440
  Ep04 step 9700/13600: loss = 0.07804
  Ep04 step 9800/13600: loss = 0.07850
  Ep04 step 9900/13600: loss = 0.07412
  Ep04 step 10000/13600: loss = 0.07452
  Ep04 step 10100/13600: loss = 0.07361
  Ep04 step 10200/13600: loss = 0.07330
  Ep04 step 10300/13600: loss = 0.07407
  Ep04 step 10400/13600: loss = 0.07707
  Ep04 step 10500/13600: loss = 0.07748
  Ep04 step 10600/13600: loss = 0.07170
  Ep04 step 10700/13600: loss = 0.07616
  Ep04 step 10800/13600: loss = 0.07908
  Ep04 step 10900/13600: loss = 0.07361
  Ep04 step 11000/13600: loss = 0.07586
  Ep04 step 11100/13600: loss = 0.07517
  Ep04 step 11200/13600: loss = 0.07656
  Ep04 step 11300/13600: loss = 0.07541
  Ep04 step 11400/13600: loss = 0.06997
  Ep04 step 11500/13600: loss = 0.06882
  Ep04 step 11600/13600: loss = 0.06550
  Ep04 step 11700/13600: loss = 0.07522
  Ep04 step 11800/13600: loss = 0.07459
  Ep04 step 11900/13600: loss = 0.07307
  Ep04 step 12000/13600: loss = 0.07516
  Ep04 step 12100/13600: loss = 0.07756
  Ep04 step 12200/13600: loss = 0.07301
  Ep04 step 12300/13600: loss = 0.07206
  Ep04 step 12400/13600: loss = 0.06940
  Ep04 step 12500/13600: loss = 0.07285
  Ep04 step 12600/13600: loss = 0.07176
  Ep04 step 12700/13600: loss = 0.07290
  Ep04 step 12800/13600: loss = 0.07036
  Ep04 step 12900/13600: loss = 0.07514
  Ep04 step 13000/13600: loss = 0.07356
  Ep04 step 13100/13600: loss = 0.07276
  Ep04 step 13200/13600: loss = 0.07264
  Ep04 step 13300/13600: loss = 0.07837
  Ep04 step 13400/13600: loss = 0.07445
  Ep04 step 13500/13600: loss = 0.07251
  Ep04 step 13600/13600: loss = 0.07340

Epoch 04/6 | train=0.07358 val=0.09865 | AUC=['0.999', '0.997', '0.993', '0.992'] PR=['0.989', '0.973', '0.958', '0.963'] | CASCADE-only AUC=['0.998', '0.995', '0.990', '0.989'] PR=['0.957', '0.936', '0.916', '0.933'] | mono_viol=0.00000 | 3442s

  [checkpoint] best.pt updated (epoch 4, val_loss=0.09865)
  Ep05 step  100/13600: loss = 0.07361
  Ep05 step  200/13600: loss = 0.06917
  Ep05 step  300/13600: loss = 0.06992
  Ep05 step  400/13600: loss = 0.06964
  Ep05 step  500/13600: loss = 0.07061
  Ep05 step  600/13600: loss = 0.07142
  Ep05 step  700/13600: loss = 0.07717
  Ep05 step  800/13600: loss = 0.07557
  Ep05 step  900/13600: loss = 0.07433
  Ep05 step 1000/13600: loss = 0.07659
  Ep05 step 1100/13600: loss = 0.07842
  Ep05 step 1200/13600: loss = 0.07327
  Ep05 step 1300/13600: loss = 0.07257
  Ep05 step 1400/13600: loss = 0.07267
  Ep05 step 1500/13600: loss = 0.07320
  Ep05 step 1600/13600: loss = 0.07204
  Ep05 step 1700/13600: loss = 0.07207
  Ep05 step 1800/13600: loss = 0.07194
  Ep05 step 1900/13600: loss = 0.07555
  Ep05 step 2000/13600: loss = 0.07327
  Ep05 step 2100/13600: loss = 0.07416
  Ep05 step 2200/13600: loss = 0.07307
  Ep05 step 2300/13600: loss = 0.07396
  Ep05 step 2400/13600: loss = 0.07021
  Ep05 step 2500/13600: loss = 0.07620
  Ep05 step 2600/13600: loss = 0.07113
  Ep05 step 2700/13600: loss = 0.07664
  Ep05 step 2800/13600: loss = 0.07318
  Ep05 step 2900/13600: loss = 0.07272
  Ep05 step 3000/13600: loss = 0.07251
  Ep05 step 3100/13600: loss = 0.07549
  Ep05 step 3200/13600: loss = 0.07271
  Ep05 step 3300/13600: loss = 0.07393
  Ep05 step 3400/13600: loss = 0.07122
  Ep05 step 3500/13600: loss = 0.07232
  Ep05 step 3600/13600: loss = 0.07457
  Ep05 step 3700/13600: loss = 0.07608
  Ep05 step 3800/13600: loss = 0.07329
  Ep05 step 3900/13600: loss = 0.07132
  Ep05 step 4000/13600: loss = 0.06973
  Ep05 step 4100/13600: loss = 0.07604
  Ep05 step 4200/13600: loss = 0.07759
  Ep05 step 4300/13600: loss = 0.06950
  Ep05 step 4400/13600: loss = 0.07500
  Ep05 step 4500/13600: loss = 0.07360
  Ep05 step 4600/13600: loss = 0.07237
  Ep05 step 4700/13600: loss = 0.07574
  Ep05 step 4800/13600: loss = 0.07274
  Ep05 step 4900/13600: loss = 0.07438
  Ep05 step 5000/13600: loss = 0.07422
  Ep05 step 5100/13600: loss = 0.07508
  Ep05 step 5200/13600: loss = 0.07421
  Ep05 step 5300/13600: loss = 0.07319
  Ep05 step 5400/13600: loss = 0.07222
  Ep05 step 5500/13600: loss = 0.06999
  Ep05 step 5600/13600: loss = 0.07564
  Ep05 step 5700/13600: loss = 0.07278
  Ep05 step 5800/13600: loss = 0.07028
  Ep05 step 5900/13600: loss = 0.07130
  Ep05 step 6000/13600: loss = 0.07251
  Ep05 step 6100/13600: loss = 0.07414
  Ep05 step 6200/13600: loss = 0.07452
  Ep05 step 6300/13600: loss = 0.07446
  Ep05 step 6400/13600: loss = 0.07738
  Ep05 step 6500/13600: loss = 0.07069
  Ep05 step 6600/13600: loss = 0.07282
  Ep05 step 6700/13600: loss = 0.07115
  Ep05 step 6800/13600: loss = 0.07127
  Ep05 step 6900/13600: loss = 0.07880
  Ep05 step 7000/13600: loss = 0.07327
  Ep05 step 7100/13600: loss = 0.07498
  Ep05 step 7200/13600: loss = 0.07209
  Ep05 step 7300/13600: loss = 0.07488
  Ep05 step 7400/13600: loss = 0.07442
  Ep05 step 7500/13600: loss = 0.07260
  Ep05 step 7600/13600: loss = 0.07437
  Ep05 step 7700/13600: loss = 0.07201
  Ep05 step 7800/13600: loss = 0.07638
  Ep05 step 7900/13600: loss = 0.07760
  Ep05 step 8000/13600: loss = 0.07487
  Ep05 step 8100/13600: loss = 0.07336
  Ep05 step 8200/13600: loss = 0.07057
  Ep05 step 8300/13600: loss = 0.07357
  Ep05 step 8400/13600: loss = 0.06984
  Ep05 step 8500/13600: loss = 0.07464
  Ep05 step 8600/13600: loss = 0.07102
  Ep05 step 8700/13600: loss = 0.07329
  Ep05 step 8800/13600: loss = 0.07215
  Ep05 step 8900/13600: loss = 0.07311
  Ep05 step 9000/13600: loss = 0.07768
  Ep05 step 9100/13600: loss = 0.07704
  Ep05 step 9200/13600: loss = 0.07206
  Ep05 step 9300/13600: loss = 0.07235
  Ep05 step 9400/13600: loss = 0.07462
  Ep05 step 9500/13600: loss = 0.07635
  Ep05 step 9600/13600: loss = 0.07512
  Ep05 step 9700/13600: loss = 0.07260
  Ep05 step 9800/13600: loss = 0.07465
  Ep05 step 9900/13600: loss = 0.07229
  Ep05 step 10000/13600: loss = 0.07480
  Ep05 step 10100/13600: loss = 0.07017
  Ep05 step 10200/13600: loss = 0.07293
  Ep05 step 10300/13600: loss = 0.07606
  Ep05 step 10400/13600: loss = 0.07536
  Ep05 step 10500/13600: loss = 0.06885
  Ep05 step 10600/13600: loss = 0.07189
  Ep05 step 10700/13600: loss = 0.07486
  Ep05 step 10800/13600: loss = 0.07431
  Ep05 step 10900/13600: loss = 0.07442
  Ep05 step 11000/13600: loss = 0.07420
  Ep05 step 11100/13600: loss = 0.07662
  Ep05 step 11200/13600: loss = 0.07368
  Ep05 step 11300/13600: loss = 0.07520
  Ep05 step 11400/13600: loss = 0.07358
  Ep05 step 11500/13600: loss = 0.07392
  Ep05 step 11600/13600: loss = 0.07324
  Ep05 step 11700/13600: loss = 0.07231
  Ep05 step 11800/13600: loss = 0.07393
  Ep05 step 11900/13600: loss = 0.07642
  Ep05 step 12000/13600: loss = 0.06999
  Ep05 step 12100/13600: loss = 0.06813
  Ep05 step 12200/13600: loss = 0.07454
  Ep05 step 12300/13600: loss = 0.06841
  Ep05 step 12400/13600: loss = 0.07305
  Ep05 step 12500/13600: loss = 0.07029
  Ep05 step 12600/13600: loss = 0.07409
  Ep05 step 12700/13600: loss = 0.07406
  Ep05 step 12800/13600: loss = 0.07774
  Ep05 step 12900/13600: loss = 0.07674
  Ep05 step 13000/13600: loss = 0.07404
  Ep05 step 13100/13600: loss = 0.06938
  Ep05 step 13200/13600: loss = 0.07409
  Ep05 step 13300/13600: loss = 0.07247
  Ep05 step 13400/13600: loss = 0.07283
  Ep05 step 13500/13600: loss = 0.06999
  Ep05 step 13600/13600: loss = 0.06954

Epoch 05/6 | train=0.07339 val=0.09839 | AUC=['0.999', '0.997', '0.993', '0.992'] PR=['0.990', '0.976', '0.961', '0.964'] | CASCADE-only AUC=['0.998', '0.995', '0.991', '0.990'] PR=['0.959', '0.942', '0.922', '0.936'] | mono_viol=0.00000 | 4129s

  [checkpoint] best.pt updated (epoch 5, val_loss=0.09839)
[held-out geoclaw_2050] test_loss=0.13518 mono_viol=0.00000 (1000 runs)
  ALL-nodes     AUC=[0.9977211205363273, 0.9965421158075333, 0.9900953075885772, 0.9925123087763786]  PR=[0.9835160860176029, 0.9865726559410473, 0.9710941208843676, 0.9845072292721956]
  CASCADE-only  AUC=[0.9959629647135735, 0.9954829285144806, 0.9877151503562928, 0.99133231061697]  PR=[0.9502830498009524, 0.9769560769422705, 0.9555002044873554, 0.9787588817355473]
[held-out syn_ts_914_6_1p2955] test_loss=0.07331 mono_viol=0.00000 (1000 runs)
  ALL-nodes     AUC=[0.9997812818288803, 0.9974088288545608, 0.9967042514681816, 0.9946567376852036]  PR=[0.9934549399705055, 0.9669511613220922, 0.9600222475458648, 0.9529745828954767]
  CASCADE-only  AUC=[0.9995732535123825, 0.9957190074324608, 0.9950501810312271, 0.9922533251643181]  PR=[0.9733631442696306, 0.9208015708999332, 0.9149507413048897, 0.9110867737722347]
[held-out syn_ts_258_9_3p0022] test_loss=0.12149 mono_viol=0.00000 (1000 runs)
  ALL-nodes     AUC=[0.9985017501711846, 0.9965969862937927, 0.9904205657243729, 0.9925967366099357]  PR=[0.9898700451046368, 0.9867735712694758, 0.9710273460427373, 0.9842271061715194]
  CASCADE-only  AUC=[0.9971393833756447, 0.9953212223052978, 0.9874424976706505, 0.991107294023037]  PR=[0.9646569549455946, 0.9744317311820501, 0.9500422955164237, 0.976572306492551]
[held-out syn_ts_605_5_3p7563] test_loss=0.19885 mono_viol=0.00000 (1000 runs)
  ALL-nodes     AUC=[0.9922815209031105, 0.9928820911645889, 0.9877239236235619, 0.992386711537838]  PR=[0.9765516468768934, 0.98582324152967, 0.9794066558461024, 0.989721097381778]
  CASCADE-only  AUC=[0.9853039855360984, 0.9892239393591881, 0.9828968942761421, 0.9900969441533088]  PR=[0.923144530531726, 0.9696431106209191, 0.9608488470557061, 0.9822403406036855]
[held-out syn_ts_808_27_3p7885] test_loss=0.11283 mono_viol=0.00000 (1000 runs)
  ALL-nodes     AUC=[0.9972567781209946, 0.9973894848227501, 0.9927245416641235, 0.9952997464537621]  PR=[0.9866390694907134, 0.9927872588559037, 0.9839226269560934, 0.991880721698153]
  CASCADE-only  AUC=[0.99476371383667, 0.9962951609492302, 0.9903199223279953, 0.9941899770498276]  PR=[0.9540727271048556, 0.985971256139984, 0.9722692172815821, 0.9874109281364901]
