task=32 arm=mix57_full variant=ctx cell=static_mask torch_seed=1 set=w29_all head=hazard labels=/scratch/tj2587/results/legacy_v1_n1000 labels2=/scratch/tj2587/results/gissr48_v1/static timing=unset context=1 ckpt=/scratch/tj2587/results/gnn_morestorms_v1/mix57_full_ctx_static_mask_s1 smoke=0 commit=967d122 uncommitted_files=0
[gate] CUDA OK: NVIDIA L40S
[gate] heterodata data/graph/nyc_infra_heterodata_v1_frozen_failover_edges.pt: total=6231 -> OK
[gate] set w29_all: 70 storms, 57 for training, 13 held out; in both folders []; missing [] -> OK
[gate] variant ctx: storm context on, timing inputs off -> OK
[gate] head switch present: ('independent', 'hazard')
=== TRAIN MODE — full training ===
torch seed set: 1
Train: 45600  Val: 11400  (57 scenarios) | Test held-out: ['geoclaw_2050', 'syn_ts_914_6_1p2955', 'syn_ts_258_9_3p0022', 'syn_ts_605_5_3p7563', 'syn_ts_808_27_3p7885', 'syn2_t449w6_wl2p103', 'syn2_t580w24_wl2p439', 'syn2_t934c34_wl2p777', 'syn2_t270w17_wl3p116', 'syn2_t33w13_wl3p458', 'syn2_t857w1_wl3p800', 'syn2_t116w1_wl4p130', 'syn2_t198w16_wl4p722'] (13000 runs)
Subsampled val to 3400
Model parameters: 698,648  head=hazard
Device: cuda
  Ep00 step  100/45600: loss = 0.47544
  Ep00 step  200/45600: loss = 0.21753
  Ep00 step  300/45600: loss = 0.15014
  Ep00 step  400/45600: loss = 0.12766
  Ep00 step  500/45600: loss = 0.12083
  Ep00 step  600/45600: loss = 0.11391
  Ep00 step  700/45600: loss = 0.09844
  Ep00 step  800/45600: loss = 0.10588
  Ep00 step  900/45600: loss = 0.09887
  Ep00 step 1000/45600: loss = 0.10882
  Ep00 step 1100/45600: loss = 0.09445
  Ep00 step 1200/45600: loss = 0.09048
  Ep00 step 1300/45600: loss = 0.09217
  Ep00 step 1400/45600: loss = 0.09979
  Ep00 step 1500/45600: loss = 0.08811
  Ep00 step 1600/45600: loss = 0.09454
  Ep00 step 1700/45600: loss = 0.09862
  Ep00 step 1800/45600: loss = 0.08802
  Ep00 step 1900/45600: loss = 0.08541
  Ep00 step 2000/45600: loss = 0.08189
  Ep00 step 2100/45600: loss = 0.08525
  Ep00 step 2200/45600: loss = 0.08658
  Ep00 step 2300/45600: loss = 0.08649
  Ep00 step 2400/45600: loss = 0.08058
  Ep00 step 2500/45600: loss = 0.08265
  Ep00 step 2600/45600: loss = 0.06731
  Ep00 step 2700/45600: loss = 0.08580
  Ep00 step 2800/45600: loss = 0.07745
  Ep00 step 2900/45600: loss = 0.07431
  Ep00 step 3000/45600: loss = 0.07998
  Ep00 step 3100/45600: loss = 0.07314
  Ep00 step 3200/45600: loss = 0.07535
  Ep00 step 3300/45600: loss = 0.07847
  Ep00 step 3400/45600: loss = 0.07505
  Ep00 step 3500/45600: loss = 0.07062
  Ep00 step 3600/45600: loss = 0.07091
  Ep00 step 3700/45600: loss = 0.07225
  Ep00 step 3800/45600: loss = 0.08077
  Ep00 step 3900/45600: loss = 0.06604
  Ep00 step 4000/45600: loss = 0.07462
  Ep00 step 4100/45600: loss = 0.07496
  Ep00 step 4200/45600: loss = 0.07013
  Ep00 step 4300/45600: loss = 0.06768
  Ep00 step 4400/45600: loss = 0.06123
  Ep00 step 4500/45600: loss = 0.07705
  Ep00 step 4600/45600: loss = 0.06875
  Ep00 step 4700/45600: loss = 0.06830
  Ep00 step 4800/45600: loss = 0.07238
  Ep00 step 4900/45600: loss = 0.07412
  Ep00 step 5000/45600: loss = 0.07351
  Ep00 step 5100/45600: loss = 0.06698
  Ep00 step 5200/45600: loss = 0.06768
  Ep00 step 5300/45600: loss = 0.06488
  Ep00 step 5400/45600: loss = 0.06874
  Ep00 step 5500/45600: loss = 0.06517
  Ep00 step 5600/45600: loss = 0.06732
  Ep00 step 5700/45600: loss = 0.07260
  Ep00 step 5800/45600: loss = 0.07164
  Ep00 step 5900/45600: loss = 0.06702
  Ep00 step 6000/45600: loss = 0.06949
  Ep00 step 6100/45600: loss = 0.06291
  Ep00 step 6200/45600: loss = 0.06466
  Ep00 step 6300/45600: loss = 0.06822
  Ep00 step 6400/45600: loss = 0.05797
  Ep00 step 6500/45600: loss = 0.06408
  Ep00 step 6600/45600: loss = 0.05944
  Ep00 step 6700/45600: loss = 0.06321
  Ep00 step 6800/45600: loss = 0.06704
  Ep00 step 6900/45600: loss = 0.06887
  Ep00 step 7000/45600: loss = 0.06385
  Ep00 step 7100/45600: loss = 0.06126
  Ep00 step 7200/45600: loss = 0.06462
  Ep00 step 7300/45600: loss = 0.06549
  Ep00 step 7400/45600: loss = 0.06804
  Ep00 step 7500/45600: loss = 0.06748
  Ep00 step 7600/45600: loss = 0.06416
  Ep00 step 7700/45600: loss = 0.06122
  Ep00 step 7800/45600: loss = 0.06141
  Ep00 step 7900/45600: loss = 0.06146
  Ep00 step 8000/45600: loss = 0.06814
  Ep00 step 8100/45600: loss = 0.06151
  Ep00 step 8200/45600: loss = 0.05995
  Ep00 step 8300/45600: loss = 0.05924
  Ep00 step 8400/45600: loss = 0.05846
  Ep00 step 8500/45600: loss = 0.05820
  Ep00 step 8600/45600: loss = 0.05407
  Ep00 step 8700/45600: loss = 0.05999
  Ep00 step 8800/45600: loss = 0.06258
  Ep00 step 8900/45600: loss = 0.06392
  Ep00 step 9000/45600: loss = 0.06316
  Ep00 step 9100/45600: loss = 0.06458
  Ep00 step 9200/45600: loss = 0.06024
  Ep00 step 9300/45600: loss = 0.05476
  Ep00 step 9400/45600: loss = 0.06397
  Ep00 step 9500/45600: loss = 0.05940
  Ep00 step 9600/45600: loss = 0.06108
  Ep00 step 9700/45600: loss = 0.05885
  Ep00 step 9800/45600: loss = 0.05380
  Ep00 step 9900/45600: loss = 0.06330
  Ep00 step 10000/45600: loss = 0.06192
  Ep00 step 10100/45600: loss = 0.06488
  Ep00 step 10200/45600: loss = 0.05698
  Ep00 step 10300/45600: loss = 0.05628
  Ep00 step 10400/45600: loss = 0.06266
  Ep00 step 10500/45600: loss = 0.05469
  Ep00 step 10600/45600: loss = 0.06185
  Ep00 step 10700/45600: loss = 0.06045
  Ep00 step 10800/45600: loss = 0.05793
  Ep00 step 10900/45600: loss = 0.06382
  Ep00 step 11000/45600: loss = 0.06026
  Ep00 step 11100/45600: loss = 0.05873
  Ep00 step 11200/45600: loss = 0.05995
  Ep00 step 11300/45600: loss = 0.05373
  Ep00 step 11400/45600: loss = 0.05784
  Ep00 step 11500/45600: loss = 0.05514
  Ep00 step 11600/45600: loss = 0.05685
  Ep00 step 11700/45600: loss = 0.05926
  Ep00 step 11800/45600: loss = 0.06240
  Ep00 step 11900/45600: loss = 0.06239
  Ep00 step 12000/45600: loss = 0.06199
  Ep00 step 12100/45600: loss = 0.06171
  Ep00 step 12200/45600: loss = 0.05845
  Ep00 step 12300/45600: loss = 0.05647
  Ep00 step 12400/45600: loss = 0.05658
  Ep00 step 12500/45600: loss = 0.05683
  Ep00 step 12600/45600: loss = 0.06231
  Ep00 step 12700/45600: loss = 0.05637
  Ep00 step 12800/45600: loss = 0.06161
  Ep00 step 12900/45600: loss = 0.06048
  Ep00 step 13000/45600: loss = 0.05665
  Ep00 step 13100/45600: loss = 0.06085
  Ep00 step 13200/45600: loss = 0.05663
  Ep00 step 13300/45600: loss = 0.05288
  Ep00 step 13400/45600: loss = 0.05913
  Ep00 step 13500/45600: loss = 0.05599
  Ep00 step 13600/45600: loss = 0.05879
  Ep00 step 13700/45600: loss = 0.04918
  Ep00 step 13800/45600: loss = 0.04896
  Ep00 step 13900/45600: loss = 0.06256
  Ep00 step 14000/45600: loss = 0.05209
  Ep00 step 14100/45600: loss = 0.05728
  Ep00 step 14200/45600: loss = 0.06100
  Ep00 step 14300/45600: loss = 0.06452
  Ep00 step 14400/45600: loss = 0.04970
  Ep00 step 14500/45600: loss = 0.05250
  Ep00 step 14600/45600: loss = 0.05152
  Ep00 step 14700/45600: loss = 0.05694
  Ep00 step 14800/45600: loss = 0.05382
  Ep00 step 14900/45600: loss = 0.05650
  Ep00 step 15000/45600: loss = 0.05470
  Ep00 step 15100/45600: loss = 0.05767
  Ep00 step 15200/45600: loss = 0.05868
  Ep00 step 15300/45600: loss = 0.06207
  Ep00 step 15400/45600: loss = 0.05971
  Ep00 step 15500/45600: loss = 0.05979
  Ep00 step 15600/45600: loss = 0.05193
  Ep00 step 15700/45600: loss = 0.06018
  Ep00 step 15800/45600: loss = 0.05220
  Ep00 step 15900/45600: loss = 0.06030
  Ep00 step 16000/45600: loss = 0.05028
  Ep00 step 16100/45600: loss = 0.05316
  Ep00 step 16200/45600: loss = 0.05754
  Ep00 step 16300/45600: loss = 0.06266
  Ep00 step 16400/45600: loss = 0.05606
  Ep00 step 16500/45600: loss = 0.05398
  Ep00 step 16600/45600: loss = 0.06175
  Ep00 step 16700/45600: loss = 0.05498
  Ep00 step 16800/45600: loss = 0.06299
  Ep00 step 16900/45600: loss = 0.05796
  Ep00 step 17000/45600: loss = 0.05028
  Ep00 step 17100/45600: loss = 0.05948
  Ep00 step 17200/45600: loss = 0.04980
  Ep00 step 17300/45600: loss = 0.05432
  Ep00 step 17400/45600: loss = 0.05987
  Ep00 step 17500/45600: loss = 0.06332
  Ep00 step 17600/45600: loss = 0.05439
  Ep00 step 17700/45600: loss = 0.06136
  Ep00 step 17800/45600: loss = 0.06299
  Ep00 step 17900/45600: loss = 0.05602
  Ep00 step 18000/45600: loss = 0.05610
  Ep00 step 18100/45600: loss = 0.05832
  Ep00 step 18200/45600: loss = 0.05375
  Ep00 step 18300/45600: loss = 0.05926
  Ep00 step 18400/45600: loss = 0.05152
  Ep00 step 18500/45600: loss = 0.05350
  Ep00 step 18600/45600: loss = 0.06189
  Ep00 step 18700/45600: loss = 0.05271
  Ep00 step 18800/45600: loss = 0.05364
  Ep00 step 18900/45600: loss = 0.05619
  Ep00 step 19000/45600: loss = 0.05668
  Ep00 step 19100/45600: loss = 0.05639
  Ep00 step 19200/45600: loss = 0.05422
  Ep00 step 19300/45600: loss = 0.05232
  Ep00 step 19400/45600: loss = 0.05464
  Ep00 step 19500/45600: loss = 0.05468
  Ep00 step 19600/45600: loss = 0.05720
  Ep00 step 19700/45600: loss = 0.04965
  Ep00 step 19800/45600: loss = 0.06003
  Ep00 step 19900/45600: loss = 0.05639
  Ep00 step 20000/45600: loss = 0.05434
  Ep00 step 20100/45600: loss = 0.05582
  Ep00 step 20200/45600: loss = 0.05479
  Ep00 step 20300/45600: loss = 0.05404
  Ep00 step 20400/45600: loss = 0.05311
  Ep00 step 20500/45600: loss = 0.05935
  Ep00 step 20600/45600: loss = 0.05182
  Ep00 step 20700/45600: loss = 0.05046
  Ep00 step 20800/45600: loss = 0.05271
  Ep00 step 20900/45600: loss = 0.05867
  Ep00 step 21000/45600: loss = 0.05315
  Ep00 step 21100/45600: loss = 0.05805
  Ep00 step 21200/45600: loss = 0.06047
  Ep00 step 21300/45600: loss = 0.05669
  Ep00 step 21400/45600: loss = 0.05717
  Ep00 step 21500/45600: loss = 0.05481
  Ep00 step 21600/45600: loss = 0.06095
  Ep00 step 21700/45600: loss = 0.05391
  Ep00 step 21800/45600: loss = 0.05135
  Ep00 step 21900/45600: loss = 0.05154
  Ep00 step 22000/45600: loss = 0.05921
  Ep00 step 22100/45600: loss = 0.05153
  Ep00 step 22200/45600: loss = 0.05308
  Ep00 step 22300/45600: loss = 0.05505
  Ep00 step 22400/45600: loss = 0.05473
  Ep00 step 22500/45600: loss = 0.05419
  Ep00 step 22600/45600: loss = 0.05270
  Ep00 step 22700/45600: loss = 0.05853
  Ep00 step 22800/45600: loss = 0.05460
  Ep00 step 22900/45600: loss = 0.05577
  Ep00 step 23000/45600: loss = 0.06168
  Ep00 step 23100/45600: loss = 0.05330
  Ep00 step 23200/45600: loss = 0.06059
  Ep00 step 23300/45600: loss = 0.06058
  Ep00 step 23400/45600: loss = 0.04981
  Ep00 step 23500/45600: loss = 0.04988
  Ep00 step 23600/45600: loss = 0.05094
  Ep00 step 23700/45600: loss = 0.05348
  Ep00 step 23800/45600: loss = 0.05069
  Ep00 step 23900/45600: loss = 0.05817
  Ep00 step 24000/45600: loss = 0.05962
  Ep00 step 24100/45600: loss = 0.04943
  Ep00 step 24200/45600: loss = 0.05151
  Ep00 step 24300/45600: loss = 0.05123
  Ep00 step 24400/45600: loss = 0.06519
  Ep00 step 24500/45600: loss = 0.05382
  Ep00 step 24600/45600: loss = 0.05218
  Ep00 step 24700/45600: loss = 0.05198
  Ep00 step 24800/45600: loss = 0.05359
  Ep00 step 24900/45600: loss = 0.05444
  Ep00 step 25000/45600: loss = 0.04948
  Ep00 step 25100/45600: loss = 0.05568
  Ep00 step 25200/45600: loss = 0.05174
  Ep00 step 25300/45600: loss = 0.05017
  Ep00 step 25400/45600: loss = 0.05081
  Ep00 step 25500/45600: loss = 0.04830
  Ep00 step 25600/45600: loss = 0.05209
  Ep00 step 25700/45600: loss = 0.04146
  Ep00 step 25800/45600: loss = 0.05687
  Ep00 step 25900/45600: loss = 0.05418
  Ep00 step 26000/45600: loss = 0.05684
  Ep00 step 26100/45600: loss = 0.05595
  Ep00 step 26200/45600: loss = 0.05437
  Ep00 step 26300/45600: loss = 0.05310
  Ep00 step 26400/45600: loss = 0.05243
  Ep00 step 26500/45600: loss = 0.05749
  Ep00 step 26600/45600: loss = 0.05781
  Ep00 step 26700/45600: loss = 0.05362
  Ep00 step 26800/45600: loss = 0.05222
  Ep00 step 26900/45600: loss = 0.05793
  Ep00 step 27000/45600: loss = 0.06034
  Ep00 step 27100/45600: loss = 0.06244
  Ep00 step 27200/45600: loss = 0.05360
  Ep00 step 27300/45600: loss = 0.04750
  Ep00 step 27400/45600: loss = 0.05797
  Ep00 step 27500/45600: loss = 0.05278
  Ep00 step 27600/45600: loss = 0.05199
  Ep00 step 27700/45600: loss = 0.05330
  Ep00 step 27800/45600: loss = 0.05329
  Ep00 step 27900/45600: loss = 0.05199
  Ep00 step 28000/45600: loss = 0.05859
  Ep00 step 28100/45600: loss = 0.05340
  Ep00 step 28200/45600: loss = 0.05157
  Ep00 step 28300/45600: loss = 0.05609
  Ep00 step 28400/45600: loss = 0.05256
  Ep00 step 28500/45600: loss = 0.05820
  Ep00 step 28600/45600: loss = 0.05466
  Ep00 step 28700/45600: loss = 0.05921
  Ep00 step 28800/45600: loss = 0.05975
  Ep00 step 28900/45600: loss = 0.05540
  Ep00 step 29000/45600: loss = 0.04709
  Ep00 step 29100/45600: loss = 0.05171
  Ep00 step 29200/45600: loss = 0.05880
  Ep00 step 29300/45600: loss = 0.04823
  Ep00 step 29400/45600: loss = 0.05208
  Ep00 step 29500/45600: loss = 0.05942
  Ep00 step 29600/45600: loss = 0.04918
  Ep00 step 29700/45600: loss = 0.05511
  Ep00 step 29800/45600: loss = 0.05338
  Ep00 step 29900/45600: loss = 0.04345
  Ep00 step 30000/45600: loss = 0.05411
  Ep00 step 30100/45600: loss = 0.05116
  Ep00 step 30200/45600: loss = 0.05506
  Ep00 step 30300/45600: loss = 0.04996
  Ep00 step 30400/45600: loss = 0.05662
  Ep00 step 30500/45600: loss = 0.05166
  Ep00 step 30600/45600: loss = 0.05359
  Ep00 step 30700/45600: loss = 0.05669
  Ep00 step 30800/45600: loss = 0.05591
  Ep00 step 30900/45600: loss = 0.04987
  Ep00 step 31000/45600: loss = 0.06627
  Ep00 step 31100/45600: loss = 0.05358
  Ep00 step 31200/45600: loss = 0.05603
  Ep00 step 31300/45600: loss = 0.05004
  Ep00 step 31400/45600: loss = 0.05408
  Ep00 step 31500/45600: loss = 0.05296
  Ep00 step 31600/45600: loss = 0.05481
  Ep00 step 31700/45600: loss = 0.05287
  Ep00 step 31800/45600: loss = 0.05257
  Ep00 step 31900/45600: loss = 0.05367
  Ep00 step 32000/45600: loss = 0.05118
  Ep00 step 32100/45600: loss = 0.05307
  Ep00 step 32200/45600: loss = 0.05475
  Ep00 step 32300/45600: loss = 0.05376
  Ep00 step 32400/45600: loss = 0.05191
  Ep00 step 32500/45600: loss = 0.05506
  Ep00 step 32600/45600: loss = 0.05516
  Ep00 step 32700/45600: loss = 0.05741
  Ep00 step 32800/45600: loss = 0.04672
  Ep00 step 32900/45600: loss = 0.05885
  Ep00 step 33000/45600: loss = 0.05557
  Ep00 step 33100/45600: loss = 0.05459
  Ep00 step 33200/45600: loss = 0.05660
  Ep00 step 33300/45600: loss = 0.06382
  Ep00 step 33400/45600: loss = 0.05542
  Ep00 step 33500/45600: loss = 0.05077
  Ep00 step 33600/45600: loss = 0.05522
  Ep00 step 33700/45600: loss = 0.05719
  Ep00 step 33800/45600: loss = 0.05347
  Ep00 step 33900/45600: loss = 0.05548
  Ep00 step 34000/45600: loss = 0.05717
  Ep00 step 34100/45600: loss = 0.05583
  Ep00 step 34200/45600: loss = 0.05000
  Ep00 step 34300/45600: loss = 0.05212
  Ep00 step 34400/45600: loss = 0.05393
  Ep00 step 34500/45600: loss = 0.05165
  Ep00 step 34600/45600: loss = 0.05385
  Ep00 step 34700/45600: loss = 0.05472
  Ep00 step 34800/45600: loss = 0.05348
  Ep00 step 34900/45600: loss = 0.05538
  Ep00 step 35000/45600: loss = 0.05059
  Ep00 step 35100/45600: loss = 0.05481
  Ep00 step 35200/45600: loss = 0.04762
  Ep00 step 35300/45600: loss = 0.05562
  Ep00 step 35400/45600: loss = 0.06286
  Ep00 step 35500/45600: loss = 0.04898
  Ep00 step 35600/45600: loss = 0.05658
  Ep00 step 35700/45600: loss = 0.05735
  Ep00 step 35800/45600: loss = 0.05384
  Ep00 step 35900/45600: loss = 0.04949
  Ep00 step 36000/45600: loss = 0.05294
  Ep00 step 36100/45600: loss = 0.05407
  Ep00 step 36200/45600: loss = 0.05747
  Ep00 step 36300/45600: loss = 0.06033
  Ep00 step 36400/45600: loss = 0.05190
  Ep00 step 36500/45600: loss = 0.05193
  Ep00 step 36600/45600: loss = 0.04981
  Ep00 step 36700/45600: loss = 0.05501
  Ep00 step 36800/45600: loss = 0.05260
  Ep00 step 36900/45600: loss = 0.05445
  Ep00 step 37000/45600: loss = 0.04733
  Ep00 step 37100/45600: loss = 0.05499
  Ep00 step 37200/45600: loss = 0.05266
  Ep00 step 37300/45600: loss = 0.05250
  Ep00 step 37400/45600: loss = 0.04698
  Ep00 step 37500/45600: loss = 0.05147
  Ep00 step 37600/45600: loss = 0.05191
  Ep00 step 37700/45600: loss = 0.04966
  Ep00 step 37800/45600: loss = 0.05616
  Ep00 step 37900/45600: loss = 0.06049
  Ep00 step 38000/45600: loss = 0.04921
  Ep00 step 38100/45600: loss = 0.05404
  Ep00 step 38200/45600: loss = 0.05135
  Ep00 step 38300/45600: loss = 0.05603
  Ep00 step 38400/45600: loss = 0.04907
  Ep00 step 38500/45600: loss = 0.04762
  Ep00 step 38600/45600: loss = 0.05398
  Ep00 step 38700/45600: loss = 0.05308
  Ep00 step 38800/45600: loss = 0.05043
  Ep00 step 38900/45600: loss = 0.06212
  Ep00 step 39000/45600: loss = 0.06087
  Ep00 step 39100/45600: loss = 0.05374
  Ep00 step 39200/45600: loss = 0.04722
  Ep00 step 39300/45600: loss = 0.06024
  Ep00 step 39400/45600: loss = 0.05656
  Ep00 step 39500/45600: loss = 0.05027
  Ep00 step 39600/45600: loss = 0.05714
  Ep00 step 39700/45600: loss = 0.04768
  Ep00 step 39800/45600: loss = 0.05488
  Ep00 step 39900/45600: loss = 0.05421
  Ep00 step 40000/45600: loss = 0.05949
  Ep00 step 40100/45600: loss = 0.05443
  Ep00 step 40200/45600: loss = 0.05376
  Ep00 step 40300/45600: loss = 0.05313
  Ep00 step 40400/45600: loss = 0.05468
  Ep00 step 40500/45600: loss = 0.04749
  Ep00 step 40600/45600: loss = 0.04996
  Ep00 step 40700/45600: loss = 0.04860
  Ep00 step 40800/45600: loss = 0.05851
  Ep00 step 40900/45600: loss = 0.05233
  Ep00 step 41000/45600: loss = 0.05432
  Ep00 step 41100/45600: loss = 0.05400
  Ep00 step 41200/45600: loss = 0.05256
  Ep00 step 41300/45600: loss = 0.04345
  Ep00 step 41400/45600: loss = 0.05912
  Ep00 step 41500/45600: loss = 0.04867
  Ep00 step 41600/45600: loss = 0.04811
  Ep00 step 41700/45600: loss = 0.05050
  Ep00 step 41800/45600: loss = 0.04820
  Ep00 step 41900/45600: loss = 0.05432
  Ep00 step 42000/45600: loss = 0.05488
  Ep00 step 42100/45600: loss = 0.05184
  Ep00 step 42200/45600: loss = 0.05289
  Ep00 step 42300/45600: loss = 0.04671
  Ep00 step 42400/45600: loss = 0.05583
  Ep00 step 42500/45600: loss = 0.05052
  Ep00 step 42600/45600: loss = 0.04677
  Ep00 step 42700/45600: loss = 0.06177
  Ep00 step 42800/45600: loss = 0.05631
  Ep00 step 42900/45600: loss = 0.04919
  Ep00 step 43000/45600: loss = 0.05816
  Ep00 step 43100/45600: loss = 0.05387
  Ep00 step 43200/45600: loss = 0.05724
  Ep00 step 43300/45600: loss = 0.05784
  Ep00 step 43400/45600: loss = 0.05715
  Ep00 step 43500/45600: loss = 0.05162
  Ep00 step 43600/45600: loss = 0.05407
  Ep00 step 43700/45600: loss = 0.04927
  Ep00 step 43800/45600: loss = 0.05263
  Ep00 step 43900/45600: loss = 0.05413
  Ep00 step 44000/45600: loss = 0.05170
  Ep00 step 44100/45600: loss = 0.05939
  Ep00 step 44200/45600: loss = 0.04601
  Ep00 step 44300/45600: loss = 0.05671
  Ep00 step 44400/45600: loss = 0.05255
  Ep00 step 44500/45600: loss = 0.05060
  Ep00 step 44600/45600: loss = 0.05203
  Ep00 step 44700/45600: loss = 0.05437
  Ep00 step 44800/45600: loss = 0.04821
  Ep00 step 44900/45600: loss = 0.04996
  Ep00 step 45000/45600: loss = 0.05688
  Ep00 step 45100/45600: loss = 0.05411
  Ep00 step 45200/45600: loss = 0.04404
  Ep00 step 45300/45600: loss = 0.05455
  Ep00 step 45400/45600: loss = 0.05371
  Ep00 step 45500/45600: loss = 0.04749
  Ep00 step 45600/45600: loss = 0.05394

Epoch 00/6 | train=0.06017 val=0.07637 | AUC=['0.999', '0.998', '0.995', '0.996'] PR=['0.991', '0.989', '0.978', '0.984'] | CASCADE-only AUC=['0.998', '0.997', '0.993', '0.995'] PR=['0.967', '0.975', '0.957', '0.973'] | mono_viol=0.00000 | 2213s

  [checkpoint] best.pt updated (epoch 0, val_loss=0.07637)
  Ep01 step  100/45600: loss = 0.04674
  Ep01 step  200/45600: loss = 0.04747
  Ep01 step  300/45600: loss = 0.05335
  Ep01 step  400/45600: loss = 0.05254
  Ep01 step  500/45600: loss = 0.05645
  Ep01 step  600/45600: loss = 0.05548
  Ep01 step  700/45600: loss = 0.05135
  Ep01 step  800/45600: loss = 0.05910
  Ep01 step  900/45600: loss = 0.04697
  Ep01 step 1000/45600: loss = 0.05197
  Ep01 step 1100/45600: loss = 0.04749
  Ep01 step 1200/45600: loss = 0.05693
  Ep01 step 1300/45600: loss = 0.04923
  Ep01 step 1400/45600: loss = 0.05589
  Ep01 step 1500/45600: loss = 0.05523
  Ep01 step 1600/45600: loss = 0.05539
  Ep01 step 1700/45600: loss = 0.06140
  Ep01 step 1800/45600: loss = 0.04773
  Ep01 step 1900/45600: loss = 0.04313
  Ep01 step 2000/45600: loss = 0.05326
  Ep01 step 2100/45600: loss = 0.05077
  Ep01 step 2200/45600: loss = 0.05368
  Ep01 step 2300/45600: loss = 0.05562
  Ep01 step 2400/45600: loss = 0.05349
  Ep01 step 2500/45600: loss = 0.04823
  Ep01 step 2600/45600: loss = 0.05458
  Ep01 step 2700/45600: loss = 0.05939
  Ep01 step 2800/45600: loss = 0.05279
  Ep01 step 2900/45600: loss = 0.04615
  Ep01 step 3000/45600: loss = 0.05994
  Ep01 step 3100/45600: loss = 0.06109
  Ep01 step 3200/45600: loss = 0.04788
  Ep01 step 3300/45600: loss = 0.05436
  Ep01 step 3400/45600: loss = 0.05899
  Ep01 step 3500/45600: loss = 0.04743
  Ep01 step 3600/45600: loss = 0.05497
  Ep01 step 3700/45600: loss = 0.04447
  Ep01 step 3800/45600: loss = 0.04808
  Ep01 step 3900/45600: loss = 0.05998
  Ep01 step 4000/45600: loss = 0.05700
  Ep01 step 4100/45600: loss = 0.05132
  Ep01 step 4200/45600: loss = 0.04775
  Ep01 step 4300/45600: loss = 0.04907
  Ep01 step 4400/45600: loss = 0.05110
  Ep01 step 4500/45600: loss = 0.04916
  Ep01 step 4600/45600: loss = 0.05907
  Ep01 step 4700/45600: loss = 0.05479
  Ep01 step 4800/45600: loss = 0.05300
  Ep01 step 4900/45600: loss = 0.05002
  Ep01 step 5000/45600: loss = 0.05675
  Ep01 step 5100/45600: loss = 0.05129
  Ep01 step 5200/45600: loss = 0.05874
  Ep01 step 5300/45600: loss = 0.05107
  Ep01 step 5400/45600: loss = 0.05295
  Ep01 step 5500/45600: loss = 0.04540
  Ep01 step 5600/45600: loss = 0.04869
  Ep01 step 5700/45600: loss = 0.05261
  Ep01 step 5800/45600: loss = 0.05095
  Ep01 step 5900/45600: loss = 0.05375
  Ep01 step 6000/45600: loss = 0.04222
  Ep01 step 6100/45600: loss = 0.04867
  Ep01 step 6200/45600: loss = 0.05226
  Ep01 step 6300/45600: loss = 0.05832
  Ep01 step 6400/45600: loss = 0.05330
  Ep01 step 6500/45600: loss = 0.04852
  Ep01 step 6600/45600: loss = 0.05577
  Ep01 step 6700/45600: loss = 0.05493
  Ep01 step 6800/45600: loss = 0.05605
  Ep01 step 6900/45600: loss = 0.05373
  Ep01 step 7000/45600: loss = 0.06285
  Ep01 step 7100/45600: loss = 0.05076
  Ep01 step 7200/45600: loss = 0.05423
  Ep01 step 7300/45600: loss = 0.05097
  Ep01 step 7400/45600: loss = 0.04842
  Ep01 step 7500/45600: loss = 0.05685
  Ep01 step 7600/45600: loss = 0.05073
  Ep01 step 7700/45600: loss = 0.05466
  Ep01 step 7800/45600: loss = 0.05351
  Ep01 step 7900/45600: loss = 0.05250
  Ep01 step 8000/45600: loss = 0.05036
  Ep01 step 8100/45600: loss = 0.04843
  Ep01 step 8200/45600: loss = 0.05169
  Ep01 step 8300/45600: loss = 0.05327
  Ep01 step 8400/45600: loss = 0.05010
  Ep01 step 8500/45600: loss = 0.05312
  Ep01 step 8600/45600: loss = 0.05355
  Ep01 step 8700/45600: loss = 0.05363
  Ep01 step 8800/45600: loss = 0.05329
  Ep01 step 8900/45600: loss = 0.06195
  Ep01 step 9000/45600: loss = 0.05254
  Ep01 step 9100/45600: loss = 0.04375
  Ep01 step 9200/45600: loss = 0.05491
  Ep01 step 9300/45600: loss = 0.04742
  Ep01 step 9400/45600: loss = 0.05307
  Ep01 step 9500/45600: loss = 0.05198
  Ep01 step 9600/45600: loss = 0.06048
  Ep01 step 9700/45600: loss = 0.05478
  Ep01 step 9800/45600: loss = 0.04664
  Ep01 step 9900/45600: loss = 0.04804
  Ep01 step 10000/45600: loss = 0.05415
  Ep01 step 10100/45600: loss = 0.04579
  Ep01 step 10200/45600: loss = 0.05973
  Ep01 step 10300/45600: loss = 0.05214
  Ep01 step 10400/45600: loss = 0.05010
  Ep01 step 10500/45600: loss = 0.04607
  Ep01 step 10600/45600: loss = 0.04738
  Ep01 step 10700/45600: loss = 0.05521
  Ep01 step 10800/45600: loss = 0.05254
  Ep01 step 10900/45600: loss = 0.05627
  Ep01 step 11000/45600: loss = 0.05226
  Ep01 step 11100/45600: loss = 0.05072
  Ep01 step 11200/45600: loss = 0.04733
  Ep01 step 11300/45600: loss = 0.05808
  Ep01 step 11400/45600: loss = 0.04978
  Ep01 step 11500/45600: loss = 0.04735
  Ep01 step 11600/45600: loss = 0.05037
  Ep01 step 11700/45600: loss = 0.05698
  Ep01 step 11800/45600: loss = 0.05157
  Ep01 step 11900/45600: loss = 0.05747
  Ep01 step 12000/45600: loss = 0.04985
  Ep01 step 12100/45600: loss = 0.05889
  Ep01 step 12200/45600: loss = 0.04874
  Ep01 step 12300/45600: loss = 0.05159
  Ep01 step 12400/45600: loss = 0.05227
  Ep01 step 12500/45600: loss = 0.05703
  Ep01 step 12600/45600: loss = 0.04936
  Ep01 step 12700/45600: loss = 0.05210
  Ep01 step 12800/45600: loss = 0.04920
  Ep01 step 12900/45600: loss = 0.04767
  Ep01 step 13000/45600: loss = 0.06005
  Ep01 step 13100/45600: loss = 0.05012
  Ep01 step 13200/45600: loss = 0.04834
  Ep01 step 13300/45600: loss = 0.04928
  Ep01 step 13400/45600: loss = 0.05334
  Ep01 step 13500/45600: loss = 0.05280
  Ep01 step 13600/45600: loss = 0.04751
  Ep01 step 13700/45600: loss = 0.05800
  Ep01 step 13800/45600: loss = 0.05195
  Ep01 step 13900/45600: loss = 0.04608
  Ep01 step 14000/45600: loss = 0.05972
  Ep01 step 14100/45600: loss = 0.05165
  Ep01 step 14200/45600: loss = 0.05525
  Ep01 step 14300/45600: loss = 0.05265
  Ep01 step 14400/45600: loss = 0.04620
  Ep01 step 14500/45600: loss = 0.05827
  Ep01 step 14600/45600: loss = 0.04848
  Ep01 step 14700/45600: loss = 0.05099
  Ep01 step 14800/45600: loss = 0.04848
  Ep01 step 14900/45600: loss = 0.04988
  Ep01 step 15000/45600: loss = 0.05015
  Ep01 step 15100/45600: loss = 0.05868
  Ep01 step 15200/45600: loss = 0.05767
  Ep01 step 15300/45600: loss = 0.04610
  Ep01 step 15400/45600: loss = 0.05740
  Ep01 step 15500/45600: loss = 0.05407
  Ep01 step 15600/45600: loss = 0.04986
  Ep01 step 15700/45600: loss = 0.05065
  Ep01 step 15800/45600: loss = 0.05398
  Ep01 step 15900/45600: loss = 0.05321
  Ep01 step 16000/45600: loss = 0.06013
  Ep01 step 16100/45600: loss = 0.05614
  Ep01 step 16200/45600: loss = 0.04659
  Ep01 step 16300/45600: loss = 0.05069
  Ep01 step 16400/45600: loss = 0.05217
  Ep01 step 16500/45600: loss = 0.05424
  Ep01 step 16600/45600: loss = 0.04954
  Ep01 step 16700/45600: loss = 0.04753
  Ep01 step 16800/45600: loss = 0.04810
  Ep01 step 16900/45600: loss = 0.04851
  Ep01 step 17000/45600: loss = 0.05266
  Ep01 step 17100/45600: loss = 0.05679
  Ep01 step 17200/45600: loss = 0.04975
  Ep01 step 17300/45600: loss = 0.05609
  Ep01 step 17400/45600: loss = 0.05395
  Ep01 step 17500/45600: loss = 0.04532
  Ep01 step 17600/45600: loss = 0.05585
  Ep01 step 17700/45600: loss = 0.05564
  Ep01 step 17800/45600: loss = 0.05016
  Ep01 step 17900/45600: loss = 0.04584
  Ep01 step 18000/45600: loss = 0.05476
  Ep01 step 18100/45600: loss = 0.04988
  Ep01 step 18200/45600: loss = 0.05992
  Ep01 step 18300/45600: loss = 0.05827
  Ep01 step 18400/45600: loss = 0.05183
  Ep01 step 18500/45600: loss = 0.04579
  Ep01 step 18600/45600: loss = 0.04988
  Ep01 step 18700/45600: loss = 0.05203
  Ep01 step 18800/45600: loss = 0.05342
  Ep01 step 18900/45600: loss = 0.04987
  Ep01 step 19000/45600: loss = 0.05274
  Ep01 step 19100/45600: loss = 0.04883
  Ep01 step 19200/45600: loss = 0.05275
  Ep01 step 19300/45600: loss = 0.04980
  Ep01 step 19400/45600: loss = 0.05277
  Ep01 step 19500/45600: loss = 0.04867
  Ep01 step 19600/45600: loss = 0.04962
  Ep01 step 19700/45600: loss = 0.05312
  Ep01 step 19800/45600: loss = 0.04989
  Ep01 step 19900/45600: loss = 0.05222
  Ep01 step 20000/45600: loss = 0.04995
  Ep01 step 20100/45600: loss = 0.04317
  Ep01 step 20200/45600: loss = 0.06244
  Ep01 step 20300/45600: loss = 0.05411
  Ep01 step 20400/45600: loss = 0.05068
  Ep01 step 20500/45600: loss = 0.04863
  Ep01 step 20600/45600: loss = 0.04682
  Ep01 step 20700/45600: loss = 0.05875
  Ep01 step 20800/45600: loss = 0.05952
  Ep01 step 20900/45600: loss = 0.04855
  Ep01 step 21000/45600: loss = 0.05396
  Ep01 step 21100/45600: loss = 0.05100
  Ep01 step 21200/45600: loss = 0.05190
  Ep01 step 21300/45600: loss = 0.04819
  Ep01 step 21400/45600: loss = 0.05375
  Ep01 step 21500/45600: loss = 0.04927
  Ep01 step 21600/45600: loss = 0.04996
  Ep01 step 21700/45600: loss = 0.05807
  Ep01 step 21800/45600: loss = 0.05494
  Ep01 step 21900/45600: loss = 0.05148
  Ep01 step 22000/45600: loss = 0.05286
  Ep01 step 22100/45600: loss = 0.05136
  Ep01 step 22200/45600: loss = 0.05398
  Ep01 step 22300/45600: loss = 0.05039
  Ep01 step 22400/45600: loss = 0.04937
  Ep01 step 22500/45600: loss = 0.04988
  Ep01 step 22600/45600: loss = 0.04999
  Ep01 step 22700/45600: loss = 0.04926
  Ep01 step 22800/45600: loss = 0.05554
  Ep01 step 22900/45600: loss = 0.05194
  Ep01 step 23000/45600: loss = 0.04883
  Ep01 step 23100/45600: loss = 0.05126
  Ep01 step 23200/45600: loss = 0.04231
  Ep01 step 23300/45600: loss = 0.05716
  Ep01 step 23400/45600: loss = 0.05558
  Ep01 step 23500/45600: loss = 0.05196
  Ep01 step 23600/45600: loss = 0.05616
  Ep01 step 23700/45600: loss = 0.05759
  Ep01 step 23800/45600: loss = 0.05531
  Ep01 step 23900/45600: loss = 0.05354
  Ep01 step 24000/45600: loss = 0.05104
  Ep01 step 24100/45600: loss = 0.05401
  Ep01 step 24200/45600: loss = 0.04559
  Ep01 step 24300/45600: loss = 0.05701
  Ep01 step 24400/45600: loss = 0.04891
  Ep01 step 24500/45600: loss = 0.05200
  Ep01 step 24600/45600: loss = 0.05481
  Ep01 step 24700/45600: loss = 0.05239
  Ep01 step 24800/45600: loss = 0.04880
  Ep01 step 24900/45600: loss = 0.05214
  Ep01 step 25000/45600: loss = 0.04941
  Ep01 step 25100/45600: loss = 0.05340
  Ep01 step 25200/45600: loss = 0.04991
  Ep01 step 25300/45600: loss = 0.05415
  Ep01 step 25400/45600: loss = 0.05245
  Ep01 step 25500/45600: loss = 0.05534
  Ep01 step 25600/45600: loss = 0.05280
  Ep01 step 25700/45600: loss = 0.05421
  Ep01 step 25800/45600: loss = 0.04948
  Ep01 step 25900/45600: loss = 0.05187
  Ep01 step 26000/45600: loss = 0.04626
  Ep01 step 26100/45600: loss = 0.04246
  Ep01 step 26200/45600: loss = 0.05016
  Ep01 step 26300/45600: loss = 0.04564
  Ep01 step 26400/45600: loss = 0.04244
  Ep01 step 26500/45600: loss = 0.05935
  Ep01 step 26600/45600: loss = 0.04977
  Ep01 step 26700/45600: loss = 0.05218
  Ep01 step 26800/45600: loss = 0.05428
  Ep01 step 26900/45600: loss = 0.04896
  Ep01 step 27000/45600: loss = 0.05455
  Ep01 step 27100/45600: loss = 0.04887
  Ep01 step 27200/45600: loss = 0.05476
  Ep01 step 27300/45600: loss = 0.05028
  Ep01 step 27400/45600: loss = 0.05256
  Ep01 step 27500/45600: loss = 0.05177
  Ep01 step 27600/45600: loss = 0.04886
  Ep01 step 27700/45600: loss = 0.05290
  Ep01 step 27800/45600: loss = 0.05578
  Ep01 step 27900/45600: loss = 0.06030
  Ep01 step 28000/45600: loss = 0.05047
  Ep01 step 28100/45600: loss = 0.05736
  Ep01 step 28200/45600: loss = 0.05147
  Ep01 step 28300/45600: loss = 0.04861
  Ep01 step 28400/45600: loss = 0.05060
  Ep01 step 28500/45600: loss = 0.05469
  Ep01 step 28600/45600: loss = 0.05131
  Ep01 step 28700/45600: loss = 0.05198
  Ep01 step 28800/45600: loss = 0.05403
  Ep01 step 28900/45600: loss = 0.05570
  Ep01 step 29000/45600: loss = 0.04760
  Ep01 step 29100/45600: loss = 0.04875
  Ep01 step 29200/45600: loss = 0.04559
  Ep01 step 29300/45600: loss = 0.04660
  Ep01 step 29400/45600: loss = 0.05286
  Ep01 step 29500/45600: loss = 0.05619
  Ep01 step 29600/45600: loss = 0.04844
  Ep01 step 29700/45600: loss = 0.05377
  Ep01 step 29800/45600: loss = 0.05234
  Ep01 step 29900/45600: loss = 0.04852
  Ep01 step 30000/45600: loss = 0.05737
  Ep01 step 30100/45600: loss = 0.06200
  Ep01 step 30200/45600: loss = 0.05192
  Ep01 step 30300/45600: loss = 0.05340
  Ep01 step 30400/45600: loss = 0.05060
  Ep01 step 30500/45600: loss = 0.05043
  Ep01 step 30600/45600: loss = 0.04841
  Ep01 step 30700/45600: loss = 0.05443
  Ep01 step 30800/45600: loss = 0.05039
  Ep01 step 30900/45600: loss = 0.04396
  Ep01 step 31000/45600: loss = 0.05728
  Ep01 step 31100/45600: loss = 0.05041
  Ep01 step 31200/45600: loss = 0.06201
  Ep01 step 31300/45600: loss = 0.05054
  Ep01 step 31400/45600: loss = 0.04702
  Ep01 step 31500/45600: loss = 0.04855
  Ep01 step 31600/45600: loss = 0.05045
  Ep01 step 31700/45600: loss = 0.05107
  Ep01 step 31800/45600: loss = 0.05580
  Ep01 step 31900/45600: loss = 0.05475
  Ep01 step 32000/45600: loss = 0.05256
  Ep01 step 32100/45600: loss = 0.04608
  Ep01 step 32200/45600: loss = 0.05255
  Ep01 step 32300/45600: loss = 0.05094
  Ep01 step 32400/45600: loss = 0.05871
  Ep01 step 32500/45600: loss = 0.05114
  Ep01 step 32600/45600: loss = 0.06190
  Ep01 step 32700/45600: loss = 0.05102
  Ep01 step 32800/45600: loss = 0.05316
  Ep01 step 32900/45600: loss = 0.05071
  Ep01 step 33000/45600: loss = 0.04998
  Ep01 step 33100/45600: loss = 0.05066
  Ep01 step 33200/45600: loss = 0.05180
  Ep01 step 33300/45600: loss = 0.04685
  Ep01 step 33400/45600: loss = 0.05630
  Ep01 step 33500/45600: loss = 0.04841
  Ep01 step 33600/45600: loss = 0.04813
  Ep01 step 33700/45600: loss = 0.05448
  Ep01 step 33800/45600: loss = 0.04626
  Ep01 step 33900/45600: loss = 0.05242
  Ep01 step 34000/45600: loss = 0.05085
  Ep01 step 34100/45600: loss = 0.05344
  Ep01 step 34200/45600: loss = 0.05564
  Ep01 step 34300/45600: loss = 0.05718
  Ep01 step 34400/45600: loss = 0.04428
  Ep01 step 34500/45600: loss = 0.05110
  Ep01 step 34600/45600: loss = 0.06102
  Ep01 step 34700/45600: loss = 0.05677
  Ep01 step 34800/45600: loss = 0.04607
  Ep01 step 34900/45600: loss = 0.04783
  Ep01 step 35000/45600: loss = 0.04473
  Ep01 step 35100/45600: loss = 0.04939
  Ep01 step 35200/45600: loss = 0.05118
  Ep01 step 35300/45600: loss = 0.05274
  Ep01 step 35400/45600: loss = 0.05378
  Ep01 step 35500/45600: loss = 0.05506
  Ep01 step 35600/45600: loss = 0.04439
  Ep01 step 35700/45600: loss = 0.05342
  Ep01 step 35800/45600: loss = 0.05200
  Ep01 step 35900/45600: loss = 0.05424
  Ep01 step 36000/45600: loss = 0.05640
  Ep01 step 36100/45600: loss = 0.04809
  Ep01 step 36200/45600: loss = 0.05306
  Ep01 step 36300/45600: loss = 0.05026
  Ep01 step 36400/45600: loss = 0.05507
  Ep01 step 36500/45600: loss = 0.05356
  Ep01 step 36600/45600: loss = 0.04930
  Ep01 step 36700/45600: loss = 0.05360
  Ep01 step 36800/45600: loss = 0.04511
  Ep01 step 36900/45600: loss = 0.05218
  Ep01 step 37000/45600: loss = 0.04962
  Ep01 step 37100/45600: loss = 0.05375
  Ep01 step 37200/45600: loss = 0.06307
  Ep01 step 37300/45600: loss = 0.04927
  Ep01 step 37400/45600: loss = 0.04827
  Ep01 step 37500/45600: loss = 0.05084
  Ep01 step 37600/45600: loss = 0.05233
  Ep01 step 37700/45600: loss = 0.05445
  Ep01 step 37800/45600: loss = 0.05276
  Ep01 step 37900/45600: loss = 0.05382
  Ep01 step 38000/45600: loss = 0.04583
  Ep01 step 38100/45600: loss = 0.04950
  Ep01 step 38200/45600: loss = 0.04118
  Ep01 step 38300/45600: loss = 0.05091
  Ep01 step 38400/45600: loss = 0.05394
  Ep01 step 38500/45600: loss = 0.04870
  Ep01 step 38600/45600: loss = 0.04890
  Ep01 step 38700/45600: loss = 0.04937
  Ep01 step 38800/45600: loss = 0.05040
  Ep01 step 38900/45600: loss = 0.05092
  Ep01 step 39000/45600: loss = 0.04907
  Ep01 step 39100/45600: loss = 0.04363
  Ep01 step 39200/45600: loss = 0.05509
  Ep01 step 39300/45600: loss = 0.04858
  Ep01 step 39400/45600: loss = 0.05021
  Ep01 step 39500/45600: loss = 0.05543
  Ep01 step 39600/45600: loss = 0.04730
  Ep01 step 39700/45600: loss = 0.04919
  Ep01 step 39800/45600: loss = 0.05429
  Ep01 step 39900/45600: loss = 0.04901
  Ep01 step 40000/45600: loss = 0.04876
  Ep01 step 40100/45600: loss = 0.05224
  Ep01 step 40200/45600: loss = 0.05146
  Ep01 step 40300/45600: loss = 0.05111
  Ep01 step 40400/45600: loss = 0.05707
  Ep01 step 40500/45600: loss = 0.05546
  Ep01 step 40600/45600: loss = 0.05279
  Ep01 step 40700/45600: loss = 0.04687
  Ep01 step 40800/45600: loss = 0.05826
  Ep01 step 40900/45600: loss = 0.05026
  Ep01 step 41000/45600: loss = 0.05218
  Ep01 step 41100/45600: loss = 0.05149
  Ep01 step 41200/45600: loss = 0.05476
  Ep01 step 41300/45600: loss = 0.06116
  Ep01 step 41400/45600: loss = 0.05428
  Ep01 step 41500/45600: loss = 0.05169
  Ep01 step 41600/45600: loss = 0.05131
  Ep01 step 41700/45600: loss = 0.05262
  Ep01 step 41800/45600: loss = 0.05030
  Ep01 step 41900/45600: loss = 0.05148
  Ep01 step 42000/45600: loss = 0.05270
  Ep01 step 42100/45600: loss = 0.04628
  Ep01 step 42200/45600: loss = 0.05005
  Ep01 step 42300/45600: loss = 0.04957
  Ep01 step 42400/45600: loss = 0.04754
  Ep01 step 42500/45600: loss = 0.05822
  Ep01 step 42600/45600: loss = 0.05263
  Ep01 step 42700/45600: loss = 0.05341
  Ep01 step 42800/45600: loss = 0.05348
  Ep01 step 42900/45600: loss = 0.05144
  Ep01 step 43000/45600: loss = 0.05323
  Ep01 step 43100/45600: loss = 0.04914
  Ep01 step 43200/45600: loss = 0.05269
  Ep01 step 43300/45600: loss = 0.04959
  Ep01 step 43400/45600: loss = 0.05694
  Ep01 step 43500/45600: loss = 0.05515
  Ep01 step 43600/45600: loss = 0.05174
  Ep01 step 43700/45600: loss = 0.05506
  Ep01 step 43800/45600: loss = 0.05744
  Ep01 step 43900/45600: loss = 0.05372
  Ep01 step 44000/45600: loss = 0.05108
  Ep01 step 44100/45600: loss = 0.05235
  Ep01 step 44200/45600: loss = 0.05502
  Ep01 step 44300/45600: loss = 0.04937
  Ep01 step 44400/45600: loss = 0.05078
  Ep01 step 44500/45600: loss = 0.05105
  Ep01 step 44600/45600: loss = 0.04605
  Ep01 step 44700/45600: loss = 0.05207
  Ep01 step 44800/45600: loss = 0.05198
  Ep01 step 44900/45600: loss = 0.05175
  Ep01 step 45000/45600: loss = 0.05536
  Ep01 step 45100/45600: loss = 0.05612
  Ep01 step 45200/45600: loss = 0.05444
  Ep01 step 45300/45600: loss = 0.06164
  Ep01 step 45400/45600: loss = 0.04695
  Ep01 step 45500/45600: loss = 0.04964
  Ep01 step 45600/45600: loss = 0.04624

Epoch 01/6 | train=0.05204 val=0.07401 | AUC=['0.999', '0.999', '0.996', '0.997'] PR=['0.992', '0.990', '0.981', '0.988'] | CASCADE-only AUC=['0.998', '0.998', '0.994', '0.996'] PR=['0.971', '0.974', '0.961', '0.976'] | mono_viol=0.00000 | 4421s

  [checkpoint] best.pt updated (epoch 1, val_loss=0.07401)
  Ep02 step  100/45600: loss = 0.04656
  Ep02 step  200/45600: loss = 0.04988
  Ep02 step  300/45600: loss = 0.05337
  Ep02 step  400/45600: loss = 0.05593
  Ep02 step  500/45600: loss = 0.04983
  Ep02 step  600/45600: loss = 0.05493
  Ep02 step  700/45600: loss = 0.04737
  Ep02 step  800/45600: loss = 0.05422
  Ep02 step  900/45600: loss = 0.05289
  Ep02 step 1000/45600: loss = 0.05023
  Ep02 step 1100/45600: loss = 0.04397
  Ep02 step 1200/45600: loss = 0.04952
  Ep02 step 1300/45600: loss = 0.05314
  Ep02 step 1400/45600: loss = 0.05796
  Ep02 step 1500/45600: loss = 0.05178
  Ep02 step 1600/45600: loss = 0.05699
  Ep02 step 1700/45600: loss = 0.05653
  Ep02 step 1800/45600: loss = 0.05671
  Ep02 step 1900/45600: loss = 0.05319
  Ep02 step 2000/45600: loss = 0.05663
  Ep02 step 2100/45600: loss = 0.04766
  Ep02 step 2200/45600: loss = 0.04693
  Ep02 step 2300/45600: loss = 0.05451
  Ep02 step 2400/45600: loss = 0.05513
  Ep02 step 2500/45600: loss = 0.04986
  Ep02 step 2600/45600: loss = 0.05381
  Ep02 step 2700/45600: loss = 0.05274
  Ep02 step 2800/45600: loss = 0.05227
  Ep02 step 2900/45600: loss = 0.04932
  Ep02 step 3000/45600: loss = 0.05433
  Ep02 step 3100/45600: loss = 0.04683
  Ep02 step 3200/45600: loss = 0.05357
  Ep02 step 3300/45600: loss = 0.05186
  Ep02 step 3400/45600: loss = 0.05842
  Ep02 step 3500/45600: loss = 0.05522
  Ep02 step 3600/45600: loss = 0.05430
  Ep02 step 3700/45600: loss = 0.05566
  Ep02 step 3800/45600: loss = 0.05127
  Ep02 step 3900/45600: loss = 0.04925
  Ep02 step 4000/45600: loss = 0.05210
  Ep02 step 4100/45600: loss = 0.04602
  Ep02 step 4200/45600: loss = 0.05156
  Ep02 step 4300/45600: loss = 0.05084
  Ep02 step 4400/45600: loss = 0.05490
  Ep02 step 4500/45600: loss = 0.05198
  Ep02 step 4600/45600: loss = 0.04479
  Ep02 step 4700/45600: loss = 0.04856
  Ep02 step 4800/45600: loss = 0.04455
  Ep02 step 4900/45600: loss = 0.05610
  Ep02 step 5000/45600: loss = 0.05220
  Ep02 step 5100/45600: loss = 0.05027
  Ep02 step 5200/45600: loss = 0.04898
  Ep02 step 5300/45600: loss = 0.04567
  Ep02 step 5400/45600: loss = 0.05400
  Ep02 step 5500/45600: loss = 0.05212
  Ep02 step 5600/45600: loss = 0.05481
  Ep02 step 5700/45600: loss = 0.04992
  Ep02 step 5800/45600: loss = 0.04604
  Ep02 step 5900/45600: loss = 0.05363
  Ep02 step 6000/45600: loss = 0.05259
  Ep02 step 6100/45600: loss = 0.04496
  Ep02 step 6200/45600: loss = 0.04914
  Ep02 step 6300/45600: loss = 0.05383
  Ep02 step 6400/45600: loss = 0.05265
  Ep02 step 6500/45600: loss = 0.04744
  Ep02 step 6600/45600: loss = 0.04911
  Ep02 step 6700/45600: loss = 0.05553
  Ep02 step 6800/45600: loss = 0.04781
  Ep02 step 6900/45600: loss = 0.04981
  Ep02 step 7000/45600: loss = 0.05128
  Ep02 step 7100/45600: loss = 0.05402
  Ep02 step 7200/45600: loss = 0.05408
  Ep02 step 7300/45600: loss = 0.05348
  Ep02 step 7400/45600: loss = 0.04930
  Ep02 step 7500/45600: loss = 0.04707
  Ep02 step 7600/45600: loss = 0.05535
  Ep02 step 7700/45600: loss = 0.05176
  Ep02 step 7800/45600: loss = 0.05190
  Ep02 step 7900/45600: loss = 0.05357
  Ep02 step 8000/45600: loss = 0.05086
  Ep02 step 8100/45600: loss = 0.04864
  Ep02 step 8200/45600: loss = 0.05406
  Ep02 step 8300/45600: loss = 0.04770
  Ep02 step 8400/45600: loss = 0.04648
  Ep02 step 8500/45600: loss = 0.05167
  Ep02 step 8600/45600: loss = 0.05591
  Ep02 step 8700/45600: loss = 0.04519
  Ep02 step 8800/45600: loss = 0.04936
  Ep02 step 8900/45600: loss = 0.05343
  Ep02 step 9000/45600: loss = 0.05464
  Ep02 step 9100/45600: loss = 0.05236
  Ep02 step 9200/45600: loss = 0.05433
  Ep02 step 9300/45600: loss = 0.05439
  Ep02 step 9400/45600: loss = 0.05091
  Ep02 step 9500/45600: loss = 0.05441
  Ep02 step 9600/45600: loss = 0.04668
  Ep02 step 9700/45600: loss = 0.04089
  Ep02 step 9800/45600: loss = 0.04709
  Ep02 step 9900/45600: loss = 0.04919
  Ep02 step 10000/45600: loss = 0.04570
  Ep02 step 10100/45600: loss = 0.04910
  Ep02 step 10200/45600: loss = 0.04685
  Ep02 step 10300/45600: loss = 0.04817
  Ep02 step 10400/45600: loss = 0.05672
  Ep02 step 10500/45600: loss = 0.05126
  Ep02 step 10600/45600: loss = 0.05971
  Ep02 step 10700/45600: loss = 0.05337
  Ep02 step 10800/45600: loss = 0.04789
  Ep02 step 10900/45600: loss = 0.05304
  Ep02 step 11000/45600: loss = 0.04461
  Ep02 step 11100/45600: loss = 0.05465
  Ep02 step 11200/45600: loss = 0.05122
  Ep02 step 11300/45600: loss = 0.04957
  Ep02 step 11400/45600: loss = 0.05421
  Ep02 step 11500/45600: loss = 0.05504
  Ep02 step 11600/45600: loss = 0.04903
  Ep02 step 11700/45600: loss = 0.04918
  Ep02 step 11800/45600: loss = 0.04930
  Ep02 step 11900/45600: loss = 0.05157
  Ep02 step 12000/45600: loss = 0.04614
  Ep02 step 12100/45600: loss = 0.05253
  Ep02 step 12200/45600: loss = 0.04499
  Ep02 step 12300/45600: loss = 0.06070
  Ep02 step 12400/45600: loss = 0.05656
  Ep02 step 12500/45600: loss = 0.04786
  Ep02 step 12600/45600: loss = 0.04862
  Ep02 step 12700/45600: loss = 0.05182
  Ep02 step 12800/45600: loss = 0.04670
  Ep02 step 12900/45600: loss = 0.05460
  Ep02 step 13000/45600: loss = 0.05390
  Ep02 step 13100/45600: loss = 0.04882
  Ep02 step 13200/45600: loss = 0.05225
  Ep02 step 13300/45600: loss = 0.04841
  Ep02 step 13400/45600: loss = 0.04706
  Ep02 step 13500/45600: loss = 0.05281
  Ep02 step 13600/45600: loss = 0.04810
  Ep02 step 13700/45600: loss = 0.04825
  Ep02 step 13800/45600: loss = 0.05181
  Ep02 step 13900/45600: loss = 0.05123
  Ep02 step 14000/45600: loss = 0.05005
  Ep02 step 14100/45600: loss = 0.05369
  Ep02 step 14200/45600: loss = 0.04800
  Ep02 step 14300/45600: loss = 0.05368
  Ep02 step 14400/45600: loss = 0.04929
  Ep02 step 14500/45600: loss = 0.05844
  Ep02 step 14600/45600: loss = 0.04677
  Ep02 step 14700/45600: loss = 0.05666
  Ep02 step 14800/45600: loss = 0.04918
  Ep02 step 14900/45600: loss = 0.04608
  Ep02 step 15000/45600: loss = 0.04467
  Ep02 step 15100/45600: loss = 0.04921
  Ep02 step 15200/45600: loss = 0.04268
  Ep02 step 15300/45600: loss = 0.06147
  Ep02 step 15400/45600: loss = 0.04712
  Ep02 step 15500/45600: loss = 0.04530
  Ep02 step 15600/45600: loss = 0.04822
  Ep02 step 15700/45600: loss = 0.05454
  Ep02 step 15800/45600: loss = 0.05206
  Ep02 step 15900/45600: loss = 0.04954
  Ep02 step 16000/45600: loss = 0.05978
  Ep02 step 16100/45600: loss = 0.05325
  Ep02 step 16200/45600: loss = 0.05237
  Ep02 step 16300/45600: loss = 0.05300
  Ep02 step 16400/45600: loss = 0.04846
  Ep02 step 16500/45600: loss = 0.05007
  Ep02 step 16600/45600: loss = 0.04752
  Ep02 step 16700/45600: loss = 0.05281
  Ep02 step 16800/45600: loss = 0.05046
  Ep02 step 16900/45600: loss = 0.05423
  Ep02 step 17000/45600: loss = 0.05433
  Ep02 step 17100/45600: loss = 0.04892
  Ep02 step 17200/45600: loss = 0.05317
  Ep02 step 17300/45600: loss = 0.05048
  Ep02 step 17400/45600: loss = 0.05035
  Ep02 step 17500/45600: loss = 0.05939
  Ep02 step 17600/45600: loss = 0.05046
  Ep02 step 17700/45600: loss = 0.05255
  Ep02 step 17800/45600: loss = 0.05309
  Ep02 step 17900/45600: loss = 0.04860
  Ep02 step 18000/45600: loss = 0.04263
  Ep02 step 18100/45600: loss = 0.04861
  Ep02 step 18200/45600: loss = 0.05399
  Ep02 step 18300/45600: loss = 0.04979
  Ep02 step 18400/45600: loss = 0.05099
  Ep02 step 18500/45600: loss = 0.04923
  Ep02 step 18600/45600: loss = 0.04614
  Ep02 step 18700/45600: loss = 0.04659
  Ep02 step 18800/45600: loss = 0.05437
  Ep02 step 18900/45600: loss = 0.04684
  Ep02 step 19000/45600: loss = 0.05066
  Ep02 step 19100/45600: loss = 0.04859
  Ep02 step 19200/45600: loss = 0.05045
  Ep02 step 19300/45600: loss = 0.04633
  Ep02 step 19400/45600: loss = 0.05270
  Ep02 step 19500/45600: loss = 0.06220
  Ep02 step 19600/45600: loss = 0.04506
  Ep02 step 19700/45600: loss = 0.05310
  Ep02 step 19800/45600: loss = 0.04946
  Ep02 step 19900/45600: loss = 0.05148
  Ep02 step 20000/45600: loss = 0.05861
  Ep02 step 20100/45600: loss = 0.05351
  Ep02 step 20200/45600: loss = 0.05527
  Ep02 step 20300/45600: loss = 0.04675
  Ep02 step 20400/45600: loss = 0.05474
  Ep02 step 20500/45600: loss = 0.04810
  Ep02 step 20600/45600: loss = 0.05300
  Ep02 step 20700/45600: loss = 0.05529
  Ep02 step 20800/45600: loss = 0.04938
  Ep02 step 20900/45600: loss = 0.04980
  Ep02 step 21000/45600: loss = 0.05507
  Ep02 step 21100/45600: loss = 0.04642
  Ep02 step 21200/45600: loss = 0.05339
  Ep02 step 21300/45600: loss = 0.05536
  Ep02 step 21400/45600: loss = 0.05399
  Ep02 step 21500/45600: loss = 0.04657
  Ep02 step 21600/45600: loss = 0.04557
  Ep02 step 21700/45600: loss = 0.04309
  Ep02 step 21800/45600: loss = 0.05423
  Ep02 step 21900/45600: loss = 0.04553
  Ep02 step 22000/45600: loss = 0.04840
  Ep02 step 22100/45600: loss = 0.04865
  Ep02 step 22200/45600: loss = 0.04622
  Ep02 step 22300/45600: loss = 0.05419
  Ep02 step 22400/45600: loss = 0.05511
  Ep02 step 22500/45600: loss = 0.05098
  Ep02 step 22600/45600: loss = 0.04404
  Ep02 step 22700/45600: loss = 0.05016
  Ep02 step 22800/45600: loss = 0.04841
  Ep02 step 22900/45600: loss = 0.04918
  Ep02 step 23000/45600: loss = 0.05330
  Ep02 step 23100/45600: loss = 0.05380
  Ep02 step 23200/45600: loss = 0.05186
  Ep02 step 23300/45600: loss = 0.05696
  Ep02 step 23400/45600: loss = 0.05305
  Ep02 step 23500/45600: loss = 0.05452
  Ep02 step 23600/45600: loss = 0.05365
  Ep02 step 23700/45600: loss = 0.05450
  Ep02 step 23800/45600: loss = 0.05459
  Ep02 step 23900/45600: loss = 0.04947
  Ep02 step 24000/45600: loss = 0.04697
  Ep02 step 24100/45600: loss = 0.05149
  Ep02 step 24200/45600: loss = 0.04793
  Ep02 step 24300/45600: loss = 0.05325
  Ep02 step 24400/45600: loss = 0.04189
  Ep02 step 24500/45600: loss = 0.05585
  Ep02 step 24600/45600: loss = 0.04598
  Ep02 step 24700/45600: loss = 0.05808
  Ep02 step 24800/45600: loss = 0.04960
  Ep02 step 24900/45600: loss = 0.05426
  Ep02 step 25000/45600: loss = 0.04482
  Ep02 step 25100/45600: loss = 0.05863
  Ep02 step 25200/45600: loss = 0.05124
  Ep02 step 25300/45600: loss = 0.04930
  Ep02 step 25400/45600: loss = 0.04497
  Ep02 step 25500/45600: loss = 0.05765
  Ep02 step 25600/45600: loss = 0.04713
  Ep02 step 25700/45600: loss = 0.05231
  Ep02 step 25800/45600: loss = 0.05291
  Ep02 step 25900/45600: loss = 0.05152
  Ep02 step 26000/45600: loss = 0.04914
  Ep02 step 26100/45600: loss = 0.04879
  Ep02 step 26200/45600: loss = 0.04869
  Ep02 step 26300/45600: loss = 0.05454
  Ep02 step 26400/45600: loss = 0.05379
  Ep02 step 26500/45600: loss = 0.05239
  Ep02 step 26600/45600: loss = 0.05128
  Ep02 step 26700/45600: loss = 0.04589
  Ep02 step 26800/45600: loss = 0.04941
  Ep02 step 26900/45600: loss = 0.04528
  Ep02 step 27000/45600: loss = 0.05746
  Ep02 step 27100/45600: loss = 0.05116
  Ep02 step 27200/45600: loss = 0.05297
  Ep02 step 27300/45600: loss = 0.05309
  Ep02 step 27400/45600: loss = 0.05137
  Ep02 step 27500/45600: loss = 0.05428
  Ep02 step 27600/45600: loss = 0.04862
  Ep02 step 27700/45600: loss = 0.05092
  Ep02 step 27800/45600: loss = 0.04641
  Ep02 step 27900/45600: loss = 0.05419
  Ep02 step 28000/45600: loss = 0.05094
  Ep02 step 28100/45600: loss = 0.04696
  Ep02 step 28200/45600: loss = 0.05253
  Ep02 step 28300/45600: loss = 0.04573
  Ep02 step 28400/45600: loss = 0.05421
  Ep02 step 28500/45600: loss = 0.05085
  Ep02 step 28600/45600: loss = 0.05051
  Ep02 step 28700/45600: loss = 0.05913
  Ep02 step 28800/45600: loss = 0.05330
  Ep02 step 28900/45600: loss = 0.05046
  Ep02 step 29000/45600: loss = 0.05704
  Ep02 step 29100/45600: loss = 0.05257
  Ep02 step 29200/45600: loss = 0.04483
  Ep02 step 29300/45600: loss = 0.04238
  Ep02 step 29400/45600: loss = 0.05006
  Ep02 step 29500/45600: loss = 0.04837
  Ep02 step 29600/45600: loss = 0.04833
  Ep02 step 29700/45600: loss = 0.05593
  Ep02 step 29800/45600: loss = 0.04510
  Ep02 step 29900/45600: loss = 0.05168
  Ep02 step 30000/45600: loss = 0.05159
  Ep02 step 30100/45600: loss = 0.04843
  Ep02 step 30200/45600: loss = 0.04849
  Ep02 step 30300/45600: loss = 0.04924
  Ep02 step 30400/45600: loss = 0.04866
  Ep02 step 30500/45600: loss = 0.05064
  Ep02 step 30600/45600: loss = 0.04569
  Ep02 step 30700/45600: loss = 0.04458
  Ep02 step 30800/45600: loss = 0.05138
  Ep02 step 30900/45600: loss = 0.04969
  Ep02 step 31000/45600: loss = 0.05450
  Ep02 step 31100/45600: loss = 0.04911
  Ep02 step 31200/45600: loss = 0.04480
  Ep02 step 31300/45600: loss = 0.05550
  Ep02 step 31400/45600: loss = 0.04766
  Ep02 step 31500/45600: loss = 0.05156
  Ep02 step 31600/45600: loss = 0.05403
  Ep02 step 31700/45600: loss = 0.04444
  Ep02 step 31800/45600: loss = 0.04987
  Ep02 step 31900/45600: loss = 0.04914
  Ep02 step 32000/45600: loss = 0.05440
  Ep02 step 32100/45600: loss = 0.04527
  Ep02 step 32200/45600: loss = 0.05180
  Ep02 step 32300/45600: loss = 0.05083
  Ep02 step 32400/45600: loss = 0.06323
  Ep02 step 32500/45600: loss = 0.05743
  Ep02 step 32600/45600: loss = 0.04902
  Ep02 step 32700/45600: loss = 0.04720
  Ep02 step 32800/45600: loss = 0.05361
  Ep02 step 32900/45600: loss = 0.04978
  Ep02 step 33000/45600: loss = 0.05847
  Ep02 step 33100/45600: loss = 0.04887
  Ep02 step 33200/45600: loss = 0.05513
  Ep02 step 33300/45600: loss = 0.04319
  Ep02 step 33400/45600: loss = 0.05478
  Ep02 step 33500/45600: loss = 0.04696
  Ep02 step 33600/45600: loss = 0.05026
  Ep02 step 33700/45600: loss = 0.04705
  Ep02 step 33800/45600: loss = 0.04765
  Ep02 step 33900/45600: loss = 0.05509
  Ep02 step 34000/45600: loss = 0.05057
  Ep02 step 34100/45600: loss = 0.04646
  Ep02 step 34200/45600: loss = 0.05233
  Ep02 step 34300/45600: loss = 0.05250
  Ep02 step 34400/45600: loss = 0.05213
  Ep02 step 34500/45600: loss = 0.05240
  Ep02 step 34600/45600: loss = 0.05516
  Ep02 step 34700/45600: loss = 0.05534
  Ep02 step 34800/45600: loss = 0.05818
  Ep02 step 34900/45600: loss = 0.05066
  Ep02 step 35000/45600: loss = 0.05269
  Ep02 step 35100/45600: loss = 0.05338
  Ep02 step 35200/45600: loss = 0.04896
  Ep02 step 35300/45600: loss = 0.04964
  Ep02 step 35400/45600: loss = 0.05660
  Ep02 step 35500/45600: loss = 0.05465
  Ep02 step 35600/45600: loss = 0.04806
  Ep02 step 35700/45600: loss = 0.04758
  Ep02 step 35800/45600: loss = 0.04833
  Ep02 step 35900/45600: loss = 0.04779
  Ep02 step 36000/45600: loss = 0.05218
  Ep02 step 36100/45600: loss = 0.04980
  Ep02 step 36200/45600: loss = 0.05376
  Ep02 step 36300/45600: loss = 0.05121
  Ep02 step 36400/45600: loss = 0.05052
  Ep02 step 36500/45600: loss = 0.04799
  Ep02 step 36600/45600: loss = 0.05208
  Ep02 step 36700/45600: loss = 0.05387
  Ep02 step 36800/45600: loss = 0.05046
  Ep02 step 36900/45600: loss = 0.05211
  Ep02 step 37000/45600: loss = 0.04960
  Ep02 step 37100/45600: loss = 0.05164
  Ep02 step 37200/45600: loss = 0.05171
  Ep02 step 37300/45600: loss = 0.05031
  Ep02 step 37400/45600: loss = 0.06435
  Ep02 step 37500/45600: loss = 0.05380
  Ep02 step 37600/45600: loss = 0.05240
  Ep02 step 37700/45600: loss = 0.04670
  Ep02 step 37800/45600: loss = 0.05102
  Ep02 step 37900/45600: loss = 0.05477
  Ep02 step 38000/45600: loss = 0.05236
  Ep02 step 38100/45600: loss = 0.05069
  Ep02 step 38200/45600: loss = 0.04918
  Ep02 step 38300/45600: loss = 0.04728
  Ep02 step 38400/45600: loss = 0.05499
  Ep02 step 38500/45600: loss = 0.05322
  Ep02 step 38600/45600: loss = 0.04464
  Ep02 step 38700/45600: loss = 0.05376
  Ep02 step 38800/45600: loss = 0.05279
  Ep02 step 38900/45600: loss = 0.04607
  Ep02 step 39000/45600: loss = 0.05512
  Ep02 step 39100/45600: loss = 0.05194
  Ep02 step 39200/45600: loss = 0.05148
  Ep02 step 39300/45600: loss = 0.05410
  Ep02 step 39400/45600: loss = 0.04968
  Ep02 step 39500/45600: loss = 0.05317
  Ep02 step 39600/45600: loss = 0.05045
  Ep02 step 39700/45600: loss = 0.04706
  Ep02 step 39800/45600: loss = 0.05079
  Ep02 step 39900/45600: loss = 0.05506
  Ep02 step 40000/45600: loss = 0.04749
  Ep02 step 40100/45600: loss = 0.05421
  Ep02 step 40200/45600: loss = 0.04747
  Ep02 step 40300/45600: loss = 0.05603
  Ep02 step 40400/45600: loss = 0.05318
  Ep02 step 40500/45600: loss = 0.04434
  Ep02 step 40600/45600: loss = 0.04530
  Ep02 step 40700/45600: loss = 0.05033
  Ep02 step 40800/45600: loss = 0.05659
  Ep02 step 40900/45600: loss = 0.05184
  Ep02 step 41000/45600: loss = 0.06056
  Ep02 step 41100/45600: loss = 0.05358
  Ep02 step 41200/45600: loss = 0.05078
  Ep02 step 41300/45600: loss = 0.05385
  Ep02 step 41400/45600: loss = 0.05195
  Ep02 step 41500/45600: loss = 0.04451
  Ep02 step 41600/45600: loss = 0.05563
  Ep02 step 41700/45600: loss = 0.05606
  Ep02 step 41800/45600: loss = 0.05380
  Ep02 step 41900/45600: loss = 0.05561
  Ep02 step 42000/45600: loss = 0.05293
  Ep02 step 42100/45600: loss = 0.04694
  Ep02 step 42200/45600: loss = 0.05427
  Ep02 step 42300/45600: loss = 0.05587
  Ep02 step 42400/45600: loss = 0.04794
  Ep02 step 42500/45600: loss = 0.04845
  Ep02 step 42600/45600: loss = 0.05194
  Ep02 step 42700/45600: loss = 0.05364
  Ep02 step 42800/45600: loss = 0.04789
  Ep02 step 42900/45600: loss = 0.04797
  Ep02 step 43000/45600: loss = 0.05088
  Ep02 step 43100/45600: loss = 0.04671
  Ep02 step 43200/45600: loss = 0.04719
  Ep02 step 43300/45600: loss = 0.05223
  Ep02 step 43400/45600: loss = 0.05322
  Ep02 step 43500/45600: loss = 0.05063
  Ep02 step 43600/45600: loss = 0.05866
  Ep02 step 43700/45600: loss = 0.04809
  Ep02 step 43800/45600: loss = 0.04786
  Ep02 step 43900/45600: loss = 0.04750
  Ep02 step 44000/45600: loss = 0.05278
  Ep02 step 44100/45600: loss = 0.04916
  Ep02 step 44200/45600: loss = 0.05719
  Ep02 step 44300/45600: loss = 0.04479
  Ep02 step 44400/45600: loss = 0.05793
  Ep02 step 44500/45600: loss = 0.04532
  Ep02 step 44600/45600: loss = 0.05002
  Ep02 step 44700/45600: loss = 0.05042
  Ep02 step 44800/45600: loss = 0.05400
  Ep02 step 44900/45600: loss = 0.05252
  Ep02 step 45000/45600: loss = 0.05292
  Ep02 step 45100/45600: loss = 0.04845
  Ep02 step 45200/45600: loss = 0.05584
  Ep02 step 45300/45600: loss = 0.05496
  Ep02 step 45400/45600: loss = 0.05112
  Ep02 step 45500/45600: loss = 0.05926
  Ep02 step 45600/45600: loss = 0.05332

Epoch 02/6 | train=0.05116 val=0.07301 | AUC=['0.999', '0.999', '0.996', '0.997'] PR=['0.992', '0.991', '0.982', '0.988'] | CASCADE-only AUC=['0.998', '0.998', '0.994', '0.996'] PR=['0.970', '0.978', '0.965', '0.979'] | mono_viol=0.00000 | 6625s

  [checkpoint] best.pt updated (epoch 2, val_loss=0.07301)
  Ep03 step  100/45600: loss = 0.05135
  Ep03 step  200/45600: loss = 0.04764
  Ep03 step  300/45600: loss = 0.05238
  Ep03 step  400/45600: loss = 0.05234
  Ep03 step  500/45600: loss = 0.05152
  Ep03 step  600/45600: loss = 0.05189
  Ep03 step  700/45600: loss = 0.05470
  Ep03 step  800/45600: loss = 0.04580
  Ep03 step  900/45600: loss = 0.05218
  Ep03 step 1000/45600: loss = 0.04741
  Ep03 step 1100/45600: loss = 0.04761
  Ep03 step 1200/45600: loss = 0.04998
  Ep03 step 1300/45600: loss = 0.04755
  Ep03 step 1400/45600: loss = 0.05011
  Ep03 step 1500/45600: loss = 0.04979
  Ep03 step 1600/45600: loss = 0.04854
  Ep03 step 1700/45600: loss = 0.04817
  Ep03 step 1800/45600: loss = 0.05598
  Ep03 step 1900/45600: loss = 0.05410
  Ep03 step 2000/45600: loss = 0.05603
  Ep03 step 2100/45600: loss = 0.05257
  Ep03 step 2200/45600: loss = 0.05350
  Ep03 step 2300/45600: loss = 0.05176
  Ep03 step 2400/45600: loss = 0.05034
  Ep03 step 2500/45600: loss = 0.04851
  Ep03 step 2600/45600: loss = 0.04874
  Ep03 step 2700/45600: loss = 0.04996
  Ep03 step 2800/45600: loss = 0.05053
  Ep03 step 2900/45600: loss = 0.04787
  Ep03 step 3000/45600: loss = 0.05269
  Ep03 step 3100/45600: loss = 0.04836
  Ep03 step 3200/45600: loss = 0.05331
  Ep03 step 3300/45600: loss = 0.05244
  Ep03 step 3400/45600: loss = 0.04986
  Ep03 step 3500/45600: loss = 0.04809
  Ep03 step 3600/45600: loss = 0.04813
  Ep03 step 3700/45600: loss = 0.05483
  Ep03 step 3800/45600: loss = 0.05037
  Ep03 step 3900/45600: loss = 0.04950
  Ep03 step 4000/45600: loss = 0.05446
  Ep03 step 4100/45600: loss = 0.05117
  Ep03 step 4200/45600: loss = 0.04469
  Ep03 step 4300/45600: loss = 0.04407
  Ep03 step 4400/45600: loss = 0.04933
  Ep03 step 4500/45600: loss = 0.04924
  Ep03 step 4600/45600: loss = 0.05263
  Ep03 step 4700/45600: loss = 0.05296
  Ep03 step 4800/45600: loss = 0.04853
  Ep03 step 4900/45600: loss = 0.04969
  Ep03 step 5000/45600: loss = 0.04544
  Ep03 step 5100/45600: loss = 0.05912
  Ep03 step 5200/45600: loss = 0.05347
  Ep03 step 5300/45600: loss = 0.05314
  Ep03 step 5400/45600: loss = 0.05084
  Ep03 step 5500/45600: loss = 0.04803
  Ep03 step 5600/45600: loss = 0.04937
  Ep03 step 5700/45600: loss = 0.04816
  Ep03 step 5800/45600: loss = 0.04886
  Ep03 step 5900/45600: loss = 0.04799
  Ep03 step 6000/45600: loss = 0.04856
  Ep03 step 6100/45600: loss = 0.05649
  Ep03 step 6200/45600: loss = 0.04686
  Ep03 step 6300/45600: loss = 0.05239
  Ep03 step 6400/45600: loss = 0.05188
  Ep03 step 6500/45600: loss = 0.04559
  Ep03 step 6600/45600: loss = 0.05129
  Ep03 step 6700/45600: loss = 0.05215
  Ep03 step 6800/45600: loss = 0.04777
  Ep03 step 6900/45600: loss = 0.05455
  Ep03 step 7000/45600: loss = 0.04798
  Ep03 step 7100/45600: loss = 0.04734
  Ep03 step 7200/45600: loss = 0.05229
  Ep03 step 7300/45600: loss = 0.04594
  Ep03 step 7400/45600: loss = 0.05016
  Ep03 step 7500/45600: loss = 0.04644
  Ep03 step 7600/45600: loss = 0.04922
  Ep03 step 7700/45600: loss = 0.04990
  Ep03 step 7800/45600: loss = 0.04394
  Ep03 step 7900/45600: loss = 0.04653
  Ep03 step 8000/45600: loss = 0.04849
  Ep03 step 8100/45600: loss = 0.05330
  Ep03 step 8200/45600: loss = 0.04827
  Ep03 step 8300/45600: loss = 0.05568
  Ep03 step 8400/45600: loss = 0.05836
  Ep03 step 8500/45600: loss = 0.05037
  Ep03 step 8600/45600: loss = 0.05283
  Ep03 step 8700/45600: loss = 0.05282
  Ep03 step 8800/45600: loss = 0.05007
  Ep03 step 8900/45600: loss = 0.04542
  Ep03 step 9000/45600: loss = 0.04854
  Ep03 step 9100/45600: loss = 0.05090
  Ep03 step 9200/45600: loss = 0.04772
  Ep03 step 9300/45600: loss = 0.05156
  Ep03 step 9400/45600: loss = 0.04879
  Ep03 step 9500/45600: loss = 0.05324
  Ep03 step 9600/45600: loss = 0.04730
  Ep03 step 9700/45600: loss = 0.06023
  Ep03 step 9800/45600: loss = 0.04887
  Ep03 step 9900/45600: loss = 0.04672
  Ep03 step 10000/45600: loss = 0.04611
  Ep03 step 10100/45600: loss = 0.05414
  Ep03 step 10200/45600: loss = 0.04910
  Ep03 step 10300/45600: loss = 0.05401
  Ep03 step 10400/45600: loss = 0.05412
  Ep03 step 10500/45600: loss = 0.05285
  Ep03 step 10600/45600: loss = 0.04417
  Ep03 step 10700/45600: loss = 0.04888
  Ep03 step 10800/45600: loss = 0.05738
  Ep03 step 10900/45600: loss = 0.05485
  Ep03 step 11000/45600: loss = 0.04778
  Ep03 step 11100/45600: loss = 0.04672
  Ep03 step 11200/45600: loss = 0.05559
  Ep03 step 11300/45600: loss = 0.05099
  Ep03 step 11400/45600: loss = 0.05306
  Ep03 step 11500/45600: loss = 0.04768
  Ep03 step 11600/45600: loss = 0.05010
  Ep03 step 11700/45600: loss = 0.04818
  Ep03 step 11800/45600: loss = 0.04769
  Ep03 step 11900/45600: loss = 0.05816
  Ep03 step 12000/45600: loss = 0.04758
  Ep03 step 12100/45600: loss = 0.05452
  Ep03 step 12200/45600: loss = 0.05214
  Ep03 step 12300/45600: loss = 0.04742
  Ep03 step 12400/45600: loss = 0.04514
  Ep03 step 12500/45600: loss = 0.05366
  Ep03 step 12600/45600: loss = 0.05401
  Ep03 step 12700/45600: loss = 0.05078
  Ep03 step 12800/45600: loss = 0.05910
  Ep03 step 12900/45600: loss = 0.05245
  Ep03 step 13000/45600: loss = 0.04544
  Ep03 step 13100/45600: loss = 0.05093
  Ep03 step 13200/45600: loss = 0.05680
  Ep03 step 13300/45600: loss = 0.05380
  Ep03 step 13400/45600: loss = 0.05291
  Ep03 step 13500/45600: loss = 0.05056
  Ep03 step 13600/45600: loss = 0.05229
  Ep03 step 13700/45600: loss = 0.05094
  Ep03 step 13800/45600: loss = 0.05723
  Ep03 step 13900/45600: loss = 0.04766
  Ep03 step 14000/45600: loss = 0.05461
  Ep03 step 14100/45600: loss = 0.06027
  Ep03 step 14200/45600: loss = 0.05589
  Ep03 step 14300/45600: loss = 0.05429
  Ep03 step 14400/45600: loss = 0.05033
  Ep03 step 14500/45600: loss = 0.05158
  Ep03 step 14600/45600: loss = 0.05357
  Ep03 step 14700/45600: loss = 0.04893
  Ep03 step 14800/45600: loss = 0.05502
  Ep03 step 14900/45600: loss = 0.05216
  Ep03 step 15000/45600: loss = 0.05134
  Ep03 step 15100/45600: loss = 0.05074
  Ep03 step 15200/45600: loss = 0.04623
  Ep03 step 15300/45600: loss = 0.04768
  Ep03 step 15400/45600: loss = 0.05092
  Ep03 step 15500/45600: loss = 0.04946
  Ep03 step 15600/45600: loss = 0.05113
  Ep03 step 15700/45600: loss = 0.05024
  Ep03 step 15800/45600: loss = 0.05034
  Ep03 step 15900/45600: loss = 0.04716
  Ep03 step 16000/45600: loss = 0.04832
  Ep03 step 16100/45600: loss = 0.05726
  Ep03 step 16200/45600: loss = 0.05003
  Ep03 step 16300/45600: loss = 0.05203
  Ep03 step 16400/45600: loss = 0.04867
  Ep03 step 16500/45600: loss = 0.05494
  Ep03 step 16600/45600: loss = 0.05100
  Ep03 step 16700/45600: loss = 0.04616
  Ep03 step 16800/45600: loss = 0.04916
  Ep03 step 16900/45600: loss = 0.05117
  Ep03 step 17000/45600: loss = 0.04724
  Ep03 step 17100/45600: loss = 0.04150
  Ep03 step 17200/45600: loss = 0.05726
  Ep03 step 17300/45600: loss = 0.05066
  Ep03 step 17400/45600: loss = 0.04824
  Ep03 step 17500/45600: loss = 0.04682
  Ep03 step 17600/45600: loss = 0.04622
  Ep03 step 17700/45600: loss = 0.05059
  Ep03 step 17800/45600: loss = 0.04803
  Ep03 step 17900/45600: loss = 0.05780
  Ep03 step 18000/45600: loss = 0.05330
  Ep03 step 18100/45600: loss = 0.05144
  Ep03 step 18200/45600: loss = 0.05628
  Ep03 step 18300/45600: loss = 0.04579
  Ep03 step 18400/45600: loss = 0.05028
  Ep03 step 18500/45600: loss = 0.04999
  Ep03 step 18600/45600: loss = 0.04979
  Ep03 step 18700/45600: loss = 0.04882
  Ep03 step 18800/45600: loss = 0.04798
  Ep03 step 18900/45600: loss = 0.05291
  Ep03 step 19000/45600: loss = 0.05381
  Ep03 step 19100/45600: loss = 0.05592
  Ep03 step 19200/45600: loss = 0.05054
  Ep03 step 19300/45600: loss = 0.04991
  Ep03 step 19400/45600: loss = 0.04743
  Ep03 step 19500/45600: loss = 0.05871
  Ep03 step 19600/45600: loss = 0.05284
  Ep03 step 19700/45600: loss = 0.05195
  Ep03 step 19800/45600: loss = 0.04384
  Ep03 step 19900/45600: loss = 0.05767
  Ep03 step 20000/45600: loss = 0.05367
  Ep03 step 20100/45600: loss = 0.05441
  Ep03 step 20200/45600: loss = 0.04989
  Ep03 step 20300/45600: loss = 0.04414
  Ep03 step 20400/45600: loss = 0.05179
  Ep03 step 20500/45600: loss = 0.05264
  Ep03 step 20600/45600: loss = 0.05367
  Ep03 step 20700/45600: loss = 0.04997
  Ep03 step 20800/45600: loss = 0.05741
  Ep03 step 20900/45600: loss = 0.05654
  Ep03 step 21000/45600: loss = 0.05102
  Ep03 step 21100/45600: loss = 0.04941
  Ep03 step 21200/45600: loss = 0.04865
  Ep03 step 21300/45600: loss = 0.04821
  Ep03 step 21400/45600: loss = 0.05067
  Ep03 step 21500/45600: loss = 0.04938
  Ep03 step 21600/45600: loss = 0.04817
  Ep03 step 21700/45600: loss = 0.04906
  Ep03 step 21800/45600: loss = 0.05249
  Ep03 step 21900/45600: loss = 0.05351
  Ep03 step 22000/45600: loss = 0.05339
  Ep03 step 22100/45600: loss = 0.04913
  Ep03 step 22200/45600: loss = 0.05339
  Ep03 step 22300/45600: loss = 0.05257
  Ep03 step 22400/45600: loss = 0.04908
  Ep03 step 22500/45600: loss = 0.05249
  Ep03 step 22600/45600: loss = 0.04673
  Ep03 step 22700/45600: loss = 0.05172
  Ep03 step 22800/45600: loss = 0.05435
  Ep03 step 22900/45600: loss = 0.04885
  Ep03 step 23000/45600: loss = 0.05194
  Ep03 step 23100/45600: loss = 0.05196
  Ep03 step 23200/45600: loss = 0.05694
  Ep03 step 23300/45600: loss = 0.05358
  Ep03 step 23400/45600: loss = 0.04813
  Ep03 step 23500/45600: loss = 0.04895
  Ep03 step 23600/45600: loss = 0.05610
  Ep03 step 23700/45600: loss = 0.04537
  Ep03 step 23800/45600: loss = 0.04862
  Ep03 step 23900/45600: loss = 0.04920
  Ep03 step 24000/45600: loss = 0.05602
  Ep03 step 24100/45600: loss = 0.05267
  Ep03 step 24200/45600: loss = 0.04913
  Ep03 step 24300/45600: loss = 0.04872
  Ep03 step 24400/45600: loss = 0.05311
  Ep03 step 24500/45600: loss = 0.04851
  Ep03 step 24600/45600: loss = 0.04914
  Ep03 step 24700/45600: loss = 0.04720
  Ep03 step 24800/45600: loss = 0.04786
  Ep03 step 24900/45600: loss = 0.05154
  Ep03 step 25000/45600: loss = 0.04869
  Ep03 step 25100/45600: loss = 0.04691
  Ep03 step 25200/45600: loss = 0.05839
  Ep03 step 25300/45600: loss = 0.05434
  Ep03 step 25400/45600: loss = 0.05265
  Ep03 step 25500/45600: loss = 0.05678
  Ep03 step 25600/45600: loss = 0.05531
  Ep03 step 25700/45600: loss = 0.05751
  Ep03 step 25800/45600: loss = 0.05351
  Ep03 step 25900/45600: loss = 0.05259
  Ep03 step 26000/45600: loss = 0.04884
  Ep03 step 26100/45600: loss = 0.05309
  Ep03 step 26200/45600: loss = 0.05122
  Ep03 step 26300/45600: loss = 0.05796
  Ep03 step 26400/45600: loss = 0.05256
  Ep03 step 26500/45600: loss = 0.05330
  Ep03 step 26600/45600: loss = 0.04720
  Ep03 step 26700/45600: loss = 0.05356
  Ep03 step 26800/45600: loss = 0.05969
  Ep03 step 26900/45600: loss = 0.05080
  Ep03 step 27000/45600: loss = 0.05107
  Ep03 step 27100/45600: loss = 0.04383
  Ep03 step 27200/45600: loss = 0.05257
  Ep03 step 27300/45600: loss = 0.05237
  Ep03 step 27400/45600: loss = 0.04635
  Ep03 step 27500/45600: loss = 0.04984
  Ep03 step 27600/45600: loss = 0.05697
  Ep03 step 27700/45600: loss = 0.05525
  Ep03 step 27800/45600: loss = 0.04584
  Ep03 step 27900/45600: loss = 0.05139
  Ep03 step 28000/45600: loss = 0.05437
  Ep03 step 28100/45600: loss = 0.04706
  Ep03 step 28200/45600: loss = 0.04771
  Ep03 step 28300/45600: loss = 0.04397
  Ep03 step 28400/45600: loss = 0.05904
  Ep03 step 28500/45600: loss = 0.05399
[2026-10-07T18:01:11.108] error: *** JOB 19368240 ON gl017 CANCELLED AT 2026-10-07T18:01:11 DUE to SIGNAL Terminated ***
