task=11 arm=mix57_full variant=plain cell=dynamic_timing torch_seed=1 set=w29_all head=hazard labels=/scratch/tj2587/results/dynamic_v1/arrival_h360 labels2=/scratch/tj2587/results/gissr48_v1/arrival_h360 timing=1 context=unset ckpt=/scratch/tj2587/results/gnn_morestorms_v1/mix57_full_plain_dynamic_timing_s1 smoke=0 commit=967d122 uncommitted_files=0
[gate] CUDA OK: NVIDIA L40S
[gate] heterodata data/graph/nyc_infra_heterodata_v1_frozen_failover_edges.pt: total=6231 -> OK
[gate] set w29_all: 70 storms, 57 for training, 13 held out; in both folders []; missing [] -> OK
[gate] timing table data/flood/timing/node_timing_jesse22_plus_gissr48_v1.csv: storms without rows [] -> OK
[gate] variant plain: storm context off, timing inputs on -> OK
[gate] head switch present: ('independent', 'hazard')
=== TRAIN MODE — full training ===
torch seed set: 1
Train: 45600  Val: 11400  (57 scenarios) | Test held-out: ['geoclaw_2050', 'syn_ts_914_6_1p2955', 'syn_ts_258_9_3p0022', 'syn_ts_605_5_3p7563', 'syn_ts_808_27_3p7885', 'syn2_t449w6_wl2p103', 'syn2_t580w24_wl2p439', 'syn2_t934c34_wl2p777', 'syn2_t270w17_wl3p116', 'syn2_t33w13_wl3p458', 'syn2_t857w1_wl3p800', 'syn2_t116w1_wl4p130', 'syn2_t198w16_wl4p722'] (13000 runs)
Subsampled val to 3400
Model parameters: 697,112  head=hazard
Device: cuda
[timing-features] loaded 71 scenarios from data/flood/timing/node_timing_jesse22_plus_gissr48_v1.csv (features ('arrival_h', 'duration_h', 'time_to_peak_h'), scaled by 96 h)
  Ep00 step  100/45600: loss = 0.53630
  Ep00 step  200/45600: loss = 0.34727
  Ep00 step  300/45600: loss = 0.28858
  Ep00 step  400/45600: loss = 0.26290
  Ep00 step  500/45600: loss = 0.24613
  Ep00 step  600/45600: loss = 0.24777
  Ep00 step  700/45600: loss = 0.23531
  Ep00 step  800/45600: loss = 0.22339
  Ep00 step  900/45600: loss = 0.22395
  Ep00 step 1000/45600: loss = 0.22599
  Ep00 step 1100/45600: loss = 0.22658
  Ep00 step 1200/45600: loss = 0.21975
  Ep00 step 1300/45600: loss = 0.21774
  Ep00 step 1400/45600: loss = 0.21488
  Ep00 step 1500/45600: loss = 0.20495
  Ep00 step 1600/45600: loss = 0.21758
  Ep00 step 1700/45600: loss = 0.20806
  Ep00 step 1800/45600: loss = 0.20579
  Ep00 step 1900/45600: loss = 0.20510
  Ep00 step 2000/45600: loss = 0.21044
  Ep00 step 2100/45600: loss = 0.19730
  Ep00 step 2200/45600: loss = 0.20267
  Ep00 step 2300/45600: loss = 0.19641
  Ep00 step 2400/45600: loss = 0.20191
  Ep00 step 2500/45600: loss = 0.19818
  Ep00 step 2600/45600: loss = 0.20654
  Ep00 step 2700/45600: loss = 0.19952
  Ep00 step 2800/45600: loss = 0.19554
  Ep00 step 2900/45600: loss = 0.19536
  Ep00 step 3000/45600: loss = 0.19252
  Ep00 step 3100/45600: loss = 0.19461
  Ep00 step 3200/45600: loss = 0.19092
  Ep00 step 3300/45600: loss = 0.19485
  Ep00 step 3400/45600: loss = 0.19521
  Ep00 step 3500/45600: loss = 0.19580
  Ep00 step 3600/45600: loss = 0.18468
  Ep00 step 3700/45600: loss = 0.18998
  Ep00 step 3800/45600: loss = 0.19351
  Ep00 step 3900/45600: loss = 0.18468
  Ep00 step 4000/45600: loss = 0.19186
  Ep00 step 4100/45600: loss = 0.18826
  Ep00 step 4200/45600: loss = 0.18616
  Ep00 step 4300/45600: loss = 0.18381
  Ep00 step 4400/45600: loss = 0.18400
  Ep00 step 4500/45600: loss = 0.19350
  Ep00 step 4600/45600: loss = 0.19002
  Ep00 step 4700/45600: loss = 0.18876
  Ep00 step 4800/45600: loss = 0.18232
  Ep00 step 4900/45600: loss = 0.18306
  Ep00 step 5000/45600: loss = 0.18188
  Ep00 step 5100/45600: loss = 0.18639
  Ep00 step 5200/45600: loss = 0.18180
  Ep00 step 5300/45600: loss = 0.18557
  Ep00 step 5400/45600: loss = 0.18377
  Ep00 step 5500/45600: loss = 0.18568
  Ep00 step 5600/45600: loss = 0.17826
  Ep00 step 5700/45600: loss = 0.18017
  Ep00 step 5800/45600: loss = 0.18534
  Ep00 step 5900/45600: loss = 0.17792
  Ep00 step 6000/45600: loss = 0.18311
  Ep00 step 6100/45600: loss = 0.18023
  Ep00 step 6200/45600: loss = 0.18370
  Ep00 step 6300/45600: loss = 0.17738
  Ep00 step 6400/45600: loss = 0.17598
  Ep00 step 6500/45600: loss = 0.17185
  Ep00 step 6600/45600: loss = 0.17548
  Ep00 step 6700/45600: loss = 0.17467
  Ep00 step 6800/45600: loss = 0.17876
  Ep00 step 6900/45600: loss = 0.17738
  Ep00 step 7000/45600: loss = 0.17270
  Ep00 step 7100/45600: loss = 0.17318
  Ep00 step 7200/45600: loss = 0.17878
  Ep00 step 7300/45600: loss = 0.17244
  Ep00 step 7400/45600: loss = 0.17246
  Ep00 step 7500/45600: loss = 0.17084
  Ep00 step 7600/45600: loss = 0.17984
  Ep00 step 7700/45600: loss = 0.17075
  Ep00 step 7800/45600: loss = 0.17245
  Ep00 step 7900/45600: loss = 0.17083
  Ep00 step 8000/45600: loss = 0.18002
  Ep00 step 8100/45600: loss = 0.17267
  Ep00 step 8200/45600: loss = 0.17197
  Ep00 step 8300/45600: loss = 0.17181
  Ep00 step 8400/45600: loss = 0.17136
  Ep00 step 8500/45600: loss = 0.17298
  Ep00 step 8600/45600: loss = 0.17448
  Ep00 step 8700/45600: loss = 0.17388
  Ep00 step 8800/45600: loss = 0.17282
  Ep00 step 8900/45600: loss = 0.17100
  Ep00 step 9000/45600: loss = 0.17245
  Ep00 step 9100/45600: loss = 0.17756
  Ep00 step 9200/45600: loss = 0.16908
  Ep00 step 9300/45600: loss = 0.17100
  Ep00 step 9400/45600: loss = 0.16768
  Ep00 step 9500/45600: loss = 0.16923
  Ep00 step 9600/45600: loss = 0.16104
  Ep00 step 9700/45600: loss = 0.17272
  Ep00 step 9800/45600: loss = 0.17120
  Ep00 step 9900/45600: loss = 0.17422
  Ep00 step 10000/45600: loss = 0.17023
  Ep00 step 10100/45600: loss = 0.17714
  Ep00 step 10200/45600: loss = 0.17104
  Ep00 step 10300/45600: loss = 0.16397
  Ep00 step 10400/45600: loss = 0.17369
  Ep00 step 10500/45600: loss = 0.16998
  Ep00 step 10600/45600: loss = 0.16760
  Ep00 step 10700/45600: loss = 0.16931
  Ep00 step 10800/45600: loss = 0.16764
  Ep00 step 10900/45600: loss = 0.16969
  Ep00 step 11000/45600: loss = 0.16367
  Ep00 step 11100/45600: loss = 0.17444
  Ep00 step 11200/45600: loss = 0.16692
  Ep00 step 11300/45600: loss = 0.16879
  Ep00 step 11400/45600: loss = 0.17102
  Ep00 step 11500/45600: loss = 0.16874
  Ep00 step 11600/45600: loss = 0.17085
  Ep00 step 11700/45600: loss = 0.16914
  Ep00 step 11800/45600: loss = 0.16890
  Ep00 step 11900/45600: loss = 0.16688
  Ep00 step 12000/45600: loss = 0.17296
  Ep00 step 12100/45600: loss = 0.16508
  Ep00 step 12200/45600: loss = 0.16691
  Ep00 step 12300/45600: loss = 0.16622
  Ep00 step 12400/45600: loss = 0.16736
  Ep00 step 12500/45600: loss = 0.16849
  Ep00 step 12600/45600: loss = 0.16658
  Ep00 step 12700/45600: loss = 0.17054
  Ep00 step 12800/45600: loss = 0.17194
  Ep00 step 12900/45600: loss = 0.16757
  Ep00 step 13000/45600: loss = 0.16448
  Ep00 step 13100/45600: loss = 0.16301
  Ep00 step 13200/45600: loss = 0.17049
  Ep00 step 13300/45600: loss = 0.16330
  Ep00 step 13400/45600: loss = 0.16413
  Ep00 step 13500/45600: loss = 0.16895
  Ep00 step 13600/45600: loss = 0.16855
  Ep00 step 13700/45600: loss = 0.16760
  Ep00 step 13800/45600: loss = 0.16258
  Ep00 step 13900/45600: loss = 0.15942
  Ep00 step 14000/45600: loss = 0.16713
  Ep00 step 14100/45600: loss = 0.16728
  Ep00 step 14200/45600: loss = 0.16943
  Ep00 step 14300/45600: loss = 0.16676
  Ep00 step 14400/45600: loss = 0.16755
  Ep00 step 14500/45600: loss = 0.16105
  Ep00 step 14600/45600: loss = 0.16458
  Ep00 step 14700/45600: loss = 0.16342
  Ep00 step 14800/45600: loss = 0.16919
  Ep00 step 14900/45600: loss = 0.16519
  Ep00 step 15000/45600: loss = 0.16227
  Ep00 step 15100/45600: loss = 0.16976
  Ep00 step 15200/45600: loss = 0.16601
  Ep00 step 15300/45600: loss = 0.15960
  Ep00 step 15400/45600: loss = 0.16511
  Ep00 step 15500/45600: loss = 0.16478
  Ep00 step 15600/45600: loss = 0.15671
  Ep00 step 15700/45600: loss = 0.16719
  Ep00 step 15800/45600: loss = 0.16828
  Ep00 step 15900/45600: loss = 0.17115
  Ep00 step 16000/45600: loss = 0.16546
  Ep00 step 16100/45600: loss = 0.16447
  Ep00 step 16200/45600: loss = 0.17376
  Ep00 step 16300/45600: loss = 0.17077
  Ep00 step 16400/45600: loss = 0.16771
  Ep00 step 16500/45600: loss = 0.16679
  Ep00 step 16600/45600: loss = 0.17273
  Ep00 step 16700/45600: loss = 0.16719
  Ep00 step 16800/45600: loss = 0.16341
  Ep00 step 16900/45600: loss = 0.16975
  Ep00 step 17000/45600: loss = 0.16355
  Ep00 step 17100/45600: loss = 0.16343
  Ep00 step 17200/45600: loss = 0.16494
  Ep00 step 17300/45600: loss = 0.16001
  Ep00 step 17400/45600: loss = 0.16341
  Ep00 step 17500/45600: loss = 0.16295
  Ep00 step 17600/45600: loss = 0.17004
  Ep00 step 17700/45600: loss = 0.16643
  Ep00 step 17800/45600: loss = 0.16413
  Ep00 step 17900/45600: loss = 0.16510
  Ep00 step 18000/45600: loss = 0.16585
  Ep00 step 18100/45600: loss = 0.16513
  Ep00 step 18200/45600: loss = 0.16850
  Ep00 step 18300/45600: loss = 0.16468
  Ep00 step 18400/45600: loss = 0.16516
  Ep00 step 18500/45600: loss = 0.16213
  Ep00 step 18600/45600: loss = 0.16559
  Ep00 step 18700/45600: loss = 0.16459
  Ep00 step 18800/45600: loss = 0.16431
  Ep00 step 18900/45600: loss = 0.16594
  Ep00 step 19000/45600: loss = 0.16177
  Ep00 step 19100/45600: loss = 0.16718
  Ep00 step 19200/45600: loss = 0.16496
  Ep00 step 19300/45600: loss = 0.16561
  Ep00 step 19400/45600: loss = 0.16363
  Ep00 step 19500/45600: loss = 0.16289
  Ep00 step 19600/45600: loss = 0.16472
  Ep00 step 19700/45600: loss = 0.15975
  Ep00 step 19800/45600: loss = 0.16438
  Ep00 step 19900/45600: loss = 0.16561
  Ep00 step 20000/45600: loss = 0.16162
  Ep00 step 20100/45600: loss = 0.16832
  Ep00 step 20200/45600: loss = 0.17146
  Ep00 step 20300/45600: loss = 0.16257
  Ep00 step 20400/45600: loss = 0.16625
  Ep00 step 20500/45600: loss = 0.16541
  Ep00 step 20600/45600: loss = 0.16700
  Ep00 step 20700/45600: loss = 0.15842
  Ep00 step 20800/45600: loss = 0.16116
  Ep00 step 20900/45600: loss = 0.16430
  Ep00 step 21000/45600: loss = 0.16272
  Ep00 step 21100/45600: loss = 0.16337
  Ep00 step 21200/45600: loss = 0.16688
  Ep00 step 21300/45600: loss = 0.16302
  Ep00 step 21400/45600: loss = 0.16270
  Ep00 step 21500/45600: loss = 0.16080
  Ep00 step 21600/45600: loss = 0.16698
  Ep00 step 21700/45600: loss = 0.16524
  Ep00 step 21800/45600: loss = 0.16622
  Ep00 step 21900/45600: loss = 0.16344
  Ep00 step 22000/45600: loss = 0.16464
  Ep00 step 22100/45600: loss = 0.16206
  Ep00 step 22200/45600: loss = 0.15738
  Ep00 step 22300/45600: loss = 0.16052
  Ep00 step 22400/45600: loss = 0.16329
  Ep00 step 22500/45600: loss = 0.15694
  Ep00 step 22600/45600: loss = 0.16129
  Ep00 step 22700/45600: loss = 0.17057
  Ep00 step 22800/45600: loss = 0.16886
  Ep00 step 22900/45600: loss = 0.16812
  Ep00 step 23000/45600: loss = 0.16395
  Ep00 step 23100/45600: loss = 0.16403
  Ep00 step 23200/45600: loss = 0.16511
  Ep00 step 23300/45600: loss = 0.16320
  Ep00 step 23400/45600: loss = 0.16147
  Ep00 step 23500/45600: loss = 0.16030
  Ep00 step 23600/45600: loss = 0.16045
  Ep00 step 23700/45600: loss = 0.16168
  Ep00 step 23800/45600: loss = 0.16214
  Ep00 step 23900/45600: loss = 0.16306
  Ep00 step 24000/45600: loss = 0.16341
  Ep00 step 24100/45600: loss = 0.16315
  Ep00 step 24200/45600: loss = 0.16475
  Ep00 step 24300/45600: loss = 0.16011
  Ep00 step 24400/45600: loss = 0.16758
  Ep00 step 24500/45600: loss = 0.15935
  Ep00 step 24600/45600: loss = 0.15741
  Ep00 step 24700/45600: loss = 0.15235
  Ep00 step 24800/45600: loss = 0.16965
  Ep00 step 24900/45600: loss = 0.15599
  Ep00 step 25000/45600: loss = 0.15813
  Ep00 step 25100/45600: loss = 0.16026
  Ep00 step 25200/45600: loss = 0.16656
  Ep00 step 25300/45600: loss = 0.16333
  Ep00 step 25400/45600: loss = 0.15957
  Ep00 step 25500/45600: loss = 0.15855
  Ep00 step 25600/45600: loss = 0.16620
  Ep00 step 25700/45600: loss = 0.15750
  Ep00 step 25800/45600: loss = 0.16280
  Ep00 step 25900/45600: loss = 0.15931
  Ep00 step 26000/45600: loss = 0.16699
  Ep00 step 26100/45600: loss = 0.16237
  Ep00 step 26200/45600: loss = 0.15994
  Ep00 step 26300/45600: loss = 0.15919
  Ep00 step 26400/45600: loss = 0.15356
  Ep00 step 26500/45600: loss = 0.16447
  Ep00 step 26600/45600: loss = 0.16698
  Ep00 step 26700/45600: loss = 0.16696
  Ep00 step 26800/45600: loss = 0.16017
  Ep00 step 26900/45600: loss = 0.16556
  Ep00 step 27000/45600: loss = 0.16432
  Ep00 step 27100/45600: loss = 0.16576
  Ep00 step 27200/45600: loss = 0.16024
  Ep00 step 27300/45600: loss = 0.15807
  Ep00 step 27400/45600: loss = 0.16843
  Ep00 step 27500/45600: loss = 0.15742
  Ep00 step 27600/45600: loss = 0.15962
  Ep00 step 27700/45600: loss = 0.15494
  Ep00 step 27800/45600: loss = 0.16015
  Ep00 step 27900/45600: loss = 0.15888
  Ep00 step 28000/45600: loss = 0.16093
  Ep00 step 28100/45600: loss = 0.16982
  Ep00 step 28200/45600: loss = 0.16374
  Ep00 step 28300/45600: loss = 0.16207
  Ep00 step 28400/45600: loss = 0.16127
  Ep00 step 28500/45600: loss = 0.16387
  Ep00 step 28600/45600: loss = 0.16061
  Ep00 step 28700/45600: loss = 0.16184
  Ep00 step 28800/45600: loss = 0.16551
  Ep00 step 28900/45600: loss = 0.16071
  Ep00 step 29000/45600: loss = 0.15773
  Ep00 step 29100/45600: loss = 0.16102
  Ep00 step 29200/45600: loss = 0.16650
  Ep00 step 29300/45600: loss = 0.15755
  Ep00 step 29400/45600: loss = 0.16043
  Ep00 step 29500/45600: loss = 0.16440
  Ep00 step 29600/45600: loss = 0.16015
  Ep00 step 29700/45600: loss = 0.16360
  Ep00 step 29800/45600: loss = 0.15990
  Ep00 step 29900/45600: loss = 0.15907
  Ep00 step 30000/45600: loss = 0.16642
  Ep00 step 30100/45600: loss = 0.15655
  Ep00 step 30200/45600: loss = 0.15745
  Ep00 step 30300/45600: loss = 0.16810
  Ep00 step 30400/45600: loss = 0.16109
  Ep00 step 30500/45600: loss = 0.15882
  Ep00 step 30600/45600: loss = 0.15915
  Ep00 step 30700/45600: loss = 0.16082
  Ep00 step 30800/45600: loss = 0.15830
  Ep00 step 30900/45600: loss = 0.15943
  Ep00 step 31000/45600: loss = 0.16593
  Ep00 step 31100/45600: loss = 0.15992
  Ep00 step 31200/45600: loss = 0.15717
  Ep00 step 31300/45600: loss = 0.16333
  Ep00 step 31400/45600: loss = 0.16122
  Ep00 step 31500/45600: loss = 0.15916
  Ep00 step 31600/45600: loss = 0.16361
  Ep00 step 31700/45600: loss = 0.16524
  Ep00 step 31800/45600: loss = 0.16247
  Ep00 step 31900/45600: loss = 0.15521
  Ep00 step 32000/45600: loss = 0.15688
  Ep00 step 32100/45600: loss = 0.16565
  Ep00 step 32200/45600: loss = 0.17096
  Ep00 step 32300/45600: loss = 0.15988
  Ep00 step 32400/45600: loss = 0.15669
  Ep00 step 32500/45600: loss = 0.16602
  Ep00 step 32600/45600: loss = 0.16230
  Ep00 step 32700/45600: loss = 0.15868
  Ep00 step 32800/45600: loss = 0.16187
  Ep00 step 32900/45600: loss = 0.16035
  Ep00 step 33000/45600: loss = 0.16391
  Ep00 step 33100/45600: loss = 0.15790
  Ep00 step 33200/45600: loss = 0.16334
  Ep00 step 33300/45600: loss = 0.16271
  Ep00 step 33400/45600: loss = 0.15535
  Ep00 step 33500/45600: loss = 0.15023
  Ep00 step 33600/45600: loss = 0.15732
  Ep00 step 33700/45600: loss = 0.15978
  Ep00 step 33800/45600: loss = 0.16848
  Ep00 step 33900/45600: loss = 0.16318
  Ep00 step 34000/45600: loss = 0.16380
  Ep00 step 34100/45600: loss = 0.16521
  Ep00 step 34200/45600: loss = 0.15555
  Ep00 step 34300/45600: loss = 0.15673
  Ep00 step 34400/45600: loss = 0.15913
  Ep00 step 34500/45600: loss = 0.16069
  Ep00 step 34600/45600: loss = 0.15918
  Ep00 step 34700/45600: loss = 0.16176
  Ep00 step 34800/45600: loss = 0.15545
  Ep00 step 34900/45600: loss = 0.15750
  Ep00 step 35000/45600: loss = 0.16205
  Ep00 step 35100/45600: loss = 0.16425
  Ep00 step 35200/45600: loss = 0.15981
  Ep00 step 35300/45600: loss = 0.16200
  Ep00 step 35400/45600: loss = 0.16029
  Ep00 step 35500/45600: loss = 0.15647
  Ep00 step 35600/45600: loss = 0.15909
  Ep00 step 35700/45600: loss = 0.15861
  Ep00 step 35800/45600: loss = 0.15869
  Ep00 step 35900/45600: loss = 0.15859
  Ep00 step 36000/45600: loss = 0.16237
  Ep00 step 36100/45600: loss = 0.15991
  Ep00 step 36200/45600: loss = 0.16368
  Ep00 step 36300/45600: loss = 0.16031
  Ep00 step 36400/45600: loss = 0.16014
  Ep00 step 36500/45600: loss = 0.16232
  Ep00 step 36600/45600: loss = 0.15564
  Ep00 step 36700/45600: loss = 0.16290
  Ep00 step 36800/45600: loss = 0.15862
  Ep00 step 36900/45600: loss = 0.16135
  Ep00 step 37000/45600: loss = 0.15990
  Ep00 step 37100/45600: loss = 0.16043
  Ep00 step 37200/45600: loss = 0.16573
  Ep00 step 37300/45600: loss = 0.15933
  Ep00 step 37400/45600: loss = 0.16307
  Ep00 step 37500/45600: loss = 0.16123
  Ep00 step 37600/45600: loss = 0.15865
  Ep00 step 37700/45600: loss = 0.16074
  Ep00 step 37800/45600: loss = 0.15875
  Ep00 step 37900/45600: loss = 0.16149
  Ep00 step 38000/45600: loss = 0.16013
  Ep00 step 38100/45600: loss = 0.16278
  Ep00 step 38200/45600: loss = 0.15477
  Ep00 step 38300/45600: loss = 0.16230
  Ep00 step 38400/45600: loss = 0.15962
  Ep00 step 38500/45600: loss = 0.15676
  Ep00 step 38600/45600: loss = 0.16105
  Ep00 step 38700/45600: loss = 0.16259
  Ep00 step 38800/45600: loss = 0.16000
  Ep00 step 38900/45600: loss = 0.16109
  Ep00 step 39000/45600: loss = 0.15948
  Ep00 step 39100/45600: loss = 0.15663
  Ep00 step 39200/45600: loss = 0.15818
  Ep00 step 39300/45600: loss = 0.16311
  Ep00 step 39400/45600: loss = 0.15891
  Ep00 step 39500/45600: loss = 0.15888
  Ep00 step 39600/45600: loss = 0.16548
  Ep00 step 39700/45600: loss = 0.16059
  Ep00 step 39800/45600: loss = 0.15735
  Ep00 step 39900/45600: loss = 0.16119
  Ep00 step 40000/45600: loss = 0.16382
  Ep00 step 40100/45600: loss = 0.15517
  Ep00 step 40200/45600: loss = 0.15701
  Ep00 step 40300/45600: loss = 0.16591
  Ep00 step 40400/45600: loss = 0.15648
  Ep00 step 40500/45600: loss = 0.15408
  Ep00 step 40600/45600: loss = 0.16496
  Ep00 step 40700/45600: loss = 0.16337
  Ep00 step 40800/45600: loss = 0.16294
  Ep00 step 40900/45600: loss = 0.15635
  Ep00 step 41000/45600: loss = 0.15988
  Ep00 step 41100/45600: loss = 0.15896
  Ep00 step 41200/45600: loss = 0.15763
  Ep00 step 41300/45600: loss = 0.15500
  Ep00 step 41400/45600: loss = 0.16607
  Ep00 step 41500/45600: loss = 0.15772
  Ep00 step 41600/45600: loss = 0.15960
  Ep00 step 41700/45600: loss = 0.15885
  Ep00 step 41800/45600: loss = 0.15906
  Ep00 step 41900/45600: loss = 0.15669
  Ep00 step 42000/45600: loss = 0.16086
  Ep00 step 42100/45600: loss = 0.15696
  Ep00 step 42200/45600: loss = 0.16064
  Ep00 step 42300/45600: loss = 0.16124
  Ep00 step 42400/45600: loss = 0.16028
  Ep00 step 42500/45600: loss = 0.16192
  Ep00 step 42600/45600: loss = 0.15612
  Ep00 step 42700/45600: loss = 0.16186
  Ep00 step 42800/45600: loss = 0.16151
  Ep00 step 42900/45600: loss = 0.16004
  Ep00 step 43000/45600: loss = 0.16429
  Ep00 step 43100/45600: loss = 0.15998
  Ep00 step 43200/45600: loss = 0.15984
  Ep00 step 43300/45600: loss = 0.16383
  Ep00 step 43400/45600: loss = 0.16012
  Ep00 step 43500/45600: loss = 0.15839
  Ep00 step 43600/45600: loss = 0.16224
  Ep00 step 43700/45600: loss = 0.15129
  Ep00 step 43800/45600: loss = 0.16084
  Ep00 step 43900/45600: loss = 0.16495
  Ep00 step 44000/45600: loss = 0.16133
  Ep00 step 44100/45600: loss = 0.16319
  Ep00 step 44200/45600: loss = 0.15312
  Ep00 step 44300/45600: loss = 0.16270
  Ep00 step 44400/45600: loss = 0.15358
  Ep00 step 44500/45600: loss = 0.15848
  Ep00 step 44600/45600: loss = 0.16483
  Ep00 step 44700/45600: loss = 0.14956
  Ep00 step 44800/45600: loss = 0.16534
  Ep00 step 44900/45600: loss = 0.16142
  Ep00 step 45000/45600: loss = 0.15752
  Ep00 step 45100/45600: loss = 0.16115
  Ep00 step 45200/45600: loss = 0.15363
  Ep00 step 45300/45600: loss = 0.15995
  Ep00 step 45400/45600: loss = 0.16426
  Ep00 step 45500/45600: loss = 0.15554
  Ep00 step 45600/45600: loss = 0.15952

Epoch 00/6 | train=0.16971 val=0.19323 | AUC=['0.993', '0.986', '0.981', '0.983'] PR=['0.957', '0.949', '0.939', '0.952'] | CASCADE-only AUC=['0.989', '0.981', '0.976', '0.979'] PR=['0.908', '0.910', '0.900', '0.924'] | mono_viol=0.00000 | 2631s

  [checkpoint] best.pt updated (epoch 0, val_loss=0.19323)
  Ep01 step  100/45600: loss = 0.15898
  Ep01 step  200/45600: loss = 0.15641
  Ep01 step  300/45600: loss = 0.16000
  Ep01 step  400/45600: loss = 0.16154
  Ep01 step  500/45600: loss = 0.15462
  Ep01 step  600/45600: loss = 0.15973
  Ep01 step  700/45600: loss = 0.15686
  Ep01 step  800/45600: loss = 0.16196
  Ep01 step  900/45600: loss = 0.15439
  Ep01 step 1000/45600: loss = 0.15771
  Ep01 step 1100/45600: loss = 0.15956
  Ep01 step 1200/45600: loss = 0.16229
  Ep01 step 1300/45600: loss = 0.16438
  Ep01 step 1400/45600: loss = 0.16083
  Ep01 step 1500/45600: loss = 0.15601
  Ep01 step 1600/45600: loss = 0.16003
  Ep01 step 1700/45600: loss = 0.15895
  Ep01 step 1800/45600: loss = 0.15621
  Ep01 step 1900/45600: loss = 0.15653
  Ep01 step 2000/45600: loss = 0.16133
  Ep01 step 2100/45600: loss = 0.15877
  Ep01 step 2200/45600: loss = 0.15848
  Ep01 step 2300/45600: loss = 0.16247
  Ep01 step 2400/45600: loss = 0.16320
  Ep01 step 2500/45600: loss = 0.15642
  Ep01 step 2600/45600: loss = 0.16403
  Ep01 step 2700/45600: loss = 0.15708
  Ep01 step 2800/45600: loss = 0.15739
  Ep01 step 2900/45600: loss = 0.15776
  Ep01 step 3000/45600: loss = 0.16464
  Ep01 step 3100/45600: loss = 0.16285
  Ep01 step 3200/45600: loss = 0.15534
  Ep01 step 3300/45600: loss = 0.16011
  Ep01 step 3400/45600: loss = 0.16377
  Ep01 step 3500/45600: loss = 0.15763
  Ep01 step 3600/45600: loss = 0.15962
  Ep01 step 3700/45600: loss = 0.15359
  Ep01 step 3800/45600: loss = 0.15513
  Ep01 step 3900/45600: loss = 0.16516
  Ep01 step 4000/45600: loss = 0.16066
  Ep01 step 4100/45600: loss = 0.16312
  Ep01 step 4200/45600: loss = 0.15539
  Ep01 step 4300/45600: loss = 0.16223
  Ep01 step 4400/45600: loss = 0.15212
  Ep01 step 4500/45600: loss = 0.15689
  Ep01 step 4600/45600: loss = 0.15872
  Ep01 step 4700/45600: loss = 0.16319
  Ep01 step 4800/45600: loss = 0.16229
  Ep01 step 4900/45600: loss = 0.15231
  Ep01 step 5000/45600: loss = 0.15895
  Ep01 step 5100/45600: loss = 0.15848
  Ep01 step 5200/45600: loss = 0.16417
  Ep01 step 5300/45600: loss = 0.15659
  Ep01 step 5400/45600: loss = 0.16201
  Ep01 step 5500/45600: loss = 0.15968
  Ep01 step 5600/45600: loss = 0.15465
  Ep01 step 5700/45600: loss = 0.15355
  Ep01 step 5800/45600: loss = 0.15098
  Ep01 step 5900/45600: loss = 0.16268
  Ep01 step 6000/45600: loss = 0.15333
  Ep01 step 6100/45600: loss = 0.16042
  Ep01 step 6200/45600: loss = 0.15717
  Ep01 step 6300/45600: loss = 0.15847
  Ep01 step 6400/45600: loss = 0.15729
  Ep01 step 6500/45600: loss = 0.15492
  Ep01 step 6600/45600: loss = 0.16196
  Ep01 step 6700/45600: loss = 0.15850
  Ep01 step 6800/45600: loss = 0.16070
  Ep01 step 6900/45600: loss = 0.16174
  Ep01 step 7000/45600: loss = 0.16100
  Ep01 step 7100/45600: loss = 0.15722
  Ep01 step 7200/45600: loss = 0.15425
  Ep01 step 7300/45600: loss = 0.15621
  Ep01 step 7400/45600: loss = 0.15695
  Ep01 step 7500/45600: loss = 0.15796
  Ep01 step 7600/45600: loss = 0.16049
  Ep01 step 7700/45600: loss = 0.15646
  Ep01 step 7800/45600: loss = 0.15661
  Ep01 step 7900/45600: loss = 0.16323
  Ep01 step 8000/45600: loss = 0.15513
  Ep01 step 8100/45600: loss = 0.15962
  Ep01 step 8200/45600: loss = 0.16255
  Ep01 step 8300/45600: loss = 0.15852
  Ep01 step 8400/45600: loss = 0.15690
  Ep01 step 8500/45600: loss = 0.15657
  Ep01 step 8600/45600: loss = 0.15552
  Ep01 step 8700/45600: loss = 0.15811
  Ep01 step 8800/45600: loss = 0.15843
  Ep01 step 8900/45600: loss = 0.16475
  Ep01 step 9000/45600: loss = 0.15661
  Ep01 step 9100/45600: loss = 0.15276
  Ep01 step 9200/45600: loss = 0.15946
  Ep01 step 9300/45600: loss = 0.16046
  Ep01 step 9400/45600: loss = 0.16288
  Ep01 step 9500/45600: loss = 0.15419
  Ep01 step 9600/45600: loss = 0.15831
  Ep01 step 9700/45600: loss = 0.15658
  Ep01 step 9800/45600: loss = 0.16123
  Ep01 step 9900/45600: loss = 0.15775
  Ep01 step 10000/45600: loss = 0.15655
  Ep01 step 10100/45600: loss = 0.15580
  Ep01 step 10200/45600: loss = 0.16185
  Ep01 step 10300/45600: loss = 0.16203
  Ep01 step 10400/45600: loss = 0.15962
  Ep01 step 10500/45600: loss = 0.15138
  Ep01 step 10600/45600: loss = 0.15220
  Ep01 step 10700/45600: loss = 0.15481
  Ep01 step 10800/45600: loss = 0.16055
  Ep01 step 10900/45600: loss = 0.16167
  Ep01 step 11000/45600: loss = 0.16046
  Ep01 step 11100/45600: loss = 0.15759
  Ep01 step 11200/45600: loss = 0.15080
  Ep01 step 11300/45600: loss = 0.15667
  Ep01 step 11400/45600: loss = 0.15446
  Ep01 step 11500/45600: loss = 0.15886
  Ep01 step 11600/45600: loss = 0.15288
  Ep01 step 11700/45600: loss = 0.15605
  Ep01 step 11800/45600: loss = 0.15931
  Ep01 step 11900/45600: loss = 0.15924
  Ep01 step 12000/45600: loss = 0.15824
  Ep01 step 12100/45600: loss = 0.16418
  Ep01 step 12200/45600: loss = 0.15815
  Ep01 step 12300/45600: loss = 0.15818
  Ep01 step 12400/45600: loss = 0.15845
  Ep01 step 12500/45600: loss = 0.16243
  Ep01 step 12600/45600: loss = 0.15224
  Ep01 step 12700/45600: loss = 0.15676
  Ep01 step 12800/45600: loss = 0.15749
  Ep01 step 12900/45600: loss = 0.15774
  Ep01 step 13000/45600: loss = 0.16574
  Ep01 step 13100/45600: loss = 0.16252
  Ep01 step 13200/45600: loss = 0.15696
  Ep01 step 13300/45600: loss = 0.16101
  Ep01 step 13400/45600: loss = 0.16355
  Ep01 step 13500/45600: loss = 0.15494
  Ep01 step 13600/45600: loss = 0.15734
  Ep01 step 13700/45600: loss = 0.16007
  Ep01 step 13800/45600: loss = 0.15623
  Ep01 step 13900/45600: loss = 0.15334
  Ep01 step 14000/45600: loss = 0.15869
  Ep01 step 14100/45600: loss = 0.15721
  Ep01 step 14200/45600: loss = 0.15835
  Ep01 step 14300/45600: loss = 0.15988
  Ep01 step 14400/45600: loss = 0.15284
  Ep01 step 14500/45600: loss = 0.15880
  Ep01 step 14600/45600: loss = 0.15865
  Ep01 step 14700/45600: loss = 0.16305
  Ep01 step 14800/45600: loss = 0.15800
  Ep01 step 14900/45600: loss = 0.15735
  Ep01 step 15000/45600: loss = 0.16159
  Ep01 step 15100/45600: loss = 0.15947
  Ep01 step 15200/45600: loss = 0.16016
  Ep01 step 15300/45600: loss = 0.15745
  Ep01 step 15400/45600: loss = 0.16153
  Ep01 step 15500/45600: loss = 0.15903
  Ep01 step 15600/45600: loss = 0.15583
  Ep01 step 15700/45600: loss = 0.15494
  Ep01 step 15800/45600: loss = 0.16177
  Ep01 step 15900/45600: loss = 0.15762
  Ep01 step 16000/45600: loss = 0.16425
  Ep01 step 16100/45600: loss = 0.16070
  Ep01 step 16200/45600: loss = 0.15909
  Ep01 step 16300/45600: loss = 0.15970
  Ep01 step 16400/45600: loss = 0.16362
  Ep01 step 16500/45600: loss = 0.15073
  Ep01 step 16600/45600: loss = 0.15569
  Ep01 step 16700/45600: loss = 0.15860
  Ep01 step 16800/45600: loss = 0.15891
  Ep01 step 16900/45600: loss = 0.15818
  Ep01 step 17000/45600: loss = 0.15679
  Ep01 step 17100/45600: loss = 0.15879
  Ep01 step 17200/45600: loss = 0.15922
  Ep01 step 17300/45600: loss = 0.15757
  Ep01 step 17400/45600: loss = 0.15362
  Ep01 step 17500/45600: loss = 0.15175
  Ep01 step 17600/45600: loss = 0.15245
  Ep01 step 17700/45600: loss = 0.16446
  Ep01 step 17800/45600: loss = 0.15642
  Ep01 step 17900/45600: loss = 0.15172
  Ep01 step 18000/45600: loss = 0.15582
  Ep01 step 18100/45600: loss = 0.15233
  Ep01 step 18200/45600: loss = 0.15588
  Ep01 step 18300/45600: loss = 0.16352
  Ep01 step 18400/45600: loss = 0.15712
  Ep01 step 18500/45600: loss = 0.15944
  Ep01 step 18600/45600: loss = 0.16090
  Ep01 step 18700/45600: loss = 0.15819
  Ep01 step 18800/45600: loss = 0.15835
  Ep01 step 18900/45600: loss = 0.15709
  Ep01 step 19000/45600: loss = 0.15097
  Ep01 step 19100/45600: loss = 0.15791
  Ep01 step 19200/45600: loss = 0.15813
  Ep01 step 19300/45600: loss = 0.15675
  Ep01 step 19400/45600: loss = 0.15944
  Ep01 step 19500/45600: loss = 0.15448
  Ep01 step 19600/45600: loss = 0.15840
  Ep01 step 19700/45600: loss = 0.15847
  Ep01 step 19800/45600: loss = 0.15564
  Ep01 step 19900/45600: loss = 0.16330
  Ep01 step 20000/45600: loss = 0.15900
  Ep01 step 20100/45600: loss = 0.15401
  Ep01 step 20200/45600: loss = 0.14925
  Ep01 step 20300/45600: loss = 0.15720
  Ep01 step 20400/45600: loss = 0.15709
  Ep01 step 20500/45600: loss = 0.15408
  Ep01 step 20600/45600: loss = 0.15918
  Ep01 step 20700/45600: loss = 0.15995
  Ep01 step 20800/45600: loss = 0.16820
  Ep01 step 20900/45600: loss = 0.15677
  Ep01 step 21000/45600: loss = 0.15802
  Ep01 step 21100/45600: loss = 0.15581
  Ep01 step 21200/45600: loss = 0.15964
  Ep01 step 21300/45600: loss = 0.16251
  Ep01 step 21400/45600: loss = 0.16358
  Ep01 step 21500/45600: loss = 0.15193
  Ep01 step 21600/45600: loss = 0.16050
  Ep01 step 21700/45600: loss = 0.15496
  Ep01 step 21800/45600: loss = 0.15806
  Ep01 step 21900/45600: loss = 0.15683
  Ep01 step 22000/45600: loss = 0.15829
  Ep01 step 22100/45600: loss = 0.16090
  Ep01 step 22200/45600: loss = 0.16302
  Ep01 step 22300/45600: loss = 0.15567
  Ep01 step 22400/45600: loss = 0.16028
  Ep01 step 22500/45600: loss = 0.15742
  Ep01 step 22600/45600: loss = 0.15810
  Ep01 step 22700/45600: loss = 0.15484
  Ep01 step 22800/45600: loss = 0.15825
  Ep01 step 22900/45600: loss = 0.16306
  Ep01 step 23000/45600: loss = 0.15698
  Ep01 step 23100/45600: loss = 0.15565
  Ep01 step 23200/45600: loss = 0.14632
  Ep01 step 23300/45600: loss = 0.16006
  Ep01 step 23400/45600: loss = 0.16281
  Ep01 step 23500/45600: loss = 0.16046
  Ep01 step 23600/45600: loss = 0.16679
  Ep01 step 23700/45600: loss = 0.16147
  Ep01 step 23800/45600: loss = 0.15718
  Ep01 step 23900/45600: loss = 0.16120
  Ep01 step 24000/45600: loss = 0.15645
  Ep01 step 24100/45600: loss = 0.15323
  Ep01 step 24200/45600: loss = 0.15677
  Ep01 step 24300/45600: loss = 0.15469
  Ep01 step 24400/45600: loss = 0.16045
  Ep01 step 24500/45600: loss = 0.16111
  Ep01 step 24600/45600: loss = 0.15874
  Ep01 step 24700/45600: loss = 0.15754
  Ep01 step 24800/45600: loss = 0.16178
  Ep01 step 24900/45600: loss = 0.15981
  Ep01 step 25000/45600: loss = 0.15755
  Ep01 step 25100/45600: loss = 0.15402
  Ep01 step 25200/45600: loss = 0.15365
  Ep01 step 25300/45600: loss = 0.15158
  Ep01 step 25400/45600: loss = 0.16267
  Ep01 step 25500/45600: loss = 0.16092
  Ep01 step 25600/45600: loss = 0.16055
  Ep01 step 25700/45600: loss = 0.15846
  Ep01 step 25800/45600: loss = 0.15552
  Ep01 step 25900/45600: loss = 0.15451
  Ep01 step 26000/45600: loss = 0.15952
  Ep01 step 26100/45600: loss = 0.15425
  Ep01 step 26200/45600: loss = 0.16194
  Ep01 step 26300/45600: loss = 0.15447
  Ep01 step 26400/45600: loss = 0.15562
  Ep01 step 26500/45600: loss = 0.16101
  Ep01 step 26600/45600: loss = 0.15412
  Ep01 step 26700/45600: loss = 0.15525
  Ep01 step 26800/45600: loss = 0.16180
  Ep01 step 26900/45600: loss = 0.15892
  Ep01 step 27000/45600: loss = 0.15526
  Ep01 step 27100/45600: loss = 0.15706
  Ep01 step 27200/45600: loss = 0.16247
  Ep01 step 27300/45600: loss = 0.15600
  Ep01 step 27400/45600: loss = 0.16366
  Ep01 step 27500/45600: loss = 0.15840
  Ep01 step 27600/45600: loss = 0.15742
  Ep01 step 27700/45600: loss = 0.15750
  Ep01 step 27800/45600: loss = 0.15555
  Ep01 step 27900/45600: loss = 0.16532
  Ep01 step 28000/45600: loss = 0.16089
  Ep01 step 28100/45600: loss = 0.16151
  Ep01 step 28200/45600: loss = 0.15945
  Ep01 step 28300/45600: loss = 0.15354
  Ep01 step 28400/45600: loss = 0.15731
  Ep01 step 28500/45600: loss = 0.14980
  Ep01 step 28600/45600: loss = 0.15356
  Ep01 step 28700/45600: loss = 0.14865
  Ep01 step 28800/45600: loss = 0.16342
  Ep01 step 28900/45600: loss = 0.16261
  Ep01 step 29000/45600: loss = 0.15822
  Ep01 step 29100/45600: loss = 0.15461
  Ep01 step 29200/45600: loss = 0.15489
  Ep01 step 29300/45600: loss = 0.15391
  Ep01 step 29400/45600: loss = 0.16063
  Ep01 step 29500/45600: loss = 0.15726
  Ep01 step 29600/45600: loss = 0.15377
  Ep01 step 29700/45600: loss = 0.16158
  Ep01 step 29800/45600: loss = 0.15394
  Ep01 step 29900/45600: loss = 0.15864
  Ep01 step 30000/45600: loss = 0.15719
  Ep01 step 30100/45600: loss = 0.15186
  Ep01 step 30200/45600: loss = 0.15942
  Ep01 step 30300/45600: loss = 0.15910
  Ep01 step 30400/45600: loss = 0.15315
  Ep01 step 30500/45600: loss = 0.15748
  Ep01 step 30600/45600: loss = 0.16384
  Ep01 step 30700/45600: loss = 0.15865
  Ep01 step 30800/45600: loss = 0.15406
  Ep01 step 30900/45600: loss = 0.15217
  Ep01 step 31000/45600: loss = 0.16081
  Ep01 step 31100/45600: loss = 0.15620
  Ep01 step 31200/45600: loss = 0.15871
  Ep01 step 31300/45600: loss = 0.15742
  Ep01 step 31400/45600: loss = 0.15641
  Ep01 step 31500/45600: loss = 0.15402
  Ep01 step 31600/45600: loss = 0.16046
  Ep01 step 31700/45600: loss = 0.15984
  Ep01 step 31800/45600: loss = 0.15883
  Ep01 step 31900/45600: loss = 0.16151
  Ep01 step 32000/45600: loss = 0.16020
  Ep01 step 32100/45600: loss = 0.15902
  Ep01 step 32200/45600: loss = 0.15575
  Ep01 step 32300/45600: loss = 0.15753
  Ep01 step 32400/45600: loss = 0.16205
  Ep01 step 32500/45600: loss = 0.15806
  Ep01 step 32600/45600: loss = 0.16179
  Ep01 step 32700/45600: loss = 0.15859
  Ep01 step 32800/45600: loss = 0.15781
  Ep01 step 32900/45600: loss = 0.15521
  Ep01 step 33000/45600: loss = 0.15682
  Ep01 step 33100/45600: loss = 0.15823
  Ep01 step 33200/45600: loss = 0.15614
  Ep01 step 33300/45600: loss = 0.15455
  Ep01 step 33400/45600: loss = 0.15500
  Ep01 step 33500/45600: loss = 0.15292
  Ep01 step 33600/45600: loss = 0.15491
  Ep01 step 33700/45600: loss = 0.15354
  Ep01 step 33800/45600: loss = 0.15512
  Ep01 step 33900/45600: loss = 0.16215
  Ep01 step 34000/45600: loss = 0.15359
  Ep01 step 34100/45600: loss = 0.15874
  Ep01 step 34200/45600: loss = 0.16369
  Ep01 step 34300/45600: loss = 0.15604
  Ep01 step 34400/45600: loss = 0.15472
  Ep01 step 34500/45600: loss = 0.15437
  Ep01 step 34600/45600: loss = 0.16289
  Ep01 step 34700/45600: loss = 0.15770
  Ep01 step 34800/45600: loss = 0.16015
  Ep01 step 34900/45600: loss = 0.15761
  Ep01 step 35000/45600: loss = 0.15449
  Ep01 step 35100/45600: loss = 0.15318
  Ep01 step 35200/45600: loss = 0.15756
  Ep01 step 35300/45600: loss = 0.15737
  Ep01 step 35400/45600: loss = 0.15678
  Ep01 step 35500/45600: loss = 0.15681
  Ep01 step 35600/45600: loss = 0.15370
  Ep01 step 35700/45600: loss = 0.14942
  Ep01 step 35800/45600: loss = 0.15536
  Ep01 step 35900/45600: loss = 0.16254
  Ep01 step 36000/45600: loss = 0.16026
  Ep01 step 36100/45600: loss = 0.15671
  Ep01 step 36200/45600: loss = 0.15803
  Ep01 step 36300/45600: loss = 0.15570
  Ep01 step 36400/45600: loss = 0.15911
  Ep01 step 36500/45600: loss = 0.15253
  Ep01 step 36600/45600: loss = 0.15689
  Ep01 step 36700/45600: loss = 0.16241
  Ep01 step 36800/45600: loss = 0.15464
  Ep01 step 36900/45600: loss = 0.15268
  Ep01 step 37000/45600: loss = 0.15623
  Ep01 step 37100/45600: loss = 0.16247
  Ep01 step 37200/45600: loss = 0.15896
  Ep01 step 37300/45600: loss = 0.16099
  Ep01 step 37400/45600: loss = 0.15656
  Ep01 step 37500/45600: loss = 0.15616
  Ep01 step 37600/45600: loss = 0.15371
  Ep01 step 37700/45600: loss = 0.15570
  Ep01 step 37800/45600: loss = 0.16093
  Ep01 step 37900/45600: loss = 0.15450
  Ep01 step 38000/45600: loss = 0.15329
  Ep01 step 38100/45600: loss = 0.15549
  Ep01 step 38200/45600: loss = 0.15144
  Ep01 step 38300/45600: loss = 0.15392
  Ep01 step 38400/45600: loss = 0.15843
  Ep01 step 38500/45600: loss = 0.15800
  Ep01 step 38600/45600: loss = 0.15940
  Ep01 step 38700/45600: loss = 0.15839
  Ep01 step 38800/45600: loss = 0.15278
  Ep01 step 38900/45600: loss = 0.15767
  Ep01 step 39000/45600: loss = 0.15686
  Ep01 step 39100/45600: loss = 0.15163
  Ep01 step 39200/45600: loss = 0.15901
  Ep01 step 39300/45600: loss = 0.15957
  Ep01 step 39400/45600: loss = 0.15757
  Ep01 step 39500/45600: loss = 0.15776
  Ep01 step 39600/45600: loss = 0.15494
  Ep01 step 39700/45600: loss = 0.15644
  Ep01 step 39800/45600: loss = 0.15593
  Ep01 step 39900/45600: loss = 0.15495
  Ep01 step 40000/45600: loss = 0.15530
  Ep01 step 40100/45600: loss = 0.15094
  Ep01 step 40200/45600: loss = 0.16316
  Ep01 step 40300/45600: loss = 0.15613
  Ep01 step 40400/45600: loss = 0.16137
  Ep01 step 40500/45600: loss = 0.15591
  Ep01 step 40600/45600: loss = 0.16025
  Ep01 step 40700/45600: loss = 0.15282
  Ep01 step 40800/45600: loss = 0.15851
  Ep01 step 40900/45600: loss = 0.16338
  Ep01 step 41000/45600: loss = 0.15825
  Ep01 step 41100/45600: loss = 0.15356
  Ep01 step 41200/45600: loss = 0.15666
  Ep01 step 41300/45600: loss = 0.15609
  Ep01 step 41400/45600: loss = 0.16120
  Ep01 step 41500/45600: loss = 0.15540
  Ep01 step 41600/45600: loss = 0.15729
  Ep01 step 41700/45600: loss = 0.16024
  Ep01 step 41800/45600: loss = 0.15690
  Ep01 step 41900/45600: loss = 0.15301
  Ep01 step 42000/45600: loss = 0.16038
  Ep01 step 42100/45600: loss = 0.15836
  Ep01 step 42200/45600: loss = 0.15609
  Ep01 step 42300/45600: loss = 0.15892
  Ep01 step 42400/45600: loss = 0.15724
  Ep01 step 42500/45600: loss = 0.16125
  Ep01 step 42600/45600: loss = 0.15651
  Ep01 step 42700/45600: loss = 0.15926
  Ep01 step 42800/45600: loss = 0.15568
  Ep01 step 42900/45600: loss = 0.15398
  Ep01 step 43000/45600: loss = 0.16053
  Ep01 step 43100/45600: loss = 0.15738
  Ep01 step 43200/45600: loss = 0.15572
  Ep01 step 43300/45600: loss = 0.14958
  Ep01 step 43400/45600: loss = 0.15835
  Ep01 step 43500/45600: loss = 0.15493
  Ep01 step 43600/45600: loss = 0.15790
  Ep01 step 43700/45600: loss = 0.15537
  Ep01 step 43800/45600: loss = 0.15740
  Ep01 step 43900/45600: loss = 0.16338
  Ep01 step 44000/45600: loss = 0.15822
  Ep01 step 44100/45600: loss = 0.15693
  Ep01 step 44200/45600: loss = 0.16023
  Ep01 step 44300/45600: loss = 0.15839
  Ep01 step 44400/45600: loss = 0.15428
  Ep01 step 44500/45600: loss = 0.16026
  Ep01 step 44600/45600: loss = 0.15337
  Ep01 step 44700/45600: loss = 0.15414
  Ep01 step 44800/45600: loss = 0.15531
  Ep01 step 44900/45600: loss = 0.15408
  Ep01 step 45000/45600: loss = 0.15971
  Ep01 step 45100/45600: loss = 0.15942
  Ep01 step 45200/45600: loss = 0.16274
  Ep01 step 45300/45600: loss = 0.15755
  Ep01 step 45400/45600: loss = 0.15836
  Ep01 step 45500/45600: loss = 0.15574
  Ep01 step 45600/45600: loss = 0.15751

Epoch 01/6 | train=0.15783 val=0.18768 | AUC=['0.993', '0.987', '0.981', '0.982'] PR=['0.960', '0.951', '0.940', '0.952'] | CASCADE-only AUC=['0.990', '0.982', '0.976', '0.977'] PR=['0.916', '0.914', '0.901', '0.924'] | mono_viol=0.00000 | 5212s

  [checkpoint] best.pt updated (epoch 1, val_loss=0.18768)
  Ep02 step  100/45600: loss = 0.15104
  Ep02 step  200/45600: loss = 0.15884
  Ep02 step  300/45600: loss = 0.15867
  Ep02 step  400/45600: loss = 0.16477
  Ep02 step  500/45600: loss = 0.15852
  Ep02 step  600/45600: loss = 0.15874
  Ep02 step  700/45600: loss = 0.15754
  Ep02 step  800/45600: loss = 0.15916
  Ep02 step  900/45600: loss = 0.15876
  Ep02 step 1000/45600: loss = 0.15822
  Ep02 step 1100/45600: loss = 0.15959
  Ep02 step 1200/45600: loss = 0.15604
  Ep02 step 1300/45600: loss = 0.16031
  Ep02 step 1400/45600: loss = 0.16268
  Ep02 step 1500/45600: loss = 0.15533
  Ep02 step 1600/45600: loss = 0.16387
  Ep02 step 1700/45600: loss = 0.15741
  Ep02 step 1800/45600: loss = 0.15815
  Ep02 step 1900/45600: loss = 0.15924
  Ep02 step 2000/45600: loss = 0.15878
  Ep02 step 2100/45600: loss = 0.15422
  Ep02 step 2200/45600: loss = 0.15319
  Ep02 step 2300/45600: loss = 0.15861
  Ep02 step 2400/45600: loss = 0.16246
  Ep02 step 2500/45600: loss = 0.15468
  Ep02 step 2600/45600: loss = 0.15970
  Ep02 step 2700/45600: loss = 0.15702
  Ep02 step 2800/45600: loss = 0.15707
  Ep02 step 2900/45600: loss = 0.15688
  Ep02 step 3000/45600: loss = 0.15679
  Ep02 step 3100/45600: loss = 0.15991
  Ep02 step 3200/45600: loss = 0.15705
  Ep02 step 3300/45600: loss = 0.15568
  Ep02 step 3400/45600: loss = 0.16340
  Ep02 step 3500/45600: loss = 0.15875
  Ep02 step 3600/45600: loss = 0.15745
  Ep02 step 3700/45600: loss = 0.15902
  Ep02 step 3800/45600: loss = 0.15325
  Ep02 step 3900/45600: loss = 0.15460
  Ep02 step 4000/45600: loss = 0.15756
  Ep02 step 4100/45600: loss = 0.15818
  Ep02 step 4200/45600: loss = 0.15595
  Ep02 step 4300/45600: loss = 0.15900
  Ep02 step 4400/45600: loss = 0.15458
  Ep02 step 4500/45600: loss = 0.15615
  Ep02 step 4600/45600: loss = 0.15558
  Ep02 step 4700/45600: loss = 0.15232
  Ep02 step 4800/45600: loss = 0.15431
  Ep02 step 4900/45600: loss = 0.16066
  Ep02 step 5000/45600: loss = 0.16109
  Ep02 step 5100/45600: loss = 0.15617
  Ep02 step 5200/45600: loss = 0.16178
  Ep02 step 5300/45600: loss = 0.15678
  Ep02 step 5400/45600: loss = 0.16048
  Ep02 step 5500/45600: loss = 0.15577
  Ep02 step 5600/45600: loss = 0.15687
  Ep02 step 5700/45600: loss = 0.15430
  Ep02 step 5800/45600: loss = 0.15838
  Ep02 step 5900/45600: loss = 0.15471
  Ep02 step 6000/45600: loss = 0.16287
  Ep02 step 6100/45600: loss = 0.15154
  Ep02 step 6200/45600: loss = 0.15564
  Ep02 step 6300/45600: loss = 0.15811
  Ep02 step 6400/45600: loss = 0.16397
  Ep02 step 6500/45600: loss = 0.15425
  Ep02 step 6600/45600: loss = 0.15220
  Ep02 step 6700/45600: loss = 0.15852
  Ep02 step 6800/45600: loss = 0.15458
  Ep02 step 6900/45600: loss = 0.15469
  Ep02 step 7000/45600: loss = 0.15490
  Ep02 step 7100/45600: loss = 0.15946
  Ep02 step 7200/45600: loss = 0.15784
  Ep02 step 7300/45600: loss = 0.15945
  Ep02 step 7400/45600: loss = 0.15285
  Ep02 step 7500/45600: loss = 0.15492
  Ep02 step 7600/45600: loss = 0.16135
  Ep02 step 7700/45600: loss = 0.15538
  Ep02 step 7800/45600: loss = 0.15711
  Ep02 step 7900/45600: loss = 0.15259
  Ep02 step 8000/45600: loss = 0.15296
  Ep02 step 8100/45600: loss = 0.16114
  Ep02 step 8200/45600: loss = 0.15913
  Ep02 step 8300/45600: loss = 0.15375
  Ep02 step 8400/45600: loss = 0.15606
  Ep02 step 8500/45600: loss = 0.15932
  Ep02 step 8600/45600: loss = 0.15584
  Ep02 step 8700/45600: loss = 0.15401
  Ep02 step 8800/45600: loss = 0.15426
  Ep02 step 8900/45600: loss = 0.15796
  Ep02 step 9000/45600: loss = 0.15633
  Ep02 step 9100/45600: loss = 0.15459
  Ep02 step 9200/45600: loss = 0.15606
  Ep02 step 9300/45600: loss = 0.16607
  Ep02 step 9400/45600: loss = 0.15519
  Ep02 step 9500/45600: loss = 0.15431
  Ep02 step 9600/45600: loss = 0.15058
  Ep02 step 9700/45600: loss = 0.14797
  Ep02 step 9800/45600: loss = 0.15390
  Ep02 step 9900/45600: loss = 0.14885
  Ep02 step 10000/45600: loss = 0.16056
  Ep02 step 10100/45600: loss = 0.15447
  Ep02 step 10200/45600: loss = 0.15762
  Ep02 step 10300/45600: loss = 0.15551
  Ep02 step 10400/45600: loss = 0.15545
  Ep02 step 10500/45600: loss = 0.15836
  Ep02 step 10600/45600: loss = 0.15540
  Ep02 step 10700/45600: loss = 0.15820
  Ep02 step 10800/45600: loss = 0.15802
  Ep02 step 10900/45600: loss = 0.15775
  Ep02 step 11000/45600: loss = 0.15530
  Ep02 step 11100/45600: loss = 0.16180
  Ep02 step 11200/45600: loss = 0.15495
  Ep02 step 11300/45600: loss = 0.15540
  Ep02 step 11400/45600: loss = 0.15775
  Ep02 step 11500/45600: loss = 0.16107
  Ep02 step 11600/45600: loss = 0.15305
  Ep02 step 11700/45600: loss = 0.15825
  Ep02 step 11800/45600: loss = 0.15610
  Ep02 step 11900/45600: loss = 0.15893
  Ep02 step 12000/45600: loss = 0.15543
  Ep02 step 12100/45600: loss = 0.15684
  Ep02 step 12200/45600: loss = 0.15079
  Ep02 step 12300/45600: loss = 0.15979
  Ep02 step 12400/45600: loss = 0.15641
  Ep02 step 12500/45600: loss = 0.15684
  Ep02 step 12600/45600: loss = 0.15324
  Ep02 step 12700/45600: loss = 0.15468
  Ep02 step 12800/45600: loss = 0.15452
  Ep02 step 12900/45600: loss = 0.16076
  Ep02 step 13000/45600: loss = 0.16578
  Ep02 step 13100/45600: loss = 0.15562
  Ep02 step 13200/45600: loss = 0.15629
  Ep02 step 13300/45600: loss = 0.15681
  Ep02 step 13400/45600: loss = 0.15378
  Ep02 step 13500/45600: loss = 0.15578
  Ep02 step 13600/45600: loss = 0.15055
  Ep02 step 13700/45600: loss = 0.15593
  Ep02 step 13800/45600: loss = 0.15177
  Ep02 step 13900/45600: loss = 0.15465
  Ep02 step 14000/45600: loss = 0.15436
  Ep02 step 14100/45600: loss = 0.15779
  Ep02 step 14200/45600: loss = 0.15805
  Ep02 step 14300/45600: loss = 0.16233
  Ep02 step 14400/45600: loss = 0.15849
  Ep02 step 14500/45600: loss = 0.15444
  Ep02 step 14600/45600: loss = 0.15146
  Ep02 step 14700/45600: loss = 0.15522
  Ep02 step 14800/45600: loss = 0.14626
  Ep02 step 14900/45600: loss = 0.15965
  Ep02 step 15000/45600: loss = 0.15427
  Ep02 step 15100/45600: loss = 0.16094
  Ep02 step 15200/45600: loss = 0.14888
  Ep02 step 15300/45600: loss = 0.16769
  Ep02 step 15400/45600: loss = 0.15539
  Ep02 step 15500/45600: loss = 0.15789
  Ep02 step 15600/45600: loss = 0.15148
  Ep02 step 15700/45600: loss = 0.15835
  Ep02 step 15800/45600: loss = 0.15591
  Ep02 step 15900/45600: loss = 0.15764
  Ep02 step 16000/45600: loss = 0.15736
  Ep02 step 16100/45600: loss = 0.16063
  Ep02 step 16200/45600: loss = 0.15487
  Ep02 step 16300/45600: loss = 0.15657
  Ep02 step 16400/45600: loss = 0.15679
  Ep02 step 16500/45600: loss = 0.15735
  Ep02 step 16600/45600: loss = 0.15785
  Ep02 step 16700/45600: loss = 0.15476
  Ep02 step 16800/45600: loss = 0.15436
  Ep02 step 16900/45600: loss = 0.15271
  Ep02 step 17000/45600: loss = 0.15913
  Ep02 step 17100/45600: loss = 0.16066
  Ep02 step 17200/45600: loss = 0.15284
  Ep02 step 17300/45600: loss = 0.15903
  Ep02 step 17400/45600: loss = 0.15048
  Ep02 step 17500/45600: loss = 0.16429
  Ep02 step 17600/45600: loss = 0.14756
  Ep02 step 17700/45600: loss = 0.15447
  Ep02 step 17800/45600: loss = 0.15654
  Ep02 step 17900/45600: loss = 0.15532
  Ep02 step 18000/45600: loss = 0.14677
  Ep02 step 18100/45600: loss = 0.15246
  Ep02 step 18200/45600: loss = 0.15639
  Ep02 step 18300/45600: loss = 0.15508
  Ep02 step 18400/45600: loss = 0.15705
  Ep02 step 18500/45600: loss = 0.16212
  Ep02 step 18600/45600: loss = 0.15366
  Ep02 step 18700/45600: loss = 0.15014
  Ep02 step 18800/45600: loss = 0.15672
  Ep02 step 18900/45600: loss = 0.15713
  Ep02 step 19000/45600: loss = 0.15885
  Ep02 step 19100/45600: loss = 0.15646
  Ep02 step 19200/45600: loss = 0.15769
  Ep02 step 19300/45600: loss = 0.15367
  Ep02 step 19400/45600: loss = 0.15212
  Ep02 step 19500/45600: loss = 0.16200
  Ep02 step 19600/45600: loss = 0.15606
  Ep02 step 19700/45600: loss = 0.15440
  Ep02 step 19800/45600: loss = 0.16014
  Ep02 step 19900/45600: loss = 0.15417
  Ep02 step 20000/45600: loss = 0.15590
  Ep02 step 20100/45600: loss = 0.16042
  Ep02 step 20200/45600: loss = 0.15570
  Ep02 step 20300/45600: loss = 0.15690
  Ep02 step 20400/45600: loss = 0.15827
  Ep02 step 20500/45600: loss = 0.15753
  Ep02 step 20600/45600: loss = 0.15232
  Ep02 step 20700/45600: loss = 0.15498
  Ep02 step 20800/45600: loss = 0.15690
  Ep02 step 20900/45600: loss = 0.15985
  Ep02 step 21000/45600: loss = 0.15578
  Ep02 step 21100/45600: loss = 0.15544
  Ep02 step 21200/45600: loss = 0.15676
  Ep02 step 21300/45600: loss = 0.15456
  Ep02 step 21400/45600: loss = 0.15366
  Ep02 step 21500/45600: loss = 0.15491
  Ep02 step 21600/45600: loss = 0.15471
  Ep02 step 21700/45600: loss = 0.14940
  Ep02 step 21800/45600: loss = 0.15817
  Ep02 step 21900/45600: loss = 0.15344
  Ep02 step 22000/45600: loss = 0.15250
  Ep02 step 22100/45600: loss = 0.15362
  Ep02 step 22200/45600: loss = 0.16156
  Ep02 step 22300/45600: loss = 0.16175
  Ep02 step 22400/45600: loss = 0.15713
  Ep02 step 22500/45600: loss = 0.15958
  Ep02 step 22600/45600: loss = 0.15815
  Ep02 step 22700/45600: loss = 0.16055
  Ep02 step 22800/45600: loss = 0.15495
  Ep02 step 22900/45600: loss = 0.15433
  Ep02 step 23000/45600: loss = 0.15532
  Ep02 step 23100/45600: loss = 0.15852
  Ep02 step 23200/45600: loss = 0.16103
  Ep02 step 23300/45600: loss = 0.15984
  Ep02 step 23400/45600: loss = 0.15685
  Ep02 step 23500/45600: loss = 0.15562
  Ep02 step 23600/45600: loss = 0.15952
  Ep02 step 23700/45600: loss = 0.15877
  Ep02 step 23800/45600: loss = 0.15810
  Ep02 step 23900/45600: loss = 0.15933
  Ep02 step 24000/45600: loss = 0.15488
  Ep02 step 24100/45600: loss = 0.15539
  Ep02 step 24200/45600: loss = 0.15491
  Ep02 step 24300/45600: loss = 0.15674
  Ep02 step 24400/45600: loss = 0.15093
  Ep02 step 24500/45600: loss = 0.15901
  Ep02 step 24600/45600: loss = 0.15610
  Ep02 step 24700/45600: loss = 0.15508
  Ep02 step 24800/45600: loss = 0.14870
  Ep02 step 24900/45600: loss = 0.15970
  Ep02 step 25000/45600: loss = 0.16270
  Ep02 step 25100/45600: loss = 0.15580
  Ep02 step 25200/45600: loss = 0.15662
  Ep02 step 25300/45600: loss = 0.15623
  Ep02 step 25400/45600: loss = 0.15292
  Ep02 step 25500/45600: loss = 0.16008
  Ep02 step 25600/45600: loss = 0.15824
  Ep02 step 25700/45600: loss = 0.15705
  Ep02 step 25800/45600: loss = 0.15760
  Ep02 step 25900/45600: loss = 0.15167
  Ep02 step 26000/45600: loss = 0.15751
  Ep02 step 26100/45600: loss = 0.15059
  Ep02 step 26200/45600: loss = 0.15556
  Ep02 step 26300/45600: loss = 0.15392
  Ep02 step 26400/45600: loss = 0.15690
  Ep02 step 26500/45600: loss = 0.16170
  Ep02 step 26600/45600: loss = 0.16234
  Ep02 step 26700/45600: loss = 0.15400
  Ep02 step 26800/45600: loss = 0.15865
  Ep02 step 26900/45600: loss = 0.14825
  Ep02 step 27000/45600: loss = 0.15667
  Ep02 step 27100/45600: loss = 0.15637
  Ep02 step 27200/45600: loss = 0.16142
  Ep02 step 27300/45600: loss = 0.15884
  Ep02 step 27400/45600: loss = 0.16159
  Ep02 step 27500/45600: loss = 0.15730
  Ep02 step 27600/45600: loss = 0.15408
  Ep02 step 27700/45600: loss = 0.15679
  Ep02 step 27800/45600: loss = 0.15202
  Ep02 step 27900/45600: loss = 0.15962
  Ep02 step 28000/45600: loss = 0.15650
  Ep02 step 28100/45600: loss = 0.15601
  Ep02 step 28200/45600: loss = 0.15679
  Ep02 step 28300/45600: loss = 0.15866
  Ep02 step 28400/45600: loss = 0.15801
  Ep02 step 28500/45600: loss = 0.15857
  Ep02 step 28600/45600: loss = 0.15278
  Ep02 step 28700/45600: loss = 0.15585
  Ep02 step 28800/45600: loss = 0.15617
  Ep02 step 28900/45600: loss = 0.16110
  Ep02 step 29000/45600: loss = 0.15810
  Ep02 step 29100/45600: loss = 0.15589
  Ep02 step 29200/45600: loss = 0.15102
  Ep02 step 29300/45600: loss = 0.15474
  Ep02 step 29400/45600: loss = 0.15757
  Ep02 step 29500/45600: loss = 0.15494
  Ep02 step 29600/45600: loss = 0.15656
  Ep02 step 29700/45600: loss = 0.15680
  Ep02 step 29800/45600: loss = 0.15850
  Ep02 step 29900/45600: loss = 0.15734
  Ep02 step 30000/45600: loss = 0.15599
  Ep02 step 30100/45600: loss = 0.15839
  Ep02 step 30200/45600: loss = 0.15659
  Ep02 step 30300/45600: loss = 0.15747
  Ep02 step 30400/45600: loss = 0.15830
  Ep02 step 30500/45600: loss = 0.15513
  Ep02 step 30600/45600: loss = 0.15243
  Ep02 step 30700/45600: loss = 0.15140
  Ep02 step 30800/45600: loss = 0.15488
  Ep02 step 30900/45600: loss = 0.15803
  Ep02 step 31000/45600: loss = 0.15493
  Ep02 step 31100/45600: loss = 0.15170
  Ep02 step 31200/45600: loss = 0.15839
  Ep02 step 31300/45600: loss = 0.15900
  Ep02 step 31400/45600: loss = 0.15383
  Ep02 step 31500/45600: loss = 0.16063
  Ep02 step 31600/45600: loss = 0.15871
  Ep02 step 31700/45600: loss = 0.15590
  Ep02 step 31800/45600: loss = 0.15702
  Ep02 step 31900/45600: loss = 0.15645
  Ep02 step 32000/45600: loss = 0.15752
  Ep02 step 32100/45600: loss = 0.15824
  Ep02 step 32200/45600: loss = 0.16239
  Ep02 step 32300/45600: loss = 0.15828
  Ep02 step 32400/45600: loss = 0.16249
  Ep02 step 32500/45600: loss = 0.15838
  Ep02 step 32600/45600: loss = 0.15768
  Ep02 step 32700/45600: loss = 0.15239
  Ep02 step 32800/45600: loss = 0.15644
  Ep02 step 32900/45600: loss = 0.15635
  Ep02 step 33000/45600: loss = 0.16142
  Ep02 step 33100/45600: loss = 0.15195
  Ep02 step 33200/45600: loss = 0.15558
  Ep02 step 33300/45600: loss = 0.15123
  Ep02 step 33400/45600: loss = 0.15688
  Ep02 step 33500/45600: loss = 0.15122
  Ep02 step 33600/45600: loss = 0.15435
  Ep02 step 33700/45600: loss = 0.15719
  Ep02 step 33800/45600: loss = 0.14999
  Ep02 step 33900/45600: loss = 0.16061
  Ep02 step 34000/45600: loss = 0.16108
  Ep02 step 34100/45600: loss = 0.15821
  Ep02 step 34200/45600: loss = 0.15667
  Ep02 step 34300/45600: loss = 0.15302
  Ep02 step 34400/45600: loss = 0.16168
  Ep02 step 34500/45600: loss = 0.15640
  Ep02 step 34600/45600: loss = 0.15174
  Ep02 step 34700/45600: loss = 0.15269
  Ep02 step 34800/45600: loss = 0.15801
  Ep02 step 34900/45600: loss = 0.15606
  Ep02 step 35000/45600: loss = 0.14887
  Ep02 step 35100/45600: loss = 0.15499
  Ep02 step 35200/45600: loss = 0.15041
  Ep02 step 35300/45600: loss = 0.15380
  Ep02 step 35400/45600: loss = 0.16410
  Ep02 step 35500/45600: loss = 0.15362
  Ep02 step 35600/45600: loss = 0.15912
  Ep02 step 35700/45600: loss = 0.15258
  Ep02 step 35800/45600: loss = 0.15693
  Ep02 step 35900/45600: loss = 0.14877
  Ep02 step 36000/45600: loss = 0.15892
  Ep02 step 36100/45600: loss = 0.15475
  Ep02 step 36200/45600: loss = 0.15580
  Ep02 step 36300/45600: loss = 0.16362
  Ep02 step 36400/45600: loss = 0.15601
  Ep02 step 36500/45600: loss = 0.15641
  Ep02 step 36600/45600: loss = 0.15584
  Ep02 step 36700/45600: loss = 0.15731
  Ep02 step 36800/45600: loss = 0.15198
  Ep02 step 36900/45600: loss = 0.15436
  Ep02 step 37000/45600: loss = 0.15732
  Ep02 step 37100/45600: loss = 0.15035
  Ep02 step 37200/45600: loss = 0.15356
  Ep02 step 37300/45600: loss = 0.15463
  Ep02 step 37400/45600: loss = 0.15492
  Ep02 step 37500/45600: loss = 0.15733
  Ep02 step 37600/45600: loss = 0.15763
  Ep02 step 37700/45600: loss = 0.15068
  Ep02 step 37800/45600: loss = 0.15332
  Ep02 step 37900/45600: loss = 0.15415
  Ep02 step 38000/45600: loss = 0.15421
  Ep02 step 38100/45600: loss = 0.15818
  Ep02 step 38200/45600: loss = 0.15339
  Ep02 step 38300/45600: loss = 0.15600
  Ep02 step 38400/45600: loss = 0.15554
  Ep02 step 38500/45600: loss = 0.15791
  Ep02 step 38600/45600: loss = 0.15933
  Ep02 step 38700/45600: loss = 0.15995
  Ep02 step 38800/45600: loss = 0.16056
  Ep02 step 38900/45600: loss = 0.15456
  Ep02 step 39000/45600: loss = 0.16085
  Ep02 step 39100/45600: loss = 0.15545
  Ep02 step 39200/45600: loss = 0.15754
  Ep02 step 39300/45600: loss = 0.15842
  Ep02 step 39400/45600: loss = 0.15162
  Ep02 step 39500/45600: loss = 0.15382
  Ep02 step 39600/45600: loss = 0.15379
  Ep02 step 39700/45600: loss = 0.15591
  Ep02 step 39800/45600: loss = 0.15778
  Ep02 step 39900/45600: loss = 0.15857
  Ep02 step 40000/45600: loss = 0.16194
  Ep02 step 40100/45600: loss = 0.15664
  Ep02 step 40200/45600: loss = 0.15386
  Ep02 step 40300/45600: loss = 0.16165
  Ep02 step 40400/45600: loss = 0.15504
  Ep02 step 40500/45600: loss = 0.15539
  Ep02 step 40600/45600: loss = 0.15376
  Ep02 step 40700/45600: loss = 0.15212
  Ep02 step 40800/45600: loss = 0.15556
  Ep02 step 40900/45600: loss = 0.15547
  Ep02 step 41000/45600: loss = 0.16224
  Ep02 step 41100/45600: loss = 0.15965
  Ep02 step 41200/45600: loss = 0.15302
  Ep02 step 41300/45600: loss = 0.15480
  Ep02 step 41400/45600: loss = 0.15701
  Ep02 step 41500/45600: loss = 0.14742
  Ep02 step 41600/45600: loss = 0.16145
  Ep02 step 41700/45600: loss = 0.15914
  Ep02 step 41800/45600: loss = 0.15664
  Ep02 step 41900/45600: loss = 0.15399
  Ep02 step 42000/45600: loss = 0.15752
  Ep02 step 42100/45600: loss = 0.15592
  Ep02 step 42200/45600: loss = 0.15474
  Ep02 step 42300/45600: loss = 0.15755
  Ep02 step 42400/45600: loss = 0.15434
  Ep02 step 42500/45600: loss = 0.15708
  Ep02 step 42600/45600: loss = 0.15998
  Ep02 step 42700/45600: loss = 0.15050
  Ep02 step 42800/45600: loss = 0.15629
  Ep02 step 42900/45600: loss = 0.15233
  Ep02 step 43000/45600: loss = 0.15927
  Ep02 step 43100/45600: loss = 0.15722
  Ep02 step 43200/45600: loss = 0.15000
  Ep02 step 43300/45600: loss = 0.16515
  Ep02 step 43400/45600: loss = 0.16037
  Ep02 step 43500/45600: loss = 0.15578
  Ep02 step 43600/45600: loss = 0.15723
  Ep02 step 43700/45600: loss = 0.15208
  Ep02 step 43800/45600: loss = 0.15658
  Ep02 step 43900/45600: loss = 0.15675
  Ep02 step 44000/45600: loss = 0.15025
  Ep02 step 44100/45600: loss = 0.15303
  Ep02 step 44200/45600: loss = 0.15642
  Ep02 step 44300/45600: loss = 0.14894
  Ep02 step 44400/45600: loss = 0.15912
  Ep02 step 44500/45600: loss = 0.15013
  Ep02 step 44600/45600: loss = 0.15485
  Ep02 step 44700/45600: loss = 0.15670
  Ep02 step 44800/45600: loss = 0.15558
  Ep02 step 44900/45600: loss = 0.15593
  Ep02 step 45000/45600: loss = 0.15901
  Ep02 step 45100/45600: loss = 0.15522
  Ep02 step 45200/45600: loss = 0.15957
  Ep02 step 45300/45600: loss = 0.15645
  Ep02 step 45400/45600: loss = 0.15557
  Ep02 step 45500/45600: loss = 0.15987
  Ep02 step 45600/45600: loss = 0.15534

Epoch 02/6 | train=0.15643 val=0.18709 | AUC=['0.994', '0.987', '0.982', '0.984'] PR=['0.963', '0.955', '0.946', '0.958'] | CASCADE-only AUC=['0.991', '0.983', '0.977', '0.981'] PR=['0.922', '0.920', '0.912', '0.934'] | mono_viol=0.00000 | 7800s

  [checkpoint] best.pt updated (epoch 2, val_loss=0.18709)
  Ep03 step  100/45600: loss = 0.15355
  Ep03 step  200/45600: loss = 0.15380
  Ep03 step  300/45600: loss = 0.15704
  Ep03 step  400/45600: loss = 0.15995
  Ep03 step  500/45600: loss = 0.15820
  Ep03 step  600/45600: loss = 0.16070
  Ep03 step  700/45600: loss = 0.15497
  Ep03 step  800/45600: loss = 0.15742
  Ep03 step  900/45600: loss = 0.15637
  Ep03 step 1000/45600: loss = 0.15761
  Ep03 step 1100/45600: loss = 0.15746
  Ep03 step 1200/45600: loss = 0.15195
  Ep03 step 1300/45600: loss = 0.15226
  Ep03 step 1400/45600: loss = 0.15620
  Ep03 step 1500/45600: loss = 0.15657
  Ep03 step 1600/45600: loss = 0.15415
  Ep03 step 1700/45600: loss = 0.15364
[2026-10-07T18:01:17.216] error: *** JOB 19368174 ON gl014 CANCELLED AT 2026-10-07T18:01:17 DUE to SIGNAL Terminated ***
