task=26 arm=old17 variant=ctx cell=dynamic_mask torch_seed=1 set=jesse22 head=hazard labels=/scratch/tj2587/results/dynamic_v1/arrival_h360 labels2=/scratch/tj2587/results/dynamic_v1/arrival_h360 timing=unset context=1 ckpt=/scratch/tj2587/results/gnn_morestorms_v1/old17_ctx_dynamic_mask_s1 smoke=0 commit=967d122 uncommitted_files=0
[gate] CUDA OK: NVIDIA L40S
[gate] heterodata data/graph/nyc_infra_heterodata_v1_frozen_failover_edges.pt: total=6231 -> OK
[gate] set jesse22: 22 storms, 17 for training, 5 held out; in both folders []; missing [] -> OK
[gate] variant ctx: storm context on, timing inputs off -> OK
[gate] head switch present: ('independent', 'hazard')
=== TRAIN MODE — full training ===
torch seed set: 1
Train: 13600  Val: 3400  (17 scenarios) | Test held-out: ['geoclaw_2050', 'syn_ts_914_6_1p2955', 'syn_ts_258_9_3p0022', 'syn_ts_605_5_3p7563', 'syn_ts_808_27_3p7885'] (5000 runs)
Model parameters: 698,648  head=hazard
Device: cuda
  Ep00 step  100/13600: loss = 0.47046
  Ep00 step  200/13600: loss = 0.24483
  Ep00 step  300/13600: loss = 0.17654
  Ep00 step  400/13600: loss = 0.18052
  Ep00 step  500/13600: loss = 0.17323
  Ep00 step  600/13600: loss = 0.13351
  Ep00 step  700/13600: loss = 0.13793
  Ep00 step  800/13600: loss = 0.14706
  Ep00 step  900/13600: loss = 0.15199
  Ep00 step 1000/13600: loss = 0.12613
  Ep00 step 1100/13600: loss = 0.13667
  Ep00 step 1200/13600: loss = 0.12193
  Ep00 step 1300/13600: loss = 0.12647
  Ep00 step 1400/13600: loss = 0.12559
  Ep00 step 1500/13600: loss = 0.11890
  Ep00 step 1600/13600: loss = 0.12915
  Ep00 step 1700/13600: loss = 0.12637
  Ep00 step 1800/13600: loss = 0.11837
  Ep00 step 1900/13600: loss = 0.11676
  Ep00 step 2000/13600: loss = 0.11982
  Ep00 step 2100/13600: loss = 0.13199
  Ep00 step 2200/13600: loss = 0.11842
  Ep00 step 2300/13600: loss = 0.10017
  Ep00 step 2400/13600: loss = 0.11955
  Ep00 step 2500/13600: loss = 0.11976
  Ep00 step 2600/13600: loss = 0.10980
  Ep00 step 2700/13600: loss = 0.10187
  Ep00 step 2800/13600: loss = 0.10901
  Ep00 step 2900/13600: loss = 0.10960
  Ep00 step 3000/13600: loss = 0.10471
  Ep00 step 3100/13600: loss = 0.10364
  Ep00 step 3200/13600: loss = 0.10771
  Ep00 step 3300/13600: loss = 0.10489
  Ep00 step 3400/13600: loss = 0.10621
  Ep00 step 3500/13600: loss = 0.11105
  Ep00 step 3600/13600: loss = 0.09619
  Ep00 step 3700/13600: loss = 0.09837
  Ep00 step 3800/13600: loss = 0.10178
  Ep00 step 3900/13600: loss = 0.09459
  Ep00 step 4000/13600: loss = 0.10259
  Ep00 step 4100/13600: loss = 0.09364
  Ep00 step 4200/13600: loss = 0.09230
  Ep00 step 4300/13600: loss = 0.10197
  Ep00 step 4400/13600: loss = 0.10926
  Ep00 step 4500/13600: loss = 0.10605
  Ep00 step 4600/13600: loss = 0.09254
  Ep00 step 4700/13600: loss = 0.11268
  Ep00 step 4800/13600: loss = 0.09940
  Ep00 step 4900/13600: loss = 0.09630
  Ep00 step 5000/13600: loss = 0.10124
  Ep00 step 5100/13600: loss = 0.09229
  Ep00 step 5200/13600: loss = 0.11144
  Ep00 step 5300/13600: loss = 0.09476
  Ep00 step 5400/13600: loss = 0.09766
  Ep00 step 5500/13600: loss = 0.09243
  Ep00 step 5600/13600: loss = 0.09383
  Ep00 step 5700/13600: loss = 0.09267
  Ep00 step 5800/13600: loss = 0.10094
  Ep00 step 5900/13600: loss = 0.09140
  Ep00 step 6000/13600: loss = 0.08337
  Ep00 step 6100/13600: loss = 0.08866
  Ep00 step 6200/13600: loss = 0.08652
  Ep00 step 6300/13600: loss = 0.09234
  Ep00 step 6400/13600: loss = 0.08527
  Ep00 step 6500/13600: loss = 0.09198
  Ep00 step 6600/13600: loss = 0.09524
  Ep00 step 6700/13600: loss = 0.10616
  Ep00 step 6800/13600: loss = 0.09150
  Ep00 step 6900/13600: loss = 0.08163
  Ep00 step 7000/13600: loss = 0.09582
  Ep00 step 7100/13600: loss = 0.10186
  Ep00 step 7200/13600: loss = 0.09140
  Ep00 step 7300/13600: loss = 0.08953
  Ep00 step 7400/13600: loss = 0.09144
  Ep00 step 7500/13600: loss = 0.09506
  Ep00 step 7600/13600: loss = 0.08580
  Ep00 step 7700/13600: loss = 0.08547
  Ep00 step 7800/13600: loss = 0.07856
  Ep00 step 7900/13600: loss = 0.08595
  Ep00 step 8000/13600: loss = 0.08409
  Ep00 step 8100/13600: loss = 0.09620
  Ep00 step 8200/13600: loss = 0.09991
  Ep00 step 8300/13600: loss = 0.09010
  Ep00 step 8400/13600: loss = 0.09429
  Ep00 step 8500/13600: loss = 0.09736
  Ep00 step 8600/13600: loss = 0.09667
  Ep00 step 8700/13600: loss = 0.09526
  Ep00 step 8800/13600: loss = 0.08286
  Ep00 step 8900/13600: loss = 0.08399
  Ep00 step 9000/13600: loss = 0.08982
  Ep00 step 9100/13600: loss = 0.10225
  Ep00 step 9200/13600: loss = 0.07797
  Ep00 step 9300/13600: loss = 0.08085
  Ep00 step 9400/13600: loss = 0.08989
  Ep00 step 9500/13600: loss = 0.08078
  Ep00 step 9600/13600: loss = 0.08746
  Ep00 step 9700/13600: loss = 0.09069
  Ep00 step 9800/13600: loss = 0.08806
  Ep00 step 9900/13600: loss = 0.09073
  Ep00 step 10000/13600: loss = 0.09453
  Ep00 step 10100/13600: loss = 0.09024
  Ep00 step 10200/13600: loss = 0.07729
  Ep00 step 10300/13600: loss = 0.09243
  Ep00 step 10400/13600: loss = 0.09448
  Ep00 step 10500/13600: loss = 0.07728
  Ep00 step 10600/13600: loss = 0.07859
  Ep00 step 10700/13600: loss = 0.07849
  Ep00 step 10800/13600: loss = 0.09178
  Ep00 step 10900/13600: loss = 0.09201
  Ep00 step 11000/13600: loss = 0.08751
  Ep00 step 11100/13600: loss = 0.08296
  Ep00 step 11200/13600: loss = 0.09080
  Ep00 step 11300/13600: loss = 0.09516
  Ep00 step 11400/13600: loss = 0.08592
  Ep00 step 11500/13600: loss = 0.09103
  Ep00 step 11600/13600: loss = 0.08814
  Ep00 step 11700/13600: loss = 0.08666
  Ep00 step 11800/13600: loss = 0.08163
  Ep00 step 11900/13600: loss = 0.07601
  Ep00 step 12000/13600: loss = 0.08469
  Ep00 step 12100/13600: loss = 0.09292
  Ep00 step 12200/13600: loss = 0.08660
  Ep00 step 12300/13600: loss = 0.08246
  Ep00 step 12400/13600: loss = 0.09213
  Ep00 step 12500/13600: loss = 0.08705
  Ep00 step 12600/13600: loss = 0.08668
  Ep00 step 12700/13600: loss = 0.08764
  Ep00 step 12800/13600: loss = 0.08730
  Ep00 step 12900/13600: loss = 0.08926
  Ep00 step 13000/13600: loss = 0.09118
  Ep00 step 13100/13600: loss = 0.07757
  Ep00 step 13200/13600: loss = 0.08397
  Ep00 step 13300/13600: loss = 0.09033
  Ep00 step 13400/13600: loss = 0.07549
  Ep00 step 13500/13600: loss = 0.07602
  Ep00 step 13600/13600: loss = 0.08900

Epoch 00/6 | train=0.10296 val=0.10307 | AUC=['0.996', '0.995', '0.991', '0.993'] PR=['0.972', '0.974', '0.965', '0.974'] | CASCADE-only AUC=['0.994', '0.993', '0.989', '0.992'] PR=['0.935', '0.947', '0.936', '0.955'] | mono_viol=0.00000 | 715s

  [checkpoint] best.pt updated (epoch 0, val_loss=0.10307)
  Ep01 step  100/13600: loss = 0.08686
  Ep01 step  200/13600: loss = 0.09467
  Ep01 step  300/13600: loss = 0.08903
  Ep01 step  400/13600: loss = 0.08426
  Ep01 step  500/13600: loss = 0.07113
  Ep01 step  600/13600: loss = 0.08091
  Ep01 step  700/13600: loss = 0.08396
  Ep01 step  800/13600: loss = 0.08265
  Ep01 step  900/13600: loss = 0.08975
  Ep01 step 1000/13600: loss = 0.07332
  Ep01 step 1100/13600: loss = 0.09558
  Ep01 step 1200/13600: loss = 0.09214
  Ep01 step 1300/13600: loss = 0.08885
  Ep01 step 1400/13600: loss = 0.08602
  Ep01 step 1500/13600: loss = 0.09244
  Ep01 step 1600/13600: loss = 0.08483
  Ep01 step 1700/13600: loss = 0.08160
  Ep01 step 1800/13600: loss = 0.08609
  Ep01 step 1900/13600: loss = 0.08947
  Ep01 step 2000/13600: loss = 0.08087
  Ep01 step 2100/13600: loss = 0.08120
  Ep01 step 2200/13600: loss = 0.08620
  Ep01 step 2300/13600: loss = 0.07939
  Ep01 step 2400/13600: loss = 0.08140
  Ep01 step 2500/13600: loss = 0.07533
  Ep01 step 2600/13600: loss = 0.08783
  Ep01 step 2700/13600: loss = 0.07187
  Ep01 step 2800/13600: loss = 0.08815
  Ep01 step 2900/13600: loss = 0.07455
  Ep01 step 3000/13600: loss = 0.08029
  Ep01 step 3100/13600: loss = 0.07726
  Ep01 step 3200/13600: loss = 0.07996
  Ep01 step 3300/13600: loss = 0.08922
  Ep01 step 3400/13600: loss = 0.08367
  Ep01 step 3500/13600: loss = 0.08836
  Ep01 step 3600/13600: loss = 0.07959
  Ep01 step 3700/13600: loss = 0.07713
  Ep01 step 3800/13600: loss = 0.09323
  Ep01 step 3900/13600: loss = 0.08298
  Ep01 step 4000/13600: loss = 0.08011
  Ep01 step 4100/13600: loss = 0.08410
  Ep01 step 4200/13600: loss = 0.07773
  Ep01 step 4300/13600: loss = 0.07070
  Ep01 step 4400/13600: loss = 0.08912
  Ep01 step 4500/13600: loss = 0.07109
  Ep01 step 4600/13600: loss = 0.08136
  Ep01 step 4700/13600: loss = 0.08039
  Ep01 step 4800/13600: loss = 0.09141
  Ep01 step 4900/13600: loss = 0.08382
  Ep01 step 5000/13600: loss = 0.06625
  Ep01 step 5100/13600: loss = 0.08018
  Ep01 step 5200/13600: loss = 0.07863
  Ep01 step 5300/13600: loss = 0.08415
  Ep01 step 5400/13600: loss = 0.07810
  Ep01 step 5500/13600: loss = 0.08646
  Ep01 step 5600/13600: loss = 0.07988
  Ep01 step 5700/13600: loss = 0.07307
  Ep01 step 5800/13600: loss = 0.07791
  Ep01 step 5900/13600: loss = 0.07710
  Ep01 step 6000/13600: loss = 0.07882
  Ep01 step 6100/13600: loss = 0.07812
  Ep01 step 6200/13600: loss = 0.07987
  Ep01 step 6300/13600: loss = 0.07492
  Ep01 step 6400/13600: loss = 0.08104
  Ep01 step 6500/13600: loss = 0.07872
  Ep01 step 6600/13600: loss = 0.09031
  Ep01 step 6700/13600: loss = 0.07818
  Ep01 step 6800/13600: loss = 0.07179
  Ep01 step 6900/13600: loss = 0.09789
  Ep01 step 7000/13600: loss = 0.09737
  Ep01 step 7100/13600: loss = 0.07539
  Ep01 step 7200/13600: loss = 0.09055
  Ep01 step 7300/13600: loss = 0.07334
  Ep01 step 7400/13600: loss = 0.08797
  Ep01 step 7500/13600: loss = 0.08509
  Ep01 step 7600/13600: loss = 0.08623
  Ep01 step 7700/13600: loss = 0.08102
  Ep01 step 7800/13600: loss = 0.08015
  Ep01 step 7900/13600: loss = 0.07192
  Ep01 step 8000/13600: loss = 0.07347
  Ep01 step 8100/13600: loss = 0.07899
  Ep01 step 8200/13600: loss = 0.06857
  Ep01 step 8300/13600: loss = 0.07690
  Ep01 step 8400/13600: loss = 0.07862
  Ep01 step 8500/13600: loss = 0.07535
  Ep01 step 8600/13600: loss = 0.07662
  Ep01 step 8700/13600: loss = 0.07269
  Ep01 step 8800/13600: loss = 0.08172
  Ep01 step 8900/13600: loss = 0.07821
  Ep01 step 9000/13600: loss = 0.07921
  Ep01 step 9100/13600: loss = 0.07010
  Ep01 step 9200/13600: loss = 0.08176
  Ep01 step 9300/13600: loss = 0.08271
  Ep01 step 9400/13600: loss = 0.08782
  Ep01 step 9500/13600: loss = 0.07156
  Ep01 step 9600/13600: loss = 0.07808
  Ep01 step 9700/13600: loss = 0.07093
  Ep01 step 9800/13600: loss = 0.07234
  Ep01 step 9900/13600: loss = 0.08360
  Ep01 step 10000/13600: loss = 0.07592
  Ep01 step 10100/13600: loss = 0.08000
  Ep01 step 10200/13600: loss = 0.06974
  Ep01 step 10300/13600: loss = 0.07901
  Ep01 step 10400/13600: loss = 0.07921
  Ep01 step 10500/13600: loss = 0.07660
  Ep01 step 10600/13600: loss = 0.08085
  Ep01 step 10700/13600: loss = 0.08226
  Ep01 step 10800/13600: loss = 0.07198
  Ep01 step 10900/13600: loss = 0.07424
  Ep01 step 11000/13600: loss = 0.07638
  Ep01 step 11100/13600: loss = 0.08139
  Ep01 step 11200/13600: loss = 0.08601
  Ep01 step 11300/13600: loss = 0.07990
  Ep01 step 11400/13600: loss = 0.07080
  Ep01 step 11500/13600: loss = 0.06947
  Ep01 step 11600/13600: loss = 0.07558
  Ep01 step 11700/13600: loss = 0.08603
  Ep01 step 11800/13600: loss = 0.07778
  Ep01 step 11900/13600: loss = 0.06992
  Ep01 step 12000/13600: loss = 0.07754
  Ep01 step 12100/13600: loss = 0.09005
  Ep01 step 12200/13600: loss = 0.08133
  Ep01 step 12300/13600: loss = 0.07974
  Ep01 step 12400/13600: loss = 0.08608
  Ep01 step 12500/13600: loss = 0.08835
  Ep01 step 12600/13600: loss = 0.07209
  Ep01 step 12700/13600: loss = 0.08140
  Ep01 step 12800/13600: loss = 0.08195
  Ep01 step 12900/13600: loss = 0.07267
  Ep01 step 13000/13600: loss = 0.07426
  Ep01 step 13100/13600: loss = 0.07799
  Ep01 step 13200/13600: loss = 0.08511
  Ep01 step 13300/13600: loss = 0.08574
  Ep01 step 13400/13600: loss = 0.09724
  Ep01 step 13500/13600: loss = 0.07688
  Ep01 step 13600/13600: loss = 0.08239

Epoch 01/6 | train=0.08070 val=0.09927 | AUC=['0.996', '0.995', '0.992', '0.994'] PR=['0.974', '0.976', '0.968', '0.978'] | CASCADE-only AUC=['0.995', '0.994', '0.991', '0.992'] PR=['0.943', '0.952', '0.944', '0.962'] | mono_viol=0.00000 | 1427s

  [checkpoint] best.pt updated (epoch 1, val_loss=0.09927)
  Ep02 step  100/13600: loss = 0.07604
  Ep02 step  200/13600: loss = 0.06952
  Ep02 step  300/13600: loss = 0.07792
  Ep02 step  400/13600: loss = 0.07396
  Ep02 step  500/13600: loss = 0.06407
  Ep02 step  600/13600: loss = 0.08608
  Ep02 step  700/13600: loss = 0.07241
  Ep02 step  800/13600: loss = 0.07643
  Ep02 step  900/13600: loss = 0.08149
  Ep02 step 1000/13600: loss = 0.08672
  Ep02 step 1100/13600: loss = 0.07976
  Ep02 step 1200/13600: loss = 0.07867
  Ep02 step 1300/13600: loss = 0.08558
  Ep02 step 1400/13600: loss = 0.08391
  Ep02 step 1500/13600: loss = 0.08433
  Ep02 step 1600/13600: loss = 0.07084
  Ep02 step 1700/13600: loss = 0.07968
  Ep02 step 1800/13600: loss = 0.08723
  Ep02 step 1900/13600: loss = 0.08000
  Ep02 step 2000/13600: loss = 0.08503
  Ep02 step 2100/13600: loss = 0.07590
  Ep02 step 2200/13600: loss = 0.07796
  Ep02 step 2300/13600: loss = 0.08122
  Ep02 step 2400/13600: loss = 0.06881
  Ep02 step 2500/13600: loss = 0.07637
  Ep02 step 2600/13600: loss = 0.07919
  Ep02 step 2700/13600: loss = 0.07352
  Ep02 step 2800/13600: loss = 0.07897
  Ep02 step 2900/13600: loss = 0.07276
  Ep02 step 3000/13600: loss = 0.07722
  Ep02 step 3100/13600: loss = 0.08621
  Ep02 step 3200/13600: loss = 0.07473
  Ep02 step 3300/13600: loss = 0.07893
  Ep02 step 3400/13600: loss = 0.07432
  Ep02 step 3500/13600: loss = 0.07256
  Ep02 step 3600/13600: loss = 0.07914
  Ep02 step 3700/13600: loss = 0.07751
  Ep02 step 3800/13600: loss = 0.07908
  Ep02 step 3900/13600: loss = 0.07752
  Ep02 step 4000/13600: loss = 0.08403
  Ep02 step 4100/13600: loss = 0.07257
  Ep02 step 4200/13600: loss = 0.07954
  Ep02 step 4300/13600: loss = 0.07262
  Ep02 step 4400/13600: loss = 0.06403
  Ep02 step 4500/13600: loss = 0.07702
  Ep02 step 4600/13600: loss = 0.07526
  Ep02 step 4700/13600: loss = 0.08145
  Ep02 step 4800/13600: loss = 0.08139
  Ep02 step 4900/13600: loss = 0.06717
  Ep02 step 5000/13600: loss = 0.07633
  Ep02 step 5100/13600: loss = 0.07708
  Ep02 step 5200/13600: loss = 0.07576
  Ep02 step 5300/13600: loss = 0.08038
  Ep02 step 5400/13600: loss = 0.06788
  Ep02 step 5500/13600: loss = 0.08442
  Ep02 step 5600/13600: loss = 0.06959
  Ep02 step 5700/13600: loss = 0.07790
  Ep02 step 5800/13600: loss = 0.07281
  Ep02 step 5900/13600: loss = 0.08063
  Ep02 step 6000/13600: loss = 0.07186
  Ep02 step 6100/13600: loss = 0.07550
  Ep02 step 6200/13600: loss = 0.06992
  Ep02 step 6300/13600: loss = 0.08113
  Ep02 step 6400/13600: loss = 0.07521
  Ep02 step 6500/13600: loss = 0.08108
  Ep02 step 6600/13600: loss = 0.08308
  Ep02 step 6700/13600: loss = 0.06805
  Ep02 step 6800/13600: loss = 0.07685
  Ep02 step 6900/13600: loss = 0.07730
  Ep02 step 7000/13600: loss = 0.07999
  Ep02 step 7100/13600: loss = 0.08098
  Ep02 step 7200/13600: loss = 0.07326
  Ep02 step 7300/13600: loss = 0.09176
  Ep02 step 7400/13600: loss = 0.07218
  Ep02 step 7500/13600: loss = 0.07052
  Ep02 step 7600/13600: loss = 0.06686
  Ep02 step 7700/13600: loss = 0.08111
  Ep02 step 7800/13600: loss = 0.08587
  Ep02 step 7900/13600: loss = 0.07596
  Ep02 step 8000/13600: loss = 0.07949
  Ep02 step 8100/13600: loss = 0.08208
  Ep02 step 8200/13600: loss = 0.08088
  Ep02 step 8300/13600: loss = 0.08035
  Ep02 step 8400/13600: loss = 0.06771
  Ep02 step 8500/13600: loss = 0.07379
  Ep02 step 8600/13600: loss = 0.06920
  Ep02 step 8700/13600: loss = 0.07754
  Ep02 step 8800/13600: loss = 0.07195
  Ep02 step 8900/13600: loss = 0.08279
  Ep02 step 9000/13600: loss = 0.08633
  Ep02 step 9100/13600: loss = 0.06069
  Ep02 step 9200/13600: loss = 0.08842
  Ep02 step 9300/13600: loss = 0.07933
  Ep02 step 9400/13600: loss = 0.08173
  Ep02 step 9500/13600: loss = 0.08383
  Ep02 step 9600/13600: loss = 0.06977
  Ep02 step 9700/13600: loss = 0.08773
  Ep02 step 9800/13600: loss = 0.07167
  Ep02 step 9900/13600: loss = 0.08331
  Ep02 step 10000/13600: loss = 0.07898
  Ep02 step 10100/13600: loss = 0.06766
  Ep02 step 10200/13600: loss = 0.08581
  Ep02 step 10300/13600: loss = 0.07636
  Ep02 step 10400/13600: loss = 0.08337
  Ep02 step 10500/13600: loss = 0.07856
  Ep02 step 10600/13600: loss = 0.08805
  Ep02 step 10700/13600: loss = 0.07419
  Ep02 step 10800/13600: loss = 0.07605
  Ep02 step 10900/13600: loss = 0.07099
  Ep02 step 11000/13600: loss = 0.08791
  Ep02 step 11100/13600: loss = 0.07897
  Ep02 step 11200/13600: loss = 0.07016
  Ep02 step 11300/13600: loss = 0.09055
  Ep02 step 11400/13600: loss = 0.08055
  Ep02 step 11500/13600: loss = 0.08344
  Ep02 step 11600/13600: loss = 0.08124
  Ep02 step 11700/13600: loss = 0.06639
  Ep02 step 11800/13600: loss = 0.07626
  Ep02 step 11900/13600: loss = 0.07457
  Ep02 step 12000/13600: loss = 0.07492
  Ep02 step 12100/13600: loss = 0.07343
  Ep02 step 12200/13600: loss = 0.07696
  Ep02 step 12300/13600: loss = 0.06930
  Ep02 step 12400/13600: loss = 0.07407
  Ep02 step 12500/13600: loss = 0.07884
  Ep02 step 12600/13600: loss = 0.07153
  Ep02 step 12700/13600: loss = 0.08535
  Ep02 step 12800/13600: loss = 0.09442
  Ep02 step 12900/13600: loss = 0.08654
  Ep02 step 13000/13600: loss = 0.07219
  Ep02 step 13100/13600: loss = 0.07862
  Ep02 step 13200/13600: loss = 0.07667
  Ep02 step 13300/13600: loss = 0.07124
  Ep02 step 13400/13600: loss = 0.07282
  Ep02 step 13500/13600: loss = 0.07801
  Ep02 step 13600/13600: loss = 0.07470

Epoch 02/6 | train=0.07747 val=0.09520 | AUC=['0.997', '0.996', '0.993', '0.995'] PR=['0.978', '0.979', '0.972', '0.980'] | CASCADE-only AUC=['0.996', '0.995', '0.991', '0.994'] PR=['0.949', '0.958', '0.950', '0.965'] | mono_viol=0.00000 | 2139s

  [checkpoint] best.pt updated (epoch 2, val_loss=0.09520)
  Ep03 step  100/13600: loss = 0.07973
  Ep03 step  200/13600: loss = 0.07010
  Ep03 step  300/13600: loss = 0.06894
  Ep03 step  400/13600: loss = 0.07504
  Ep03 step  500/13600: loss = 0.07880
  Ep03 step  600/13600: loss = 0.07627
  Ep03 step  700/13600: loss = 0.07194
  Ep03 step  800/13600: loss = 0.08816
  Ep03 step  900/13600: loss = 0.08365
  Ep03 step 1000/13600: loss = 0.07897
  Ep03 step 1100/13600: loss = 0.06875
  Ep03 step 1200/13600: loss = 0.08208
  Ep03 step 1300/13600: loss = 0.06973
  Ep03 step 1400/13600: loss = 0.08521
  Ep03 step 1500/13600: loss = 0.08562
  Ep03 step 1600/13600: loss = 0.08332
  Ep03 step 1700/13600: loss = 0.07243
  Ep03 step 1800/13600: loss = 0.07474
  Ep03 step 1900/13600: loss = 0.07347
  Ep03 step 2000/13600: loss = 0.08081
  Ep03 step 2100/13600: loss = 0.06776
  Ep03 step 2200/13600: loss = 0.06927
  Ep03 step 2300/13600: loss = 0.07721
  Ep03 step 2400/13600: loss = 0.07958
  Ep03 step 2500/13600: loss = 0.07228
  Ep03 step 2600/13600: loss = 0.06876
  Ep03 step 2700/13600: loss = 0.07897
  Ep03 step 2800/13600: loss = 0.08173
  Ep03 step 2900/13600: loss = 0.07321
  Ep03 step 3000/13600: loss = 0.08068
  Ep03 step 3100/13600: loss = 0.07021
  Ep03 step 3200/13600: loss = 0.08142
  Ep03 step 3300/13600: loss = 0.08795
  Ep03 step 3400/13600: loss = 0.06707
  Ep03 step 3500/13600: loss = 0.07823
  Ep03 step 3600/13600: loss = 0.06901
  Ep03 step 3700/13600: loss = 0.07654
  Ep03 step 3800/13600: loss = 0.07915
  Ep03 step 3900/13600: loss = 0.07137
  Ep03 step 4000/13600: loss = 0.07183
  Ep03 step 4100/13600: loss = 0.08368
  Ep03 step 4200/13600: loss = 0.07914
  Ep03 step 4300/13600: loss = 0.08351
  Ep03 step 4400/13600: loss = 0.07335
  Ep03 step 4500/13600: loss = 0.07678
  Ep03 step 4600/13600: loss = 0.07539
  Ep03 step 4700/13600: loss = 0.07747
  Ep03 step 4800/13600: loss = 0.07899
  Ep03 step 4900/13600: loss = 0.07856
  Ep03 step 5000/13600: loss = 0.06084
  Ep03 step 5100/13600: loss = 0.07680
  Ep03 step 5200/13600: loss = 0.07706
  Ep03 step 5300/13600: loss = 0.07604
  Ep03 step 5400/13600: loss = 0.07769
  Ep03 step 5500/13600: loss = 0.06742
  Ep03 step 5600/13600: loss = 0.06515
  Ep03 step 5700/13600: loss = 0.06758
  Ep03 step 5800/13600: loss = 0.08200
  Ep03 step 5900/13600: loss = 0.08611
  Ep03 step 6000/13600: loss = 0.07088
  Ep03 step 6100/13600: loss = 0.08657
  Ep03 step 6200/13600: loss = 0.08131
  Ep03 step 6300/13600: loss = 0.07606
  Ep03 step 6400/13600: loss = 0.07097
  Ep03 step 6500/13600: loss = 0.06859
  Ep03 step 6600/13600: loss = 0.08133
  Ep03 step 6700/13600: loss = 0.06990
  Ep03 step 6800/13600: loss = 0.07290
  Ep03 step 6900/13600: loss = 0.07340
  Ep03 step 7000/13600: loss = 0.07105
  Ep03 step 7100/13600: loss = 0.06621
  Ep03 step 7200/13600: loss = 0.07329
  Ep03 step 7300/13600: loss = 0.07259
  Ep03 step 7400/13600: loss = 0.07367
  Ep03 step 7500/13600: loss = 0.07231
  Ep03 step 7600/13600: loss = 0.07467
  Ep03 step 7700/13600: loss = 0.06844
  Ep03 step 7800/13600: loss = 0.08114
  Ep03 step 7900/13600: loss = 0.08082
  Ep03 step 8000/13600: loss = 0.08804
  Ep03 step 8100/13600: loss = 0.08921
  Ep03 step 8200/13600: loss = 0.07436
  Ep03 step 8300/13600: loss = 0.07777
  Ep03 step 8400/13600: loss = 0.07815
  Ep03 step 8500/13600: loss = 0.07037
  Ep03 step 8600/13600: loss = 0.06430
  Ep03 step 8700/13600: loss = 0.07804
  Ep03 step 8800/13600: loss = 0.06595
  Ep03 step 8900/13600: loss = 0.07264
  Ep03 step 9000/13600: loss = 0.07146
  Ep03 step 9100/13600: loss = 0.07294
  Ep03 step 9200/13600: loss = 0.06543
  Ep03 step 9300/13600: loss = 0.07059
  Ep03 step 9400/13600: loss = 0.08461
  Ep03 step 9500/13600: loss = 0.08668
  Ep03 step 9600/13600: loss = 0.07283
  Ep03 step 9700/13600: loss = 0.06971
  Ep03 step 9800/13600: loss = 0.07345
  Ep03 step 9900/13600: loss = 0.08129
  Ep03 step 10000/13600: loss = 0.06858
  Ep03 step 10100/13600: loss = 0.07397
  Ep03 step 10200/13600: loss = 0.08325
  Ep03 step 10300/13600: loss = 0.07394
  Ep03 step 10400/13600: loss = 0.06946
  Ep03 step 10500/13600: loss = 0.07384
  Ep03 step 10600/13600: loss = 0.07220
  Ep03 step 10700/13600: loss = 0.09282
  Ep03 step 10800/13600: loss = 0.07405
  Ep03 step 10900/13600: loss = 0.06945
  Ep03 step 11000/13600: loss = 0.07562
  Ep03 step 11100/13600: loss = 0.07898
  Ep03 step 11200/13600: loss = 0.07960
  Ep03 step 11300/13600: loss = 0.08155
  Ep03 step 11400/13600: loss = 0.06397
  Ep03 step 11500/13600: loss = 0.06556
  Ep03 step 11600/13600: loss = 0.07572
  Ep03 step 11700/13600: loss = 0.06644
  Ep03 step 11800/13600: loss = 0.06953
  Ep03 step 11900/13600: loss = 0.08372
  Ep03 step 12000/13600: loss = 0.07436
  Ep03 step 12100/13600: loss = 0.08030
  Ep03 step 12200/13600: loss = 0.07511
  Ep03 step 12300/13600: loss = 0.08139
  Ep03 step 12400/13600: loss = 0.07841
  Ep03 step 12500/13600: loss = 0.07411
  Ep03 step 12600/13600: loss = 0.07549
  Ep03 step 12700/13600: loss = 0.08156
  Ep03 step 12800/13600: loss = 0.07532
  Ep03 step 12900/13600: loss = 0.06781
  Ep03 step 13000/13600: loss = 0.07186
  Ep03 step 13100/13600: loss = 0.07682
  Ep03 step 13200/13600: loss = 0.07711
  Ep03 step 13300/13600: loss = 0.07548
  Ep03 step 13400/13600: loss = 0.07779
  Ep03 step 13500/13600: loss = 0.08711
  Ep03 step 13600/13600: loss = 0.06668

Epoch 03/6 | train=0.07556 val=0.09349 | AUC=['0.997', '0.996', '0.993', '0.995'] PR=['0.979', '0.979', '0.973', '0.981'] | CASCADE-only AUC=['0.996', '0.994', '0.992', '0.993'] PR=['0.953', '0.958', '0.952', '0.967'] | mono_viol=0.00000 | 2852s

  [checkpoint] best.pt updated (epoch 3, val_loss=0.09349)
  Ep04 step  100/13600: loss = 0.07182
  Ep04 step  200/13600: loss = 0.06842
  Ep04 step  300/13600: loss = 0.06427
  Ep04 step  400/13600: loss = 0.07571
  Ep04 step  500/13600: loss = 0.07580
  Ep04 step  600/13600: loss = 0.07580
  Ep04 step  700/13600: loss = 0.08252
  Ep04 step  800/13600: loss = 0.08242
  Ep04 step  900/13600: loss = 0.07733
  Ep04 step 1000/13600: loss = 0.07663
  Ep04 step 1100/13600: loss = 0.06430
  Ep04 step 1200/13600: loss = 0.07300
  Ep04 step 1300/13600: loss = 0.06693
  Ep04 step 1400/13600: loss = 0.08256
  Ep04 step 1500/13600: loss = 0.07064
  Ep04 step 1600/13600: loss = 0.06120
  Ep04 step 1700/13600: loss = 0.08807
  Ep04 step 1800/13600: loss = 0.08010
  Ep04 step 1900/13600: loss = 0.08637
  Ep04 step 2000/13600: loss = 0.07385
  Ep04 step 2100/13600: loss = 0.08303
  Ep04 step 2200/13600: loss = 0.08315
  Ep04 step 2300/13600: loss = 0.07049
  Ep04 step 2400/13600: loss = 0.07181
  Ep04 step 2500/13600: loss = 0.07734
  Ep04 step 2600/13600: loss = 0.07133
  Ep04 step 2700/13600: loss = 0.08681
  Ep04 step 2800/13600: loss = 0.07151
  Ep04 step 2900/13600: loss = 0.07418
  Ep04 step 3000/13600: loss = 0.06485
  Ep04 step 3100/13600: loss = 0.08903
  Ep04 step 3200/13600: loss = 0.08166
  Ep04 step 3300/13600: loss = 0.06995
  Ep04 step 3400/13600: loss = 0.07989
  Ep04 step 3500/13600: loss = 0.07599
  Ep04 step 3600/13600: loss = 0.07273
  Ep04 step 3700/13600: loss = 0.07628
  Ep04 step 3800/13600: loss = 0.08101
  Ep04 step 3900/13600: loss = 0.08064
  Ep04 step 4000/13600: loss = 0.07325
  Ep04 step 4100/13600: loss = 0.07475
  Ep04 step 4200/13600: loss = 0.07080
  Ep04 step 4300/13600: loss = 0.07450
  Ep04 step 4400/13600: loss = 0.07915
  Ep04 step 4500/13600: loss = 0.06794
  Ep04 step 4600/13600: loss = 0.07708
  Ep04 step 4700/13600: loss = 0.06922
  Ep04 step 4800/13600: loss = 0.07870
  Ep04 step 4900/13600: loss = 0.07327
  Ep04 step 5000/13600: loss = 0.06845
  Ep04 step 5100/13600: loss = 0.07359
  Ep04 step 5200/13600: loss = 0.07874
  Ep04 step 5300/13600: loss = 0.07612
  Ep04 step 5400/13600: loss = 0.07892
  Ep04 step 5500/13600: loss = 0.07497
  Ep04 step 5600/13600: loss = 0.08030
  Ep04 step 5700/13600: loss = 0.07619
  Ep04 step 5800/13600: loss = 0.06796
  Ep04 step 5900/13600: loss = 0.07451
  Ep04 step 6000/13600: loss = 0.06053
  Ep04 step 6100/13600: loss = 0.07465
  Ep04 step 6200/13600: loss = 0.05843
  Ep04 step 6300/13600: loss = 0.06321
  Ep04 step 6400/13600: loss = 0.06354
  Ep04 step 6500/13600: loss = 0.07108
  Ep04 step 6600/13600: loss = 0.06640
  Ep04 step 6700/13600: loss = 0.07595
  Ep04 step 6800/13600: loss = 0.08075
  Ep04 step 6900/13600: loss = 0.07651
  Ep04 step 7000/13600: loss = 0.07401
  Ep04 step 7100/13600: loss = 0.06449
  Ep04 step 7200/13600: loss = 0.06675
  Ep04 step 7300/13600: loss = 0.07995
  Ep04 step 7400/13600: loss = 0.07702
  Ep04 step 7500/13600: loss = 0.07120
  Ep04 step 7600/13600: loss = 0.07665
  Ep04 step 7700/13600: loss = 0.07829
  Ep04 step 7800/13600: loss = 0.07023
  Ep04 step 7900/13600: loss = 0.08147
  Ep04 step 8000/13600: loss = 0.08095
  Ep04 step 8100/13600: loss = 0.06338
  Ep04 step 8200/13600: loss = 0.07347
  Ep04 step 8300/13600: loss = 0.07290
  Ep04 step 8400/13600: loss = 0.06141
  Ep04 step 8500/13600: loss = 0.06419
  Ep04 step 8600/13600: loss = 0.06454
  Ep04 step 8700/13600: loss = 0.06934
  Ep04 step 8800/13600: loss = 0.07156
  Ep04 step 8900/13600: loss = 0.07229
  Ep04 step 9000/13600: loss = 0.07358
  Ep04 step 9100/13600: loss = 0.06777
  Ep04 step 9200/13600: loss = 0.06488
  Ep04 step 9300/13600: loss = 0.07781
  Ep04 step 9400/13600: loss = 0.07287
  Ep04 step 9500/13600: loss = 0.07049
  Ep04 step 9600/13600: loss = 0.08239
  Ep04 step 9700/13600: loss = 0.09459
  Ep04 step 9800/13600: loss = 0.08689
  Ep04 step 9900/13600: loss = 0.07228
  Ep04 step 10000/13600: loss = 0.07973
  Ep04 step 10100/13600: loss = 0.07938
  Ep04 step 10200/13600: loss = 0.07180
  Ep04 step 10300/13600: loss = 0.07827
  Ep04 step 10400/13600: loss = 0.08920
  Ep04 step 10500/13600: loss = 0.08135
  Ep04 step 10600/13600: loss = 0.07709
  Ep04 step 10700/13600: loss = 0.09060
  Ep04 step 10800/13600: loss = 0.07972
  Ep04 step 10900/13600: loss = 0.08073
  Ep04 step 11000/13600: loss = 0.07706
  Ep04 step 11100/13600: loss = 0.06915
  Ep04 step 11200/13600: loss = 0.08416
  Ep04 step 11300/13600: loss = 0.07863
  Ep04 step 11400/13600: loss = 0.06523
  Ep04 step 11500/13600: loss = 0.06680
  Ep04 step 11600/13600: loss = 0.06579
  Ep04 step 11700/13600: loss = 0.07415
  Ep04 step 11800/13600: loss = 0.07374
  Ep04 step 11900/13600: loss = 0.06936
  Ep04 step 12000/13600: loss = 0.07527
  Ep04 step 12100/13600: loss = 0.08309
  Ep04 step 12200/13600: loss = 0.07440
  Ep04 step 12300/13600: loss = 0.06694
  Ep04 step 12400/13600: loss = 0.06197
  Ep04 step 12500/13600: loss = 0.07201
  Ep04 step 12600/13600: loss = 0.07219
  Ep04 step 12700/13600: loss = 0.07617
  Ep04 step 12800/13600: loss = 0.05844
  Ep04 step 12900/13600: loss = 0.07842
  Ep04 step 13000/13600: loss = 0.07050
  Ep04 step 13100/13600: loss = 0.07274
  Ep04 step 13200/13600: loss = 0.07164
  Ep04 step 13300/13600: loss = 0.08558
  Ep04 step 13400/13600: loss = 0.08490
  Ep04 step 13500/13600: loss = 0.07049
  Ep04 step 13600/13600: loss = 0.07431

Epoch 04/6 | train=0.07439 val=0.09425 | AUC=['0.997', '0.996', '0.993', '0.994'] PR=['0.979', '0.979', '0.971', '0.980'] | CASCADE-only AUC=['0.996', '0.995', '0.991', '0.993'] PR=['0.952', '0.957', '0.949', '0.965'] | mono_viol=0.00000 | 3562s

  Ep05 step  100/13600: loss = 0.07298
  Ep05 step  200/13600: loss = 0.06071
  Ep05 step  300/13600: loss = 0.06325
  Ep05 step  400/13600: loss = 0.07329
  Ep05 step  500/13600: loss = 0.06170
  Ep05 step  600/13600: loss = 0.08326
  Ep05 step  700/13600: loss = 0.07947
  Ep05 step  800/13600: loss = 0.08381
  Ep05 step  900/13600: loss = 0.07166
  Ep05 step 1000/13600: loss = 0.08135
  Ep05 step 1100/13600: loss = 0.08441
  Ep05 step 1200/13600: loss = 0.07425
  Ep05 step 1300/13600: loss = 0.06854
  Ep05 step 1400/13600: loss = 0.07135
  Ep05 step 1500/13600: loss = 0.08256
  Ep05 step 1600/13600: loss = 0.08280
  Ep05 step 1700/13600: loss = 0.07425
  Ep05 step 1800/13600: loss = 0.07207
  Ep05 step 1900/13600: loss = 0.08812
  Ep05 step 2000/13600: loss = 0.06569
  Ep05 step 2100/13600: loss = 0.07682
  Ep05 step 2200/13600: loss = 0.07016
  Ep05 step 2300/13600: loss = 0.07235
  Ep05 step 2400/13600: loss = 0.06151
  Ep05 step 2500/13600: loss = 0.07979
  Ep05 step 2600/13600: loss = 0.07523
  Ep05 step 2700/13600: loss = 0.07468
  Ep05 step 2800/13600: loss = 0.07903
  Ep05 step 2900/13600: loss = 0.07368
  Ep05 step 3000/13600: loss = 0.08008
  Ep05 step 3100/13600: loss = 0.07531
  Ep05 step 3200/13600: loss = 0.07420
  Ep05 step 3300/13600: loss = 0.08544
  Ep05 step 3400/13600: loss = 0.07012
  Ep05 step 3500/13600: loss = 0.07458
  Ep05 step 3600/13600: loss = 0.07190
  Ep05 step 3700/13600: loss = 0.07963
  Ep05 step 3800/13600: loss = 0.07768
  Ep05 step 3900/13600: loss = 0.07089
  Ep05 step 4000/13600: loss = 0.06224
  Ep05 step 4100/13600: loss = 0.07184
  Ep05 step 4200/13600: loss = 0.08562
  Ep05 step 4300/13600: loss = 0.06275
  Ep05 step 4400/13600: loss = 0.07176
  Ep05 step 4500/13600: loss = 0.07522
  Ep05 step 4600/13600: loss = 0.06860
  Ep05 step 4700/13600: loss = 0.07250
  Ep05 step 4800/13600: loss = 0.07204
  Ep05 step 4900/13600: loss = 0.07511
  Ep05 step 5000/13600: loss = 0.07155
  Ep05 step 5100/13600: loss = 0.07718
  Ep05 step 5200/13600: loss = 0.06797
  Ep05 step 5300/13600: loss = 0.06514
  Ep05 step 5400/13600: loss = 0.07892
  Ep05 step 5500/13600: loss = 0.06773
  Ep05 step 5600/13600: loss = 0.08506
  Ep05 step 5700/13600: loss = 0.07461
  Ep05 step 5800/13600: loss = 0.07060
  Ep05 step 5900/13600: loss = 0.07242
  Ep05 step 6000/13600: loss = 0.07191
  Ep05 step 6100/13600: loss = 0.07147
  Ep05 step 6200/13600: loss = 0.07537
  Ep05 step 6300/13600: loss = 0.07531
  Ep05 step 6400/13600: loss = 0.08057
  Ep05 step 6500/13600: loss = 0.06722
  Ep05 step 6600/13600: loss = 0.07072
  Ep05 step 6700/13600: loss = 0.06544
  Ep05 step 6800/13600: loss = 0.07085
  Ep05 step 6900/13600: loss = 0.08408
  Ep05 step 7000/13600: loss = 0.06825
  Ep05 step 7100/13600: loss = 0.08003
  Ep05 step 7200/13600: loss = 0.06686
  Ep05 step 7300/13600: loss = 0.07859
  Ep05 step 7400/13600: loss = 0.07050
  Ep05 step 7500/13600: loss = 0.07050
  Ep05 step 7600/13600: loss = 0.06990
  Ep05 step 7700/13600: loss = 0.06531
  Ep05 step 7800/13600: loss = 0.07508
  Ep05 step 7900/13600: loss = 0.08171
  Ep05 step 8000/13600: loss = 0.07805
  Ep05 step 8100/13600: loss = 0.07784
  Ep05 step 8200/13600: loss = 0.06603
  Ep05 step 8300/13600: loss = 0.07183
  Ep05 step 8400/13600: loss = 0.06822
  Ep05 step 8500/13600: loss = 0.07444
  Ep05 step 8600/13600: loss = 0.06602
  Ep05 step 8700/13600: loss = 0.07419
  Ep05 step 8800/13600: loss = 0.07005
  Ep05 step 8900/13600: loss = 0.07203
  Ep05 step 9000/13600: loss = 0.07831
  Ep05 step 9100/13600: loss = 0.08355
  Ep05 step 9200/13600: loss = 0.06753
  Ep05 step 9300/13600: loss = 0.06915
  Ep05 step 9400/13600: loss = 0.07362
  Ep05 step 9500/13600: loss = 0.08526
  Ep05 step 9600/13600: loss = 0.07694
  Ep05 step 9700/13600: loss = 0.07005
  Ep05 step 9800/13600: loss = 0.07808
  Ep05 step 9900/13600: loss = 0.06557
  Ep05 step 10000/13600: loss = 0.07499
  Ep05 step 10100/13600: loss = 0.06475
  Ep05 step 10200/13600: loss = 0.06715
  Ep05 step 10300/13600: loss = 0.07505
  Ep05 step 10400/13600: loss = 0.08407
  Ep05 step 10500/13600: loss = 0.06299
  Ep05 step 10600/13600: loss = 0.06938
  Ep05 step 10700/13600: loss = 0.08223
  Ep05 step 10800/13600: loss = 0.08072
  Ep05 step 10900/13600: loss = 0.07198
  Ep05 step 11000/13600: loss = 0.07532
  Ep05 step 11100/13600: loss = 0.07641
  Ep05 step 11200/13600: loss = 0.07093
  Ep05 step 11300/13600: loss = 0.07689
  Ep05 step 11400/13600: loss = 0.08379
  Ep05 step 11500/13600: loss = 0.07897
  Ep05 step 11600/13600: loss = 0.07544
  Ep05 step 11700/13600: loss = 0.07506
  Ep05 step 11800/13600: loss = 0.07832
  Ep05 step 11900/13600: loss = 0.08645
  Ep05 step 12000/13600: loss = 0.05907
  Ep05 step 12100/13600: loss = 0.06131
  Ep05 step 12200/13600: loss = 0.08362
  Ep05 step 12300/13600: loss = 0.07147
  Ep05 step 12400/13600: loss = 0.08017
  Ep05 step 12500/13600: loss = 0.07065
  Ep05 step 12600/13600: loss = 0.07566
  Ep05 step 12700/13600: loss = 0.07889
  Ep05 step 12800/13600: loss = 0.07844
  Ep05 step 12900/13600: loss = 0.08174
  Ep05 step 13000/13600: loss = 0.06962
  Ep05 step 13100/13600: loss = 0.07010
  Ep05 step 13200/13600: loss = 0.08133
  Ep05 step 13300/13600: loss = 0.07143
  Ep05 step 13400/13600: loss = 0.07052
  Ep05 step 13500/13600: loss = 0.07377
  Ep05 step 13600/13600: loss = 0.06351

Epoch 05/6 | train=0.07387 val=0.09253 | AUC=['0.997', '0.996', '0.993', '0.995'] PR=['0.979', '0.981', '0.974', '0.980'] | CASCADE-only AUC=['0.996', '0.995', '0.992', '0.993'] PR=['0.954', '0.961', '0.953', '0.966'] | mono_viol=0.00000 | 4271s

  [checkpoint] best.pt updated (epoch 5, val_loss=0.09253)
[held-out geoclaw_2050] test_loss=0.18700 mono_viol=0.00000 (1000 runs)
  ALL-nodes     AUC=[0.9941549093127251, 0.9896834614872932, 0.9846705797314644, 0.9879376647472382]  PR=[0.9791763346556087, 0.980300221854482, 0.9766551449290474, 0.9888030445718914]
  CASCADE-only  AUC=[0.9925906173586846, 0.9881023759245873, 0.9826698641180992, 0.9868047533035278]  PR=[0.9654568478677086, 0.9733578577176345, 0.9696906186692846, 0.9863460752226361]
[held-out syn_ts_914_6_1p2955] test_loss=0.03827 mono_viol=0.00000 (1000 runs)
  ALL-nodes     AUC=[0.9994311193823815, 0.9994397962093353, 0.9991065014004707, 0.9986705086827278]  PR=[0.9874877001638351, 0.9894808630413553, 0.9851522502868281, 0.9850452869349341]
  CASCADE-only  AUC=[0.9989977623224259, 0.9991039739251136, 0.9986634262800217, 0.9981240368485451]  PR=[0.9642799243321265, 0.973479520909424, 0.9665983688408077, 0.9704199677790322]
[held-out syn_ts_258_9_3p0022] test_loss=0.17026 mono_viol=0.00000 (1000 runs)
  ALL-nodes     AUC=[0.996596942126751, 0.9887334713935853, 0.9859691941738129, 0.9920838371515274]  PR=[0.9893125024445419, 0.9782859813451412, 0.9779442789917913, 0.9918892108015911]
  CASCADE-only  AUC=[0.9954789960384369, 0.9862703939676285, 0.9834714969396591, 0.9910383996367454]  PR=[0.9811404828158062, 0.9681139996465413, 0.9693078532734283, 0.9894392785445134]
[held-out syn_ts_605_5_3p7563] test_loss=0.18406 mono_viol=0.00000 (1000 runs)
  ALL-nodes     AUC=[0.9768490620851517, 0.9893612462282181, 0.9917277345657348, 0.994485061109066]  PR=[0.9694529394856464, 0.9902333592119157, 0.9933448086051524, 0.9965262885274883]
  CASCADE-only  AUC=[0.9694168194532394, 0.9868278852701187, 0.9899603285193443, 0.9935067762136459]  PR=[0.9472374040949696, 0.985148890403752, 0.9901955776996184, 0.99511377487946]
[held-out syn_ts_808_27_3p7885] test_loss=0.16038 mono_viol=0.00000 (1000 runs)
  ALL-nodes     AUC=[0.9824550620317459, 0.99519725304842, 0.9948604011535644, 0.9964438722729683]  PR=[0.9751299330285692, 0.993650628322328, 0.9946577729228133, 0.9972179580348302]
  CASCADE-only  AUC=[0.97799153393507, 0.9941783821582795, 0.9939513627290726, 0.9959232302308083]  PR=[0.9621589010675282, 0.990743259957199, 0.9926227372418871, 0.9963097034468966]
