task=14 arm=old17 variant=plain cell=dynamic_mask torch_seed=2 set=jesse22 head=hazard labels=/scratch/tj2587/results/dynamic_v1/arrival_h360 labels2=/scratch/tj2587/results/dynamic_v1/arrival_h360 timing=unset context=unset ckpt=/scratch/tj2587/results/gnn_morestorms_v1/old17_plain_dynamic_mask_s2 smoke=0 commit=967d122 uncommitted_files=0
[gate] CUDA OK: NVIDIA L40S
[gate] heterodata data/graph/nyc_infra_heterodata_v1_frozen_failover_edges.pt: total=6231 -> OK
[gate] set jesse22: 22 storms, 17 for training, 5 held out; in both folders []; missing [] -> OK
[gate] variant plain: storm context off, timing inputs off -> OK
[gate] head switch present: ('independent', 'hazard')
=== TRAIN MODE — full training ===
torch seed set: 2
Train: 13600  Val: 3400  (17 scenarios) | Test held-out: ['geoclaw_2050', 'syn_ts_914_6_1p2955', 'syn_ts_258_9_3p0022', 'syn_ts_605_5_3p7563', 'syn_ts_808_27_3p7885'] (5000 runs)
Model parameters: 695,960  head=hazard
Device: cuda
  Ep00 step  100/13600: loss = 0.44392
  Ep00 step  200/13600: loss = 0.34568
  Ep00 step  300/13600: loss = 0.25983
  Ep00 step  400/13600: loss = 0.26934
  Ep00 step  500/13600: loss = 0.24302
  Ep00 step  600/13600: loss = 0.22567
  Ep00 step  700/13600: loss = 0.21564
  Ep00 step  800/13600: loss = 0.23259
  Ep00 step  900/13600: loss = 0.23116
  Ep00 step 1000/13600: loss = 0.20811
  Ep00 step 1100/13600: loss = 0.22014
  Ep00 step 1200/13600: loss = 0.20065
  Ep00 step 1300/13600: loss = 0.20199
  Ep00 step 1400/13600: loss = 0.20244
  Ep00 step 1500/13600: loss = 0.19783
  Ep00 step 1600/13600: loss = 0.19569
  Ep00 step 1700/13600: loss = 0.21614
  Ep00 step 1800/13600: loss = 0.19837
  Ep00 step 1900/13600: loss = 0.19195
  Ep00 step 2000/13600: loss = 0.19955
  Ep00 step 2100/13600: loss = 0.20751
  Ep00 step 2200/13600: loss = 0.20185
  Ep00 step 2300/13600: loss = 0.18641
  Ep00 step 2400/13600: loss = 0.21417
  Ep00 step 2500/13600: loss = 0.20307
  Ep00 step 2600/13600: loss = 0.18553
  Ep00 step 2700/13600: loss = 0.19628
  Ep00 step 2800/13600: loss = 0.19826
  Ep00 step 2900/13600: loss = 0.20018
  Ep00 step 3000/13600: loss = 0.18723
  Ep00 step 3100/13600: loss = 0.19687
  Ep00 step 3200/13600: loss = 0.19793
  Ep00 step 3300/13600: loss = 0.18869
  Ep00 step 3400/13600: loss = 0.19625
  Ep00 step 3500/13600: loss = 0.20425
  Ep00 step 3600/13600: loss = 0.18977
  Ep00 step 3700/13600: loss = 0.18856
  Ep00 step 3800/13600: loss = 0.19203
  Ep00 step 3900/13600: loss = 0.17865
  Ep00 step 4000/13600: loss = 0.19150
  Ep00 step 4100/13600: loss = 0.19453
  Ep00 step 4200/13600: loss = 0.18372
  Ep00 step 4300/13600: loss = 0.18071
  Ep00 step 4400/13600: loss = 0.18347
  Ep00 step 4500/13600: loss = 0.18940
  Ep00 step 4600/13600: loss = 0.19066
  Ep00 step 4700/13600: loss = 0.20075
  Ep00 step 4800/13600: loss = 0.18004
  Ep00 step 4900/13600: loss = 0.16578
  Ep00 step 5000/13600: loss = 0.19131
  Ep00 step 5100/13600: loss = 0.16928
  Ep00 step 5200/13600: loss = 0.18501
  Ep00 step 5300/13600: loss = 0.17059
  Ep00 step 5400/13600: loss = 0.17947
  Ep00 step 5500/13600: loss = 0.19056
  Ep00 step 5600/13600: loss = 0.17693
  Ep00 step 5700/13600: loss = 0.17091
  Ep00 step 5800/13600: loss = 0.18010
  Ep00 step 5900/13600: loss = 0.17198
  Ep00 step 6000/13600: loss = 0.16881
  Ep00 step 6100/13600: loss = 0.17799
  Ep00 step 6200/13600: loss = 0.17572
  Ep00 step 6300/13600: loss = 0.17393
  Ep00 step 6400/13600: loss = 0.16227
  Ep00 step 6500/13600: loss = 0.17532
  Ep00 step 6600/13600: loss = 0.18778
  Ep00 step 6700/13600: loss = 0.18526
  Ep00 step 6800/13600: loss = 0.17852
  Ep00 step 6900/13600: loss = 0.17719
  Ep00 step 7000/13600: loss = 0.17920
  Ep00 step 7100/13600: loss = 0.18317
  Ep00 step 7200/13600: loss = 0.16259
  Ep00 step 7300/13600: loss = 0.18679
  Ep00 step 7400/13600: loss = 0.18081
  Ep00 step 7500/13600: loss = 0.16815
  Ep00 step 7600/13600: loss = 0.17699
  Ep00 step 7700/13600: loss = 0.17702
  Ep00 step 7800/13600: loss = 0.17084
  Ep00 step 7900/13600: loss = 0.17735
  Ep00 step 8000/13600: loss = 0.18448
  Ep00 step 8100/13600: loss = 0.17676
  Ep00 step 8200/13600: loss = 0.18109
  Ep00 step 8300/13600: loss = 0.18184
  Ep00 step 8400/13600: loss = 0.17268
  Ep00 step 8500/13600: loss = 0.18028
  Ep00 step 8600/13600: loss = 0.18837
  Ep00 step 8700/13600: loss = 0.17365
  Ep00 step 8800/13600: loss = 0.17458
  Ep00 step 8900/13600: loss = 0.16587
  Ep00 step 9000/13600: loss = 0.17792
  Ep00 step 9100/13600: loss = 0.18224
  Ep00 step 9200/13600: loss = 0.17476
  Ep00 step 9300/13600: loss = 0.17054
  Ep00 step 9400/13600: loss = 0.18227
  Ep00 step 9500/13600: loss = 0.17858
  Ep00 step 9600/13600: loss = 0.17338
  Ep00 step 9700/13600: loss = 0.17635
  Ep00 step 9800/13600: loss = 0.17420
  Ep00 step 9900/13600: loss = 0.17620
  Ep00 step 10000/13600: loss = 0.16833
  Ep00 step 10100/13600: loss = 0.17860
  Ep00 step 10200/13600: loss = 0.18107
  Ep00 step 10300/13600: loss = 0.17737
  Ep00 step 10400/13600: loss = 0.16554
  Ep00 step 10500/13600: loss = 0.17079
  Ep00 step 10600/13600: loss = 0.16993
  Ep00 step 10700/13600: loss = 0.17142
  Ep00 step 10800/13600: loss = 0.17319
  Ep00 step 10900/13600: loss = 0.16214
  Ep00 step 11000/13600: loss = 0.17866
  Ep00 step 11100/13600: loss = 0.16302
  Ep00 step 11200/13600: loss = 0.17370
  Ep00 step 11300/13600: loss = 0.17713
  Ep00 step 11400/13600: loss = 0.17708
  Ep00 step 11500/13600: loss = 0.17756
  Ep00 step 11600/13600: loss = 0.18269
  Ep00 step 11700/13600: loss = 0.18201
  Ep00 step 11800/13600: loss = 0.17065
  Ep00 step 11900/13600: loss = 0.18009
  Ep00 step 12000/13600: loss = 0.16848
  Ep00 step 12100/13600: loss = 0.16707
  Ep00 step 12200/13600: loss = 0.18149
  Ep00 step 12300/13600: loss = 0.17019
  Ep00 step 12400/13600: loss = 0.17335
  Ep00 step 12500/13600: loss = 0.16276
  Ep00 step 12600/13600: loss = 0.18200
  Ep00 step 12700/13600: loss = 0.16932
  Ep00 step 12800/13600: loss = 0.16901
  Ep00 step 12900/13600: loss = 0.17925
  Ep00 step 13000/13600: loss = 0.16318
  Ep00 step 13100/13600: loss = 0.16574
  Ep00 step 13200/13600: loss = 0.17317
  Ep00 step 13300/13600: loss = 0.18331
  Ep00 step 13400/13600: loss = 0.16327
  Ep00 step 13500/13600: loss = 0.16236
  Ep00 step 13600/13600: loss = 0.17192

Epoch 00/6 | train=0.18764 val=0.19818 | AUC=['0.992', '0.985', '0.980', '0.981'] PR=['0.947', '0.938', '0.929', '0.939'] | CASCADE-only AUC=['0.988', '0.980', '0.975', '0.976'] PR=['0.883', '0.885', '0.880', '0.900'] | mono_viol=0.00000 | 720s

  [checkpoint] best.pt updated (epoch 0, val_loss=0.19818)
  Ep01 step  100/13600: loss = 0.17203
  Ep01 step  200/13600: loss = 0.16895
  Ep01 step  300/13600: loss = 0.18348
  Ep01 step  400/13600: loss = 0.17540
  Ep01 step  500/13600: loss = 0.14957
  Ep01 step  600/13600: loss = 0.17588
  Ep01 step  700/13600: loss = 0.16266
  Ep01 step  800/13600: loss = 0.17541
  Ep01 step  900/13600: loss = 0.17695
  Ep01 step 1000/13600: loss = 0.15197
  Ep01 step 1100/13600: loss = 0.17550
  Ep01 step 1200/13600: loss = 0.17855
  Ep01 step 1300/13600: loss = 0.17038
  Ep01 step 1400/13600: loss = 0.17365
  Ep01 step 1500/13600: loss = 0.17786
  Ep01 step 1600/13600: loss = 0.16851
  Ep01 step 1700/13600: loss = 0.16218
  Ep01 step 1800/13600: loss = 0.18527
  Ep01 step 1900/13600: loss = 0.17615
  Ep01 step 2000/13600: loss = 0.17743
  Ep01 step 2100/13600: loss = 0.16551
  Ep01 step 2200/13600: loss = 0.17838
  Ep01 step 2300/13600: loss = 0.16224
  Ep01 step 2400/13600: loss = 0.17033
  Ep01 step 2500/13600: loss = 0.17686
  Ep01 step 2600/13600: loss = 0.16840
  Ep01 step 2700/13600: loss = 0.16998
  Ep01 step 2800/13600: loss = 0.18245
  Ep01 step 2900/13600: loss = 0.15547
  Ep01 step 3000/13600: loss = 0.16703
  Ep01 step 3100/13600: loss = 0.15898
  Ep01 step 3200/13600: loss = 0.16481
  Ep01 step 3300/13600: loss = 0.17021
  Ep01 step 3400/13600: loss = 0.17758
  Ep01 step 3500/13600: loss = 0.17130
  Ep01 step 3600/13600: loss = 0.17716
  Ep01 step 3700/13600: loss = 0.16850
  Ep01 step 3800/13600: loss = 0.18523
  Ep01 step 3900/13600: loss = 0.17349
  Ep01 step 4000/13600: loss = 0.16696
  Ep01 step 4100/13600: loss = 0.16692
  Ep01 step 4200/13600: loss = 0.17734
  Ep01 step 4300/13600: loss = 0.15902
  Ep01 step 4400/13600: loss = 0.17806
  Ep01 step 4500/13600: loss = 0.15916
  Ep01 step 4600/13600: loss = 0.16331
  Ep01 step 4700/13600: loss = 0.17086
  Ep01 step 4800/13600: loss = 0.16589
  Ep01 step 4900/13600: loss = 0.16978
  Ep01 step 5000/13600: loss = 0.15398
  Ep01 step 5100/13600: loss = 0.17047
  Ep01 step 5200/13600: loss = 0.16168
  Ep01 step 5300/13600: loss = 0.16792
  Ep01 step 5400/13600: loss = 0.15841
  Ep01 step 5500/13600: loss = 0.15616
  Ep01 step 5600/13600: loss = 0.16800
  Ep01 step 5700/13600: loss = 0.16331
  Ep01 step 5800/13600: loss = 0.16454
  Ep01 step 5900/13600: loss = 0.16311
  Ep01 step 6000/13600: loss = 0.16913
  Ep01 step 6100/13600: loss = 0.16794
  Ep01 step 6200/13600: loss = 0.16226
  Ep01 step 6300/13600: loss = 0.17870
  Ep01 step 6400/13600: loss = 0.16405
  Ep01 step 6500/13600: loss = 0.18773
  Ep01 step 6600/13600: loss = 0.17718
  Ep01 step 6700/13600: loss = 0.16802
  Ep01 step 6800/13600: loss = 0.15721
  Ep01 step 6900/13600: loss = 0.17738
  Ep01 step 7000/13600: loss = 0.17515
  Ep01 step 7100/13600: loss = 0.17292
  Ep01 step 7200/13600: loss = 0.15351
  Ep01 step 7300/13600: loss = 0.15929
  Ep01 step 7400/13600: loss = 0.15684
  Ep01 step 7500/13600: loss = 0.17845
  Ep01 step 7600/13600: loss = 0.16391
  Ep01 step 7700/13600: loss = 0.17146
  Ep01 step 7800/13600: loss = 0.17549
  Ep01 step 7900/13600: loss = 0.16282
  Ep01 step 8000/13600: loss = 0.16732
  Ep01 step 8100/13600: loss = 0.17387
  Ep01 step 8200/13600: loss = 0.16302
  Ep01 step 8300/13600: loss = 0.16701
  Ep01 step 8400/13600: loss = 0.16065
  Ep01 step 8500/13600: loss = 0.15599
  Ep01 step 8600/13600: loss = 0.17016
  Ep01 step 8700/13600: loss = 0.17560
  Ep01 step 8800/13600: loss = 0.16362
  Ep01 step 8900/13600: loss = 0.16873
  Ep01 step 9000/13600: loss = 0.17004
  Ep01 step 9100/13600: loss = 0.16009
  Ep01 step 9200/13600: loss = 0.16550
  Ep01 step 9300/13600: loss = 0.16187
  Ep01 step 9400/13600: loss = 0.15994
  Ep01 step 9500/13600: loss = 0.17076
  Ep01 step 9600/13600: loss = 0.15407
  Ep01 step 9700/13600: loss = 0.15084
  Ep01 step 9800/13600: loss = 0.16249
  Ep01 step 9900/13600: loss = 0.17500
  Ep01 step 10000/13600: loss = 0.16738
  Ep01 step 10100/13600: loss = 0.17225
  Ep01 step 10200/13600: loss = 0.15358
  Ep01 step 10300/13600: loss = 0.16512
  Ep01 step 10400/13600: loss = 0.16529
  Ep01 step 10500/13600: loss = 0.15900
  Ep01 step 10600/13600: loss = 0.15413
  Ep01 step 10700/13600: loss = 0.15137
  Ep01 step 10800/13600: loss = 0.16213
  Ep01 step 10900/13600: loss = 0.15766
  Ep01 step 11000/13600: loss = 0.16574
  Ep01 step 11100/13600: loss = 0.16734
  Ep01 step 11200/13600: loss = 0.17463
  Ep01 step 11300/13600: loss = 0.17480
  Ep01 step 11400/13600: loss = 0.16025
  Ep01 step 11500/13600: loss = 0.16484
  Ep01 step 11600/13600: loss = 0.16147
  Ep01 step 11700/13600: loss = 0.17203
  Ep01 step 11800/13600: loss = 0.15662
  Ep01 step 11900/13600: loss = 0.15747
  Ep01 step 12000/13600: loss = 0.15798
  Ep01 step 12100/13600: loss = 0.17228
  Ep01 step 12200/13600: loss = 0.16705
  Ep01 step 12300/13600: loss = 0.16629
  Ep01 step 12400/13600: loss = 0.15364
  Ep01 step 12500/13600: loss = 0.17297
  Ep01 step 12600/13600: loss = 0.15500
  Ep01 step 12700/13600: loss = 0.16690
  Ep01 step 12800/13600: loss = 0.16630
  Ep01 step 12900/13600: loss = 0.16111
  Ep01 step 13000/13600: loss = 0.16712
  Ep01 step 13100/13600: loss = 0.17095
  Ep01 step 13200/13600: loss = 0.16753
  Ep01 step 13300/13600: loss = 0.17058
  Ep01 step 13400/13600: loss = 0.18020
  Ep01 step 13500/13600: loss = 0.16306
  Ep01 step 13600/13600: loss = 0.16765

Epoch 01/6 | train=0.16730 val=0.19024 | AUC=['0.992', '0.986', '0.981', '0.981'] PR=['0.945', '0.939', '0.931', '0.941'] | CASCADE-only AUC=['0.988', '0.981', '0.976', '0.976'] PR=['0.880', '0.888', '0.885', '0.907'] | mono_viol=0.00000 | 1435s

  [checkpoint] best.pt updated (epoch 1, val_loss=0.19024)
  Ep02 step  100/13600: loss = 0.16281
  Ep02 step  200/13600: loss = 0.16741
  Ep02 step  300/13600: loss = 0.16184
  Ep02 step  400/13600: loss = 0.16053
  Ep02 step  500/13600: loss = 0.15391
  Ep02 step  600/13600: loss = 0.16364
  Ep02 step  700/13600: loss = 0.17189
  Ep02 step  800/13600: loss = 0.16669
  Ep02 step  900/13600: loss = 0.17522
  Ep02 step 1000/13600: loss = 0.16413
  Ep02 step 1100/13600: loss = 0.17031
  Ep02 step 1200/13600: loss = 0.16094
  Ep02 step 1300/13600: loss = 0.17060
  Ep02 step 1400/13600: loss = 0.15910
  Ep02 step 1500/13600: loss = 0.17316
  Ep02 step 1600/13600: loss = 0.17282
  Ep02 step 1700/13600: loss = 0.16069
  Ep02 step 1800/13600: loss = 0.17085
  Ep02 step 1900/13600: loss = 0.15833
  Ep02 step 2000/13600: loss = 0.17799
  Ep02 step 2100/13600: loss = 0.16260
  Ep02 step 2200/13600: loss = 0.16214
  Ep02 step 2300/13600: loss = 0.15236
  Ep02 step 2400/13600: loss = 0.15908
  Ep02 step 2500/13600: loss = 0.16296
  Ep02 step 2600/13600: loss = 0.16933
  Ep02 step 2700/13600: loss = 0.16663
  Ep02 step 2800/13600: loss = 0.16625
  Ep02 step 2900/13600: loss = 0.14668
  Ep02 step 3000/13600: loss = 0.16551
  Ep02 step 3100/13600: loss = 0.15984
  Ep02 step 3200/13600: loss = 0.15682
  Ep02 step 3300/13600: loss = 0.18014
  Ep02 step 3400/13600: loss = 0.16785
  Ep02 step 3500/13600: loss = 0.15937
  Ep02 step 3600/13600: loss = 0.15593
  Ep02 step 3700/13600: loss = 0.17075
  Ep02 step 3800/13600: loss = 0.16407
  Ep02 step 3900/13600: loss = 0.16042
  Ep02 step 4000/13600: loss = 0.16869
  Ep02 step 4100/13600: loss = 0.16767
  Ep02 step 4200/13600: loss = 0.15443
  Ep02 step 4300/13600: loss = 0.16294
  Ep02 step 4400/13600: loss = 0.15654
  Ep02 step 4500/13600: loss = 0.16699
  Ep02 step 4600/13600: loss = 0.16822
  Ep02 step 4700/13600: loss = 0.15986
  Ep02 step 4800/13600: loss = 0.16568
  Ep02 step 4900/13600: loss = 0.15886
  Ep02 step 5000/13600: loss = 0.16775
  Ep02 step 5100/13600: loss = 0.17466
  Ep02 step 5200/13600: loss = 0.16798
  Ep02 step 5300/13600: loss = 0.16871
  Ep02 step 5400/13600: loss = 0.15760
  Ep02 step 5500/13600: loss = 0.16890
  Ep02 step 5600/13600: loss = 0.16475
  Ep02 step 5700/13600: loss = 0.15548
  Ep02 step 5800/13600: loss = 0.16570
  Ep02 step 5900/13600: loss = 0.16677
  Ep02 step 6000/13600: loss = 0.16470
  Ep02 step 6100/13600: loss = 0.16179
  Ep02 step 6200/13600: loss = 0.16932
  Ep02 step 6300/13600: loss = 0.16847
  Ep02 step 6400/13600: loss = 0.16802
  Ep02 step 6500/13600: loss = 0.16651
  Ep02 step 6600/13600: loss = 0.17523
  Ep02 step 6700/13600: loss = 0.15333
  Ep02 step 6800/13600: loss = 0.15782
  Ep02 step 6900/13600: loss = 0.16472
  Ep02 step 7000/13600: loss = 0.16415
  Ep02 step 7100/13600: loss = 0.17369
  Ep02 step 7200/13600: loss = 0.15821
  Ep02 step 7300/13600: loss = 0.17332
  Ep02 step 7400/13600: loss = 0.16068
  Ep02 step 7500/13600: loss = 0.16710
  Ep02 step 7600/13600: loss = 0.16488
  Ep02 step 7700/13600: loss = 0.16592
  Ep02 step 7800/13600: loss = 0.17302
  Ep02 step 7900/13600: loss = 0.17013
  Ep02 step 8000/13600: loss = 0.16604
  Ep02 step 8100/13600: loss = 0.16967
  Ep02 step 8200/13600: loss = 0.16090
  Ep02 step 8300/13600: loss = 0.16577
  Ep02 step 8400/13600: loss = 0.14818
  Ep02 step 8500/13600: loss = 0.16717
  Ep02 step 8600/13600: loss = 0.16059
  Ep02 step 8700/13600: loss = 0.16315
  Ep02 step 8800/13600: loss = 0.16124
  Ep02 step 8900/13600: loss = 0.16049
  Ep02 step 9000/13600: loss = 0.16469
  Ep02 step 9100/13600: loss = 0.14241
  Ep02 step 9200/13600: loss = 0.17505
  Ep02 step 9300/13600: loss = 0.16814
  Ep02 step 9400/13600: loss = 0.16607
  Ep02 step 9500/13600: loss = 0.16531
  Ep02 step 9600/13600: loss = 0.15760
  Ep02 step 9700/13600: loss = 0.16408
  Ep02 step 9800/13600: loss = 0.15848
  Ep02 step 9900/13600: loss = 0.17758
  Ep02 step 10000/13600: loss = 0.16944
  Ep02 step 10100/13600: loss = 0.15894
  Ep02 step 10200/13600: loss = 0.17060
  Ep02 step 10300/13600: loss = 0.15402
  Ep02 step 10400/13600: loss = 0.15883
  Ep02 step 10500/13600: loss = 0.16512
  Ep02 step 10600/13600: loss = 0.17349
  Ep02 step 10700/13600: loss = 0.16612
  Ep02 step 10800/13600: loss = 0.16301
  Ep02 step 10900/13600: loss = 0.15601
  Ep02 step 11000/13600: loss = 0.16374
  Ep02 step 11100/13600: loss = 0.16345
  Ep02 step 11200/13600: loss = 0.16781
  Ep02 step 11300/13600: loss = 0.16632
  Ep02 step 11400/13600: loss = 0.17197
  Ep02 step 11500/13600: loss = 0.16867
  Ep02 step 11600/13600: loss = 0.16690
  Ep02 step 11700/13600: loss = 0.16086
  Ep02 step 11800/13600: loss = 0.16828
  Ep02 step 11900/13600: loss = 0.16212
  Ep02 step 12000/13600: loss = 0.17099
  Ep02 step 12100/13600: loss = 0.15274
  Ep02 step 12200/13600: loss = 0.16267
  Ep02 step 12300/13600: loss = 0.16136
  Ep02 step 12400/13600: loss = 0.15581
  Ep02 step 12500/13600: loss = 0.16403
  Ep02 step 12600/13600: loss = 0.16033
  Ep02 step 12700/13600: loss = 0.16286
  Ep02 step 12800/13600: loss = 0.15985
  Ep02 step 12900/13600: loss = 0.17136
  Ep02 step 13000/13600: loss = 0.16256
  Ep02 step 13100/13600: loss = 0.17025
  Ep02 step 13200/13600: loss = 0.16579
  Ep02 step 13300/13600: loss = 0.17079
  Ep02 step 13400/13600: loss = 0.16205
  Ep02 step 13500/13600: loss = 0.16209
  Ep02 step 13600/13600: loss = 0.15788

Epoch 02/6 | train=0.16436 val=0.19041 | AUC=['0.993', '0.988', '0.982', '0.984'] PR=['0.952', '0.944', '0.935', '0.946'] | CASCADE-only AUC=['0.989', '0.984', '0.978', '0.980'] PR=['0.895', '0.898', '0.891', '0.913'] | mono_viol=0.00000 | 2150s

  Ep03 step  100/13600: loss = 0.17168
  Ep03 step  200/13600: loss = 0.16975
  Ep03 step  300/13600: loss = 0.16583
  Ep03 step  400/13600: loss = 0.15338
  Ep03 step  500/13600: loss = 0.17026
  Ep03 step  600/13600: loss = 0.16671
  Ep03 step  700/13600: loss = 0.16219
  Ep03 step  800/13600: loss = 0.16891
  Ep03 step  900/13600: loss = 0.16359
  Ep03 step 1000/13600: loss = 0.16537
  Ep03 step 1100/13600: loss = 0.16348
  Ep03 step 1200/13600: loss = 0.17062
  Ep03 step 1300/13600: loss = 0.15739
  Ep03 step 1400/13600: loss = 0.16883
  Ep03 step 1500/13600: loss = 0.16310
  Ep03 step 1600/13600: loss = 0.15337
  Ep03 step 1700/13600: loss = 0.16086
  Ep03 step 1800/13600: loss = 0.17218
  Ep03 step 1900/13600: loss = 0.16950
  Ep03 step 2000/13600: loss = 0.16534
  Ep03 step 2100/13600: loss = 0.15958
  Ep03 step 2200/13600: loss = 0.15677
  Ep03 step 2300/13600: loss = 0.16565
  Ep03 step 2400/13600: loss = 0.15406
  Ep03 step 2500/13600: loss = 0.15770
  Ep03 step 2600/13600: loss = 0.16387
  Ep03 step 2700/13600: loss = 0.17026
  Ep03 step 2800/13600: loss = 0.16099
  Ep03 step 2900/13600: loss = 0.17081
  Ep03 step 3000/13600: loss = 0.16659
  Ep03 step 3100/13600: loss = 0.16894
  Ep03 step 3200/13600: loss = 0.16597
  Ep03 step 3300/13600: loss = 0.17018
  Ep03 step 3400/13600: loss = 0.16093
  Ep03 step 3500/13600: loss = 0.16016
  Ep03 step 3600/13600: loss = 0.16331
  Ep03 step 3700/13600: loss = 0.16519
  Ep03 step 3800/13600: loss = 0.16853
  Ep03 step 3900/13600: loss = 0.16148
  Ep03 step 4000/13600: loss = 0.17324
  Ep03 step 4100/13600: loss = 0.17507
  Ep03 step 4200/13600: loss = 0.16576
  Ep03 step 4300/13600: loss = 0.16942
  Ep03 step 4400/13600: loss = 0.16198
  Ep03 step 4500/13600: loss = 0.17279
  Ep03 step 4600/13600: loss = 0.14924
  Ep03 step 4700/13600: loss = 0.16709
  Ep03 step 4800/13600: loss = 0.16626
  Ep03 step 4900/13600: loss = 0.16958
  Ep03 step 5000/13600: loss = 0.16039
  Ep03 step 5100/13600: loss = 0.15893
  Ep03 step 5200/13600: loss = 0.16139
  Ep03 step 5300/13600: loss = 0.15958
  Ep03 step 5400/13600: loss = 0.15879
  Ep03 step 5500/13600: loss = 0.16083
  Ep03 step 5600/13600: loss = 0.16485
  Ep03 step 5700/13600: loss = 0.15713
  Ep03 step 5800/13600: loss = 0.16118
  Ep03 step 5900/13600: loss = 0.15436
  Ep03 step 6000/13600: loss = 0.15993
  Ep03 step 6100/13600: loss = 0.16436
  Ep03 step 6200/13600: loss = 0.16722
  Ep03 step 6300/13600: loss = 0.16036
  Ep03 step 6400/13600: loss = 0.15471
  Ep03 step 6500/13600: loss = 0.15352
  Ep03 step 6600/13600: loss = 0.16725
  Ep03 step 6700/13600: loss = 0.16418
  Ep03 step 6800/13600: loss = 0.16044
  Ep03 step 6900/13600: loss = 0.15497
  Ep03 step 7000/13600: loss = 0.15222
  Ep03 step 7100/13600: loss = 0.15371
  Ep03 step 7200/13600: loss = 0.17100
  Ep03 step 7300/13600: loss = 0.15590
  Ep03 step 7400/13600: loss = 0.16109
  Ep03 step 7500/13600: loss = 0.16921
  Ep03 step 7600/13600: loss = 0.15544
  Ep03 step 7700/13600: loss = 0.14702
  Ep03 step 7800/13600: loss = 0.16870
  Ep03 step 7900/13600: loss = 0.15207
  Ep03 step 8000/13600: loss = 0.16808
  Ep03 step 8100/13600: loss = 0.15910
  Ep03 step 8200/13600: loss = 0.15722
  Ep03 step 8300/13600: loss = 0.16253
  Ep03 step 8400/13600: loss = 0.16131
  Ep03 step 8500/13600: loss = 0.15911
  Ep03 step 8600/13600: loss = 0.14892
  Ep03 step 8700/13600: loss = 0.15436
  Ep03 step 8800/13600: loss = 0.15624
  Ep03 step 8900/13600: loss = 0.16826
  Ep03 step 9000/13600: loss = 0.16334
  Ep03 step 9100/13600: loss = 0.16846
  Ep03 step 9200/13600: loss = 0.16071
  Ep03 step 9300/13600: loss = 0.15321
  Ep03 step 9400/13600: loss = 0.17473
  Ep03 step 9500/13600: loss = 0.16168
  Ep03 step 9600/13600: loss = 0.15711
  Ep03 step 9700/13600: loss = 0.17703
  Ep03 step 9800/13600: loss = 0.15787
  Ep03 step 9900/13600: loss = 0.17714
  Ep03 step 10000/13600: loss = 0.17173
  Ep03 step 10100/13600: loss = 0.15796
  Ep03 step 10200/13600: loss = 0.16575
  Ep03 step 10300/13600: loss = 0.15722
  Ep03 step 10400/13600: loss = 0.15910
  Ep03 step 10500/13600: loss = 0.15791
  Ep03 step 10600/13600: loss = 0.15894
  Ep03 step 10700/13600: loss = 0.16462
  Ep03 step 10800/13600: loss = 0.16520
  Ep03 step 10900/13600: loss = 0.16110
  Ep03 step 11000/13600: loss = 0.17570
  Ep03 step 11100/13600: loss = 0.16182
  Ep03 step 11200/13600: loss = 0.16426
  Ep03 step 11300/13600: loss = 0.17189
  Ep03 step 11400/13600: loss = 0.16413
  Ep03 step 11500/13600: loss = 0.16014
  Ep03 step 11600/13600: loss = 0.15509
  Ep03 step 11700/13600: loss = 0.16314
  Ep03 step 11800/13600: loss = 0.16667
  Ep03 step 11900/13600: loss = 0.17304
  Ep03 step 12000/13600: loss = 0.16497
  Ep03 step 12100/13600: loss = 0.16783
  Ep03 step 12200/13600: loss = 0.15481
  Ep03 step 12300/13600: loss = 0.16009
  Ep03 step 12400/13600: loss = 0.16187
  Ep03 step 12500/13600: loss = 0.16751
  Ep03 step 12600/13600: loss = 0.16779
  Ep03 step 12700/13600: loss = 0.16108
  Ep03 step 12800/13600: loss = 0.16460
  Ep03 step 12900/13600: loss = 0.16437
  Ep03 step 13000/13600: loss = 0.16560
  Ep03 step 13100/13600: loss = 0.16970
  Ep03 step 13200/13600: loss = 0.15047
  Ep03 step 13300/13600: loss = 0.15631
  Ep03 step 13400/13600: loss = 0.17523
  Ep03 step 13500/13600: loss = 0.16657
  Ep03 step 13600/13600: loss = 0.17510

Epoch 03/6 | train=0.16316 val=0.19141 | AUC=['0.993', '0.987', '0.981', '0.982'] PR=['0.951', '0.941', '0.931', '0.941'] | CASCADE-only AUC=['0.989', '0.982', '0.976', '0.977'] PR=['0.892', '0.891', '0.883', '0.904'] | mono_viol=0.00000 | 2865s

  Ep04 step  100/13600: loss = 0.16640
  Ep04 step  200/13600: loss = 0.16001
  Ep04 step  300/13600: loss = 0.14598
  Ep04 step  400/13600: loss = 0.15989
  Ep04 step  500/13600: loss = 0.15446
  Ep04 step  600/13600: loss = 0.16935
  Ep04 step  700/13600: loss = 0.16225
  Ep04 step  800/13600: loss = 0.16594
  Ep04 step  900/13600: loss = 0.16182
  Ep04 step 1000/13600: loss = 0.16592
  Ep04 step 1100/13600: loss = 0.17106
  Ep04 step 1200/13600: loss = 0.16922
  Ep04 step 1300/13600: loss = 0.15663
  Ep04 step 1400/13600: loss = 0.17056
  Ep04 step 1500/13600: loss = 0.16533
  Ep04 step 1600/13600: loss = 0.15400
  Ep04 step 1700/13600: loss = 0.17340
  Ep04 step 1800/13600: loss = 0.16198
  Ep04 step 1900/13600: loss = 0.16688
  Ep04 step 2000/13600: loss = 0.16594
  Ep04 step 2100/13600: loss = 0.16828
  Ep04 step 2200/13600: loss = 0.15622
  Ep04 step 2300/13600: loss = 0.16212
  Ep04 step 2400/13600: loss = 0.16685
  Ep04 step 2500/13600: loss = 0.17032
  Ep04 step 2600/13600: loss = 0.15766
  Ep04 step 2700/13600: loss = 0.16535
  Ep04 step 2800/13600: loss = 0.15940
  Ep04 step 2900/13600: loss = 0.15454
  Ep04 step 3000/13600: loss = 0.15538
  Ep04 step 3100/13600: loss = 0.17107
  Ep04 step 3200/13600: loss = 0.15852
  Ep04 step 3300/13600: loss = 0.17081
  Ep04 step 3400/13600: loss = 0.16290
  Ep04 step 3500/13600: loss = 0.17120
  Ep04 step 3600/13600: loss = 0.15958
  Ep04 step 3700/13600: loss = 0.16810
  Ep04 step 3800/13600: loss = 0.17255
  Ep04 step 3900/13600: loss = 0.16248
  Ep04 step 4000/13600: loss = 0.15744
  Ep04 step 4100/13600: loss = 0.16429
  Ep04 step 4200/13600: loss = 0.15716
  Ep04 step 4300/13600: loss = 0.15713
  Ep04 step 4400/13600: loss = 0.15592
  Ep04 step 4500/13600: loss = 0.16209
  Ep04 step 4600/13600: loss = 0.16230
  Ep04 step 4700/13600: loss = 0.15046
  Ep04 step 4800/13600: loss = 0.16041
  Ep04 step 4900/13600: loss = 0.16106
  Ep04 step 5000/13600: loss = 0.15331
  Ep04 step 5100/13600: loss = 0.14732
  Ep04 step 5200/13600: loss = 0.16789
  Ep04 step 5300/13600: loss = 0.16489
  Ep04 step 5400/13600: loss = 0.17299
  Ep04 step 5500/13600: loss = 0.16546
  Ep04 step 5600/13600: loss = 0.16299
  Ep04 step 5700/13600: loss = 0.15057
  Ep04 step 5800/13600: loss = 0.15690
  Ep04 step 5900/13600: loss = 0.16635
  Ep04 step 6000/13600: loss = 0.15387
  Ep04 step 6100/13600: loss = 0.16584
  Ep04 step 6200/13600: loss = 0.14897
  Ep04 step 6300/13600: loss = 0.16000
  Ep04 step 6400/13600: loss = 0.16500
  Ep04 step 6500/13600: loss = 0.15689
  Ep04 step 6600/13600: loss = 0.16704
  Ep04 step 6700/13600: loss = 0.17023
  Ep04 step 6800/13600: loss = 0.17256
  Ep04 step 6900/13600: loss = 0.16628
  Ep04 step 7000/13600: loss = 0.17079
  Ep04 step 7100/13600: loss = 0.15849
  Ep04 step 7200/13600: loss = 0.15777
  Ep04 step 7300/13600: loss = 0.16941
  Ep04 step 7400/13600: loss = 0.16832
  Ep04 step 7500/13600: loss = 0.16483
  Ep04 step 7600/13600: loss = 0.16703
  Ep04 step 7700/13600: loss = 0.16902
  Ep04 step 7800/13600: loss = 0.16229
  Ep04 step 7900/13600: loss = 0.16272
  Ep04 step 8000/13600: loss = 0.16936
  Ep04 step 8100/13600: loss = 0.17276
  Ep04 step 8200/13600: loss = 0.16902
  Ep04 step 8300/13600: loss = 0.15752
  Ep04 step 8400/13600: loss = 0.15007
  Ep04 step 8500/13600: loss = 0.14376
  Ep04 step 8600/13600: loss = 0.16367
  Ep04 step 8700/13600: loss = 0.15769
  Ep04 step 8800/13600: loss = 0.16181
  Ep04 step 8900/13600: loss = 0.15871
  Ep04 step 9000/13600: loss = 0.15644
  Ep04 step 9100/13600: loss = 0.15250
  Ep04 step 9200/13600: loss = 0.14931
  Ep04 step 9300/13600: loss = 0.16244
  Ep04 step 9400/13600: loss = 0.16910
  Ep04 step 9500/13600: loss = 0.15037
  Ep04 step 9600/13600: loss = 0.16554
  Ep04 step 9700/13600: loss = 0.17776
  Ep04 step 9800/13600: loss = 0.15939
  Ep04 step 9900/13600: loss = 0.16088
  Ep04 step 10000/13600: loss = 0.16076
  Ep04 step 10100/13600: loss = 0.17270
  Ep04 step 10200/13600: loss = 0.15605
  Ep04 step 10300/13600: loss = 0.16405
  Ep04 step 10400/13600: loss = 0.17682
  Ep04 step 10500/13600: loss = 0.16978
  Ep04 step 10600/13600: loss = 0.16321
  Ep04 step 10700/13600: loss = 0.16349
  Ep04 step 10800/13600: loss = 0.16413
  Ep04 step 10900/13600: loss = 0.17361
  Ep04 step 11000/13600: loss = 0.16318
  Ep04 step 11100/13600: loss = 0.15707
  Ep04 step 11200/13600: loss = 0.16773
  Ep04 step 11300/13600: loss = 0.16254
  Ep04 step 11400/13600: loss = 0.15197
  Ep04 step 11500/13600: loss = 0.15751
  Ep04 step 11600/13600: loss = 0.15961
  Ep04 step 11700/13600: loss = 0.15909
  Ep04 step 11800/13600: loss = 0.16318
  Ep04 step 11900/13600: loss = 0.14960
  Ep04 step 12000/13600: loss = 0.15996
  Ep04 step 12100/13600: loss = 0.16292
  Ep04 step 12200/13600: loss = 0.16311
  Ep04 step 12300/13600: loss = 0.16729
  Ep04 step 12400/13600: loss = 0.15539
  Ep04 step 12500/13600: loss = 0.14921
  Ep04 step 12600/13600: loss = 0.17265
  Ep04 step 12700/13600: loss = 0.16720
  Ep04 step 12800/13600: loss = 0.14781
  Ep04 step 12900/13600: loss = 0.15094
  Ep04 step 13000/13600: loss = 0.15537
  Ep04 step 13100/13600: loss = 0.16588
  Ep04 step 13200/13600: loss = 0.16336
  Ep04 step 13300/13600: loss = 0.16977
  Ep04 step 13400/13600: loss = 0.17111
  Ep04 step 13500/13600: loss = 0.16602
  Ep04 step 13600/13600: loss = 0.15514

Epoch 04/6 | train=0.16222 val=0.18995 | AUC=['0.993', '0.988', '0.983', '0.985'] PR=['0.954', '0.948', '0.939', '0.950'] | CASCADE-only AUC=['0.990', '0.984', '0.979', '0.981'] PR=['0.900', '0.904', '0.896', '0.917'] | mono_viol=0.00000 | 3577s

  [checkpoint] best.pt updated (epoch 4, val_loss=0.18995)
  Ep05 step  100/13600: loss = 0.16094
  Ep05 step  200/13600: loss = 0.15772
  Ep05 step  300/13600: loss = 0.15761
  Ep05 step  400/13600: loss = 0.16124
  Ep05 step  500/13600: loss = 0.16896
  Ep05 step  600/13600: loss = 0.16519
  Ep05 step  700/13600: loss = 0.15973
  Ep05 step  800/13600: loss = 0.16888
  Ep05 step  900/13600: loss = 0.16398
  Ep05 step 1000/13600: loss = 0.16003
  Ep05 step 1100/13600: loss = 0.15436
  Ep05 step 1200/13600: loss = 0.15527
  Ep05 step 1300/13600: loss = 0.15443
  Ep05 step 1400/13600: loss = 0.17127
  Ep05 step 1500/13600: loss = 0.17428
  Ep05 step 1600/13600: loss = 0.16618
  Ep05 step 1700/13600: loss = 0.16405
  Ep05 step 1800/13600: loss = 0.15793
  Ep05 step 1900/13600: loss = 0.16825
  Ep05 step 2000/13600: loss = 0.15418
  Ep05 step 2100/13600: loss = 0.16116
  Ep05 step 2200/13600: loss = 0.16102
  Ep05 step 2300/13600: loss = 0.16463
  Ep05 step 2400/13600: loss = 0.14517
  Ep05 step 2500/13600: loss = 0.16375
  Ep05 step 2600/13600: loss = 0.16495
  Ep05 step 2700/13600: loss = 0.15879
  Ep05 step 2800/13600: loss = 0.16872
  Ep05 step 2900/13600: loss = 0.15868
  Ep05 step 3000/13600: loss = 0.16850
  Ep05 step 3100/13600: loss = 0.17160
  Ep05 step 3200/13600: loss = 0.15847
  Ep05 step 3300/13600: loss = 0.16808
  Ep05 step 3400/13600: loss = 0.16101
  Ep05 step 3500/13600: loss = 0.15827
  Ep05 step 3600/13600: loss = 0.15357
  Ep05 step 3700/13600: loss = 0.16829
  Ep05 step 3800/13600: loss = 0.16330
  Ep05 step 3900/13600: loss = 0.16454
  Ep05 step 4000/13600: loss = 0.14815
  Ep05 step 4100/13600: loss = 0.15850
  Ep05 step 4200/13600: loss = 0.16303
  Ep05 step 4300/13600: loss = 0.15571
  Ep05 step 4400/13600: loss = 0.16003
  Ep05 step 4500/13600: loss = 0.16225
  Ep05 step 4600/13600: loss = 0.15784
  Ep05 step 4700/13600: loss = 0.16793
  Ep05 step 4800/13600: loss = 0.16633
  Ep05 step 4900/13600: loss = 0.15597
  Ep05 step 5000/13600: loss = 0.15466
  Ep05 step 5100/13600: loss = 0.16527
  Ep05 step 5200/13600: loss = 0.15898
  Ep05 step 5300/13600: loss = 0.15859
  Ep05 step 5400/13600: loss = 0.16903
  Ep05 step 5500/13600: loss = 0.16400
  Ep05 step 5600/13600: loss = 0.16901
  Ep05 step 5700/13600: loss = 0.16759
  Ep05 step 5800/13600: loss = 0.15613
  Ep05 step 5900/13600: loss = 0.16202
  Ep05 step 6000/13600: loss = 0.16169
  Ep05 step 6100/13600: loss = 0.16300
  Ep05 step 6200/13600: loss = 0.15288
  Ep05 step 6300/13600: loss = 0.15529
  Ep05 step 6400/13600: loss = 0.17776
  Ep05 step 6500/13600: loss = 0.15527
  Ep05 step 6600/13600: loss = 0.16116
  Ep05 step 6700/13600: loss = 0.16523
  Ep05 step 6800/13600: loss = 0.16177
  Ep05 step 6900/13600: loss = 0.18180
  Ep05 step 7000/13600: loss = 0.16419
  Ep05 step 7100/13600: loss = 0.17144
  Ep05 step 7200/13600: loss = 0.16941
  Ep05 step 7300/13600: loss = 0.16502
  Ep05 step 7400/13600: loss = 0.15740
  Ep05 step 7500/13600: loss = 0.16962
  Ep05 step 7600/13600: loss = 0.15438
  Ep05 step 7700/13600: loss = 0.16017
  Ep05 step 7800/13600: loss = 0.15241
  Ep05 step 7900/13600: loss = 0.15893
  Ep05 step 8000/13600: loss = 0.16591
  Ep05 step 8100/13600: loss = 0.17405
  Ep05 step 8200/13600: loss = 0.15236
  Ep05 step 8300/13600: loss = 0.17537
  Ep05 step 8400/13600: loss = 0.15595
  Ep05 step 8500/13600: loss = 0.15502
  Ep05 step 8600/13600: loss = 0.14750
  Ep05 step 8700/13600: loss = 0.16047
  Ep05 step 8800/13600: loss = 0.15867
  Ep05 step 8900/13600: loss = 0.16073
  Ep05 step 9000/13600: loss = 0.15806
  Ep05 step 9100/13600: loss = 0.17020
  Ep05 step 9200/13600: loss = 0.16383
  Ep05 step 9300/13600: loss = 0.15365
  Ep05 step 9400/13600: loss = 0.16719
  Ep05 step 9500/13600: loss = 0.16980
  Ep05 step 9600/13600: loss = 0.16797
  Ep05 step 9700/13600: loss = 0.16948
  Ep05 step 9800/13600: loss = 0.16530
  Ep05 step 9900/13600: loss = 0.15882
  Ep05 step 10000/13600: loss = 0.16211
  Ep05 step 10100/13600: loss = 0.14963
  Ep05 step 10200/13600: loss = 0.15892
  Ep05 step 10300/13600: loss = 0.15910
  Ep05 step 10400/13600: loss = 0.16577
  Ep05 step 10500/13600: loss = 0.16288
  Ep05 step 10600/13600: loss = 0.16684
  Ep05 step 10700/13600: loss = 0.16421
  Ep05 step 10800/13600: loss = 0.16572
  Ep05 step 10900/13600: loss = 0.15966
  Ep05 step 11000/13600: loss = 0.15511
  Ep05 step 11100/13600: loss = 0.15592
  Ep05 step 11200/13600: loss = 0.15218
  Ep05 step 11300/13600: loss = 0.16528
  Ep05 step 11400/13600: loss = 0.15251
  Ep05 step 11500/13600: loss = 0.16778
  Ep05 step 11600/13600: loss = 0.17088
  Ep05 step 11700/13600: loss = 0.16400
  Ep05 step 11800/13600: loss = 0.16472
  Ep05 step 11900/13600: loss = 0.17024
  Ep05 step 12000/13600: loss = 0.15765
  Ep05 step 12100/13600: loss = 0.16181
  Ep05 step 12200/13600: loss = 0.16120
  Ep05 step 12300/13600: loss = 0.15896
  Ep05 step 12400/13600: loss = 0.16692
  Ep05 step 12500/13600: loss = 0.16160
  Ep05 step 12600/13600: loss = 0.16439
  Ep05 step 12700/13600: loss = 0.16449
  Ep05 step 12800/13600: loss = 0.15987
  Ep05 step 12900/13600: loss = 0.16449
  Ep05 step 13000/13600: loss = 0.16138
  Ep05 step 13100/13600: loss = 0.14655
  Ep05 step 13200/13600: loss = 0.16678
  Ep05 step 13300/13600: loss = 0.15899
  Ep05 step 13400/13600: loss = 0.15207
  Ep05 step 13500/13600: loss = 0.15577
  Ep05 step 13600/13600: loss = 0.16403

Epoch 05/6 | train=0.16189 val=0.18793 | AUC=['0.993', '0.988', '0.983', '0.983'] PR=['0.954', '0.947', '0.937', '0.947'] | CASCADE-only AUC=['0.990', '0.984', '0.978', '0.979'] PR=['0.901', '0.903', '0.895', '0.916'] | mono_viol=0.00000 | 4292s

  [checkpoint] best.pt updated (epoch 5, val_loss=0.18793)
[held-out geoclaw_2050] test_loss=0.32676 mono_viol=0.00000 (1000 runs)
  ALL-nodes     AUC=[0.9923906664252281, 0.9847516857385635, 0.9754637679457665, 0.9845815836787224]  PR=[0.97249071822398, 0.970378015082669, 0.9612170897802145, 0.9848426190352173]
  CASCADE-only  AUC=[0.9903444966077805, 0.9824338905215263, 0.9722755989432335, 0.9831285710930824]  PR=[0.9542408164548195, 0.9596722658521561, 0.9492125766220183, 0.9813058542399468]
[held-out syn_ts_914_6_1p2955] test_loss=0.12824 mono_viol=0.00000 (1000 runs)
  ALL-nodes     AUC=[0.9968522404432296, 0.9921923550963402, 0.9903090659976006, 0.9860530169010162]  PR=[0.9639646589282777, 0.9431700310107815, 0.9428821349434949, 0.9324561921477025]
  CASCADE-only  AUC=[0.9944215503334999, 0.9882904334664345, 0.9860838039517402, 0.9805315691828728]  PR=[0.9112681201586655, 0.8956829499736573, 0.9003654410178595, 0.8902524043156002]
[held-out syn_ts_258_9_3p0022] test_loss=0.27016 mono_viol=0.00000 (1000 runs)
  ALL-nodes     AUC=[0.9921632717251778, 0.9849757012724877, 0.9791086367964744, 0.9873555583357811]  PR=[0.9720885162100065, 0.9684757030902409, 0.9635993955044978, 0.9844343462746128]
  CASCADE-only  AUC=[0.9895936876535416, 0.9817579154372216, 0.9754755952358246, 0.9856042024493218]  PR=[0.9487264136581738, 0.9524221940945157, 0.947984829832184, 0.9789888308620885]
[held-out syn_ts_605_5_3p7563] test_loss=0.48626 mono_viol=0.00000 (1000 runs)
  ALL-nodes     AUC=[0.9818689935803413, 0.9899890114665031, 0.9907118576169014, 0.9925936787724495]  PR=[0.9765153612513192, 0.9903275892232594, 0.9918915689647868, 0.9947891348605425]
  CASCADE-only  AUC=[0.975987137913704, 0.9875175331234932, 0.988594555914402, 0.9911329865455627]  PR=[0.9595037683336576, 0.9848386859872413, 0.9876080282789704, 0.9923529983211498]
[held-out syn_ts_808_27_3p7885] test_loss=0.38027 mono_viol=0.00000 (1000 runs)
  ALL-nodes     AUC=[0.9841590858697892, 0.9930621511936187, 0.9896869815587997, 0.9927203127741814]  PR=[0.9751404090969857, 0.9901296982093, 0.9875630160267369, 0.9937677745740733]
  CASCADE-only  AUC=[0.9800536558628082, 0.9916434342265129, 0.9878684547543526, 0.9916747601032257]  PR=[0.9610424330586239, 0.9853477971395742, 0.9822411763818694, 0.9916028431607047]
