task=27 arm=old17 variant=ctx cell=dynamic_timing torch_seed=1 set=jesse22 head=hazard labels=/scratch/tj2587/results/dynamic_v1/arrival_h360 labels2=/scratch/tj2587/results/dynamic_v1/arrival_h360 timing=1 context=1 ckpt=/scratch/tj2587/results/gnn_morestorms_v1/old17_ctx_dynamic_timing_s1 smoke=0 commit=967d122 uncommitted_files=0
[gate] CUDA OK: NVIDIA L40S
[gate] heterodata data/graph/nyc_infra_heterodata_v1_frozen_failover_edges.pt: total=6231 -> OK
[gate] set jesse22: 22 storms, 17 for training, 5 held out; in both folders []; missing [] -> OK
[gate] timing table data/flood/timing/node_timing_jesse22_plus_gissr48_v1.csv: storms without rows [] -> OK
[gate] variant ctx: storm context on, timing inputs on -> OK
[gate] head switch present: ('independent', 'hazard')
=== TRAIN MODE — full training ===
torch seed set: 1
Train: 13600  Val: 3400  (17 scenarios) | Test held-out: ['geoclaw_2050', 'syn_ts_914_6_1p2955', 'syn_ts_258_9_3p0022', 'syn_ts_605_5_3p7563', 'syn_ts_808_27_3p7885'] (5000 runs)
Model parameters: 700,952  head=hazard
Device: cuda
[timing-features] loaded 71 scenarios from data/flood/timing/node_timing_jesse22_plus_gissr48_v1.csv (features ('arrival_h', 'duration_h', 'time_to_peak_h'), scaled by 96 h)
  Ep00 step  100/13600: loss = 0.47684
  Ep00 step  200/13600: loss = 0.23827
  Ep00 step  300/13600: loss = 0.17181
  Ep00 step  400/13600: loss = 0.16715
  Ep00 step  500/13600: loss = 0.16862
  Ep00 step  600/13600: loss = 0.13114
  Ep00 step  700/13600: loss = 0.13022
  Ep00 step  800/13600: loss = 0.14142
  Ep00 step  900/13600: loss = 0.15085
  Ep00 step 1000/13600: loss = 0.12192
  Ep00 step 1100/13600: loss = 0.13195
  Ep00 step 1200/13600: loss = 0.11748
  Ep00 step 1300/13600: loss = 0.12699
  Ep00 step 1400/13600: loss = 0.12571
  Ep00 step 1500/13600: loss = 0.11859
  Ep00 step 1600/13600: loss = 0.12493
  Ep00 step 1700/13600: loss = 0.12704
  Ep00 step 1800/13600: loss = 0.11660
  Ep00 step 1900/13600: loss = 0.11608
  Ep00 step 2000/13600: loss = 0.11637
  Ep00 step 2100/13600: loss = 0.12985
  Ep00 step 2200/13600: loss = 0.11515
  Ep00 step 2300/13600: loss = 0.09697
  Ep00 step 2400/13600: loss = 0.12014
  Ep00 step 2500/13600: loss = 0.11722
  Ep00 step 2600/13600: loss = 0.10947
  Ep00 step 2700/13600: loss = 0.09995
  Ep00 step 2800/13600: loss = 0.10679
  Ep00 step 2900/13600: loss = 0.10836
  Ep00 step 3000/13600: loss = 0.10569
  Ep00 step 3100/13600: loss = 0.10006
  Ep00 step 3200/13600: loss = 0.10744
  Ep00 step 3300/13600: loss = 0.10193
  Ep00 step 3400/13600: loss = 0.10226
  Ep00 step 3500/13600: loss = 0.10964
  Ep00 step 3600/13600: loss = 0.09547
  Ep00 step 3700/13600: loss = 0.09762
  Ep00 step 3800/13600: loss = 0.09692
  Ep00 step 3900/13600: loss = 0.09131
  Ep00 step 4000/13600: loss = 0.10127
  Ep00 step 4100/13600: loss = 0.09113
  Ep00 step 4200/13600: loss = 0.09399
  Ep00 step 4300/13600: loss = 0.09894
  Ep00 step 4400/13600: loss = 0.10665
  Ep00 step 4500/13600: loss = 0.10564
  Ep00 step 4600/13600: loss = 0.08950
  Ep00 step 4700/13600: loss = 0.10989
  Ep00 step 4800/13600: loss = 0.09420
  Ep00 step 4900/13600: loss = 0.09305
  Ep00 step 5000/13600: loss = 0.10299
  Ep00 step 5100/13600: loss = 0.08948
  Ep00 step 5200/13600: loss = 0.10844
  Ep00 step 5300/13600: loss = 0.08950
  Ep00 step 5400/13600: loss = 0.09670
  Ep00 step 5500/13600: loss = 0.08936
  Ep00 step 5600/13600: loss = 0.09231
  Ep00 step 5700/13600: loss = 0.09115
  Ep00 step 5800/13600: loss = 0.09928
  Ep00 step 5900/13600: loss = 0.08937
  Ep00 step 6000/13600: loss = 0.07633
  Ep00 step 6100/13600: loss = 0.08615
  Ep00 step 6200/13600: loss = 0.08136
  Ep00 step 6300/13600: loss = 0.09001
  Ep00 step 6400/13600: loss = 0.08144
  Ep00 step 6500/13600: loss = 0.09037
  Ep00 step 6600/13600: loss = 0.09400
  Ep00 step 6700/13600: loss = 0.10321
  Ep00 step 6800/13600: loss = 0.08978
  Ep00 step 6900/13600: loss = 0.08027
  Ep00 step 7000/13600: loss = 0.09732
  Ep00 step 7100/13600: loss = 0.09936
  Ep00 step 7200/13600: loss = 0.08909
  Ep00 step 7300/13600: loss = 0.08597
  Ep00 step 7400/13600: loss = 0.08823
  Ep00 step 7500/13600: loss = 0.09476
  Ep00 step 7600/13600: loss = 0.08255
  Ep00 step 7700/13600: loss = 0.08366
  Ep00 step 7800/13600: loss = 0.07655
  Ep00 step 7900/13600: loss = 0.08333
  Ep00 step 8000/13600: loss = 0.08194
  Ep00 step 8100/13600: loss = 0.09502
  Ep00 step 8200/13600: loss = 0.09415
  Ep00 step 8300/13600: loss = 0.08767
  Ep00 step 8400/13600: loss = 0.09061
  Ep00 step 8500/13600: loss = 0.09771
  Ep00 step 8600/13600: loss = 0.09669
  Ep00 step 8700/13600: loss = 0.09544
  Ep00 step 8800/13600: loss = 0.08201
  Ep00 step 8900/13600: loss = 0.08277
  Ep00 step 9000/13600: loss = 0.08384
  Ep00 step 9100/13600: loss = 0.10095
  Ep00 step 9200/13600: loss = 0.07587
  Ep00 step 9300/13600: loss = 0.07727
  Ep00 step 9400/13600: loss = 0.08315
  Ep00 step 9500/13600: loss = 0.07670
  Ep00 step 9600/13600: loss = 0.08534
  Ep00 step 9700/13600: loss = 0.08876
  Ep00 step 9800/13600: loss = 0.08667
  Ep00 step 9900/13600: loss = 0.09012
  Ep00 step 10000/13600: loss = 0.09228
  Ep00 step 10100/13600: loss = 0.08820
  Ep00 step 10200/13600: loss = 0.07537
  Ep00 step 10300/13600: loss = 0.09344
  Ep00 step 10400/13600: loss = 0.09083
  Ep00 step 10500/13600: loss = 0.07196
  Ep00 step 10600/13600: loss = 0.07766
  Ep00 step 10700/13600: loss = 0.07708
  Ep00 step 10800/13600: loss = 0.09018
  Ep00 step 10900/13600: loss = 0.09200
  Ep00 step 11000/13600: loss = 0.08357
  Ep00 step 11100/13600: loss = 0.07714
  Ep00 step 11200/13600: loss = 0.08886
  Ep00 step 11300/13600: loss = 0.09669
  Ep00 step 11400/13600: loss = 0.08124
  Ep00 step 11500/13600: loss = 0.09078
  Ep00 step 11600/13600: loss = 0.08612
  Ep00 step 11700/13600: loss = 0.08209
  Ep00 step 11800/13600: loss = 0.07468
  Ep00 step 11900/13600: loss = 0.06919
  Ep00 step 12000/13600: loss = 0.08246
  Ep00 step 12100/13600: loss = 0.09143
  Ep00 step 12200/13600: loss = 0.08481
  Ep00 step 12300/13600: loss = 0.07840
  Ep00 step 12400/13600: loss = 0.09082
  Ep00 step 12500/13600: loss = 0.08385
  Ep00 step 12600/13600: loss = 0.08654
  Ep00 step 12700/13600: loss = 0.08347
  Ep00 step 12800/13600: loss = 0.08406
  Ep00 step 12900/13600: loss = 0.08512
  Ep00 step 13000/13600: loss = 0.09215
  Ep00 step 13100/13600: loss = 0.07599
  Ep00 step 13200/13600: loss = 0.08414
  Ep00 step 13300/13600: loss = 0.08781
  Ep00 step 13400/13600: loss = 0.07376
  Ep00 step 13500/13600: loss = 0.07287
  Ep00 step 13600/13600: loss = 0.08613

Epoch 00/6 | train=0.10055 val=0.10027 | AUC=['0.996', '0.995', '0.992', '0.994'] PR=['0.974', '0.977', '0.967', '0.977'] | CASCADE-only AUC=['0.995', '0.994', '0.990', '0.992'] PR=['0.941', '0.952', '0.942', '0.960'] | mono_viol=0.00000 | 732s

  [checkpoint] best.pt updated (epoch 0, val_loss=0.10027)
  Ep01 step  100/13600: loss = 0.08598
  Ep01 step  200/13600: loss = 0.09556
  Ep01 step  300/13600: loss = 0.08859
  Ep01 step  400/13600: loss = 0.07717
  Ep01 step  500/13600: loss = 0.06980
  Ep01 step  600/13600: loss = 0.07812
  Ep01 step  700/13600: loss = 0.08078
  Ep01 step  800/13600: loss = 0.08099
  Ep01 step  900/13600: loss = 0.08634
  Ep01 step 1000/13600: loss = 0.07147
  Ep01 step 1100/13600: loss = 0.08934
  Ep01 step 1200/13600: loss = 0.09369
  Ep01 step 1300/13600: loss = 0.08814
  Ep01 step 1400/13600: loss = 0.08688
  Ep01 step 1500/13600: loss = 0.08742
  Ep01 step 1600/13600: loss = 0.08292
  Ep01 step 1700/13600: loss = 0.07799
  Ep01 step 1800/13600: loss = 0.08360
  Ep01 step 1900/13600: loss = 0.08540
  Ep01 step 2000/13600: loss = 0.07913
  Ep01 step 2100/13600: loss = 0.07892
  Ep01 step 2200/13600: loss = 0.08235
  Ep01 step 2300/13600: loss = 0.07668
  Ep01 step 2400/13600: loss = 0.07242
  Ep01 step 2500/13600: loss = 0.07286
  Ep01 step 2600/13600: loss = 0.08449
  Ep01 step 2700/13600: loss = 0.06960
  Ep01 step 2800/13600: loss = 0.08356
  Ep01 step 2900/13600: loss = 0.07247
  Ep01 step 3000/13600: loss = 0.08018
  Ep01 step 3100/13600: loss = 0.07199
  Ep01 step 3200/13600: loss = 0.07944
  Ep01 step 3300/13600: loss = 0.08421
  Ep01 step 3400/13600: loss = 0.08161
  Ep01 step 3500/13600: loss = 0.08698
  Ep01 step 3600/13600: loss = 0.08127
  Ep01 step 3700/13600: loss = 0.07605
  Ep01 step 3800/13600: loss = 0.09083
  Ep01 step 3900/13600: loss = 0.08362
  Ep01 step 4000/13600: loss = 0.07948
  Ep01 step 4100/13600: loss = 0.07829
  Ep01 step 4200/13600: loss = 0.07452
  Ep01 step 4300/13600: loss = 0.06608
  Ep01 step 4400/13600: loss = 0.08946
  Ep01 step 4500/13600: loss = 0.06999
  Ep01 step 4600/13600: loss = 0.08074
  Ep01 step 4700/13600: loss = 0.07890
  Ep01 step 4800/13600: loss = 0.08856
  Ep01 step 4900/13600: loss = 0.08000
  Ep01 step 5000/13600: loss = 0.06699
  Ep01 step 5100/13600: loss = 0.07555
  Ep01 step 5200/13600: loss = 0.07517
  Ep01 step 5300/13600: loss = 0.08283
  Ep01 step 5400/13600: loss = 0.07667
  Ep01 step 5500/13600: loss = 0.08194
  Ep01 step 5600/13600: loss = 0.07566
  Ep01 step 5700/13600: loss = 0.07128
  Ep01 step 5800/13600: loss = 0.07651
  Ep01 step 5900/13600: loss = 0.07708
  Ep01 step 6000/13600: loss = 0.07778
  Ep01 step 6100/13600: loss = 0.07754
  Ep01 step 6200/13600: loss = 0.07838
  Ep01 step 6300/13600: loss = 0.07144
  Ep01 step 6400/13600: loss = 0.08106
  Ep01 step 6500/13600: loss = 0.07583
  Ep01 step 6600/13600: loss = 0.08968
  Ep01 step 6700/13600: loss = 0.07604
  Ep01 step 6800/13600: loss = 0.06944
  Ep01 step 6900/13600: loss = 0.09459
  Ep01 step 7000/13600: loss = 0.09279
  Ep01 step 7100/13600: loss = 0.07207
  Ep01 step 7200/13600: loss = 0.09035
  Ep01 step 7300/13600: loss = 0.07275
  Ep01 step 7400/13600: loss = 0.08659
  Ep01 step 7500/13600: loss = 0.08251
  Ep01 step 7600/13600: loss = 0.08204
  Ep01 step 7700/13600: loss = 0.07752
  Ep01 step 7800/13600: loss = 0.07932
  Ep01 step 7900/13600: loss = 0.06938
  Ep01 step 8000/13600: loss = 0.06931
  Ep01 step 8100/13600: loss = 0.07703
  Ep01 step 8200/13600: loss = 0.06586
  Ep01 step 8300/13600: loss = 0.07384
  Ep01 step 8400/13600: loss = 0.07752
  Ep01 step 8500/13600: loss = 0.07669
  Ep01 step 8600/13600: loss = 0.07451
  Ep01 step 8700/13600: loss = 0.06936
  Ep01 step 8800/13600: loss = 0.08352
  Ep01 step 8900/13600: loss = 0.07650
  Ep01 step 9000/13600: loss = 0.07612
  Ep01 step 9100/13600: loss = 0.06675
  Ep01 step 9200/13600: loss = 0.07658
  Ep01 step 9300/13600: loss = 0.08137
  Ep01 step 9400/13600: loss = 0.08465
  Ep01 step 9500/13600: loss = 0.07013
  Ep01 step 9600/13600: loss = 0.07605
  Ep01 step 9700/13600: loss = 0.07027
  Ep01 step 9800/13600: loss = 0.06915
  Ep01 step 9900/13600: loss = 0.07844
  Ep01 step 10000/13600: loss = 0.07277
  Ep01 step 10100/13600: loss = 0.07813
  Ep01 step 10200/13600: loss = 0.07248
  Ep01 step 10300/13600: loss = 0.07756
  Ep01 step 10400/13600: loss = 0.08256
  Ep01 step 10500/13600: loss = 0.07268
  Ep01 step 10600/13600: loss = 0.07622
  Ep01 step 10700/13600: loss = 0.08090
  Ep01 step 10800/13600: loss = 0.06959
  Ep01 step 10900/13600: loss = 0.07125
  Ep01 step 11000/13600: loss = 0.07487
  Ep01 step 11100/13600: loss = 0.07805
  Ep01 step 11200/13600: loss = 0.08402
  Ep01 step 11300/13600: loss = 0.07473
  Ep01 step 11400/13600: loss = 0.06813
  Ep01 step 11500/13600: loss = 0.06635
  Ep01 step 11600/13600: loss = 0.07553
  Ep01 step 11700/13600: loss = 0.08410
  Ep01 step 11800/13600: loss = 0.07722
  Ep01 step 11900/13600: loss = 0.07109
  Ep01 step 12000/13600: loss = 0.07380
  Ep01 step 12100/13600: loss = 0.08927
  Ep01 step 12200/13600: loss = 0.07848
  Ep01 step 12300/13600: loss = 0.07728
  Ep01 step 12400/13600: loss = 0.08285
  Ep01 step 12500/13600: loss = 0.08331
  Ep01 step 12600/13600: loss = 0.06923
  Ep01 step 12700/13600: loss = 0.08094
  Ep01 step 12800/13600: loss = 0.07907
  Ep01 step 12900/13600: loss = 0.07053
  Ep01 step 13000/13600: loss = 0.07345
  Ep01 step 13100/13600: loss = 0.07563
  Ep01 step 13200/13600: loss = 0.08232
  Ep01 step 13300/13600: loss = 0.08359
  Ep01 step 13400/13600: loss = 0.09446
  Ep01 step 13500/13600: loss = 0.07309
  Ep01 step 13600/13600: loss = 0.07866

Epoch 01/6 | train=0.07845 val=0.09637 | AUC=['0.997', '0.996', '0.993', '0.995'] PR=['0.979', '0.979', '0.971', '0.980'] | CASCADE-only AUC=['0.996', '0.995', '0.991', '0.993'] PR=['0.952', '0.956', '0.947', '0.964'] | mono_viol=0.00000 | 1459s

  [checkpoint] best.pt updated (epoch 1, val_loss=0.09637)
  Ep02 step  100/13600: loss = 0.07595
  Ep02 step  200/13600: loss = 0.06951
  Ep02 step  300/13600: loss = 0.07316
  Ep02 step  400/13600: loss = 0.07054
  Ep02 step  500/13600: loss = 0.06204
  Ep02 step  600/13600: loss = 0.07971
  Ep02 step  700/13600: loss = 0.07119
  Ep02 step  800/13600: loss = 0.07484
  Ep02 step  900/13600: loss = 0.08070
  Ep02 step 1000/13600: loss = 0.08538
  Ep02 step 1100/13600: loss = 0.07669
  Ep02 step 1200/13600: loss = 0.07552
  Ep02 step 1300/13600: loss = 0.08462
  Ep02 step 1400/13600: loss = 0.08240
  Ep02 step 1500/13600: loss = 0.08355
  Ep02 step 1600/13600: loss = 0.06787
  Ep02 step 1700/13600: loss = 0.08332
  Ep02 step 1800/13600: loss = 0.08454
  Ep02 step 1900/13600: loss = 0.07730
  Ep02 step 2000/13600: loss = 0.08179
  Ep02 step 2100/13600: loss = 0.06994
  Ep02 step 2200/13600: loss = 0.07521
  Ep02 step 2300/13600: loss = 0.07830
  Ep02 step 2400/13600: loss = 0.06748
  Ep02 step 2500/13600: loss = 0.07063
  Ep02 step 2600/13600: loss = 0.07588
  Ep02 step 2700/13600: loss = 0.06855
  Ep02 step 2800/13600: loss = 0.07929
  Ep02 step 2900/13600: loss = 0.07005
  Ep02 step 3000/13600: loss = 0.07358
  Ep02 step 3100/13600: loss = 0.08129
  Ep02 step 3200/13600: loss = 0.07103
  Ep02 step 3300/13600: loss = 0.07391
  Ep02 step 3400/13600: loss = 0.07457
  Ep02 step 3500/13600: loss = 0.07036
  Ep02 step 3600/13600: loss = 0.07831
  Ep02 step 3700/13600: loss = 0.07714
  Ep02 step 3800/13600: loss = 0.07840
  Ep02 step 3900/13600: loss = 0.07431
  Ep02 step 4000/13600: loss = 0.07742
  Ep02 step 4100/13600: loss = 0.06844
  Ep02 step 4200/13600: loss = 0.07602
  Ep02 step 4300/13600: loss = 0.07043
  Ep02 step 4400/13600: loss = 0.05966
  Ep02 step 4500/13600: loss = 0.07457
  Ep02 step 4600/13600: loss = 0.07233
  Ep02 step 4700/13600: loss = 0.08068
  Ep02 step 4800/13600: loss = 0.07907
  Ep02 step 4900/13600: loss = 0.06367
  Ep02 step 5000/13600: loss = 0.07317
  Ep02 step 5100/13600: loss = 0.07532
  Ep02 step 5200/13600: loss = 0.07009
  Ep02 step 5300/13600: loss = 0.07868
  Ep02 step 5400/13600: loss = 0.06532
  Ep02 step 5500/13600: loss = 0.08318
  Ep02 step 5600/13600: loss = 0.07174
  Ep02 step 5700/13600: loss = 0.07121
  Ep02 step 5800/13600: loss = 0.06782
  Ep02 step 5900/13600: loss = 0.07894
  Ep02 step 6000/13600: loss = 0.07161
  Ep02 step 6100/13600: loss = 0.07541
  Ep02 step 6200/13600: loss = 0.06861
  Ep02 step 6300/13600: loss = 0.08012
  Ep02 step 6400/13600: loss = 0.07222
  Ep02 step 6500/13600: loss = 0.07923
  Ep02 step 6600/13600: loss = 0.08047
  Ep02 step 6700/13600: loss = 0.06720
  Ep02 step 6800/13600: loss = 0.07418
  Ep02 step 6900/13600: loss = 0.07560
  Ep02 step 7000/13600: loss = 0.07567
  Ep02 step 7100/13600: loss = 0.07760
  Ep02 step 7200/13600: loss = 0.07152
  Ep02 step 7300/13600: loss = 0.09061
  Ep02 step 7400/13600: loss = 0.07108
  Ep02 step 7500/13600: loss = 0.06826
  Ep02 step 7600/13600: loss = 0.06342
  Ep02 step 7700/13600: loss = 0.07707
  Ep02 step 7800/13600: loss = 0.08467
  Ep02 step 7900/13600: loss = 0.07109
  Ep02 step 8000/13600: loss = 0.07824
  Ep02 step 8100/13600: loss = 0.08188
  Ep02 step 8200/13600: loss = 0.07686
  Ep02 step 8300/13600: loss = 0.07827
  Ep02 step 8400/13600: loss = 0.06677
  Ep02 step 8500/13600: loss = 0.07306
  Ep02 step 8600/13600: loss = 0.06642
  Ep02 step 8700/13600: loss = 0.07358
  Ep02 step 8800/13600: loss = 0.07056
  Ep02 step 8900/13600: loss = 0.08137
  Ep02 step 9000/13600: loss = 0.08423
  Ep02 step 9100/13600: loss = 0.05969
  Ep02 step 9200/13600: loss = 0.08600
  Ep02 step 9300/13600: loss = 0.07763
  Ep02 step 9400/13600: loss = 0.08052
  Ep02 step 9500/13600: loss = 0.08132
  Ep02 step 9600/13600: loss = 0.06680
  Ep02 step 9700/13600: loss = 0.08536
  Ep02 step 9800/13600: loss = 0.06802
  Ep02 step 9900/13600: loss = 0.08064
  Ep02 step 10000/13600: loss = 0.07824
  Ep02 step 10100/13600: loss = 0.06378
  Ep02 step 10200/13600: loss = 0.08314
  Ep02 step 10300/13600: loss = 0.07249
  Ep02 step 10400/13600: loss = 0.07880
  Ep02 step 10500/13600: loss = 0.07451
  Ep02 step 10600/13600: loss = 0.08875
  Ep02 step 10700/13600: loss = 0.07009
  Ep02 step 10800/13600: loss = 0.07276
  Ep02 step 10900/13600: loss = 0.06878
  Ep02 step 11000/13600: loss = 0.08612
  Ep02 step 11100/13600: loss = 0.07862
  Ep02 step 11200/13600: loss = 0.06612
  Ep02 step 11300/13600: loss = 0.08772
  Ep02 step 11400/13600: loss = 0.07763
  Ep02 step 11500/13600: loss = 0.07888
  Ep02 step 11600/13600: loss = 0.08162
  Ep02 step 11700/13600: loss = 0.06192
  Ep02 step 11800/13600: loss = 0.07357
  Ep02 step 11900/13600: loss = 0.07202
  Ep02 step 12000/13600: loss = 0.07523
  Ep02 step 12100/13600: loss = 0.07117
  Ep02 step 12200/13600: loss = 0.07515
  Ep02 step 12300/13600: loss = 0.06882
  Ep02 step 12400/13600: loss = 0.07151
  Ep02 step 12500/13600: loss = 0.07721
  Ep02 step 12600/13600: loss = 0.06665
  Ep02 step 12700/13600: loss = 0.08550
  Ep02 step 12800/13600: loss = 0.09188
  Ep02 step 12900/13600: loss = 0.08630
  Ep02 step 13000/13600: loss = 0.07110
  Ep02 step 13100/13600: loss = 0.07602
  Ep02 step 13200/13600: loss = 0.07486
  Ep02 step 13300/13600: loss = 0.06660
  Ep02 step 13400/13600: loss = 0.06833
  Ep02 step 13500/13600: loss = 0.07463
  Ep02 step 13600/13600: loss = 0.07208

Epoch 02/6 | train=0.07506 val=0.09386 | AUC=['0.997', '0.996', '0.993', '0.995'] PR=['0.979', '0.980', '0.973', '0.981'] | CASCADE-only AUC=['0.996', '0.995', '0.992', '0.994'] PR=['0.951', '0.958', '0.951', '0.967'] | mono_viol=0.00000 | 2185s

  [checkpoint] best.pt updated (epoch 2, val_loss=0.09386)
  Ep03 step  100/13600: loss = 0.07628
  Ep03 step  200/13600: loss = 0.06723
  Ep03 step  300/13600: loss = 0.06418
  Ep03 step  400/13600: loss = 0.07475
  Ep03 step  500/13600: loss = 0.07587
  Ep03 step  600/13600: loss = 0.07505
  Ep03 step  700/13600: loss = 0.07044
  Ep03 step  800/13600: loss = 0.08559
  Ep03 step  900/13600: loss = 0.07903
  Ep03 step 1000/13600: loss = 0.07728
  Ep03 step 1100/13600: loss = 0.06742
  Ep03 step 1200/13600: loss = 0.07538
  Ep03 step 1300/13600: loss = 0.06627
  Ep03 step 1400/13600: loss = 0.08323
  Ep03 step 1500/13600: loss = 0.08395
  Ep03 step 1600/13600: loss = 0.07891
  Ep03 step 1700/13600: loss = 0.07033
  Ep03 step 1800/13600: loss = 0.06999
  Ep03 step 1900/13600: loss = 0.07033
  Ep03 step 2000/13600: loss = 0.08080
  Ep03 step 2100/13600: loss = 0.06437
  Ep03 step 2200/13600: loss = 0.06653
  Ep03 step 2300/13600: loss = 0.07143
  Ep03 step 2400/13600: loss = 0.07581
  Ep03 step 2500/13600: loss = 0.06959
  Ep03 step 2600/13600: loss = 0.06693
  Ep03 step 2700/13600: loss = 0.07900
  Ep03 step 2800/13600: loss = 0.07701
  Ep03 step 2900/13600: loss = 0.07129
  Ep03 step 3000/13600: loss = 0.07532
  Ep03 step 3100/13600: loss = 0.06637
  Ep03 step 3200/13600: loss = 0.08074
  Ep03 step 3300/13600: loss = 0.08613
  Ep03 step 3400/13600: loss = 0.06473
  Ep03 step 3500/13600: loss = 0.07733
  Ep03 step 3600/13600: loss = 0.06626
  Ep03 step 3700/13600: loss = 0.07364
  Ep03 step 3800/13600: loss = 0.07652
  Ep03 step 3900/13600: loss = 0.06891
  Ep03 step 4000/13600: loss = 0.07032
  Ep03 step 4100/13600: loss = 0.07848
  Ep03 step 4200/13600: loss = 0.07532
  Ep03 step 4300/13600: loss = 0.07903
  Ep03 step 4400/13600: loss = 0.07128
  Ep03 step 4500/13600: loss = 0.07661
  Ep03 step 4600/13600: loss = 0.07366
  Ep03 step 4700/13600: loss = 0.07615
  Ep03 step 4800/13600: loss = 0.07686
  Ep03 step 4900/13600: loss = 0.07506
  Ep03 step 5000/13600: loss = 0.05815
  Ep03 step 5100/13600: loss = 0.07705
  Ep03 step 5200/13600: loss = 0.07592
  Ep03 step 5300/13600: loss = 0.07165
  Ep03 step 5400/13600: loss = 0.07255
  Ep03 step 5500/13600: loss = 0.06509
  Ep03 step 5600/13600: loss = 0.06122
  Ep03 step 5700/13600: loss = 0.06530
  Ep03 step 5800/13600: loss = 0.07907
  Ep03 step 5900/13600: loss = 0.08298
  Ep03 step 6000/13600: loss = 0.06837
  Ep03 step 6100/13600: loss = 0.07890
  Ep03 step 6200/13600: loss = 0.07895
  Ep03 step 6300/13600: loss = 0.07142
  Ep03 step 6400/13600: loss = 0.06796
  Ep03 step 6500/13600: loss = 0.06863
  Ep03 step 6600/13600: loss = 0.07741
  Ep03 step 6700/13600: loss = 0.06637
  Ep03 step 6800/13600: loss = 0.07035
  Ep03 step 6900/13600: loss = 0.07256
  Ep03 step 7000/13600: loss = 0.06770
  Ep03 step 7100/13600: loss = 0.06299
  Ep03 step 7200/13600: loss = 0.07244
  Ep03 step 7300/13600: loss = 0.07079
  Ep03 step 7400/13600: loss = 0.07245
  Ep03 step 7500/13600: loss = 0.07052
  Ep03 step 7600/13600: loss = 0.07019
  Ep03 step 7700/13600: loss = 0.06565
  Ep03 step 7800/13600: loss = 0.07898
  Ep03 step 7900/13600: loss = 0.07858
  Ep03 step 8000/13600: loss = 0.08612
  Ep03 step 8100/13600: loss = 0.08806
  Ep03 step 8200/13600: loss = 0.07297
  Ep03 step 8300/13600: loss = 0.07509
  Ep03 step 8400/13600: loss = 0.07814
  Ep03 step 8500/13600: loss = 0.06581
  Ep03 step 8600/13600: loss = 0.05820
  Ep03 step 8700/13600: loss = 0.07541
  Ep03 step 8800/13600: loss = 0.06495
  Ep03 step 8900/13600: loss = 0.07344
  Ep03 step 9000/13600: loss = 0.06806
  Ep03 step 9100/13600: loss = 0.07170
  Ep03 step 9200/13600: loss = 0.06273
  Ep03 step 9300/13600: loss = 0.06518
  Ep03 step 9400/13600: loss = 0.08102
  Ep03 step 9500/13600: loss = 0.08359
  Ep03 step 9600/13600: loss = 0.07496
  Ep03 step 9700/13600: loss = 0.06719
  Ep03 step 9800/13600: loss = 0.07106
  Ep03 step 9900/13600: loss = 0.07943
  Ep03 step 10000/13600: loss = 0.06548
  Ep03 step 10100/13600: loss = 0.07269
  Ep03 step 10200/13600: loss = 0.08142
  Ep03 step 10300/13600: loss = 0.07108
  Ep03 step 10400/13600: loss = 0.06643
  Ep03 step 10500/13600: loss = 0.07137
  Ep03 step 10600/13600: loss = 0.07044
  Ep03 step 10700/13600: loss = 0.08840
  Ep03 step 10800/13600: loss = 0.07394
  Ep03 step 10900/13600: loss = 0.06853
  Ep03 step 11000/13600: loss = 0.07248
  Ep03 step 11100/13600: loss = 0.07708
  Ep03 step 11200/13600: loss = 0.07647
  Ep03 step 11300/13600: loss = 0.07785
  Ep03 step 11400/13600: loss = 0.06373
  Ep03 step 11500/13600: loss = 0.06286
  Ep03 step 11600/13600: loss = 0.07440
  Ep03 step 11700/13600: loss = 0.06093
  Ep03 step 11800/13600: loss = 0.06705
  Ep03 step 11900/13600: loss = 0.07900
  Ep03 step 12000/13600: loss = 0.06977
  Ep03 step 12100/13600: loss = 0.08196
  Ep03 step 12200/13600: loss = 0.07536
  Ep03 step 12300/13600: loss = 0.08015
  Ep03 step 12400/13600: loss = 0.07537
  Ep03 step 12500/13600: loss = 0.07037
  Ep03 step 12600/13600: loss = 0.07452
  Ep03 step 12700/13600: loss = 0.07912
  Ep03 step 12800/13600: loss = 0.07255
  Ep03 step 12900/13600: loss = 0.06456
  Ep03 step 13000/13600: loss = 0.07002
  Ep03 step 13100/13600: loss = 0.07482
  Ep03 step 13200/13600: loss = 0.07553
  Ep03 step 13300/13600: loss = 0.07576
  Ep03 step 13400/13600: loss = 0.07439
  Ep03 step 13500/13600: loss = 0.08191
  Ep03 step 13600/13600: loss = 0.06641

Epoch 03/6 | train=0.07302 val=0.09060 | AUC=['0.998', '0.996', '0.994', '0.995'] PR=['0.982', '0.982', '0.975', '0.983'] | CASCADE-only AUC=['0.996', '0.995', '0.992', '0.994'] PR=['0.960', '0.963', '0.955', '0.970'] | mono_viol=0.00000 | 2910s

  [checkpoint] best.pt updated (epoch 3, val_loss=0.09060)
  Ep04 step  100/13600: loss = 0.06870
  Ep04 step  200/13600: loss = 0.06353
  Ep04 step  300/13600: loss = 0.06204
  Ep04 step  400/13600: loss = 0.07298
  Ep04 step  500/13600: loss = 0.07489
  Ep04 step  600/13600: loss = 0.07292
  Ep04 step  700/13600: loss = 0.07924
  Ep04 step  800/13600: loss = 0.07898
  Ep04 step  900/13600: loss = 0.07308
  Ep04 step 1000/13600: loss = 0.07335
  Ep04 step 1100/13600: loss = 0.06344
  Ep04 step 1200/13600: loss = 0.07055
  Ep04 step 1300/13600: loss = 0.06372
  Ep04 step 1400/13600: loss = 0.08025
  Ep04 step 1500/13600: loss = 0.06768
  Ep04 step 1600/13600: loss = 0.05857
  Ep04 step 1700/13600: loss = 0.08261
  Ep04 step 1800/13600: loss = 0.07677
  Ep04 step 1900/13600: loss = 0.08281
  Ep04 step 2000/13600: loss = 0.07388
  Ep04 step 2100/13600: loss = 0.07973
  Ep04 step 2200/13600: loss = 0.07916
  Ep04 step 2300/13600: loss = 0.06664
  Ep04 step 2400/13600: loss = 0.06754
  Ep04 step 2500/13600: loss = 0.06930
  Ep04 step 2600/13600: loss = 0.06781
  Ep04 step 2700/13600: loss = 0.08678
  Ep04 step 2800/13600: loss = 0.07177
  Ep04 step 2900/13600: loss = 0.07182
  Ep04 step 3000/13600: loss = 0.06231
  Ep04 step 3100/13600: loss = 0.08996
  Ep04 step 3200/13600: loss = 0.07628
  Ep04 step 3300/13600: loss = 0.06412
  Ep04 step 3400/13600: loss = 0.07771
  Ep04 step 3500/13600: loss = 0.07273
  Ep04 step 3600/13600: loss = 0.06996
  Ep04 step 3700/13600: loss = 0.07569
  Ep04 step 3800/13600: loss = 0.07614
  Ep04 step 3900/13600: loss = 0.08025
  Ep04 step 4000/13600: loss = 0.06855
  Ep04 step 4100/13600: loss = 0.07587
  Ep04 step 4200/13600: loss = 0.06912
  Ep04 step 4300/13600: loss = 0.07253
  Ep04 step 4400/13600: loss = 0.07632
  Ep04 step 4500/13600: loss = 0.06429
  Ep04 step 4600/13600: loss = 0.07263
  Ep04 step 4700/13600: loss = 0.06707
  Ep04 step 4800/13600: loss = 0.07611
  Ep04 step 4900/13600: loss = 0.07284
  Ep04 step 5000/13600: loss = 0.06736
  Ep04 step 5100/13600: loss = 0.07285
  Ep04 step 5200/13600: loss = 0.07530
  Ep04 step 5300/13600: loss = 0.07321
  Ep04 step 5400/13600: loss = 0.07552
  Ep04 step 5500/13600: loss = 0.07325
  Ep04 step 5600/13600: loss = 0.07966
  Ep04 step 5700/13600: loss = 0.07459
  Ep04 step 5800/13600: loss = 0.06511
  Ep04 step 5900/13600: loss = 0.07224
  Ep04 step 6000/13600: loss = 0.05837
  Ep04 step 6100/13600: loss = 0.07098
  Ep04 step 6200/13600: loss = 0.05802
  Ep04 step 6300/13600: loss = 0.06035
  Ep04 step 6400/13600: loss = 0.06223
  Ep04 step 6500/13600: loss = 0.06795
  Ep04 step 6600/13600: loss = 0.06521
  Ep04 step 6700/13600: loss = 0.07425
  Ep04 step 6800/13600: loss = 0.08065
  Ep04 step 6900/13600: loss = 0.07066
  Ep04 step 7000/13600: loss = 0.07611
  Ep04 step 7100/13600: loss = 0.06548
  Ep04 step 7200/13600: loss = 0.06428
  Ep04 step 7300/13600: loss = 0.07534
  Ep04 step 7400/13600: loss = 0.07736
  Ep04 step 7500/13600: loss = 0.07016
  Ep04 step 7600/13600: loss = 0.07364
  Ep04 step 7700/13600: loss = 0.07579
  Ep04 step 7800/13600: loss = 0.06774
  Ep04 step 7900/13600: loss = 0.07860
  Ep04 step 8000/13600: loss = 0.07854
  Ep04 step 8100/13600: loss = 0.06213
  Ep04 step 8200/13600: loss = 0.07056
  Ep04 step 8300/13600: loss = 0.07351
  Ep04 step 8400/13600: loss = 0.05952
  Ep04 step 8500/13600: loss = 0.06234
  Ep04 step 8600/13600: loss = 0.06289
  Ep04 step 8700/13600: loss = 0.06854
  Ep04 step 8800/13600: loss = 0.06861
  Ep04 step 8900/13600: loss = 0.06833
  Ep04 step 9000/13600: loss = 0.07112
  Ep04 step 9100/13600: loss = 0.06740
  Ep04 step 9200/13600: loss = 0.06277
  Ep04 step 9300/13600: loss = 0.07372
  Ep04 step 9400/13600: loss = 0.06911
  Ep04 step 9500/13600: loss = 0.06847
  Ep04 step 9600/13600: loss = 0.07921
  Ep04 step 9700/13600: loss = 0.09017
  Ep04 step 9800/13600: loss = 0.08473
  Ep04 step 9900/13600: loss = 0.07155
  Ep04 step 10000/13600: loss = 0.07787
  Ep04 step 10100/13600: loss = 0.07797
  Ep04 step 10200/13600: loss = 0.06984
  Ep04 step 10300/13600: loss = 0.07583
  Ep04 step 10400/13600: loss = 0.08779
  Ep04 step 10500/13600: loss = 0.08031
  Ep04 step 10600/13600: loss = 0.07059
  Ep04 step 10700/13600: loss = 0.08700
  Ep04 step 10800/13600: loss = 0.07709
  Ep04 step 10900/13600: loss = 0.07694
  Ep04 step 11000/13600: loss = 0.07555
  Ep04 step 11100/13600: loss = 0.06666
  Ep04 step 11200/13600: loss = 0.08235
  Ep04 step 11300/13600: loss = 0.07593
  Ep04 step 11400/13600: loss = 0.06466
  Ep04 step 11500/13600: loss = 0.06380
  Ep04 step 11600/13600: loss = 0.06180
  Ep04 step 11700/13600: loss = 0.07335
  Ep04 step 11800/13600: loss = 0.07054
  Ep04 step 11900/13600: loss = 0.06418
  Ep04 step 12000/13600: loss = 0.07298
  Ep04 step 12100/13600: loss = 0.08068
  Ep04 step 12200/13600: loss = 0.07389
  Ep04 step 12300/13600: loss = 0.06358
  Ep04 step 12400/13600: loss = 0.05520
  Ep04 step 12500/13600: loss = 0.06995
  Ep04 step 12600/13600: loss = 0.06774
  Ep04 step 12700/13600: loss = 0.06949
  Ep04 step 12800/13600: loss = 0.05614
  Ep04 step 12900/13600: loss = 0.07612
  Ep04 step 13000/13600: loss = 0.07138
  Ep04 step 13100/13600: loss = 0.07108
  Ep04 step 13200/13600: loss = 0.06893
  Ep04 step 13300/13600: loss = 0.08333
  Ep04 step 13400/13600: loss = 0.08301
  Ep04 step 13500/13600: loss = 0.06791
  Ep04 step 13600/13600: loss = 0.07340

Epoch 04/6 | train=0.07192 val=0.09518 | AUC=['0.997', '0.996', '0.992', '0.994'] PR=['0.981', '0.978', '0.969', '0.979'] | CASCADE-only AUC=['0.996', '0.994', '0.991', '0.993'] PR=['0.957', '0.954', '0.945', '0.963'] | mono_viol=0.00000 | 3636s

  Ep05 step  100/13600: loss = 0.07172
  Ep05 step  200/13600: loss = 0.05722
  Ep05 step  300/13600: loss = 0.06039
  Ep05 step  400/13600: loss = 0.07182
  Ep05 step  500/13600: loss = 0.05881
  Ep05 step  600/13600: loss = 0.07823
  Ep05 step  700/13600: loss = 0.07663
  Ep05 step  800/13600: loss = 0.08363
  Ep05 step  900/13600: loss = 0.07094
  Ep05 step 1000/13600: loss = 0.07743
  Ep05 step 1100/13600: loss = 0.08484
  Ep05 step 1200/13600: loss = 0.07170
  Ep05 step 1300/13600: loss = 0.06785
  Ep05 step 1400/13600: loss = 0.06933
  Ep05 step 1500/13600: loss = 0.07802
  Ep05 step 1600/13600: loss = 0.07889
  Ep05 step 1700/13600: loss = 0.06791
  Ep05 step 1800/13600: loss = 0.07038
  Ep05 step 1900/13600: loss = 0.08293
  Ep05 step 2000/13600: loss = 0.06208
  Ep05 step 2100/13600: loss = 0.07531
  Ep05 step 2200/13600: loss = 0.07073
  Ep05 step 2300/13600: loss = 0.06796
  Ep05 step 2400/13600: loss = 0.06051
  Ep05 step 2500/13600: loss = 0.07616
  Ep05 step 2600/13600: loss = 0.07233
  Ep05 step 2700/13600: loss = 0.06978
  Ep05 step 2800/13600: loss = 0.07609
  Ep05 step 2900/13600: loss = 0.07083
  Ep05 step 3000/13600: loss = 0.07828
  Ep05 step 3100/13600: loss = 0.07400
  Ep05 step 3200/13600: loss = 0.07065
  Ep05 step 3300/13600: loss = 0.08278
  Ep05 step 3400/13600: loss = 0.06885
  Ep05 step 3500/13600: loss = 0.07104
  Ep05 step 3600/13600: loss = 0.06811
  Ep05 step 3700/13600: loss = 0.07762
  Ep05 step 3800/13600: loss = 0.07317
  Ep05 step 3900/13600: loss = 0.06720
  Ep05 step 4000/13600: loss = 0.06157
  Ep05 step 4100/13600: loss = 0.07013
  Ep05 step 4200/13600: loss = 0.08312
  Ep05 step 4300/13600: loss = 0.06096
  Ep05 step 4400/13600: loss = 0.06843
  Ep05 step 4500/13600: loss = 0.07411
  Ep05 step 4600/13600: loss = 0.06847
  Ep05 step 4700/13600: loss = 0.07279
  Ep05 step 4800/13600: loss = 0.06841
  Ep05 step 4900/13600: loss = 0.07589
  Ep05 step 5000/13600: loss = 0.07059
  Ep05 step 5100/13600: loss = 0.07434
  Ep05 step 5200/13600: loss = 0.06473
  Ep05 step 5300/13600: loss = 0.06271
  Ep05 step 5400/13600: loss = 0.07445
  Ep05 step 5500/13600: loss = 0.06713
  Ep05 step 5600/13600: loss = 0.08040
  Ep05 step 5700/13600: loss = 0.07603
  Ep05 step 5800/13600: loss = 0.06717
  Ep05 step 5900/13600: loss = 0.06878
  Ep05 step 6000/13600: loss = 0.06857
  Ep05 step 6100/13600: loss = 0.06632
  Ep05 step 6200/13600: loss = 0.07273
  Ep05 step 6300/13600: loss = 0.07282
  Ep05 step 6400/13600: loss = 0.07583
  Ep05 step 6500/13600: loss = 0.06804
  Ep05 step 6600/13600: loss = 0.07069
  Ep05 step 6700/13600: loss = 0.06190
  Ep05 step 6800/13600: loss = 0.06222
  Ep05 step 6900/13600: loss = 0.08402
  Ep05 step 7000/13600: loss = 0.06786
  Ep05 step 7100/13600: loss = 0.07493
  Ep05 step 7200/13600: loss = 0.06561
  Ep05 step 7300/13600: loss = 0.07496
  Ep05 step 7400/13600: loss = 0.06675
  Ep05 step 7500/13600: loss = 0.06822
  Ep05 step 7600/13600: loss = 0.06700
  Ep05 step 7700/13600: loss = 0.06582
  Ep05 step 7800/13600: loss = 0.07408
  Ep05 step 7900/13600: loss = 0.08006
  Ep05 step 8000/13600: loss = 0.07403
  Ep05 step 8100/13600: loss = 0.07596
  Ep05 step 8200/13600: loss = 0.06234
  Ep05 step 8300/13600: loss = 0.06975
  Ep05 step 8400/13600: loss = 0.06312
  Ep05 step 8500/13600: loss = 0.06962
  Ep05 step 8600/13600: loss = 0.06505
  Ep05 step 8700/13600: loss = 0.07362
  Ep05 step 8800/13600: loss = 0.06538
  Ep05 step 8900/13600: loss = 0.06945
  Ep05 step 9000/13600: loss = 0.07421
  Ep05 step 9100/13600: loss = 0.07944
  Ep05 step 9200/13600: loss = 0.06717
  Ep05 step 9300/13600: loss = 0.06662
  Ep05 step 9400/13600: loss = 0.07372
  Ep05 step 9500/13600: loss = 0.07819
  Ep05 step 9600/13600: loss = 0.07449
  Ep05 step 9700/13600: loss = 0.06869
  Ep05 step 9800/13600: loss = 0.07364
  Ep05 step 9900/13600: loss = 0.06189
  Ep05 step 10000/13600: loss = 0.07212
  Ep05 step 10100/13600: loss = 0.06065
  Ep05 step 10200/13600: loss = 0.06527
  Ep05 step 10300/13600: loss = 0.07265
  Ep05 step 10400/13600: loss = 0.07869
  Ep05 step 10500/13600: loss = 0.06168
  Ep05 step 10600/13600: loss = 0.06943
  Ep05 step 10700/13600: loss = 0.07778
  Ep05 step 10800/13600: loss = 0.07891
  Ep05 step 10900/13600: loss = 0.06920
  Ep05 step 11000/13600: loss = 0.07524
  Ep05 step 11100/13600: loss = 0.07407
  Ep05 step 11200/13600: loss = 0.06835
  Ep05 step 11300/13600: loss = 0.07333
  Ep05 step 11400/13600: loss = 0.08003
  Ep05 step 11500/13600: loss = 0.07479
  Ep05 step 11600/13600: loss = 0.07472
  Ep05 step 11700/13600: loss = 0.07194
  Ep05 step 11800/13600: loss = 0.07589
  Ep05 step 11900/13600: loss = 0.08540
  Ep05 step 12000/13600: loss = 0.05882
  Ep05 step 12100/13600: loss = 0.06059
  Ep05 step 12200/13600: loss = 0.07735
  Ep05 step 12300/13600: loss = 0.06846
  Ep05 step 12400/13600: loss = 0.07816
  Ep05 step 12500/13600: loss = 0.06918
  Ep05 step 12600/13600: loss = 0.07518
  Ep05 step 12700/13600: loss = 0.07605
  Ep05 step 12800/13600: loss = 0.07670
  Ep05 step 12900/13600: loss = 0.08135
  Ep05 step 13000/13600: loss = 0.06895
  Ep05 step 13100/13600: loss = 0.06573
  Ep05 step 13200/13600: loss = 0.08277
  Ep05 step 13300/13600: loss = 0.06823
  Ep05 step 13400/13600: loss = 0.06823
  Ep05 step 13500/13600: loss = 0.07230
  Ep05 step 13600/13600: loss = 0.06493

Epoch 05/6 | train=0.07140 val=0.09019 | AUC=['0.998', '0.997', '0.994', '0.996'] PR=['0.982', '0.983', '0.976', '0.984'] | CASCADE-only AUC=['0.997', '0.996', '0.992', '0.995'] PR=['0.959', '0.964', '0.957', '0.971'] | mono_viol=0.00000 | 4362s

  [checkpoint] best.pt updated (epoch 5, val_loss=0.09019)
[held-out geoclaw_2050] test_loss=0.22651 mono_viol=0.00000 (1000 runs)
  ALL-nodes     AUC=[0.993634050309658, 0.9825102587938309, 0.9797674380540847, 0.9868323068618774]  PR=[0.977992521249262, 0.9686142328089131, 0.9697620426023011, 0.9877560081175176]
  CASCADE-only  AUC=[0.9919271973371506, 0.9798773904442787, 0.977142895102501, 0.9855955715179443]  PR=[0.9637576850416066, 0.958051388348096, 0.9608900498153087, 0.98504963964722]
[held-out syn_ts_914_6_1p2955] test_loss=0.03704 mono_viol=0.00000 (1000 runs)
  ALL-nodes     AUC=[0.9995932849645615, 0.9995710316300392, 0.9992945883870125, 0.9989392407536507]  PR=[0.9905927959921584, 0.9913987703864028, 0.9874958293709875, 0.9875711200515472]
  CASCADE-only  AUC=[0.9992880754470825, 0.9993236349821091, 0.9989508359432221, 0.9985066090226173]  PR=[0.9724082744164628, 0.978337492400134, 0.9719422905192806, 0.9755470961769175]
[held-out syn_ts_258_9_3p0022] test_loss=0.18879 mono_viol=0.00000 (1000 runs)
  ALL-nodes     AUC=[0.9962098883986473, 0.9863713638186454, 0.9850401244163514, 0.9909646626114845]  PR=[0.9881871654144369, 0.9746686925186084, 0.9767363892300583, 0.9907707942644514]
  CASCADE-only  AUC=[0.994967964053154, 0.9835949380397797, 0.9825149821639061, 0.9897988638877868]  PR=[0.9791686781224841, 0.9632805238765958, 0.9677763852335343, 0.9880075653934605]
[held-out syn_ts_605_5_3p7563] test_loss=0.18584 mono_viol=0.00000 (1000 runs)
  ALL-nodes     AUC=[0.9784051396250725, 0.9869780010581016, 0.9892294245362282, 0.9919117855429649]  PR=[0.9727813881957255, 0.9874604661110504, 0.9908731888482961, 0.9946796950347219]
  CASCADE-only  AUC=[0.9715586529970169, 0.98378940564394, 0.9868372350335121, 0.9903875492811203]  PR=[0.9534878717085925, 0.9805623134437051, 0.9862819701808409, 0.9923850791308272]
[held-out syn_ts_808_27_3p7885] test_loss=0.15672 mono_viol=0.00000 (1000 runs)
  ALL-nodes     AUC=[0.9822186471819878, 0.9954899324178695, 0.9947431116104126, 0.9956621645689011]  PR=[0.9748828283809867, 0.9941511480742515, 0.9945038203745098, 0.9965246581030988]
  CASCADE-only  AUC=[0.9777113602757453, 0.9945500355958938, 0.9938153453469276, 0.995030403316021]  PR=[0.9617648735584421, 0.9915141781256344, 0.9924002120190545, 0.9953801309006911]
