[gate] CUDA OK: NVIDIA L40S
task=28 name=mix57_same_ctx_static_mask_s1 hold=all13 set=w29_all ckpt=/scratch/tj2587/results/gnn_morestorms_v1/mix57_same_ctx_static_mask_s1/best.pt labels=/scratch/tj2587/results/legacy_v1_n1000 labels2=/scratch/tj2587/results/gissr48_v1/static timing=unset context=1 smoke=0 out=/scratch/tj2587/results/gnn_morestorms_numbers_v1 commit=967d122 uncommitted_files=0
design subsets from the checkpoint: train_subset=13600 val_subset=3400
Loaded /scratch/tj2587/results/gnn_morestorms_v1/mix57_same_ctx_static_mask_s1/best.pt: epoch=4 saved val_loss=0.0733752522695714 head=hazard params=698,648 horizons=[6, 24, 48, 96]
Train: 13600 runs (baselines) | Val: 3400 runs | held-out ['geoclaw_2050', 'syn_ts_914_6_1p2955', 'syn_ts_258_9_3p0022', 'syn_ts_605_5_3p7563', 'syn_ts_808_27_3p7885', 'syn2_t449w6_wl2p103', 'syn2_t580w24_wl2p439', 'syn2_t934c34_wl2p777', 'syn2_t270w17_wl3p116', 'syn2_t33w13_wl3p458', 'syn2_t857w1_wl3p800', 'syn2_t116w1_wl4p130', 'syn2_t198w16_wl4p722'] (13000 runs)
  baselines: 2000/13600 training runs
  baselines: 4000/13600 training runs
  baselines: 6000/13600 training runs
  baselines: 8000/13600 training runs
  baselines: 10000/13600 training runs
  baselines: 12000/13600 training runs
[R3] baselines from 13600 training runs of 57 storms; base rate per horizon [0.0554, 0.1193, 0.1479, 0.228] -> PASS
[G1] model vs train.eval_step on 3 runs: max |diff| loss 3.41e-09, cascade PR 0.00e+00 -> PASS
  val: 500/3400 runs  (206s)
  val: 1000/3400 runs  (228s)
  val: 1500/3400 runs  (250s)
  val: 2000/3400 runs  (271s)
  val: 2500/3400 runs  (294s)
  val: 3000/3400 runs  (316s)
[val] model: loss 0.07338 | non-seed BCE 0.05101 | count WAPE ['0.085', '0.066', '0.084', '0.102'] bias ['-0.027', '-0.005', '-0.004', '+0.012'] | AP ['0.969', '0.976', '0.961', '0.977'] | window given failure: exact 0.857, within one 0.982; caught by 0.941 | ECE ['0.0015', '0.0010', '0.0018', '0.0027']
[val] no_cascade    : non-seed BCE 0.38635 | count WAPE ['0.612', '0.506', '0.527', '0.490'] | AP ['0.056', '0.121', '0.149', '0.231'] | window given failure: exact 0.356
[val] site_frequency: non-seed BCE 0.16507 | count WAPE ['0.633', '0.524', '0.542', '0.496'] | AP ['0.812', '0.892', '0.879', '0.914'] | window given failure: exact 0.754
[val] nearest_storm : non-seed BCE 0.06691 | count WAPE ['0.153', '0.099', '0.109', '0.114'] | AP ['0.919', '0.950', '0.936', '0.958'] | window given failure: exact 0.832
  geoclaw_2050: 500/1000 runs  (356s)
  geoclaw_2050: 1000/1000 runs  (380s)
[geoclaw_2050] model: loss 0.09658 | non-seed BCE 0.06131 | count WAPE ['0.041', '0.038', '0.063', '0.020'] bias ['-0.031', '-0.032', '-0.047', '-0.007'] | AP ['0.952', '0.989', '0.974', '0.993'] | window given failure: exact 0.831, within one 0.976; caught by 0.959 | ECE ['0.0025', '0.0055', '0.0109', '0.0029']
[geoclaw_2050] no_cascade    : non-seed BCE 0.46645 | count WAPE ['0.145', '0.269', '0.293', '0.285'] | AP ['0.064', '0.163', '0.209', '0.318'] | window given failure: exact 0.343
[geoclaw_2050] site_frequency: non-seed BCE 0.14984 | count WAPE ['0.158', '0.272', '0.295', '0.286'] | AP ['0.778', '0.949', '0.927', '0.975'] | window given failure: exact 0.773
[geoclaw_2050] nearest_storm : non-seed BCE 0.15391 | count WAPE ['0.162', '0.147', '0.207', '0.094'] | AP ['0.755', '0.942', '0.923', '0.974'] | window given failure: exact 0.738
[geoclaw_2050] nearest training storm used by the lookup: {'syn2_t595w12_wl3p142': 879, 'syn2_t78w9_wl3p232': 118, 'syn_ts_880_9_2p6632': 3}
  syn_ts_914_6_1p2955: 500/1000 runs  (397s)
  syn_ts_914_6_1p2955: 1000/1000 runs  (415s)
[syn_ts_914_6_1p2955] model: loss 0.04201 | non-seed BCE 0.01975 | count WAPE ['0.079', '0.186', '0.176', '0.533'] bias ['-0.058', '+0.181', '+0.154', '+0.522'] | AP ['0.987', '0.970', '0.954', '0.959'] | window given failure: exact 0.882, within one 0.984; caught by 0.883 | ECE ['0.0013', '0.0062', '0.0067', '0.0199']
[syn_ts_914_6_1p2955] no_cascade    : non-seed BCE 0.20098 | count WAPE ['2.427', '3.383', '3.571', '5.308'] | AP ['0.016', '0.027', '0.032', '0.036'] | window given failure: exact 0.105
[syn_ts_914_6_1p2955] site_frequency: non-seed BCE 0.19165 | count WAPE ['2.497', '3.466', '3.639', '5.376'] | AP ['0.654', '0.693', '0.722', '0.744'] | window given failure: exact 0.673
[syn_ts_914_6_1p2955] nearest_storm : non-seed BCE 0.01944 | count WAPE ['0.112', '0.206', '0.166', '0.192'] | AP ['0.949', '0.935', '0.928', '0.933'] | window given failure: exact 0.854
[syn_ts_914_6_1p2955] nearest training storm used by the lookup: {'syn2_t504c15_wl2p205': 293, 'syn2_t165c31_wl2p137': 194, 'syn_ts_708_13_1p1567': 469, 'syn_ts_570_2_1p5351': 41, 'syn2_t910c36_wl2p272': 2, 'syn2_t931w15_wl2p070': 1}
  syn_ts_258_9_3p0022: 500/1000 runs  (439s)
  syn_ts_258_9_3p0022: 1000/1000 runs  (462s)
[syn_ts_258_9_3p0022] model: loss 0.08045 | non-seed BCE 0.05328 | count WAPE ['0.035', '0.028', '0.053', '0.027'] bias ['-0.013', '-0.009', '+0.001', '+0.006'] | AP ['0.972', '0.993', '0.978', '0.992'] | window given failure: exact 0.859, within one 0.983; caught by 0.966 | ECE ['0.0014', '0.0015', '0.0023', '0.0027']
[syn_ts_258_9_3p0022] no_cascade    : non-seed BCE 0.45985 | count WAPE ['0.162', '0.268', '0.254', '0.269'] | AP ['0.066', '0.163', '0.198', '0.310'] | window given failure: exact 0.363
[syn_ts_258_9_3p0022] site_frequency: non-seed BCE 0.13365 | count WAPE ['0.160', '0.267', '0.253', '0.269'] | AP ['0.893', '0.969', '0.950', '0.982'] | window given failure: exact 0.821
[syn_ts_258_9_3p0022] nearest_storm : non-seed BCE 0.07157 | count WAPE ['0.076', '0.059', '0.078', '0.043'] | AP ['0.936', '0.981', '0.966', '0.988'] | window given failure: exact 0.840
[syn_ts_258_9_3p0022] nearest training storm used by the lookup: {'syn2_t870w11_wl3p407': 479, 'syn2_t858w3_wl3p342': 501, 'syn_ts_999_12_3p44': 12, 'syn2_t546c20_wl3p299': 8}
  syn_ts_605_5_3p7563: 500/1000 runs  (488s)
  syn_ts_605_5_3p7563: 1000/1000 runs  (514s)
[syn_ts_605_5_3p7563] model: loss 0.08694 | non-seed BCE 0.06595 | count WAPE ['0.128', '0.027', '0.055', '0.024'] bias ['-0.039', '-0.025', '-0.027', '-0.004'] | AP ['0.969', '0.993', '0.986', '0.997'] | window given failure: exact 0.801, within one 0.977; caught by 0.961 | ECE ['0.0052', '0.0053', '0.0072', '0.0057']
[syn_ts_605_5_3p7563] no_cascade    : non-seed BCE 0.57462 | count WAPE ['0.586', '0.434', '0.452', '0.340'] | AP ['0.134', '0.211', '0.270', '0.345'] | window given failure: exact 0.218
[syn_ts_605_5_3p7563] site_frequency: non-seed BCE 0.22430 | count WAPE ['0.612', '0.468', '0.479', '0.364'] | AP ['0.892', '0.973', '0.970', '0.991'] | window given failure: exact 0.612
[syn_ts_605_5_3p7563] nearest_storm : non-seed BCE 0.07772 | count WAPE ['0.156', '0.026', '0.048', '0.026'] | AP ['0.954', '0.988', '0.983', '0.994'] | window given failure: exact 0.782
[syn_ts_605_5_3p7563] nearest training storm used by the lookup: {'syn2_t459w5_wl4p437': 560, 'syn2_t66w12_wl4p572': 14, 'syn2_t117w7_wl4p508': 417, 'syn2_t433w18_wl4p363': 9}
  syn_ts_808_27_3p7885: 500/1000 runs  (538s)
  syn_ts_808_27_3p7885: 1000/1000 runs  (562s)
[syn_ts_808_27_3p7885] model: loss 0.07883 | non-seed BCE 0.05634 | count WAPE ['0.068', '0.029', '0.044', '0.022'] bias ['-0.028', '-0.018', '-0.003', '+0.006'] | AP ['0.970', '0.993', '0.984', '0.995'] | window given failure: exact 0.850, within one 0.984; caught by 0.965 | ECE ['0.0024', '0.0035', '0.0058', '0.0052']
[syn_ts_808_27_3p7885] no_cascade    : non-seed BCE 0.50645 | count WAPE ['0.357', '0.349', '0.365', '0.313'] | AP ['0.086', '0.183', '0.233', '0.332'] | window given failure: exact 0.298
[syn_ts_808_27_3p7885] site_frequency: non-seed BCE 0.15551 | count WAPE ['0.366', '0.360', '0.372', '0.319'] | AP ['0.905', '0.978', '0.966', '0.987'] | window given failure: exact 0.791
[syn_ts_808_27_3p7885] nearest_storm : non-seed BCE 0.07131 | count WAPE ['0.128', '0.034', '0.052', '0.027'] | AP ['0.948', '0.987', '0.977', '0.992'] | window given failure: exact 0.831
[syn_ts_808_27_3p7885] nearest training storm used by the lookup: {'syn2_t397w4_wl3p687': 345, 'syn2_t98w4_wl3p759': 652, 'syn2_t502w24_wl3p827': 2, 'syn_ts_914_26_3p4047': 1}
  syn2_t449w6_wl2p103: 500/1000 runs  (580s)
  syn2_t449w6_wl2p103: 1000/1000 runs  (598s)
[syn2_t449w6_wl2p103] model: loss 0.04295 | non-seed BCE 0.01772 | count WAPE ['0.137', '0.154', '0.182', '0.418'] bias ['-0.067', '+0.123', '+0.122', '+0.399'] | AP ['0.971', '0.949', '0.936', '0.945'] | window given failure: exact 0.885, within one 0.980; caught by 0.867 | ECE ['0.0010', '0.0036', '0.0038', '0.0126']
[syn2_t449w6_wl2p103] no_cascade    : non-seed BCE 0.19394 | count WAPE ['2.920', '4.046', '4.354', '6.488'] | AP ['0.014', '0.024', '0.028', '0.030'] | window given failure: exact 0.093
[syn2_t449w6_wl2p103] site_frequency: non-seed BCE 0.19679 | count WAPE ['2.999', '4.141', '4.432', '6.565'] | AP ['0.651', '0.673', '0.693', '0.719'] | window given failure: exact 0.683
[syn2_t449w6_wl2p103] nearest_storm : non-seed BCE 0.02064 | count WAPE ['0.172', '0.280', '0.236', '0.218'] | AP ['0.897', '0.879', '0.870', '0.882'] | window given failure: exact 0.859
[syn2_t449w6_wl2p103] nearest training storm used by the lookup: {'syn2_t165c31_wl2p137': 261, 'syn_ts_570_2_1p5351': 453, 'syn2_t931w15_wl2p070': 210, 'syn_ts_192_7_1p0240': 15, 'syn_ts_708_13_1p1567': 59, 'syn2_t504c15_wl2p205': 2}
  syn2_t580w24_wl2p439: 500/1000 runs  (617s)
  syn2_t580w24_wl2p439: 1000/1000 runs  (637s)
[syn2_t580w24_wl2p439] model: loss 0.08922 | non-seed BCE 0.07731 | count WAPE ['0.076', '0.349', '0.349', '0.537'] bias ['-0.024', '+0.051', '+0.045', '+0.088'] | AP ['0.973', '0.949', '0.922', '0.947'] | window given failure: exact 0.902, within one 0.985; caught by 0.899 | ECE ['0.0010', '0.0048', '0.0064', '0.0189']
[syn2_t580w24_wl2p439] no_cascade    : non-seed BCE 0.29141 | count WAPE ['1.353', '0.683', '0.742', '0.517'] | AP ['0.024', '0.071', '0.085', '0.169'] | window given failure: exact 0.496
[syn2_t580w24_wl2p439] site_frequency: non-seed BCE 0.14643 | count WAPE ['1.405', '0.719', '0.772', '0.514'] | AP ['0.750', '0.859', '0.843', '0.886'] | window given failure: exact 0.748
[syn2_t580w24_wl2p439] nearest_storm : non-seed BCE 0.08422 | count WAPE ['0.156', '0.392', '0.383', '0.556'] | AP ['0.928', '0.931', '0.915', '0.941'] | window given failure: exact 0.892
[syn2_t580w24_wl2p439] nearest training storm used by the lookup: {'syn2_t25w17_wl2p408': 512, 'syn2_t326c15_wl2p477': 469, 'syn2_t354w10_wl2p544': 2, 'syn_ts_436_11_1p3524': 17}
  syn2_t934c34_wl2p777: 500/1000 runs  (659s)
  syn2_t934c34_wl2p777: 1000/1000 runs  (680s)
[syn2_t934c34_wl2p777] model: loss 0.07816 | non-seed BCE 0.05756 | count WAPE ['0.073', '0.080', '0.086', '0.119'] bias ['-0.022', '+0.008', '-0.000', '+0.006'] | AP ['0.963', '0.981', '0.958', '0.977'] | window given failure: exact 0.894, within one 0.984; caught by 0.957 | ECE ['0.0020', '0.0027', '0.0035', '0.0039']
[syn2_t934c34_wl2p777] no_cascade    : non-seed BCE 0.35846 | count WAPE ['0.526', '0.140', '0.191', '0.191'] | AP ['0.036', '0.105', '0.124', '0.247'] | window given failure: exact 0.497
[syn2_t934c34_wl2p777] site_frequency: non-seed BCE 0.12427 | count WAPE ['0.556', '0.161', '0.210', '0.181'] | AP ['0.791', '0.928', '0.899', '0.952'] | window given failure: exact 0.773
[syn2_t934c34_wl2p777] nearest_storm : non-seed BCE 0.10989 | count WAPE ['0.159', '0.188', '0.190', '0.151'] | AP ['0.835', '0.936', '0.913', '0.956'] | window given failure: exact 0.860
[syn2_t934c34_wl2p777] nearest training storm used by the lookup: {'geoclaw_2026': 367, 'syn2_t731c2_wl2p755': 357, 'syn2_t551w16_wl2p807': 134, 'syn_ts_192_15_2p5752': 138, 'syn2_t748c28_wl2p684': 4}
  syn2_t270w17_wl3p116: 500/1000 runs  (702s)
  syn2_t270w17_wl3p116: 1000/1000 runs  (725s)
[syn2_t270w17_wl3p116] model: loss 0.08504 | non-seed BCE 0.05571 | count WAPE ['0.050', '0.028', '0.047', '0.040'] bias ['-0.021', '-0.002', '+0.005', '+0.004'] | AP ['0.962', '0.990', '0.969', '0.988'] | window given failure: exact 0.877, within one 0.981; caught by 0.958 | ECE ['0.0015', '0.0007', '0.0019', '0.0031']
[syn2_t270w17_wl3p116] no_cascade    : non-seed BCE 0.41562 | count WAPE ['0.099', '0.144', '0.124', '0.222'] | AP ['0.053', '0.137', '0.163', '0.288'] | window given failure: exact 0.435
[syn2_t270w17_wl3p116] site_frequency: non-seed BCE 0.12638 | count WAPE ['0.104', '0.138', '0.121', '0.218'] | AP ['0.834', '0.951', '0.926', '0.975'] | window given failure: exact 0.800
[syn2_t270w17_wl3p116] nearest_storm : non-seed BCE 0.07875 | count WAPE ['0.089', '0.094', '0.100', '0.074'] | AP ['0.900', '0.969', '0.949', '0.982'] | window given failure: exact 0.852
[syn2_t270w17_wl3p116] nearest training storm used by the lookup: {'syn2_t595w12_wl3p142': 430, 'syn2_t512w18_wl3p089': 130, 'syn_ts_880_9_2p6632': 439, 'syn2_t51w23_wl3p011': 1}
  syn2_t33w13_wl3p458: 500/1000 runs  (748s)
  syn2_t33w13_wl3p458: 1000/1000 runs  (772s)
[syn2_t33w13_wl3p458] model: loss 0.08034 | non-seed BCE 0.05420 | count WAPE ['0.035', '0.028', '0.050', '0.026'] bias ['-0.017', '-0.007', '+0.005', '+0.010'] | AP ['0.972', '0.993', '0.980', '0.993'] | window given failure: exact 0.859, within one 0.984; caught by 0.964 | ECE ['0.0013', '0.0017', '0.0032', '0.0034']
[syn2_t33w13_wl3p458] no_cascade    : non-seed BCE 0.47117 | count WAPE ['0.202', '0.293', '0.287', '0.282'] | AP ['0.069', '0.168', '0.207', '0.316'] | window given failure: exact 0.344
[syn2_t33w13_wl3p458] site_frequency: non-seed BCE 0.13724 | count WAPE ['0.203', '0.295', '0.288', '0.283'] | AP ['0.901', '0.972', '0.956', '0.983'] | window given failure: exact 0.824
[syn2_t33w13_wl3p458] nearest_storm : non-seed BCE 0.06977 | count WAPE ['0.071', '0.052', '0.072', '0.037'] | AP ['0.943', '0.983', '0.970', '0.989'] | window given failure: exact 0.847
[syn2_t33w13_wl3p458] nearest training storm used by the lookup: {'syn2_t194c43_wl3p498': 268, 'syn_ts_999_12_3p44': 675, 'syn2_t870w11_wl3p407': 57}
  syn2_t857w1_wl3p800: 500/1000 runs  (797s)
  syn2_t857w1_wl3p800: 1000/1000 runs  (821s)
[syn2_t857w1_wl3p800] model: loss 0.07711 | non-seed BCE 0.05498 | count WAPE ['0.080', '0.026', '0.045', '0.020'] bias ['-0.027', '-0.017', '-0.005', '+0.000'] | AP ['0.969', '0.993', '0.985', '0.996'] | window given failure: exact 0.846, within one 0.984; caught by 0.968 | ECE ['0.0025', '0.0035', '0.0059', '0.0037']
[syn2_t857w1_wl3p800] no_cascade    : non-seed BCE 0.51711 | count WAPE ['0.392', '0.364', '0.383', '0.325'] | AP ['0.091', '0.188', '0.240', '0.338'] | window given failure: exact 0.290
[syn2_t857w1_wl3p800] site_frequency: non-seed BCE 0.16190 | count WAPE ['0.402', '0.376', '0.392', '0.332'] | AP ['0.905', '0.979', '0.969', '0.988'] | window given failure: exact 0.780
[syn2_t857w1_wl3p800] nearest_storm : non-seed BCE 0.06681 | count WAPE ['0.170', '0.031', '0.052', '0.024'] | AP ['0.948', '0.990', '0.981', '0.994'] | window given failure: exact 0.823
[syn2_t857w1_wl3p800] nearest training storm used by the lookup: {'syn2_t98w4_wl3p759': 409, 'syn2_t502w24_wl3p827': 580, 'syn2_t494w17_wl3p890': 10, 'syn2_t397w4_wl3p687': 1}
  syn2_t116w1_wl4p130: 500/1000 runs  (847s)
  syn2_t116w1_wl4p130: 1000/1000 runs  (872s)
[syn2_t116w1_wl4p130] model: loss 0.07557 | non-seed BCE 0.05513 | count WAPE ['0.119', '0.024', '0.055', '0.020'] bias ['-0.036', '-0.018', '-0.025', '-0.003'] | AP ['0.970', '0.993', '0.988', '0.998'] | window given failure: exact 0.815, within one 0.980; caught by 0.972 | ECE ['0.0043', '0.0039', '0.0064', '0.0023']
[syn2_t116w1_wl4p130] no_cascade    : non-seed BCE 0.55432 | count WAPE ['0.527', '0.406', '0.437', '0.340'] | AP ['0.117', '0.201', '0.263', '0.345'] | window given failure: exact 0.240
[syn2_t116w1_wl4p130] site_frequency: non-seed BCE 0.19201 | count WAPE ['0.545', '0.429', '0.454', '0.355'] | AP ['0.904', '0.978', '0.974', '0.991'] | window given failure: exact 0.676
[syn2_t116w1_wl4p130] nearest_storm : non-seed BCE 0.06343 | count WAPE ['0.214', '0.030', '0.055', '0.022'] | AP ['0.951', '0.991', '0.986', '0.997'] | window given failure: exact 0.759
[syn2_t116w1_wl4p130] nearest training storm used by the lookup: {'syn2_t162w13_wl4p105': 564, 'syn2_t982w10_wl4p153': 423, 'syn2_t13w19_wl4p230': 10, 'syn2_t574w1_wl4p027': 3}
  syn2_t198w16_wl4p722: 500/1000 runs  (898s)
  syn2_t198w16_wl4p722: 1000/1000 runs  (925s)
[syn2_t198w16_wl4p722] model: loss 0.10703 | non-seed BCE 0.08801 | count WAPE ['0.133', '0.037', '0.069', '0.045'] bias ['-0.047', '-0.037', '-0.050', '-0.040'] | AP ['0.966', '0.991', '0.982', '0.994'] | window given failure: exact 0.787, within one 0.973; caught by 0.931 | ECE ['0.0068', '0.0081', '0.0142', '0.0145']
[syn2_t198w16_wl4p722] no_cascade    : non-seed BCE 0.59486 | count WAPE ['0.613', '0.457', '0.475', '0.365'] | AP ['0.143', '0.220', '0.282', '0.359'] | window given failure: exact 0.214
[syn2_t198w16_wl4p722] site_frequency: non-seed BCE 0.27337 | count WAPE ['0.647', '0.498', '0.509', '0.395'] | AP ['0.883', '0.973', '0.968', '0.989'] | window given failure: exact 0.595
[syn2_t198w16_wl4p722] nearest_storm : non-seed BCE 0.07890 | count WAPE ['0.154', '0.030', '0.061', '0.041'] | AP ['0.958', '0.994', '0.986', '0.997'] | window given failure: exact 0.801
[syn2_t198w16_wl4p722] nearest training storm used by the lookup: {'syn2_t66w12_wl4p572': 1000}
[speed] model forward on cuda: median 11.32 ms per run (n=50)
[G2] saved val_loss 0.073375 got 0.073375 |diff| 1.78e-09 -> PASS
wrote /scratch/tj2587/results/gnn_morestorms_numbers_v1/mix57_same_ctx_static_mask_s1.json  (926s)
ALL GATES AND RULES: PASS
