[gate] CUDA OK: NVIDIA L40S
task=3 name=old17_plain_dynamic_timing_s1 hold=all13 set=w29_old ckpt=/scratch/tj2587/results/gnn_morestorms_v1/old17_plain_dynamic_timing_s1/best.pt labels=/scratch/tj2587/results/dynamic_v1/arrival_h360 labels2=/scratch/tj2587/results/gissr48_v1/arrival_h360 timing=1 context=unset smoke=0 out=/scratch/tj2587/results/gnn_morestorms_numbers_v1 commit=967d122 uncommitted_files=0
design subsets from the checkpoint: train_subset=None val_subset=None
Loaded /scratch/tj2587/results/gnn_morestorms_v1/old17_plain_dynamic_timing_s1/best.pt: epoch=5 saved val_loss=0.1645548128112968 head=hazard params=697,112 horizons=[6, 24, 48, 96]
Train: 13600 runs (baselines) | Val: 3400 runs | held-out ['geoclaw_2050', 'syn_ts_914_6_1p2955', 'syn_ts_258_9_3p0022', 'syn_ts_605_5_3p7563', 'syn_ts_808_27_3p7885', 'syn2_t449w6_wl2p103', 'syn2_t580w24_wl2p439', 'syn2_t934c34_wl2p777', 'syn2_t270w17_wl3p116', 'syn2_t33w13_wl3p458', 'syn2_t857w1_wl3p800', 'syn2_t116w1_wl4p130', 'syn2_t198w16_wl4p722'] (13000 runs)
  baselines: 2000/13600 training runs
  baselines: 4000/13600 training runs
  baselines: 6000/13600 training runs
  baselines: 8000/13600 training runs
  baselines: 10000/13600 training runs
  baselines: 12000/13600 training runs
[R3] baselines from 13600 training runs of 17 storms; base rate per horizon [0.0874, 0.1322, 0.1625, 0.2201] -> PASS
[timing-features] loaded 71 scenarios from data/flood/timing/node_timing_jesse22_plus_gissr48_v1.csv (features ('arrival_h', 'duration_h', 'time_to_peak_h'), scaled by 96 h)
[G1] model vs train.eval_step on 3 runs: max |diff| loss 6.21e-09, cascade PR 0.00e+00 -> PASS
  val: 500/3400 runs  (198s)
  val: 1000/3400 runs  (219s)
  val: 1500/3400 runs  (241s)
  val: 2000/3400 runs  (263s)
  val: 2500/3400 runs  (285s)
  val: 3000/3400 runs  (308s)
[val] model: loss 0.16455 | non-seed BCE 0.14028 | count WAPE ['0.252', '0.326', '0.365', '0.461'] bias ['-0.006', '+0.006', '+0.011', '+0.041'] | AP ['0.921', '0.918', '0.905', '0.925'] | window given failure: exact 0.751, within one 0.937; caught by 0.685 | ECE ['0.0026', '0.0063', '0.0062', '0.0113']
[val] no_cascade    : non-seed BCE 0.41122 | count WAPE ['0.840', '0.802', '0.811', '0.798'] | AP ['0.086', '0.131', '0.160', '0.217'] | window given failure: exact 0.397
[val] site_frequency: non-seed BCE 0.24164 | count WAPE ['0.852', '0.810', '0.817', '0.801'] | AP ['0.849', '0.874', '0.875', '0.908'] | window given failure: exact 0.687
[val] nearest_storm : non-seed BCE 0.09533 | count WAPE ['0.120', '0.147', '0.141', '0.184'] | AP ['0.908', '0.918', '0.912', '0.935'] | window given failure: exact 0.791
  geoclaw_2050: 500/1000 runs  (353s)
  geoclaw_2050: 1000/1000 runs  (382s)
[geoclaw_2050] model: loss 0.32196 | non-seed BCE 0.29768 | count WAPE ['0.189', '0.355', '0.333', '0.376'] bias ['-0.189', '-0.355', '-0.333', '-0.376'] | AP ['0.945', '0.952', '0.942', '0.977'] | window given failure: exact 0.811, within one 0.950; caught by 0.563 | ECE ['0.0368', '0.1182', '0.1290', '0.1997']
[geoclaw_2050] no_cascade    : non-seed BCE 0.75638 | count WAPE ['0.530', '0.602', '0.578', '0.586'] | AP ['0.186', '0.332', '0.385', '0.532'] | window given failure: exact 0.350
[geoclaw_2050] site_frequency: non-seed BCE 0.42248 | count WAPE ['0.537', '0.605', '0.580', '0.587'] | AP ['0.927', '0.951', '0.945', '0.982'] | window given failure: exact 0.813
[geoclaw_2050] nearest_storm : non-seed BCE 0.50151 | count WAPE ['0.169', '0.397', '0.305', '0.348'] | AP ['0.879', '0.905', '0.931', '0.976'] | window given failure: exact 0.605
[geoclaw_2050] nearest training storm used by the lookup: {'syn_ts_514_13_2p7829': 403, 'syn_ts_880_9_2p6632': 597}
  syn_ts_914_6_1p2955: 500/1000 runs  (400s)
  syn_ts_914_6_1p2955: 1000/1000 runs  (418s)
[syn_ts_914_6_1p2955] model: loss 0.10630 | non-seed BCE 0.08373 | count WAPE ['0.928', '1.401', '1.743', '2.881'] bias ['+0.928', '+1.401', '+1.743', '+2.876'] | AP ['0.944', '0.936', '0.936', '0.930'] | window given failure: exact 0.807, within one 0.955; caught by 0.936 | ECE ['0.0222', '0.0460', '0.0619', '0.1094']
[syn_ts_914_6_1p2955] no_cascade    : non-seed BCE 0.21621 | count WAPE ['3.525', '3.363', '3.778', '4.859'] | AP ['0.019', '0.030', '0.034', '0.038'] | window given failure: exact 0.514
[syn_ts_914_6_1p2955] site_frequency: non-seed BCE 0.17621 | count WAPE ['3.570', '3.390', '3.801', '4.879'] | AP ['0.836', '0.857', '0.862', '0.878'] | window given failure: exact 0.573
[syn_ts_914_6_1p2955] nearest_storm : non-seed BCE 0.02163 | count WAPE ['0.187', '0.177', '0.165', '0.178'] | AP ['0.924', '0.933', '0.926', '0.933'] | window given failure: exact 0.822
[syn_ts_914_6_1p2955] nearest training storm used by the lookup: {'syn_ts_708_13_1p1567': 905, 'syn_ts_570_2_1p5351': 64, 'syn_ts_321_19_1p7614': 31}
  syn_ts_258_9_3p0022: 500/1000 runs  (445s)
  syn_ts_258_9_3p0022: 1000/1000 runs  (472s)
[syn_ts_258_9_3p0022] model: loss 0.25753 | non-seed BCE 0.24381 | count WAPE ['0.232', '0.302', '0.297', '0.302'] bias ['-0.231', '-0.301', '-0.296', '-0.299'] | AP ['0.950', '0.950', '0.948', '0.978'] | window given failure: exact 0.795, within one 0.947; caught by 0.608 | ECE ['0.0445', '0.0873', '0.1030', '0.1359']
[syn_ts_258_9_3p0022] no_cascade    : non-seed BCE 0.69621 | count WAPE ['0.527', '0.544', '0.534', '0.516'] | AP ['0.185', '0.290', '0.348', '0.455'] | window given failure: exact 0.407
[syn_ts_258_9_3p0022] site_frequency: non-seed BCE 0.35265 | count WAPE ['0.535', '0.550', '0.538', '0.520'] | AP ['0.963', '0.955', '0.957', '0.986'] | window given failure: exact 0.785
[syn_ts_258_9_3p0022] nearest_storm : non-seed BCE 0.16305 | count WAPE ['0.072', '0.168', '0.133', '0.190'] | AP ['0.977', '0.963', '0.965', '0.989'] | window given failure: exact 0.798
[syn_ts_258_9_3p0022] nearest training storm used by the lookup: {'syn_ts_999_12_3p44': 937, 'syn_ts_514_13_2p7829': 63}
  syn_ts_605_5_3p7563: 500/1000 runs  (504s)
  syn_ts_605_5_3p7563: 1000/1000 runs  (535s)
[syn_ts_605_5_3p7563] model: loss 0.44253 | non-seed BCE 0.42560 | count WAPE ['0.303', '0.340', '0.308', '0.284'] bias ['-0.303', '-0.340', '-0.308', '-0.284'] | AP ['0.946', '0.971', '0.975', '0.983'] | window given failure: exact 0.707, within one 0.873; caught by 0.679 | ECE ['0.1025', '0.1499', '0.1465', '0.1601']
[syn_ts_605_5_3p7563] no_cascade    : non-seed BCE 0.93225 | count WAPE ['0.732', '0.697', '0.656', '0.607'] | AP ['0.326', '0.437', '0.473', '0.560'] | window given failure: exact 0.583
[syn_ts_605_5_3p7563] site_frequency: non-seed BCE 0.79817 | count WAPE ['0.754', '0.716', '0.674', '0.622'] | AP ['0.933', '0.978', '0.985', '0.994'] | window given failure: exact 0.634
[syn_ts_605_5_3p7563] nearest_storm : non-seed BCE 0.43863 | count WAPE ['0.375', '0.237', '0.173', '0.083'] | AP ['0.950', '0.985', '0.988', '0.995'] | window given failure: exact 0.679
[syn_ts_605_5_3p7563] nearest training storm used by the lookup: {'syn_ts_914_26_3p4047': 1000}
  syn_ts_808_27_3p7885: 500/1000 runs  (565s)
  syn_ts_808_27_3p7885: 1000/1000 runs  (594s)
[syn_ts_808_27_3p7885] model: loss 0.30974 | non-seed BCE 0.29935 | count WAPE ['0.231', '0.299', '0.289', '0.291'] bias ['-0.231', '-0.299', '-0.289', '-0.291'] | AP ['0.962', '0.982', '0.979', '0.986'] | window given failure: exact 0.766, within one 0.943; caught by 0.681 | ECE ['0.0618', '0.1148', '0.1266', '0.1593']
[syn_ts_808_27_3p7885] no_cascade    : non-seed BCE 0.85524 | count WAPE ['0.674', '0.656', '0.628', '0.598'] | AP ['0.268', '0.384', '0.437', '0.548'] | window given failure: exact 0.489
[syn_ts_808_27_3p7885] site_frequency: non-seed BCE 0.57652 | count WAPE ['0.686', '0.666', '0.637', '0.605'] | AP ['0.943', '0.986', '0.985', '0.994'] | window given failure: exact 0.719
[syn_ts_808_27_3p7885] nearest_storm : non-seed BCE 0.18576 | count WAPE ['0.196', '0.114', '0.085', '0.053'] | AP ['0.952', '0.990', '0.992', '0.997'] | window given failure: exact 0.789
[syn_ts_808_27_3p7885] nearest training storm used by the lookup: {'syn_ts_914_26_3p4047': 1000}
  syn2_t449w6_wl2p103: 500/1000 runs  (613s)
  syn2_t449w6_wl2p103: 1000/1000 runs  (631s)
[syn2_t449w6_wl2p103] model: loss 0.12813 | non-seed BCE 0.10263 | count WAPE ['0.319', '1.049', '1.266', '2.452'] bias ['+0.307', '+1.049', '+1.266', '+2.452'] | AP ['0.820', '0.796', '0.793', '0.756'] | window given failure: exact 0.734, within one 0.880; caught by 0.699 | ECE ['0.0122', '0.0379', '0.0534', '0.1079']
[syn2_t449w6_wl2p103] no_cascade    : non-seed BCE 0.22993 | count WAPE ['1.971', '2.705', '2.882', '4.001'] | AP ['0.029', '0.036', '0.042', '0.044'] | window given failure: exact 0.669
[syn2_t449w6_wl2p103] site_frequency: non-seed BCE 0.18154 | count WAPE ['2.001', '2.728', '2.900', '4.017'] | AP ['0.680', '0.727', '0.752', '0.748'] | window given failure: exact 0.704
[syn2_t449w6_wl2p103] nearest_storm : non-seed BCE 0.07344 | count WAPE ['0.399', '0.317', '0.349', '0.326'] | AP ['0.768', '0.794', '0.795', '0.802'] | window given failure: exact 0.788
[syn2_t449w6_wl2p103] nearest training storm used by the lookup: {'syn_ts_570_2_1p5351': 721, 'syn_ts_708_13_1p1567': 237, 'syn_ts_192_7_1p0240': 42}
  syn2_t580w24_wl2p439: 500/1000 runs  (651s)
  syn2_t580w24_wl2p439: 1000/1000 runs  (672s)
[syn2_t580w24_wl2p439] model: loss 0.14789 | non-seed BCE 0.13418 | count WAPE ['0.236', '0.297', '0.288', '0.510'] bias ['+0.141', '+0.071', '+0.186', '+0.020'] | AP ['0.873', '0.873', '0.853', '0.883'] | window given failure: exact 0.679, within one 0.899; caught by 0.524 | ECE ['0.0152', '0.0237', '0.0254', '0.0316']
[syn2_t580w24_wl2p439] no_cascade    : non-seed BCE 0.32815 | count WAPE ['0.888', '0.583', '0.657', '0.495'] | AP ['0.047', '0.083', '0.098', '0.178'] | window given failure: exact 0.263
[syn2_t580w24_wl2p439] site_frequency: non-seed BCE 0.16886 | count WAPE ['0.907', '0.595', '0.667', '0.494'] | AP ['0.840', '0.884', '0.872', '0.906'] | window given failure: exact 0.504
[syn2_t580w24_wl2p439] nearest_storm : non-seed BCE 0.11611 | count WAPE ['0.172', '0.354', '0.345', '0.530'] | AP ['0.864', '0.900', '0.892', '0.927'] | window given failure: exact 0.816
[syn2_t580w24_wl2p439] nearest training storm used by the lookup: {'syn_ts_436_11_1p3524': 809, 'syn_ts_156_15_1p066': 191}
  syn2_t934c34_wl2p777: 500/1000 runs  (694s)
  syn2_t934c34_wl2p777: 1000/1000 runs  (717s)
[syn2_t934c34_wl2p777] model: loss 0.18464 | non-seed BCE 0.15622 | count WAPE ['0.248', '0.075', '0.124', '0.149'] bias ['-0.187', '+0.033', '+0.006', '-0.049'] | AP ['0.895', '0.899', '0.868', '0.949'] | window given failure: exact 0.685, within one 0.896; caught by 0.742 | ECE ['0.0251', '0.0454', '0.0435', '0.0824']
[syn2_t934c34_wl2p777] no_cascade    : non-seed BCE 0.45464 | count WAPE ['0.272', '0.101', '0.181', '0.272'] | AP ['0.112', '0.134', '0.181', '0.274'] | window given failure: exact 0.411
[syn2_t934c34_wl2p777] site_frequency: non-seed BCE 0.18994 | count WAPE ['0.269', '0.099', '0.178', '0.269'] | AP ['0.875', '0.905', '0.890', '0.956'] | window given failure: exact 0.642
[syn2_t934c34_wl2p777] nearest_storm : non-seed BCE 0.30417 | count WAPE ['0.271', '0.403', '0.341', '0.180'] | AP ['0.785', '0.797', '0.816', '0.930'] | window given failure: exact 0.648
[syn2_t934c34_wl2p777] nearest training storm used by the lookup: {'geoclaw_2026': 727, 'syn_ts_192_15_2p5752': 272, 'syn_ts_831_27_1p9452': 1}
  syn2_t270w17_wl3p116: 500/1000 runs  (741s)
  syn2_t270w17_wl3p116: 1000/1000 runs  (766s)
[syn2_t270w17_wl3p116] model: loss 0.20347 | non-seed BCE 0.17440 | count WAPE ['0.243', '0.167', '0.204', '0.152'] bias ['-0.241', '-0.160', '-0.197', '-0.139'] | AP ['0.938', '0.933', '0.932', '0.977'] | window given failure: exact 0.705, within one 0.913; caught by 0.737 | ECE ['0.0381', '0.0475', '0.0654', '0.0852']
[syn2_t270w17_wl3p116] no_cascade    : non-seed BCE 0.56594 | count WAPE ['0.443', '0.348', '0.390', '0.343'] | AP ['0.157', '0.202', '0.265', '0.332'] | window given failure: exact 0.472
[syn2_t270w17_wl3p116] site_frequency: non-seed BCE 0.24086 | count WAPE ['0.445', '0.351', '0.391', '0.344'] | AP ['0.940', '0.921', '0.933', '0.980'] | window given failure: exact 0.688
[syn2_t270w17_wl3p116] nearest_storm : non-seed BCE 0.13624 | count WAPE ['0.061', '0.097', '0.089', '0.090'] | AP ['0.940', '0.931', '0.940', '0.982'] | window given failure: exact 0.750
[syn2_t270w17_wl3p116] nearest training storm used by the lookup: {'syn_ts_880_9_2p6632': 996, 'syn_ts_514_13_2p7829': 4}
  syn2_t33w13_wl3p458: 500/1000 runs  (796s)
  syn2_t33w13_wl3p458: 1000/1000 runs  (824s)
[syn2_t33w13_wl3p458] model: loss 0.27379 | non-seed BCE 0.26138 | count WAPE ['0.154', '0.303', '0.318', '0.348'] bias ['-0.153', '-0.302', '-0.317', '-0.346'] | AP ['0.983', '0.967', '0.962', '0.984'] | window given failure: exact 0.796, within one 0.951; caught by 0.610 | ECE ['0.0306', '0.0954', '0.1210', '0.1735']
[syn2_t33w13_wl3p458] no_cascade    : non-seed BCE 0.74578 | count WAPE ['0.564', '0.582', '0.574', '0.561'] | AP ['0.201', '0.316', '0.381', '0.501'] | window given failure: exact 0.401
[syn2_t33w13_wl3p458] site_frequency: non-seed BCE 0.40075 | count WAPE ['0.573', '0.588', '0.579', '0.565'] | AP ['0.967', '0.964', '0.961', '0.987'] | window given failure: exact 0.801
[syn2_t33w13_wl3p458] nearest_storm : non-seed BCE 0.12955 | count WAPE ['0.050', '0.127', '0.074', '0.117'] | AP ['0.981', '0.974', '0.977', '0.991'] | window given failure: exact 0.822
[syn2_t33w13_wl3p458] nearest training storm used by the lookup: {'syn_ts_999_12_3p44': 1000}
  syn2_t857w1_wl3p800: 500/1000 runs  (853s)
  syn2_t857w1_wl3p800: 1000/1000 runs  (881s)
[syn2_t857w1_wl3p800] model: loss 0.23924 | non-seed BCE 0.22415 | count WAPE ['0.108', '0.244', '0.256', '0.274'] bias ['-0.107', '-0.243', '-0.256', '-0.269'] | AP ['0.983', '0.977', '0.974', '0.982'] | window given failure: exact 0.818, within one 0.963; caught by 0.703 | ECE ['0.0237', '0.0837', '0.1040', '0.1388']
[syn2_t857w1_wl3p800] no_cascade    : non-seed BCE 0.78606 | count WAPE ['0.604', '0.616', '0.600', '0.574'] | AP ['0.221', '0.344', '0.406', '0.517'] | window given failure: exact 0.427
[syn2_t857w1_wl3p800] site_frequency: non-seed BCE 0.45065 | count WAPE ['0.620', '0.627', '0.610', '0.582'] | AP ['0.980', '0.982', '0.977', '0.991'] | window given failure: exact 0.787
[syn2_t857w1_wl3p800] nearest_storm : non-seed BCE 0.13184 | count WAPE ['0.038', '0.099', '0.055', '0.076'] | AP ['0.982', '0.979', '0.985', '0.993'] | window given failure: exact 0.839
[syn2_t857w1_wl3p800] nearest training storm used by the lookup: {'syn_ts_914_26_3p4047': 1000}
  syn2_t116w1_wl4p130: 500/1000 runs  (911s)
  syn2_t116w1_wl4p130: 1000/1000 runs  (941s)
[syn2_t116w1_wl4p130] model: loss 0.29326 | non-seed BCE 0.25898 | count WAPE ['0.115', '0.263', '0.267', '0.288'] bias ['-0.115', '-0.263', '-0.267', '-0.288'] | AP ['0.972', '0.976', '0.973', '0.985'] | window given failure: exact 0.818, within one 0.960; caught by 0.687 | ECE ['0.0276', '0.0974', '0.1140', '0.1568']
[syn2_t116w1_wl4p130] no_cascade    : non-seed BCE 0.82744 | count WAPE ['0.636', '0.643', '0.620', '0.596'] | AP ['0.240', '0.370', '0.427', '0.545'] | window given failure: exact 0.441
[syn2_t116w1_wl4p130] site_frequency: non-seed BCE 0.52898 | count WAPE ['0.659', '0.660', '0.634', '0.608'] | AP ['0.972', '0.982', '0.978', '0.992'] | window given failure: exact 0.768
[syn2_t116w1_wl4p130] nearest_storm : non-seed BCE 0.17603 | count WAPE ['0.131', '0.109', '0.077', '0.059'] | AP ['0.975', '0.983', '0.988', '0.995'] | window given failure: exact 0.831
[syn2_t116w1_wl4p130] nearest training storm used by the lookup: {'syn_ts_914_26_3p4047': 1000}
  syn2_t198w16_wl4p722: 500/1000 runs  (971s)
  syn2_t198w16_wl4p722: 1000/1000 runs  (1002s)
[syn2_t198w16_wl4p722] model: loss 0.34246 | non-seed BCE 0.31779 | count WAPE ['0.201', '0.314', '0.293', '0.287'] bias ['-0.201', '-0.314', '-0.293', '-0.286'] | AP ['0.965', '0.977', '0.979', '0.987'] | window given failure: exact 0.789, within one 0.928; caught by 0.704 | ECE ['0.0552', '0.1264', '0.1316', '0.1588']
[syn2_t198w16_wl4p722] no_cascade    : non-seed BCE 0.87506 | count WAPE ['0.682', '0.672', '0.638', '0.603'] | AP ['0.275', '0.403', '0.449', '0.554'] | window given failure: exact 0.495
[syn2_t198w16_wl4p722] site_frequency: non-seed BCE 0.67510 | count WAPE ['0.713', '0.697', '0.660', '0.621'] | AP ['0.945', '0.975', '0.980', '0.991'] | window given failure: exact 0.712
[syn2_t198w16_wl4p722] nearest_storm : non-seed BCE 0.34836 | count WAPE ['0.271', '0.184', '0.139', '0.079'] | AP ['0.950', '0.977', '0.983', '0.993'] | window given failure: exact 0.774
[syn2_t198w16_wl4p722] nearest training storm used by the lookup: {'syn_ts_914_26_3p4047': 1000}
[speed] model forward on cuda: median 11.02 ms per run (n=50)
[G2] saved val_loss 0.164555 got 0.164555 |diff| 3.33e-09 -> PASS
wrote /scratch/tj2587/results/gnn_morestorms_numbers_v1/old17_plain_dynamic_timing_s1.json  (1003s)
ALL GATES AND RULES: PASS
