task=13 arm=old17 variant=plain cell=static_timing torch_seed=2 set=jesse22 head=hazard labels=/scratch/tj2587/results/legacy_v1_n1000 labels2=/scratch/tj2587/results/legacy_v1_n1000 timing=1 context=unset ckpt=/scratch/tj2587/results/gnn_morestorms_v1/old17_plain_static_timing_s2 smoke=0 commit=967d122 uncommitted_files=0
[gate] CUDA OK: NVIDIA L40S
[gate] heterodata data/graph/nyc_infra_heterodata_v1_frozen_failover_edges.pt: total=6231 -> OK
[gate] set jesse22: 22 storms, 17 for training, 5 held out; in both folders []; missing [] -> OK
[gate] timing table data/flood/timing/node_timing_jesse22_plus_gissr48_v1.csv: storms without rows [] -> OK
[gate] variant plain: storm context off, timing inputs on -> OK
[gate] head switch present: ('independent', 'hazard')
=== TRAIN MODE — full training ===
torch seed set: 2
Train: 13600  Val: 3400  (17 scenarios) | Test held-out: ['geoclaw_2050', 'syn_ts_914_6_1p2955', 'syn_ts_258_9_3p0022', 'syn_ts_605_5_3p7563', 'syn_ts_808_27_3p7885'] (5000 runs)
Model parameters: 697,112  head=hazard
Device: cuda
[timing-features] loaded 71 scenarios from data/flood/timing/node_timing_jesse22_plus_gissr48_v1.csv (features ('arrival_h', 'duration_h', 'time_to_peak_h'), scaled by 96 h)
  Ep00 step  100/13600: loss = 0.38063
  Ep00 step  200/13600: loss = 0.21627
  Ep00 step  300/13600: loss = 0.15504
  Ep00 step  400/13600: loss = 0.13998
  Ep00 step  500/13600: loss = 0.12700
  Ep00 step  600/13600: loss = 0.12076
  Ep00 step  700/13600: loss = 0.11622
  Ep00 step  800/13600: loss = 0.12383
  Ep00 step  900/13600: loss = 0.11977
  Ep00 step 1000/13600: loss = 0.11257
  Ep00 step 1100/13600: loss = 0.11340
  Ep00 step 1200/13600: loss = 0.10580
  Ep00 step 1300/13600: loss = 0.10724
  Ep00 step 1400/13600: loss = 0.10527
  Ep00 step 1500/13600: loss = 0.10558
  Ep00 step 1600/13600: loss = 0.10331
  Ep00 step 1700/13600: loss = 0.10541
  Ep00 step 1800/13600: loss = 0.10138
  Ep00 step 1900/13600: loss = 0.09781
  Ep00 step 2000/13600: loss = 0.10261
  Ep00 step 2100/13600: loss = 0.10612
  Ep00 step 2200/13600: loss = 0.10121
  Ep00 step 2300/13600: loss = 0.09734
  Ep00 step 2400/13600: loss = 0.10304
  Ep00 step 2500/13600: loss = 0.10297
  Ep00 step 2600/13600: loss = 0.09650
  Ep00 step 2700/13600: loss = 0.09280
  Ep00 step 2800/13600: loss = 0.09497
  Ep00 step 2900/13600: loss = 0.09771
  Ep00 step 3000/13600: loss = 0.09609
  Ep00 step 3100/13600: loss = 0.09710
  Ep00 step 3200/13600: loss = 0.09402
  Ep00 step 3300/13600: loss = 0.09109
  Ep00 step 3400/13600: loss = 0.09404
  Ep00 step 3500/13600: loss = 0.09555
  Ep00 step 3600/13600: loss = 0.09318
  Ep00 step 3700/13600: loss = 0.09271
  Ep00 step 3800/13600: loss = 0.09069
  Ep00 step 3900/13600: loss = 0.08763
  Ep00 step 4000/13600: loss = 0.09220
  Ep00 step 4100/13600: loss = 0.09309
  Ep00 step 4200/13600: loss = 0.09242
  Ep00 step 4300/13600: loss = 0.08892
  Ep00 step 4400/13600: loss = 0.09233
  Ep00 step 4500/13600: loss = 0.09144
  Ep00 step 4600/13600: loss = 0.08741
  Ep00 step 4700/13600: loss = 0.09548
  Ep00 step 4800/13600: loss = 0.08719
  Ep00 step 4900/13600: loss = 0.08237
  Ep00 step 5000/13600: loss = 0.08897
  Ep00 step 5100/13600: loss = 0.08651
  Ep00 step 5200/13600: loss = 0.09118
  Ep00 step 5300/13600: loss = 0.08524
  Ep00 step 5400/13600: loss = 0.09076
  Ep00 step 5500/13600: loss = 0.09097
  Ep00 step 5600/13600: loss = 0.08760
  Ep00 step 5700/13600: loss = 0.08860
  Ep00 step 5800/13600: loss = 0.08835
  Ep00 step 5900/13600: loss = 0.08158
  Ep00 step 6000/13600: loss = 0.07939
  Ep00 step 6100/13600: loss = 0.08662
  Ep00 step 6200/13600: loss = 0.08260
  Ep00 step 6300/13600: loss = 0.08604
  Ep00 step 6400/13600: loss = 0.08392
  Ep00 step 6500/13600: loss = 0.08381
  Ep00 step 6600/13600: loss = 0.08672
  Ep00 step 6700/13600: loss = 0.08513
  Ep00 step 6800/13600: loss = 0.08585
  Ep00 step 6900/13600: loss = 0.07583
  Ep00 step 7000/13600: loss = 0.08547
  Ep00 step 7100/13600: loss = 0.08570
  Ep00 step 7200/13600: loss = 0.08294
  Ep00 step 7300/13600: loss = 0.08362
  Ep00 step 7400/13600: loss = 0.08098
  Ep00 step 7500/13600: loss = 0.08363
  Ep00 step 7600/13600: loss = 0.08272
  Ep00 step 7700/13600: loss = 0.08481
  Ep00 step 7800/13600: loss = 0.07814
  Ep00 step 7900/13600: loss = 0.08058
  Ep00 step 8000/13600: loss = 0.08010
  Ep00 step 8100/13600: loss = 0.08787
  Ep00 step 8200/13600: loss = 0.08337
  Ep00 step 8300/13600: loss = 0.08323
  Ep00 step 8400/13600: loss = 0.08494
  Ep00 step 8500/13600: loss = 0.08425
  Ep00 step 8600/13600: loss = 0.08385
  Ep00 step 8700/13600: loss = 0.08447
  Ep00 step 8800/13600: loss = 0.08199
  Ep00 step 8900/13600: loss = 0.08043
  Ep00 step 9000/13600: loss = 0.08046
  Ep00 step 9100/13600: loss = 0.08462
  Ep00 step 9200/13600: loss = 0.08040
  Ep00 step 9300/13600: loss = 0.07974
  Ep00 step 9400/13600: loss = 0.07891
  Ep00 step 9500/13600: loss = 0.08083
  Ep00 step 9600/13600: loss = 0.08035
  Ep00 step 9700/13600: loss = 0.08327
  Ep00 step 9800/13600: loss = 0.08030
  Ep00 step 9900/13600: loss = 0.08223
  Ep00 step 10000/13600: loss = 0.08461
  Ep00 step 10100/13600: loss = 0.08073
  Ep00 step 10200/13600: loss = 0.08036
  Ep00 step 10300/13600: loss = 0.07995
  Ep00 step 10400/13600: loss = 0.07976
  Ep00 step 10500/13600: loss = 0.07641
  Ep00 step 10600/13600: loss = 0.07715
  Ep00 step 10700/13600: loss = 0.07818
  Ep00 step 10800/13600: loss = 0.08009
  Ep00 step 10900/13600: loss = 0.08185
  Ep00 step 11000/13600: loss = 0.08033
  Ep00 step 11100/13600: loss = 0.07808
  Ep00 step 11200/13600: loss = 0.07907
  Ep00 step 11300/13600: loss = 0.08058
  Ep00 step 11400/13600: loss = 0.08082
  Ep00 step 11500/13600: loss = 0.08002
  Ep00 step 11600/13600: loss = 0.07734
  Ep00 step 11700/13600: loss = 0.08136
  Ep00 step 11800/13600: loss = 0.07758
  Ep00 step 11900/13600: loss = 0.07807
  Ep00 step 12000/13600: loss = 0.07436
  Ep00 step 12100/13600: loss = 0.07946
  Ep00 step 12200/13600: loss = 0.07926
  Ep00 step 12300/13600: loss = 0.07517
  Ep00 step 12400/13600: loss = 0.07869
  Ep00 step 12500/13600: loss = 0.07728
  Ep00 step 12600/13600: loss = 0.08093
  Ep00 step 12700/13600: loss = 0.07661
  Ep00 step 12800/13600: loss = 0.08076
  Ep00 step 12900/13600: loss = 0.08120
  Ep00 step 13000/13600: loss = 0.08019
  Ep00 step 13100/13600: loss = 0.07694
  Ep00 step 13200/13600: loss = 0.08041
  Ep00 step 13300/13600: loss = 0.08042
  Ep00 step 13400/13600: loss = 0.07413
  Ep00 step 13500/13600: loss = 0.07728
  Ep00 step 13600/13600: loss = 0.08116

Epoch 00/6 | train=0.09194 val=0.10235 | AUC=['0.999', '0.996', '0.992', '0.990'] PR=['0.986', '0.969', '0.952', '0.954'] | CASCADE-only AUC=['0.998', '0.994', '0.988', '0.986'] PR=['0.946', '0.925', '0.903', '0.917'] | mono_viol=0.00000 | 675s

  [checkpoint] best.pt updated (epoch 0, val_loss=0.10235)
  Ep01 step  100/13600: loss = 0.07786
  Ep01 step  200/13600: loss = 0.08339
  Ep01 step  300/13600: loss = 0.07933
  Ep01 step  400/13600: loss = 0.07807
  Ep01 step  500/13600: loss = 0.07380
  Ep01 step  600/13600: loss = 0.07728
  Ep01 step  700/13600: loss = 0.07626
  Ep01 step  800/13600: loss = 0.07851
  Ep01 step  900/13600: loss = 0.07795
  Ep01 step 1000/13600: loss = 0.07594
  Ep01 step 1100/13600: loss = 0.07756
  Ep01 step 1200/13600: loss = 0.07967
  Ep01 step 1300/13600: loss = 0.07864
  Ep01 step 1400/13600: loss = 0.07730
  Ep01 step 1500/13600: loss = 0.07532
  Ep01 step 1600/13600: loss = 0.07847
  Ep01 step 1700/13600: loss = 0.08031
  Ep01 step 1800/13600: loss = 0.07813
  Ep01 step 1900/13600: loss = 0.08111
  Ep01 step 2000/13600: loss = 0.07787
  Ep01 step 2100/13600: loss = 0.07904
  Ep01 step 2200/13600: loss = 0.08033
  Ep01 step 2300/13600: loss = 0.07622
  Ep01 step 2400/13600: loss = 0.07726
  Ep01 step 2500/13600: loss = 0.07668
  Ep01 step 2600/13600: loss = 0.07729
  Ep01 step 2700/13600: loss = 0.07432
  Ep01 step 2800/13600: loss = 0.07631
  Ep01 step 2900/13600: loss = 0.07475
  Ep01 step 3000/13600: loss = 0.07694
  Ep01 step 3100/13600: loss = 0.07521
  Ep01 step 3200/13600: loss = 0.07691
  Ep01 step 3300/13600: loss = 0.07634
  Ep01 step 3400/13600: loss = 0.07623
  Ep01 step 3500/13600: loss = 0.08100
  Ep01 step 3600/13600: loss = 0.07896
  Ep01 step 3700/13600: loss = 0.07549
  Ep01 step 3800/13600: loss = 0.07875
  Ep01 step 3900/13600: loss = 0.08103
  Ep01 step 4000/13600: loss = 0.07663
  Ep01 step 4100/13600: loss = 0.07794
  Ep01 step 4200/13600: loss = 0.07636
  Ep01 step 4300/13600: loss = 0.07305
  Ep01 step 4400/13600: loss = 0.07956
  Ep01 step 4500/13600: loss = 0.07935
  Ep01 step 4600/13600: loss = 0.07622
  Ep01 step 4700/13600: loss = 0.07807
  Ep01 step 4800/13600: loss = 0.07926
  Ep01 step 4900/13600: loss = 0.08009
  Ep01 step 5000/13600: loss = 0.07438
  Ep01 step 5100/13600: loss = 0.07815
  Ep01 step 5200/13600: loss = 0.07777
  Ep01 step 5300/13600: loss = 0.07777
  Ep01 step 5400/13600: loss = 0.07591
  Ep01 step 5500/13600: loss = 0.07597
  Ep01 step 5600/13600: loss = 0.07602
  Ep01 step 5700/13600: loss = 0.07466
  Ep01 step 5800/13600: loss = 0.07623
  Ep01 step 5900/13600: loss = 0.07783
  Ep01 step 6000/13600: loss = 0.08058
  Ep01 step 6100/13600: loss = 0.07436
  Ep01 step 6200/13600: loss = 0.07606
  Ep01 step 6300/13600: loss = 0.07696
  Ep01 step 6400/13600: loss = 0.07647
  Ep01 step 6500/13600: loss = 0.07613
  Ep01 step 6600/13600: loss = 0.07600
  Ep01 step 6700/13600: loss = 0.07546
  Ep01 step 6800/13600: loss = 0.07322
  Ep01 step 6900/13600: loss = 0.08010
  Ep01 step 7000/13600: loss = 0.08037
  Ep01 step 7100/13600: loss = 0.07404
  Ep01 step 7200/13600: loss = 0.08102
  Ep01 step 7300/13600: loss = 0.07635
  Ep01 step 7400/13600: loss = 0.07788
  Ep01 step 7500/13600: loss = 0.07718
  Ep01 step 7600/13600: loss = 0.07647
  Ep01 step 7700/13600: loss = 0.07647
  Ep01 step 7800/13600: loss = 0.07909
  Ep01 step 7900/13600: loss = 0.07698
  Ep01 step 8000/13600: loss = 0.07607
  Ep01 step 8100/13600: loss = 0.07380
  Ep01 step 8200/13600: loss = 0.07609
  Ep01 step 8300/13600: loss = 0.07678
  Ep01 step 8400/13600: loss = 0.07394
  Ep01 step 8500/13600: loss = 0.07311
  Ep01 step 8600/13600: loss = 0.07470
  Ep01 step 8700/13600: loss = 0.07414
  Ep01 step 8800/13600: loss = 0.07975
  Ep01 step 8900/13600: loss = 0.07815
  Ep01 step 9000/13600: loss = 0.07655
  Ep01 step 9100/13600: loss = 0.07575
  Ep01 step 9200/13600: loss = 0.07574
  Ep01 step 9300/13600: loss = 0.07798
  Ep01 step 9400/13600: loss = 0.07891
  Ep01 step 9500/13600: loss = 0.07703
  Ep01 step 9600/13600: loss = 0.07488
  Ep01 step 9700/13600: loss = 0.07384
  Ep01 step 9800/13600: loss = 0.07116
  Ep01 step 9900/13600: loss = 0.07567
  Ep01 step 10000/13600: loss = 0.07681
  Ep01 step 10100/13600: loss = 0.07636
  Ep01 step 10200/13600: loss = 0.07616
  Ep01 step 10300/13600: loss = 0.07626
  Ep01 step 10400/13600: loss = 0.07579
  Ep01 step 10500/13600: loss = 0.07790
  Ep01 step 10600/13600: loss = 0.07392
  Ep01 step 10700/13600: loss = 0.07269
  Ep01 step 10800/13600: loss = 0.07539
  Ep01 step 10900/13600: loss = 0.07136
  Ep01 step 11000/13600: loss = 0.07582
  Ep01 step 11100/13600: loss = 0.07505
  Ep01 step 11200/13600: loss = 0.07884
  Ep01 step 11300/13600: loss = 0.07705
  Ep01 step 11400/13600: loss = 0.07369
  Ep01 step 11500/13600: loss = 0.07023
  Ep01 step 11600/13600: loss = 0.07289
  Ep01 step 11700/13600: loss = 0.08055
  Ep01 step 11800/13600: loss = 0.07513
  Ep01 step 11900/13600: loss = 0.07339
  Ep01 step 12000/13600: loss = 0.07469
  Ep01 step 12100/13600: loss = 0.07859
  Ep01 step 12200/13600: loss = 0.07863
  Ep01 step 12300/13600: loss = 0.07669
  Ep01 step 12400/13600: loss = 0.07528
  Ep01 step 12500/13600: loss = 0.07752
  Ep01 step 12600/13600: loss = 0.06996
  Ep01 step 12700/13600: loss = 0.07889
  Ep01 step 12800/13600: loss = 0.07759
  Ep01 step 12900/13600: loss = 0.07382
  Ep01 step 13000/13600: loss = 0.08158
  Ep01 step 13100/13600: loss = 0.07891
  Ep01 step 13200/13600: loss = 0.07423
  Ep01 step 13300/13600: loss = 0.07800
  Ep01 step 13400/13600: loss = 0.08050
  Ep01 step 13500/13600: loss = 0.07232
  Ep01 step 13600/13600: loss = 0.07420

Epoch 01/6 | train=0.07673 val=0.10038 | AUC=['0.999', '0.996', '0.992', '0.990'] PR=['0.988', '0.968', '0.954', '0.955'] | CASCADE-only AUC=['0.998', '0.994', '0.989', '0.987'] PR=['0.953', '0.925', '0.909', '0.921'] | mono_viol=0.00000 | 1349s

  [checkpoint] best.pt updated (epoch 1, val_loss=0.10038)
  Ep02 step  100/13600: loss = 0.07461
  Ep02 step  200/13600: loss = 0.07551
  Ep02 step  300/13600: loss = 0.07590
  Ep02 step  400/13600: loss = 0.07370
  Ep02 step  500/13600: loss = 0.06939
  Ep02 step  600/13600: loss = 0.07577
  Ep02 step  700/13600: loss = 0.07332
  Ep02 step  800/13600: loss = 0.07672
  Ep02 step  900/13600: loss = 0.07664
  Ep02 step 1000/13600: loss = 0.07526
  Ep02 step 1100/13600: loss = 0.07678
  Ep02 step 1200/13600: loss = 0.07308
  Ep02 step 1300/13600: loss = 0.07568
  Ep02 step 1400/13600: loss = 0.07922
  Ep02 step 1500/13600: loss = 0.07959
  Ep02 step 1600/13600: loss = 0.07461
  Ep02 step 1700/13600: loss = 0.07327
  Ep02 step 1800/13600: loss = 0.07891
  Ep02 step 1900/13600: loss = 0.07736
  Ep02 step 2000/13600: loss = 0.07859
  Ep02 step 2100/13600: loss = 0.07611
  Ep02 step 2200/13600: loss = 0.07706
  Ep02 step 2300/13600: loss = 0.07611
  Ep02 step 2400/13600: loss = 0.07560
  Ep02 step 2500/13600: loss = 0.07403
  Ep02 step 2600/13600: loss = 0.07478
  Ep02 step 2700/13600: loss = 0.07382
  Ep02 step 2800/13600: loss = 0.07570
  Ep02 step 2900/13600: loss = 0.07257
  Ep02 step 3000/13600: loss = 0.07337
  Ep02 step 3100/13600: loss = 0.07605
  Ep02 step 3200/13600: loss = 0.07074
  Ep02 step 3300/13600: loss = 0.07944
  Ep02 step 3400/13600: loss = 0.07512
  Ep02 step 3500/13600: loss = 0.07385
  Ep02 step 3600/13600: loss = 0.07383
  Ep02 step 3700/13600: loss = 0.07834
  Ep02 step 3800/13600: loss = 0.07458
  Ep02 step 3900/13600: loss = 0.07672
  Ep02 step 4000/13600: loss = 0.07583
  Ep02 step 4100/13600: loss = 0.07368
  Ep02 step 4200/13600: loss = 0.07672
  Ep02 step 4300/13600: loss = 0.07539
  Ep02 step 4400/13600: loss = 0.06603
  Ep02 step 4500/13600: loss = 0.07571
  Ep02 step 4600/13600: loss = 0.07672
  Ep02 step 4700/13600: loss = 0.07440
  Ep02 step 4800/13600: loss = 0.07772
  Ep02 step 4900/13600: loss = 0.07237
  Ep02 step 5000/13600: loss = 0.07802
  Ep02 step 5100/13600: loss = 0.07765
  Ep02 step 5200/13600: loss = 0.07422
  Ep02 step 5300/13600: loss = 0.07647
  Ep02 step 5400/13600: loss = 0.07224
  Ep02 step 5500/13600: loss = 0.07590
  Ep02 step 5600/13600: loss = 0.07712
  Ep02 step 5700/13600: loss = 0.07399
  Ep02 step 5800/13600: loss = 0.07333
  Ep02 step 5900/13600: loss = 0.07458
  Ep02 step 6000/13600: loss = 0.08154
  Ep02 step 6100/13600: loss = 0.07614
  Ep02 step 6200/13600: loss = 0.07449
  Ep02 step 6300/13600: loss = 0.06998
  Ep02 step 6400/13600: loss = 0.07361
  Ep02 step 6500/13600: loss = 0.07578
  Ep02 step 6600/13600: loss = 0.07644
  Ep02 step 6700/13600: loss = 0.07049
  Ep02 step 6800/13600: loss = 0.07183
  Ep02 step 6900/13600: loss = 0.07198
  Ep02 step 7000/13600: loss = 0.07551
  Ep02 step 7100/13600: loss = 0.07516
  Ep02 step 7200/13600: loss = 0.07380
  Ep02 step 7300/13600: loss = 0.07922
  Ep02 step 7400/13600: loss = 0.07345
  Ep02 step 7500/13600: loss = 0.07189
  Ep02 step 7600/13600: loss = 0.07120
  Ep02 step 7700/13600: loss = 0.07569
  Ep02 step 7800/13600: loss = 0.07340
  Ep02 step 7900/13600: loss = 0.07643
  Ep02 step 8000/13600: loss = 0.07281
  Ep02 step 8100/13600: loss = 0.07703
  Ep02 step 8200/13600: loss = 0.07909
  Ep02 step 8300/13600: loss = 0.07437
  Ep02 step 8400/13600: loss = 0.07267
  Ep02 step 8500/13600: loss = 0.07562
  Ep02 step 8600/13600: loss = 0.07203
  Ep02 step 8700/13600: loss = 0.07506
  Ep02 step 8800/13600: loss = 0.07455
  Ep02 step 8900/13600: loss = 0.07794
  Ep02 step 9000/13600: loss = 0.07557
  Ep02 step 9100/13600: loss = 0.06972
  Ep02 step 9200/13600: loss = 0.07752
  Ep02 step 9300/13600: loss = 0.07779
  Ep02 step 9400/13600: loss = 0.07442
  Ep02 step 9500/13600: loss = 0.07684
  Ep02 step 9600/13600: loss = 0.07243
  Ep02 step 9700/13600: loss = 0.07572
  Ep02 step 9800/13600: loss = 0.07420
  Ep02 step 9900/13600: loss = 0.07574
  Ep02 step 10000/13600: loss = 0.07788
  Ep02 step 10100/13600: loss = 0.07276
  Ep02 step 10200/13600: loss = 0.08013
  Ep02 step 10300/13600: loss = 0.07399
  Ep02 step 10400/13600: loss = 0.07709
  Ep02 step 10500/13600: loss = 0.07257
  Ep02 step 10600/13600: loss = 0.08135
  Ep02 step 10700/13600: loss = 0.07153
  Ep02 step 10800/13600: loss = 0.07626
  Ep02 step 10900/13600: loss = 0.07224
  Ep02 step 11000/13600: loss = 0.07642
  Ep02 step 11100/13600: loss = 0.07566
  Ep02 step 11200/13600: loss = 0.07178
  Ep02 step 11300/13600: loss = 0.07621
  Ep02 step 11400/13600: loss = 0.07711
  Ep02 step 11500/13600: loss = 0.07492
  Ep02 step 11600/13600: loss = 0.07732
  Ep02 step 11700/13600: loss = 0.07289
  Ep02 step 11800/13600: loss = 0.07355
  Ep02 step 11900/13600: loss = 0.07326
  Ep02 step 12000/13600: loss = 0.07413
  Ep02 step 12100/13600: loss = 0.07411
  Ep02 step 12200/13600: loss = 0.07479
  Ep02 step 12300/13600: loss = 0.07564
  Ep02 step 12400/13600: loss = 0.07313
  Ep02 step 12500/13600: loss = 0.07695
  Ep02 step 12600/13600: loss = 0.07221
  Ep02 step 12700/13600: loss = 0.07730
  Ep02 step 12800/13600: loss = 0.07691
  Ep02 step 12900/13600: loss = 0.07742
  Ep02 step 13000/13600: loss = 0.07436
  Ep02 step 13100/13600: loss = 0.07461
  Ep02 step 13200/13600: loss = 0.07329
  Ep02 step 13300/13600: loss = 0.07448
  Ep02 step 13400/13600: loss = 0.07118
  Ep02 step 13500/13600: loss = 0.07496
  Ep02 step 13600/13600: loss = 0.07484

Epoch 02/6 | train=0.07503 val=0.10257 | AUC=['0.999', '0.997', '0.993', '0.989'] PR=['0.989', '0.973', '0.958', '0.954'] | CASCADE-only AUC=['0.998', '0.995', '0.990', '0.986'] PR=['0.957', '0.937', '0.919', '0.923'] | mono_viol=0.00000 | 2022s

  Ep03 step  100/13600: loss = 0.07756
  Ep03 step  200/13600: loss = 0.07459
  Ep03 step  300/13600: loss = 0.07198
  Ep03 step  400/13600: loss = 0.07579
  Ep03 step  500/13600: loss = 0.07639
  Ep03 step  600/13600: loss = 0.07850
  Ep03 step  700/13600: loss = 0.07492
  Ep03 step  800/13600: loss = 0.07838
  Ep03 step  900/13600: loss = 0.07509
  Ep03 step 1000/13600: loss = 0.07655
  Ep03 step 1100/13600: loss = 0.07484
  Ep03 step 1200/13600: loss = 0.07767
  Ep03 step 1300/13600: loss = 0.07486
  Ep03 step 1400/13600: loss = 0.07449
  Ep03 step 1500/13600: loss = 0.07511
  Ep03 step 1600/13600: loss = 0.07091
  Ep03 step 1700/13600: loss = 0.07105
  Ep03 step 1800/13600: loss = 0.07498
  Ep03 step 1900/13600: loss = 0.07109
  Ep03 step 2000/13600: loss = 0.07581
  Ep03 step 2100/13600: loss = 0.07106
  Ep03 step 2200/13600: loss = 0.07387
  Ep03 step 2300/13600: loss = 0.07262
  Ep03 step 2400/13600: loss = 0.07117
  Ep03 step 2500/13600: loss = 0.07217
  Ep03 step 2600/13600: loss = 0.07404
  Ep03 step 2700/13600: loss = 0.07640
  Ep03 step 2800/13600: loss = 0.07594
  Ep03 step 2900/13600: loss = 0.07432
  Ep03 step 3000/13600: loss = 0.07241
  Ep03 step 3100/13600: loss = 0.07409
  Ep03 step 3200/13600: loss = 0.07571
  Ep03 step 3300/13600: loss = 0.07678
  Ep03 step 3400/13600: loss = 0.07136
  Ep03 step 3500/13600: loss = 0.07785
  Ep03 step 3600/13600: loss = 0.07077
  Ep03 step 3700/13600: loss = 0.07890
  Ep03 step 3800/13600: loss = 0.07445
  Ep03 step 3900/13600: loss = 0.07247
  Ep03 step 4000/13600: loss = 0.07324
  Ep03 step 4100/13600: loss = 0.07743
  Ep03 step 4200/13600: loss = 0.07516
  Ep03 step 4300/13600: loss = 0.07572
  Ep03 step 4400/13600: loss = 0.07903
  Ep03 step 4500/13600: loss = 0.07336
  Ep03 step 4600/13600: loss = 0.07343
  Ep03 step 4700/13600: loss = 0.07543
  Ep03 step 4800/13600: loss = 0.07413
  Ep03 step 4900/13600: loss = 0.07478
  Ep03 step 5000/13600: loss = 0.07110
  Ep03 step 5100/13600: loss = 0.07612
  Ep03 step 5200/13600: loss = 0.07509
  Ep03 step 5300/13600: loss = 0.07290
  Ep03 step 5400/13600: loss = 0.07720
  Ep03 step 5500/13600: loss = 0.07123
  Ep03 step 5600/13600: loss = 0.07206
  Ep03 step 5700/13600: loss = 0.06850
  Ep03 step 5800/13600: loss = 0.07555
  Ep03 step 5900/13600: loss = 0.07484
  Ep03 step 6000/13600: loss = 0.07240
  Ep03 step 6100/13600: loss = 0.07981
  Ep03 step 6200/13600: loss = 0.07528
  Ep03 step 6300/13600: loss = 0.07568
  Ep03 step 6400/13600: loss = 0.06934
  Ep03 step 6500/13600: loss = 0.07126
  Ep03 step 6600/13600: loss = 0.07388
  Ep03 step 6700/13600: loss = 0.06941
  Ep03 step 6800/13600: loss = 0.07432
  Ep03 step 6900/13600: loss = 0.07583
  Ep03 step 7000/13600: loss = 0.07129
  Ep03 step 7100/13600: loss = 0.07377
  Ep03 step 7200/13600: loss = 0.07359
  Ep03 step 7300/13600: loss = 0.07322
  Ep03 step 7400/13600: loss = 0.07836
  Ep03 step 7500/13600: loss = 0.07315
  Ep03 step 7600/13600: loss = 0.07180
  Ep03 step 7700/13600: loss = 0.06878
  Ep03 step 7800/13600: loss = 0.07468
  Ep03 step 7900/13600: loss = 0.07461
  Ep03 step 8000/13600: loss = 0.07547
  Ep03 step 8100/13600: loss = 0.08154
  Ep03 step 8200/13600: loss = 0.07692
  Ep03 step 8300/13600: loss = 0.07758
  Ep03 step 8400/13600: loss = 0.07903
  Ep03 step 8500/13600: loss = 0.07584
  Ep03 step 8600/13600: loss = 0.07020
  Ep03 step 8700/13600: loss = 0.07609
  Ep03 step 8800/13600: loss = 0.07370
  Ep03 step 8900/13600: loss = 0.07480
  Ep03 step 9000/13600: loss = 0.06954
  Ep03 step 9100/13600: loss = 0.07133
  Ep03 step 9200/13600: loss = 0.07296
  Ep03 step 9300/13600: loss = 0.07513
  Ep03 step 9400/13600: loss = 0.07487
  Ep03 step 9500/13600: loss = 0.07738
  Ep03 step 9600/13600: loss = 0.07374
  Ep03 step 9700/13600: loss = 0.07208
  Ep03 step 9800/13600: loss = 0.07546
  Ep03 step 9900/13600: loss = 0.07451
  Ep03 step 10000/13600: loss = 0.07602
  Ep03 step 10100/13600: loss = 0.07360
  Ep03 step 10200/13600: loss = 0.07616
  Ep03 step 10300/13600: loss = 0.07216
  Ep03 step 10400/13600: loss = 0.07323
  Ep03 step 10500/13600: loss = 0.07288
  Ep03 step 10600/13600: loss = 0.07290
  Ep03 step 10700/13600: loss = 0.07972
  Ep03 step 10800/13600: loss = 0.07277
  Ep03 step 10900/13600: loss = 0.07356
  Ep03 step 11000/13600: loss = 0.07331
  Ep03 step 11100/13600: loss = 0.07473
  Ep03 step 11200/13600: loss = 0.07377
  Ep03 step 11300/13600: loss = 0.07452
  Ep03 step 11400/13600: loss = 0.07047
  Ep03 step 11500/13600: loss = 0.06760
  Ep03 step 11600/13600: loss = 0.07507
  Ep03 step 11700/13600: loss = 0.07066
  Ep03 step 11800/13600: loss = 0.07720
  Ep03 step 11900/13600: loss = 0.07480
  Ep03 step 12000/13600: loss = 0.07603
  Ep03 step 12100/13600: loss = 0.07630
  Ep03 step 12200/13600: loss = 0.07860
  Ep03 step 12300/13600: loss = 0.07650
  Ep03 step 12400/13600: loss = 0.07223
  Ep03 step 12500/13600: loss = 0.07311
  Ep03 step 12600/13600: loss = 0.07563
  Ep03 step 12700/13600: loss = 0.07361
  Ep03 step 12800/13600: loss = 0.07311
  Ep03 step 12900/13600: loss = 0.06942
  Ep03 step 13000/13600: loss = 0.07467
  Ep03 step 13100/13600: loss = 0.07825
  Ep03 step 13200/13600: loss = 0.07865
  Ep03 step 13300/13600: loss = 0.07298
  Ep03 step 13400/13600: loss = 0.07378
  Ep03 step 13500/13600: loss = 0.07462
  Ep03 step 13600/13600: loss = 0.07398

Epoch 03/6 | train=0.07433 val=0.10043 | AUC=['0.999', '0.997', '0.993', '0.991'] PR=['0.989', '0.974', '0.956', '0.956'] | CASCADE-only AUC=['0.998', '0.995', '0.990', '0.987'] PR=['0.957', '0.938', '0.913', '0.922'] | mono_viol=0.00000 | 2697s

  Ep04 step  100/13600: loss = 0.07381
  Ep04 step  200/13600: loss = 0.07166
  Ep04 step  300/13600: loss = 0.07072
  Ep04 step  400/13600: loss = 0.07707
  Ep04 step  500/13600: loss = 0.07379
  Ep04 step  600/13600: loss = 0.07587
  Ep04 step  700/13600: loss = 0.07489
  Ep04 step  800/13600: loss = 0.07628
  Ep04 step  900/13600: loss = 0.07457
  Ep04 step 1000/13600: loss = 0.07513
  Ep04 step 1100/13600: loss = 0.07237
  Ep04 step 1200/13600: loss = 0.07168
  Ep04 step 1300/13600: loss = 0.07178
  Ep04 step 1400/13600: loss = 0.07442
  Ep04 step 1500/13600: loss = 0.07277
  Ep04 step 1600/13600: loss = 0.06841
  Ep04 step 1700/13600: loss = 0.07437
  Ep04 step 1800/13600: loss = 0.07480
  Ep04 step 1900/13600: loss = 0.07744
  Ep04 step 2000/13600: loss = 0.07390
  Ep04 step 2100/13600: loss = 0.07490
  Ep04 step 2200/13600: loss = 0.07533
  Ep04 step 2300/13600: loss = 0.07342
  Ep04 step 2400/13600: loss = 0.07309
  Ep04 step 2500/13600: loss = 0.07489
  Ep04 step 2600/13600: loss = 0.07199
  Ep04 step 2700/13600: loss = 0.07632
  Ep04 step 2800/13600: loss = 0.07140
  Ep04 step 2900/13600: loss = 0.07213
  Ep04 step 3000/13600: loss = 0.07167
  Ep04 step 3100/13600: loss = 0.07794
  Ep04 step 3200/13600: loss = 0.07587
  Ep04 step 3300/13600: loss = 0.07193
  Ep04 step 3400/13600: loss = 0.07394
  Ep04 step 3500/13600: loss = 0.07465
  Ep04 step 3600/13600: loss = 0.07431
  Ep04 step 3700/13600: loss = 0.07646
  Ep04 step 3800/13600: loss = 0.07394
  Ep04 step 3900/13600: loss = 0.07655
  Ep04 step 4000/13600: loss = 0.07434
  Ep04 step 4100/13600: loss = 0.07433
  Ep04 step 4200/13600: loss = 0.07239
  Ep04 step 4300/13600: loss = 0.07510
  Ep04 step 4400/13600: loss = 0.07589
  Ep04 step 4500/13600: loss = 0.07035
  Ep04 step 4600/13600: loss = 0.07554
  Ep04 step 4700/13600: loss = 0.07363
  Ep04 step 4800/13600: loss = 0.07626
  Ep04 step 4900/13600: loss = 0.07436
  Ep04 step 5000/13600: loss = 0.07388
  Ep04 step 5100/13600: loss = 0.07522
  Ep04 step 5200/13600: loss = 0.07420
  Ep04 step 5300/13600: loss = 0.07478
  Ep04 step 5400/13600: loss = 0.07260
  Ep04 step 5500/13600: loss = 0.07560
  Ep04 step 5600/13600: loss = 0.07469
  Ep04 step 5700/13600: loss = 0.07580
  Ep04 step 5800/13600: loss = 0.07112
  Ep04 step 5900/13600: loss = 0.07225
  Ep04 step 6000/13600: loss = 0.06841
  Ep04 step 6100/13600: loss = 0.07548
  Ep04 step 6200/13600: loss = 0.06816
  Ep04 step 6300/13600: loss = 0.06970
  Ep04 step 6400/13600: loss = 0.07208
  Ep04 step 6500/13600: loss = 0.07165
  Ep04 step 6600/13600: loss = 0.07208
  Ep04 step 6700/13600: loss = 0.07065
  Ep04 step 6800/13600: loss = 0.07697
  Ep04 step 6900/13600: loss = 0.07461
  Ep04 step 7000/13600: loss = 0.07206
  Ep04 step 7100/13600: loss = 0.07129
  Ep04 step 7200/13600: loss = 0.06960
  Ep04 step 7300/13600: loss = 0.07843
  Ep04 step 7400/13600: loss = 0.07815
  Ep04 step 7500/13600: loss = 0.07120
  Ep04 step 7600/13600: loss = 0.06947
  Ep04 step 7700/13600: loss = 0.07281
  Ep04 step 7800/13600: loss = 0.07510
  Ep04 step 7900/13600: loss = 0.07576
  Ep04 step 8000/13600: loss = 0.07643
  Ep04 step 8100/13600: loss = 0.07227
  Ep04 step 8200/13600: loss = 0.06954
  Ep04 step 8300/13600: loss = 0.07366
  Ep04 step 8400/13600: loss = 0.06984
  Ep04 step 8500/13600: loss = 0.06950
  Ep04 step 8600/13600: loss = 0.07213
  Ep04 step 8700/13600: loss = 0.07253
  Ep04 step 8800/13600: loss = 0.07269
  Ep04 step 8900/13600: loss = 0.07243
  Ep04 step 9000/13600: loss = 0.07698
  Ep04 step 9100/13600: loss = 0.07151
  Ep04 step 9200/13600: loss = 0.06834
  Ep04 step 9300/13600: loss = 0.07354
  Ep04 step 9400/13600: loss = 0.07183
  Ep04 step 9500/13600: loss = 0.07067
  Ep04 step 9600/13600: loss = 0.07381
  Ep04 step 9700/13600: loss = 0.07781
  Ep04 step 9800/13600: loss = 0.07852
  Ep04 step 9900/13600: loss = 0.07435
  Ep04 step 10000/13600: loss = 0.07456
  Ep04 step 10100/13600: loss = 0.07405
  Ep04 step 10200/13600: loss = 0.07332
  Ep04 step 10300/13600: loss = 0.07428
  Ep04 step 10400/13600: loss = 0.07758
  Ep04 step 10500/13600: loss = 0.07707
  Ep04 step 10600/13600: loss = 0.07195
  Ep04 step 10700/13600: loss = 0.07656
  Ep04 step 10800/13600: loss = 0.07926
  Ep04 step 10900/13600: loss = 0.07372
  Ep04 step 11000/13600: loss = 0.07658
  Ep04 step 11100/13600: loss = 0.07493
  Ep04 step 11200/13600: loss = 0.07659
  Ep04 step 11300/13600: loss = 0.07565
  Ep04 step 11400/13600: loss = 0.06997
  Ep04 step 11500/13600: loss = 0.06865
  Ep04 step 11600/13600: loss = 0.06523
  Ep04 step 11700/13600: loss = 0.07563
  Ep04 step 11800/13600: loss = 0.07490
  Ep04 step 11900/13600: loss = 0.07318
  Ep04 step 12000/13600: loss = 0.07471
  Ep04 step 12100/13600: loss = 0.07785
  Ep04 step 12200/13600: loss = 0.07307
  Ep04 step 12300/13600: loss = 0.07229
  Ep04 step 12400/13600: loss = 0.06952
  Ep04 step 12500/13600: loss = 0.07322
  Ep04 step 12600/13600: loss = 0.07188
  Ep04 step 12700/13600: loss = 0.07262
  Ep04 step 12800/13600: loss = 0.07074
  Ep04 step 12900/13600: loss = 0.07495
  Ep04 step 13000/13600: loss = 0.07263
  Ep04 step 13100/13600: loss = 0.07279
  Ep04 step 13200/13600: loss = 0.07277
  Ep04 step 13300/13600: loss = 0.07927
  Ep04 step 13400/13600: loss = 0.07424
  Ep04 step 13500/13600: loss = 0.07216
  Ep04 step 13600/13600: loss = 0.07328

Epoch 04/6 | train=0.07362 val=0.09853 | AUC=['0.999', '0.997', '0.993', '0.992'] PR=['0.989', '0.972', '0.957', '0.962'] | CASCADE-only AUC=['0.998', '0.995', '0.990', '0.989'] PR=['0.958', '0.934', '0.914', '0.933'] | mono_viol=0.00000 | 3371s

  [checkpoint] best.pt updated (epoch 4, val_loss=0.09853)
  Ep05 step  100/13600: loss = 0.07375
  Ep05 step  200/13600: loss = 0.06848
  Ep05 step  300/13600: loss = 0.06952
  Ep05 step  400/13600: loss = 0.06963
  Ep05 step  500/13600: loss = 0.07092
  Ep05 step  600/13600: loss = 0.07124
  Ep05 step  700/13600: loss = 0.07737
  Ep05 step  800/13600: loss = 0.07558
  Ep05 step  900/13600: loss = 0.07435
  Ep05 step 1000/13600: loss = 0.07683
  Ep05 step 1100/13600: loss = 0.07898
  Ep05 step 1200/13600: loss = 0.07353
  Ep05 step 1300/13600: loss = 0.07235
  Ep05 step 1400/13600: loss = 0.07263
  Ep05 step 1500/13600: loss = 0.07343
  Ep05 step 1600/13600: loss = 0.07242
  Ep05 step 1700/13600: loss = 0.07219
  Ep05 step 1800/13600: loss = 0.07189
  Ep05 step 1900/13600: loss = 0.07544
  Ep05 step 2000/13600: loss = 0.07324
  Ep05 step 2100/13600: loss = 0.07428
  Ep05 step 2200/13600: loss = 0.07336
  Ep05 step 2300/13600: loss = 0.07382
  Ep05 step 2400/13600: loss = 0.06989
  Ep05 step 2500/13600: loss = 0.07648
  Ep05 step 2600/13600: loss = 0.07146
  Ep05 step 2700/13600: loss = 0.07669
  Ep05 step 2800/13600: loss = 0.07301
  Ep05 step 2900/13600: loss = 0.07308
  Ep05 step 3000/13600: loss = 0.07263
  Ep05 step 3100/13600: loss = 0.07580
  Ep05 step 3200/13600: loss = 0.07324
  Ep05 step 3300/13600: loss = 0.07421
  Ep05 step 3400/13600: loss = 0.07122
  Ep05 step 3500/13600: loss = 0.07221
  Ep05 step 3600/13600: loss = 0.07498
  Ep05 step 3700/13600: loss = 0.07648
  Ep05 step 3800/13600: loss = 0.07320
  Ep05 step 3900/13600: loss = 0.07151
  Ep05 step 4000/13600: loss = 0.06975
  Ep05 step 4100/13600: loss = 0.07552
  Ep05 step 4200/13600: loss = 0.07764
  Ep05 step 4300/13600: loss = 0.06968
  Ep05 step 4400/13600: loss = 0.07515
  Ep05 step 4500/13600: loss = 0.07343
  Ep05 step 4600/13600: loss = 0.06997
  Ep05 step 4700/13600: loss = 0.07516
  Ep05 step 4800/13600: loss = 0.07270
  Ep05 step 4900/13600: loss = 0.07437
  Ep05 step 5000/13600: loss = 0.07380
  Ep05 step 5100/13600: loss = 0.07469
  Ep05 step 5200/13600: loss = 0.07425
  Ep05 step 5300/13600: loss = 0.07336
  Ep05 step 5400/13600: loss = 0.07221
  Ep05 step 5500/13600: loss = 0.07020
  Ep05 step 5600/13600: loss = 0.07584
  Ep05 step 5700/13600: loss = 0.07309
  Ep05 step 5800/13600: loss = 0.07081
  Ep05 step 5900/13600: loss = 0.07135
  Ep05 step 6000/13600: loss = 0.07236
  Ep05 step 6100/13600: loss = 0.07437
  Ep05 step 6200/13600: loss = 0.07450
  Ep05 step 6300/13600: loss = 0.07461
  Ep05 step 6400/13600: loss = 0.07671
  Ep05 step 6500/13600: loss = 0.07125
  Ep05 step 6600/13600: loss = 0.07365
  Ep05 step 6700/13600: loss = 0.07183
  Ep05 step 6800/13600: loss = 0.07164
  Ep05 step 6900/13600: loss = 0.07927
  Ep05 step 7000/13600: loss = 0.07314
  Ep05 step 7100/13600: loss = 0.07506
  Ep05 step 7200/13600: loss = 0.07248
  Ep05 step 7300/13600: loss = 0.07488
  Ep05 step 7400/13600: loss = 0.07427
  Ep05 step 7500/13600: loss = 0.07273
  Ep05 step 7600/13600: loss = 0.07439
  Ep05 step 7700/13600: loss = 0.07182
  Ep05 step 7800/13600: loss = 0.07641
  Ep05 step 7900/13600: loss = 0.07753
  Ep05 step 8000/13600: loss = 0.07490
  Ep05 step 8100/13600: loss = 0.07376
  Ep05 step 8200/13600: loss = 0.07045
  Ep05 step 8300/13600: loss = 0.07401
  Ep05 step 8400/13600: loss = 0.06983
  Ep05 step 8500/13600: loss = 0.07331
  Ep05 step 8600/13600: loss = 0.07059
  Ep05 step 8700/13600: loss = 0.07331
  Ep05 step 8800/13600: loss = 0.07207
  Ep05 step 8900/13600: loss = 0.07293
  Ep05 step 9000/13600: loss = 0.07679
  Ep05 step 9100/13600: loss = 0.07693
  Ep05 step 9200/13600: loss = 0.07269
  Ep05 step 9300/13600: loss = 0.07279
  Ep05 step 9400/13600: loss = 0.07474
  Ep05 step 9500/13600: loss = 0.07630
  Ep05 step 9600/13600: loss = 0.07512
  Ep05 step 9700/13600: loss = 0.07270
  Ep05 step 9800/13600: loss = 0.07497
  Ep05 step 9900/13600: loss = 0.07234
  Ep05 step 10000/13600: loss = 0.07518
  Ep05 step 10100/13600: loss = 0.06951
  Ep05 step 10200/13600: loss = 0.07294
  Ep05 step 10300/13600: loss = 0.07687
  Ep05 step 10400/13600: loss = 0.07573
  Ep05 step 10500/13600: loss = 0.06900
  Ep05 step 10600/13600: loss = 0.07193
  Ep05 step 10700/13600: loss = 0.07498
  Ep05 step 10800/13600: loss = 0.07423
  Ep05 step 10900/13600: loss = 0.07457
  Ep05 step 11000/13600: loss = 0.07433
  Ep05 step 11100/13600: loss = 0.07653
  Ep05 step 11200/13600: loss = 0.07378
  Ep05 step 11300/13600: loss = 0.07608
  Ep05 step 11400/13600: loss = 0.07385
  Ep05 step 11500/13600: loss = 0.07384
  Ep05 step 11600/13600: loss = 0.07305
  Ep05 step 11700/13600: loss = 0.07229
  Ep05 step 11800/13600: loss = 0.07403
  Ep05 step 11900/13600: loss = 0.07715
  Ep05 step 12000/13600: loss = 0.06992
  Ep05 step 12100/13600: loss = 0.06825
  Ep05 step 12200/13600: loss = 0.07445
  Ep05 step 12300/13600: loss = 0.06834
  Ep05 step 12400/13600: loss = 0.07325
  Ep05 step 12500/13600: loss = 0.07048
  Ep05 step 12600/13600: loss = 0.07436
  Ep05 step 12700/13600: loss = 0.07446
  Ep05 step 12800/13600: loss = 0.07789
  Ep05 step 12900/13600: loss = 0.07740
  Ep05 step 13000/13600: loss = 0.07421
  Ep05 step 13100/13600: loss = 0.06949
  Ep05 step 13200/13600: loss = 0.07414
  Ep05 step 13300/13600: loss = 0.07261
  Ep05 step 13400/13600: loss = 0.07287
  Ep05 step 13500/13600: loss = 0.07041
  Ep05 step 13600/13600: loss = 0.06973

Epoch 05/6 | train=0.07345 val=0.09843 | AUC=['0.999', '0.997', '0.993', '0.992'] PR=['0.990', '0.976', '0.961', '0.964'] | CASCADE-only AUC=['0.998', '0.996', '0.991', '0.990'] PR=['0.960', '0.942', '0.922', '0.936'] | mono_viol=0.00000 | 4046s

  [checkpoint] best.pt updated (epoch 5, val_loss=0.09843)
[held-out geoclaw_2050] test_loss=0.13401 mono_viol=0.00000 (1000 runs)
  ALL-nodes     AUC=[0.9979888314008712, 0.9966257435083389, 0.9899377677440643, 0.9926623138189316]  PR=[0.9852314955200222, 0.9869966790812839, 0.9707532411137013, 0.9847706983127775]
  CASCADE-only  AUC=[0.9964377421736718, 0.9955929192304611, 0.9875207915306091, 0.9915061333179473]  PR=[0.9553587830100664, 0.977731033478174, 0.9550101761837947, 0.9791054340558359]
[held-out syn_ts_914_6_1p2955] test_loss=0.07320 mono_viol=0.00000 (1000 runs)
  ALL-nodes     AUC=[0.9997744457125664, 0.9976674095392227, 0.997015636920929, 0.9943689219951629]  PR=[0.9931160487755039, 0.9692380649302749, 0.9625077445167985, 0.9510082599747984]
  CASCADE-only  AUC=[0.9995592815876007, 0.9961429765820503, 0.9955145086050033, 0.9918578724265099]  PR=[0.9718806926286397, 0.9247653589179912, 0.9188210675614461, 0.9078515717237743]
[held-out syn_ts_258_9_3p0022] test_loss=0.12107 mono_viol=0.00000 (1000 runs)
  ALL-nodes     AUC=[0.9985204002261162, 0.9965234912633896, 0.9902852408885956, 0.9925565223097801]  PR=[0.9900832213734819, 0.986488371007134, 0.9707354525102242, 0.9841935276166327]
  CASCADE-only  AUC=[0.9971748983263969, 0.9952198622226716, 0.9872661045193672, 0.9910595052838326]  PR=[0.9655369881468147, 0.9738785328446229, 0.9495916886162442, 0.9765411487385368]
[held-out syn_ts_605_5_3p7563] test_loss=0.19992 mono_viol=0.00000 (1000 runs)
  ALL-nodes     AUC=[0.9930920254588127, 0.9931560239195824, 0.9870773267745971, 0.992177448272705]  PR=[0.9787290232962172, 0.9862140392033935, 0.978449594559927, 0.9894531404493376]
  CASCADE-only  AUC=[0.9869128368496894, 0.9896323083639145, 0.9819804729223252, 0.9897691314816475]  PR=[0.930054500523456, 0.9704577942796085, 0.9591507187255169, 0.9817674039526634]
[held-out syn_ts_808_27_3p7885] test_loss=0.11281 mono_viol=0.00000 (1000 runs)
  ALL-nodes     AUC=[0.9974930672645569, 0.9973388044834137, 0.9926229239702224, 0.9954986011981964]  PR=[0.9877842413646071, 0.9926871999807525, 0.983850857814158, 0.9922623516697612]
  CASCADE-only  AUC=[0.9952234576940536, 0.9962245811223984, 0.9901878466010093, 0.9944363862872124]  PR=[0.9582055422755269, 0.9858184905656007, 0.9722197604853758, 0.9880208215841105]
