[gate] CUDA OK: NVIDIA L40S
task=12 name=old17_plain_static_mask_s2 hold=old5 set=jesse22 ckpt=/scratch/tj2587/results/gnn_morestorms_v1/old17_plain_static_mask_s2/best.pt labels=/scratch/tj2587/results/legacy_v1_n1000 labels2=/scratch/tj2587/results/legacy_v1_n1000 timing=unset context=unset smoke=0 out=/scratch/tj2587/results/gnn_morestorms_numbers_v1_old5 commit=967d122 uncommitted_files=0
design subsets from the checkpoint: train_subset=None val_subset=None
Loaded /scratch/tj2587/results/gnn_morestorms_v1/old17_plain_static_mask_s2/best.pt: epoch=5 saved val_loss=0.1079772866472337 head=hazard params=695,960 horizons=[6, 24, 48, 96]
Train: 13600 runs (baselines) | Val: 3400 runs | held-out ['geoclaw_2050', 'syn_ts_914_6_1p2955', 'syn_ts_258_9_3p0022', 'syn_ts_605_5_3p7563', 'syn_ts_808_27_3p7885'] (5000 runs)
  baselines: 2000/13600 training runs
  baselines: 4000/13600 training runs
  baselines: 6000/13600 training runs
  baselines: 8000/13600 training runs
  baselines: 10000/13600 training runs
  baselines: 12000/13600 training runs
[R3] baselines from 13600 training runs of 17 storms; base rate per horizon [0.035, 0.0869, 0.1053, 0.1729] -> PASS
[G1] model vs train.eval_step on 3 runs: max |diff| loss 8.69e-09, cascade PR 0.00e+00 -> PASS
  val: 500/3400 runs  (136s)
  val: 1000/3400 runs  (155s)
  val: 1500/3400 runs  (175s)
  val: 2000/3400 runs  (194s)
  val: 2500/3400 runs  (214s)
  val: 3000/3400 runs  (233s)
[val] model: loss 0.10798 | non-seed BCE 0.08140 | count WAPE ['0.092', '0.311', '0.324', '0.487'] bias ['-0.009', '-0.009', '+0.009', '+0.021'] | AP ['0.956', '0.924', '0.906', '0.924'] | window given failure: exact 0.860, within one 0.979; caught by 0.603 | ECE ['0.0013', '0.0022', '0.0030', '0.0057']
[val] no_cascade    : non-seed BCE 0.30844 | count WAPE ['0.644', '0.699', '0.700', '0.777'] | AP ['0.035', '0.086', '0.104', '0.170'] | window given failure: exact 0.389
[val] site_frequency: non-seed BCE 0.14924 | count WAPE ['0.662', '0.710', '0.710', '0.784'] | AP ['0.813', '0.860', '0.851', '0.888'] | window given failure: exact 0.802
[val] nearest_storm : non-seed BCE 0.07092 | count WAPE ['0.138', '0.169', '0.171', '0.191'] | AP ['0.908', '0.931', '0.916', '0.940'] | window given failure: exact 0.849
  geoclaw_2050: 500/1000 runs  (271s)
  geoclaw_2050: 1000/1000 runs  (294s)
[geoclaw_2050] model: loss 0.14173 | non-seed BCE 0.09639 | count WAPE ['0.035', '0.132', '0.182', '0.208'] bias ['+0.014', '-0.132', '-0.182', '-0.207'] | AP ['0.956', '0.982', '0.958', '0.982'] | window given failure: exact 0.819, within one 0.979; caught by 0.661 | ECE ['0.0023', '0.0215', '0.0380', '0.0660']
[geoclaw_2050] no_cascade    : non-seed BCE 0.49258 | count WAPE ['0.454', '0.467', '0.497', '0.457'] | AP ['0.064', '0.163', '0.209', '0.318'] | window given failure: exact 0.343
[geoclaw_2050] site_frequency: non-seed BCE 0.19680 | count WAPE ['0.472', '0.474', '0.502', '0.460'] | AP ['0.778', '0.941', '0.923', '0.970'] | window given failure: exact 0.750
[geoclaw_2050] nearest_storm : non-seed BCE 0.16625 | count WAPE ['0.161', '0.146', '0.204', '0.089'] | AP ['0.759', '0.944', '0.925', '0.976'] | window given failure: exact 0.740
[geoclaw_2050] nearest training storm used by the lookup: {'syn_ts_514_13_2p7829': 403, 'syn_ts_880_9_2p6632': 597}
  syn_ts_914_6_1p2955: 500/1000 runs  (311s)
  syn_ts_914_6_1p2955: 1000/1000 runs  (328s)
[syn_ts_914_6_1p2955] model: loss 0.08529 | non-seed BCE 0.06077 | count WAPE ['0.134', '0.862', '0.965', '2.281'] bias ['-0.114', '+0.859', '+0.963', '+2.275'] | AP ['0.969', '0.867', '0.864', '0.862'] | window given failure: exact 0.880, within one 0.980; caught by 0.889 | ECE ['0.0038', '0.0256', '0.0330', '0.0822']
[syn_ts_914_6_1p2955] no_cascade    : non-seed BCE 0.16778 | count WAPE ['1.166', '2.192', '2.255', '3.787'] | AP ['0.016', '0.027', '0.032', '0.036'] | window given failure: exact 0.105
[syn_ts_914_6_1p2955] site_frequency: non-seed BCE 0.11947 | count WAPE ['1.204', '2.230', '2.288', '3.820'] | AP ['0.786', '0.761', '0.784', '0.806'] | window given failure: exact 0.793
[syn_ts_914_6_1p2955] nearest_storm : non-seed BCE 0.01887 | count WAPE ['0.121', '0.229', '0.184', '0.194'] | AP ['0.950', '0.936', '0.929', '0.935'] | window given failure: exact 0.856
[syn_ts_914_6_1p2955] nearest training storm used by the lookup: {'syn_ts_708_13_1p1567': 905, 'syn_ts_570_2_1p5351': 64, 'syn_ts_321_19_1p7614': 31}
  syn_ts_258_9_3p0022: 500/1000 runs  (350s)
  syn_ts_258_9_3p0022: 1000/1000 runs  (373s)
[syn_ts_258_9_3p0022] model: loss 0.12510 | non-seed BCE 0.09617 | count WAPE ['0.036', '0.168', '0.172', '0.224'] bias ['+0.010', '-0.165', '-0.170', '-0.219'] | AP ['0.966', '0.980', '0.953', '0.979'] | window given failure: exact 0.852, within one 0.980; caught by 0.623 | ECE ['0.0040', '0.0276', '0.0339', '0.0681']
[syn_ts_258_9_3p0022] no_cascade    : non-seed BCE 0.48432 | count WAPE ['0.468', '0.466', '0.468', '0.444'] | AP ['0.066', '0.163', '0.198', '0.310'] | window given failure: exact 0.363
[syn_ts_258_9_3p0022] site_frequency: non-seed BCE 0.18283 | count WAPE ['0.479', '0.477', '0.478', '0.451'] | AP ['0.845', '0.948', '0.935', '0.970'] | window given failure: exact 0.792
[syn_ts_258_9_3p0022] nearest_storm : non-seed BCE 0.07330 | count WAPE ['0.089', '0.064', '0.087', '0.041'] | AP ['0.935', '0.981', '0.966', '0.988'] | window given failure: exact 0.838
[syn_ts_258_9_3p0022] nearest training storm used by the lookup: {'syn_ts_999_12_3p44': 937, 'syn_ts_514_13_2p7829': 63}
  syn_ts_605_5_3p7563: 500/1000 runs  (398s)
  syn_ts_605_5_3p7563: 1000/1000 runs  (423s)
[syn_ts_605_5_3p7563] model: loss 0.20880 | non-seed BCE 0.15514 | count WAPE ['0.179', '0.141', '0.218', '0.185'] bias ['-0.125', '-0.141', '-0.218', '-0.185'] | AP ['0.934', '0.974', '0.968', '0.988'] | window given failure: exact 0.737, within one 0.952; caught by 0.740 | ECE ['0.0181', '0.0307', '0.0590', '0.0639']
[syn_ts_605_5_3p7563] no_cascade    : non-seed BCE 0.62159 | count WAPE ['0.739', '0.588', '0.610', '0.499'] | AP ['0.134', '0.211', '0.270', '0.345'] | window given failure: exact 0.218
[syn_ts_605_5_3p7563] site_frequency: non-seed BCE 0.40135 | count WAPE ['0.766', '0.626', '0.642', '0.527'] | AP ['0.779', '0.914', '0.935', '0.972'] | window given failure: exact 0.501
[syn_ts_605_5_3p7563] nearest_storm : non-seed BCE 0.24116 | count WAPE ['0.477', '0.215', '0.226', '0.097'] | AP ['0.881', '0.957', '0.973', '0.990'] | window given failure: exact 0.631
[syn_ts_605_5_3p7563] nearest training storm used by the lookup: {'syn_ts_914_26_3p4047': 1000}
  syn_ts_808_27_3p7885: 500/1000 runs  (447s)
  syn_ts_808_27_3p7885: 1000/1000 runs  (470s)
[syn_ts_808_27_3p7885] model: loss 0.14059 | non-seed BCE 0.11403 | count WAPE ['0.078', '0.176', '0.213', '0.222'] bias ['-0.047', '-0.175', '-0.213', '-0.221'] | AP ['0.955', '0.977', '0.961', '0.984'] | window given failure: exact 0.814, within one 0.976; caught by 0.651 | ECE ['0.0060', '0.0325', '0.0495', '0.0731']
[syn_ts_808_27_3p7885] no_cascade    : non-seed BCE 0.54044 | count WAPE ['0.593', '0.526', '0.548', '0.479'] | AP ['0.086', '0.183', '0.233', '0.332'] | window given failure: exact 0.298
[syn_ts_808_27_3p7885] site_frequency: non-seed BCE 0.24279 | count WAPE ['0.613', '0.547', '0.565', '0.492'] | AP ['0.830', '0.947', '0.941', '0.971'] | window given failure: exact 0.711
[syn_ts_808_27_3p7885] nearest_storm : non-seed BCE 0.07064 | count WAPE ['0.132', '0.051', '0.071', '0.035'] | AP ['0.946', '0.989', '0.980', '0.994'] | window given failure: exact 0.827
[syn_ts_808_27_3p7885] nearest training storm used by the lookup: {'syn_ts_914_26_3p4047': 1000}
[speed] model forward on cuda: median 10.66 ms per run (n=50)
[G2] saved val_loss 0.107977 got 0.107977 |diff| 2.11e-09 -> PASS
wrote /scratch/tj2587/results/gnn_morestorms_numbers_v1_old5/old17_plain_static_mask_s2.json  (471s)
ALL GATES AND RULES: PASS
