task=36 arm=old17 variant=ctx cell=static_mask torch_seed=2 set=jesse22 head=hazard labels=/scratch/tj2587/results/legacy_v1_n1000 labels2=/scratch/tj2587/results/legacy_v1_n1000 timing=unset context=1 ckpt=/scratch/tj2587/results/gnn_morestorms_v1/old17_ctx_static_mask_s2 smoke=0 commit=967d122 uncommitted_files=0
[gate] CUDA OK: NVIDIA L40S
[gate] heterodata data/graph/nyc_infra_heterodata_v1_frozen_failover_edges.pt: total=6231 -> OK
[gate] set jesse22: 22 storms, 17 for training, 5 held out; in both folders []; missing [] -> OK
[gate] variant ctx: storm context on, timing inputs off -> OK
[gate] head switch present: ('independent', 'hazard')
=== TRAIN MODE — full training ===
torch seed set: 2
Train: 13600  Val: 3400  (17 scenarios) | Test held-out: ['geoclaw_2050', 'syn_ts_914_6_1p2955', 'syn_ts_258_9_3p0022', 'syn_ts_605_5_3p7563', 'syn_ts_808_27_3p7885'] (5000 runs)
Model parameters: 698,648  head=hazard
Device: cuda
  Ep00 step  100/13600: loss = 0.40125
  Ep00 step  200/13600: loss = 0.19462
  Ep00 step  300/13600: loss = 0.13610
  Ep00 step  400/13600: loss = 0.12184
  Ep00 step  500/13600: loss = 0.12177
  Ep00 step  600/13600: loss = 0.09050
  Ep00 step  700/13600: loss = 0.09303
  Ep00 step  800/13600: loss = 0.10159
  Ep00 step  900/13600: loss = 0.09991
  Ep00 step 1000/13600: loss = 0.08531
  Ep00 step 1100/13600: loss = 0.08935
  Ep00 step 1200/13600: loss = 0.07795
  Ep00 step 1300/13600: loss = 0.08503
  Ep00 step 1400/13600: loss = 0.08614
  Ep00 step 1500/13600: loss = 0.07266
  Ep00 step 1600/13600: loss = 0.08313
  Ep00 step 1700/13600: loss = 0.08033
  Ep00 step 1800/13600: loss = 0.08199
  Ep00 step 1900/13600: loss = 0.08122
  Ep00 step 2000/13600: loss = 0.07829
  Ep00 step 2100/13600: loss = 0.08668
  Ep00 step 2200/13600: loss = 0.07852
  Ep00 step 2300/13600: loss = 0.06718
  Ep00 step 2400/13600: loss = 0.07702
  Ep00 step 2500/13600: loss = 0.08057
  Ep00 step 2600/13600: loss = 0.07051
  Ep00 step 2700/13600: loss = 0.06605
  Ep00 step 2800/13600: loss = 0.07223
  Ep00 step 2900/13600: loss = 0.06831
  Ep00 step 3000/13600: loss = 0.06709
  Ep00 step 3100/13600: loss = 0.06924
  Ep00 step 3200/13600: loss = 0.07186
  Ep00 step 3300/13600: loss = 0.06714
  Ep00 step 3400/13600: loss = 0.06989
  Ep00 step 3500/13600: loss = 0.06931
  Ep00 step 3600/13600: loss = 0.06531
  Ep00 step 3700/13600: loss = 0.06461
  Ep00 step 3800/13600: loss = 0.06338
  Ep00 step 3900/13600: loss = 0.05615
  Ep00 step 4000/13600: loss = 0.06516
  Ep00 step 4100/13600: loss = 0.05979
  Ep00 step 4200/13600: loss = 0.06101
  Ep00 step 4300/13600: loss = 0.06452
  Ep00 step 4400/13600: loss = 0.06651
  Ep00 step 4500/13600: loss = 0.07008
  Ep00 step 4600/13600: loss = 0.06316
  Ep00 step 4700/13600: loss = 0.06751
  Ep00 step 4800/13600: loss = 0.06177
  Ep00 step 4900/13600: loss = 0.06467
  Ep00 step 5000/13600: loss = 0.06244
  Ep00 step 5100/13600: loss = 0.06142
  Ep00 step 5200/13600: loss = 0.06879
  Ep00 step 5300/13600: loss = 0.05980
  Ep00 step 5400/13600: loss = 0.06803
  Ep00 step 5500/13600: loss = 0.06075
  Ep00 step 5600/13600: loss = 0.06064
  Ep00 step 5700/13600: loss = 0.06224
  Ep00 step 5800/13600: loss = 0.06173
  Ep00 step 5900/13600: loss = 0.05163
  Ep00 step 6000/13600: loss = 0.05201
  Ep00 step 6100/13600: loss = 0.05791
  Ep00 step 6200/13600: loss = 0.05446
  Ep00 step 6300/13600: loss = 0.05585
  Ep00 step 6400/13600: loss = 0.05709
  Ep00 step 6500/13600: loss = 0.05758
  Ep00 step 6600/13600: loss = 0.05984
  Ep00 step 6700/13600: loss = 0.06315
  Ep00 step 6800/13600: loss = 0.06070
  Ep00 step 6900/13600: loss = 0.04662
  Ep00 step 7000/13600: loss = 0.05786
  Ep00 step 7100/13600: loss = 0.06452
  Ep00 step 7200/13600: loss = 0.05809
  Ep00 step 7300/13600: loss = 0.05455
  Ep00 step 7400/13600: loss = 0.05585
  Ep00 step 7500/13600: loss = 0.05916
  Ep00 step 7600/13600: loss = 0.05571
  Ep00 step 7700/13600: loss = 0.05509
  Ep00 step 7800/13600: loss = 0.05270
  Ep00 step 7900/13600: loss = 0.05504
  Ep00 step 8000/13600: loss = 0.04810
  Ep00 step 8100/13600: loss = 0.06073
  Ep00 step 8200/13600: loss = 0.05923
  Ep00 step 8300/13600: loss = 0.05738
  Ep00 step 8400/13600: loss = 0.06198
  Ep00 step 8500/13600: loss = 0.05435
  Ep00 step 8600/13600: loss = 0.06137
  Ep00 step 8700/13600: loss = 0.06162
  Ep00 step 8800/13600: loss = 0.04838
  Ep00 step 8900/13600: loss = 0.05358
  Ep00 step 9000/13600: loss = 0.05406
  Ep00 step 9100/13600: loss = 0.06385
  Ep00 step 9200/13600: loss = 0.05022
  Ep00 step 9300/13600: loss = 0.04905
  Ep00 step 9400/13600: loss = 0.05249
  Ep00 step 9500/13600: loss = 0.04860
  Ep00 step 9600/13600: loss = 0.05329
  Ep00 step 9700/13600: loss = 0.05459
  Ep00 step 9800/13600: loss = 0.05714
  Ep00 step 9900/13600: loss = 0.05332
  Ep00 step 10000/13600: loss = 0.05945
  Ep00 step 10100/13600: loss = 0.05370
  Ep00 step 10200/13600: loss = 0.05163
  Ep00 step 10300/13600: loss = 0.05895
  Ep00 step 10400/13600: loss = 0.05213
  Ep00 step 10500/13600: loss = 0.04576
  Ep00 step 10600/13600: loss = 0.04931
  Ep00 step 10700/13600: loss = 0.04674
  Ep00 step 10800/13600: loss = 0.05627
  Ep00 step 10900/13600: loss = 0.05740
  Ep00 step 11000/13600: loss = 0.05508
  Ep00 step 11100/13600: loss = 0.05239
  Ep00 step 11200/13600: loss = 0.05561
  Ep00 step 11300/13600: loss = 0.05813
  Ep00 step 11400/13600: loss = 0.05416
  Ep00 step 11500/13600: loss = 0.05312
  Ep00 step 11600/13600: loss = 0.05298
  Ep00 step 11700/13600: loss = 0.05281
  Ep00 step 11800/13600: loss = 0.05055
  Ep00 step 11900/13600: loss = 0.04433
  Ep00 step 12000/13600: loss = 0.04940
  Ep00 step 12100/13600: loss = 0.05199
  Ep00 step 12200/13600: loss = 0.05036
  Ep00 step 12300/13600: loss = 0.05264
  Ep00 step 12400/13600: loss = 0.05472
  Ep00 step 12500/13600: loss = 0.05049
  Ep00 step 12600/13600: loss = 0.05163
  Ep00 step 12700/13600: loss = 0.05206
  Ep00 step 12800/13600: loss = 0.05526
  Ep00 step 12900/13600: loss = 0.05279
  Ep00 step 13000/13600: loss = 0.05505
  Ep00 step 13100/13600: loss = 0.04589
  Ep00 step 13200/13600: loss = 0.04776
  Ep00 step 13300/13600: loss = 0.05422
  Ep00 step 13400/13600: loss = 0.04784
  Ep00 step 13500/13600: loss = 0.04603
  Ep00 step 13600/13600: loss = 0.05116

Epoch 00/6 | train=0.06634 val=0.07138 | AUC=['0.999', '0.998', '0.995', '0.995'] PR=['0.990', '0.985', '0.974', '0.980'] | CASCADE-only AUC=['0.998', '0.997', '0.993', '0.994'] PR=['0.965', '0.960', '0.946', '0.963'] | mono_viol=0.00000 | 666s

  [checkpoint] best.pt updated (epoch 0, val_loss=0.07138)
  Ep01 step  100/13600: loss = 0.05175
  Ep01 step  200/13600: loss = 0.06065
  Ep01 step  300/13600: loss = 0.05072
  Ep01 step  400/13600: loss = 0.04973
  Ep01 step  500/13600: loss = 0.04605
  Ep01 step  600/13600: loss = 0.05114
  Ep01 step  700/13600: loss = 0.05102
  Ep01 step  800/13600: loss = 0.05241
  Ep01 step  900/13600: loss = 0.05095
  Ep01 step 1000/13600: loss = 0.04240
  Ep01 step 1100/13600: loss = 0.05198
  Ep01 step 1200/13600: loss = 0.05256
  Ep01 step 1300/13600: loss = 0.05037
  Ep01 step 1400/13600: loss = 0.05413
  Ep01 step 1500/13600: loss = 0.04870
  Ep01 step 1600/13600: loss = 0.05124
  Ep01 step 1700/13600: loss = 0.05402
  Ep01 step 1800/13600: loss = 0.05659
  Ep01 step 1900/13600: loss = 0.05360
  Ep01 step 2000/13600: loss = 0.04995
  Ep01 step 2100/13600: loss = 0.05686
  Ep01 step 2200/13600: loss = 0.05247
  Ep01 step 2300/13600: loss = 0.04735
  Ep01 step 2400/13600: loss = 0.05004
  Ep01 step 2500/13600: loss = 0.04682
  Ep01 step 2600/13600: loss = 0.05498
  Ep01 step 2700/13600: loss = 0.04145
  Ep01 step 2800/13600: loss = 0.04672
  Ep01 step 2900/13600: loss = 0.04587
  Ep01 step 3000/13600: loss = 0.04913
  Ep01 step 3100/13600: loss = 0.04481
  Ep01 step 3200/13600: loss = 0.05287
  Ep01 step 3300/13600: loss = 0.05107
  Ep01 step 3400/13600: loss = 0.05360
  Ep01 step 3500/13600: loss = 0.05582
  Ep01 step 3600/13600: loss = 0.05481
  Ep01 step 3700/13600: loss = 0.04511
  Ep01 step 3800/13600: loss = 0.05324
  Ep01 step 3900/13600: loss = 0.04871
  Ep01 step 4000/13600: loss = 0.04761
  Ep01 step 4100/13600: loss = 0.04482
  Ep01 step 4200/13600: loss = 0.05252
  Ep01 step 4300/13600: loss = 0.04479
  Ep01 step 4400/13600: loss = 0.05354
  Ep01 step 4500/13600: loss = 0.05069
  Ep01 step 4600/13600: loss = 0.04950
  Ep01 step 4700/13600: loss = 0.04803
  Ep01 step 4800/13600: loss = 0.05768
  Ep01 step 4900/13600: loss = 0.04829
  Ep01 step 5000/13600: loss = 0.04460
  Ep01 step 5100/13600: loss = 0.05249
  Ep01 step 5200/13600: loss = 0.05219
  Ep01 step 5300/13600: loss = 0.05196
  Ep01 step 5400/13600: loss = 0.04979
  Ep01 step 5500/13600: loss = 0.05055
  Ep01 step 5600/13600: loss = 0.04926
  Ep01 step 5700/13600: loss = 0.04758
  Ep01 step 5800/13600: loss = 0.04974
  Ep01 step 5900/13600: loss = 0.04526
  Ep01 step 6000/13600: loss = 0.05416
  Ep01 step 6100/13600: loss = 0.04124
  Ep01 step 6200/13600: loss = 0.04931
  Ep01 step 6300/13600: loss = 0.04872
  Ep01 step 6400/13600: loss = 0.05047
  Ep01 step 6500/13600: loss = 0.04826
  Ep01 step 6600/13600: loss = 0.05023
  Ep01 step 6700/13600: loss = 0.05132
  Ep01 step 6800/13600: loss = 0.04288
  Ep01 step 6900/13600: loss = 0.05760
  Ep01 step 7000/13600: loss = 0.06086
  Ep01 step 7100/13600: loss = 0.04126
  Ep01 step 7200/13600: loss = 0.05759
  Ep01 step 7300/13600: loss = 0.04596
  Ep01 step 7400/13600: loss = 0.05759
  Ep01 step 7500/13600: loss = 0.04742
  Ep01 step 7600/13600: loss = 0.04850
  Ep01 step 7700/13600: loss = 0.05168
  Ep01 step 7800/13600: loss = 0.05192
  Ep01 step 7900/13600: loss = 0.04604
  Ep01 step 8000/13600: loss = 0.04657
  Ep01 step 8100/13600: loss = 0.04900
  Ep01 step 8200/13600: loss = 0.04332
  Ep01 step 8300/13600: loss = 0.04643
  Ep01 step 8400/13600: loss = 0.04294
  Ep01 step 8500/13600: loss = 0.04520
  Ep01 step 8600/13600: loss = 0.04611
  Ep01 step 8700/13600: loss = 0.04101
  Ep01 step 8800/13600: loss = 0.05756
  Ep01 step 8900/13600: loss = 0.04969
  Ep01 step 9000/13600: loss = 0.04800
  Ep01 step 9100/13600: loss = 0.04547
  Ep01 step 9200/13600: loss = 0.04962
  Ep01 step 9300/13600: loss = 0.05097
  Ep01 step 9400/13600: loss = 0.05554
  Ep01 step 9500/13600: loss = 0.04517
  Ep01 step 9600/13600: loss = 0.04982
  Ep01 step 9700/13600: loss = 0.04426
  Ep01 step 9800/13600: loss = 0.04566
  Ep01 step 9900/13600: loss = 0.05358
  Ep01 step 10000/13600: loss = 0.04202
  Ep01 step 10100/13600: loss = 0.04992
  Ep01 step 10200/13600: loss = 0.04526
  Ep01 step 10300/13600: loss = 0.04772
  Ep01 step 10400/13600: loss = 0.04846
  Ep01 step 10500/13600: loss = 0.04989
  Ep01 step 10600/13600: loss = 0.04746
  Ep01 step 10700/13600: loss = 0.04641
  Ep01 step 10800/13600: loss = 0.04535
  Ep01 step 10900/13600: loss = 0.04809
  Ep01 step 11000/13600: loss = 0.04711
  Ep01 step 11100/13600: loss = 0.04881
  Ep01 step 11200/13600: loss = 0.05296
  Ep01 step 11300/13600: loss = 0.04359
  Ep01 step 11400/13600: loss = 0.04383
  Ep01 step 11500/13600: loss = 0.04420
  Ep01 step 11600/13600: loss = 0.04750
  Ep01 step 11700/13600: loss = 0.05255
  Ep01 step 11800/13600: loss = 0.05100
  Ep01 step 11900/13600: loss = 0.04336
  Ep01 step 12000/13600: loss = 0.04745
  Ep01 step 12100/13600: loss = 0.05199
  Ep01 step 12200/13600: loss = 0.05434
  Ep01 step 12300/13600: loss = 0.05358
  Ep01 step 12400/13600: loss = 0.05479
  Ep01 step 12500/13600: loss = 0.05086
  Ep01 step 12600/13600: loss = 0.04195
  Ep01 step 12700/13600: loss = 0.04858
  Ep01 step 12800/13600: loss = 0.05284
  Ep01 step 12900/13600: loss = 0.04918
  Ep01 step 13000/13600: loss = 0.05120
  Ep01 step 13100/13600: loss = 0.04932
  Ep01 step 13200/13600: loss = 0.04936
  Ep01 step 13300/13600: loss = 0.04993
  Ep01 step 13400/13600: loss = 0.05719
  Ep01 step 13500/13600: loss = 0.04067
  Ep01 step 13600/13600: loss = 0.04608

Epoch 01/6 | train=0.04946 val=0.07231 | AUC=['0.999', '0.998', '0.995', '0.995'] PR=['0.992', '0.984', '0.971', '0.980'] | CASCADE-only AUC=['0.999', '0.997', '0.993', '0.994'] PR=['0.972', '0.961', '0.942', '0.962'] | mono_viol=0.00000 | 1330s

  Ep02 step  100/13600: loss = 0.04644
  Ep02 step  200/13600: loss = 0.04976
  Ep02 step  300/13600: loss = 0.05039
  Ep02 step  400/13600: loss = 0.04753
  Ep02 step  500/13600: loss = 0.04077
  Ep02 step  600/13600: loss = 0.05208
  Ep02 step  700/13600: loss = 0.04188
  Ep02 step  800/13600: loss = 0.04752
  Ep02 step  900/13600: loss = 0.04720
  Ep02 step 1000/13600: loss = 0.04938
  Ep02 step 1100/13600: loss = 0.05122
  Ep02 step 1200/13600: loss = 0.04575
  Ep02 step 1300/13600: loss = 0.05033
  Ep02 step 1400/13600: loss = 0.04888
  Ep02 step 1500/13600: loss = 0.06234
  Ep02 step 1600/13600: loss = 0.04248
  Ep02 step 1700/13600: loss = 0.04578
  Ep02 step 1800/13600: loss = 0.05444
  Ep02 step 1900/13600: loss = 0.05219
  Ep02 step 2000/13600: loss = 0.05167
  Ep02 step 2100/13600: loss = 0.04380
  Ep02 step 2200/13600: loss = 0.04972
  Ep02 step 2300/13600: loss = 0.04968
  Ep02 step 2400/13600: loss = 0.04270
  Ep02 step 2500/13600: loss = 0.05050
  Ep02 step 2600/13600: loss = 0.04456
  Ep02 step 2700/13600: loss = 0.04415
  Ep02 step 2800/13600: loss = 0.04966
  Ep02 step 2900/13600: loss = 0.04642
  Ep02 step 3000/13600: loss = 0.04471
  Ep02 step 3100/13600: loss = 0.05300
  Ep02 step 3200/13600: loss = 0.04450
  Ep02 step 3300/13600: loss = 0.05229
  Ep02 step 3400/13600: loss = 0.04107
  Ep02 step 3500/13600: loss = 0.04728
  Ep02 step 3600/13600: loss = 0.04681
  Ep02 step 3700/13600: loss = 0.05077
  Ep02 step 3800/13600: loss = 0.04774
  Ep02 step 3900/13600: loss = 0.04965
  Ep02 step 4000/13600: loss = 0.04947
  Ep02 step 4100/13600: loss = 0.04635
  Ep02 step 4200/13600: loss = 0.05169
  Ep02 step 4300/13600: loss = 0.04781
  Ep02 step 4400/13600: loss = 0.03750
  Ep02 step 4500/13600: loss = 0.04638
  Ep02 step 4600/13600: loss = 0.05009
  Ep02 step 4700/13600: loss = 0.04860
  Ep02 step 4800/13600: loss = 0.05415
  Ep02 step 4900/13600: loss = 0.04658
  Ep02 step 5000/13600: loss = 0.05232
  Ep02 step 5100/13600: loss = 0.04823
  Ep02 step 5200/13600: loss = 0.04473
  Ep02 step 5300/13600: loss = 0.04823
  Ep02 step 5400/13600: loss = 0.04364
  Ep02 step 5500/13600: loss = 0.04835
  Ep02 step 5600/13600: loss = 0.04707
  Ep02 step 5700/13600: loss = 0.04222
  Ep02 step 5800/13600: loss = 0.04070
  Ep02 step 5900/13600: loss = 0.05207
  Ep02 step 6000/13600: loss = 0.04763
  Ep02 step 6100/13600: loss = 0.05126
  Ep02 step 6200/13600: loss = 0.04382
  Ep02 step 6300/13600: loss = 0.04652
  Ep02 step 6400/13600: loss = 0.04537
  Ep02 step 6500/13600: loss = 0.04864
  Ep02 step 6600/13600: loss = 0.04921
  Ep02 step 6700/13600: loss = 0.04087
  Ep02 step 6800/13600: loss = 0.04190
  Ep02 step 6900/13600: loss = 0.04517
  Ep02 step 7000/13600: loss = 0.04060
  Ep02 step 7100/13600: loss = 0.04947
  Ep02 step 7200/13600: loss = 0.04659
  Ep02 step 7300/13600: loss = 0.05073
  Ep02 step 7400/13600: loss = 0.04395
  Ep02 step 7500/13600: loss = 0.04160
  Ep02 step 7600/13600: loss = 0.03940
  Ep02 step 7700/13600: loss = 0.04629
  Ep02 step 7800/13600: loss = 0.05422
  Ep02 step 7900/13600: loss = 0.04658
  Ep02 step 8000/13600: loss = 0.04452
  Ep02 step 8100/13600: loss = 0.04998
  Ep02 step 8200/13600: loss = 0.05194
  Ep02 step 8300/13600: loss = 0.04597
  Ep02 step 8400/13600: loss = 0.04288
  Ep02 step 8500/13600: loss = 0.04491
  Ep02 step 8600/13600: loss = 0.04368
  Ep02 step 8700/13600: loss = 0.04631
  Ep02 step 8800/13600: loss = 0.04622
  Ep02 step 8900/13600: loss = 0.05270
  Ep02 step 9000/13600: loss = 0.05237
  Ep02 step 9100/13600: loss = 0.04399
  Ep02 step 9200/13600: loss = 0.05341
  Ep02 step 9300/13600: loss = 0.05106
  Ep02 step 9400/13600: loss = 0.04607
  Ep02 step 9500/13600: loss = 0.05009
  Ep02 step 9600/13600: loss = 0.04584
  Ep02 step 9700/13600: loss = 0.05224
  Ep02 step 9800/13600: loss = 0.04128
  Ep02 step 9900/13600: loss = 0.04723
  Ep02 step 10000/13600: loss = 0.05550
  Ep02 step 10100/13600: loss = 0.04111
  Ep02 step 10200/13600: loss = 0.05295
  Ep02 step 10300/13600: loss = 0.04727
  Ep02 step 10400/13600: loss = 0.04788
  Ep02 step 10500/13600: loss = 0.04587
  Ep02 step 10600/13600: loss = 0.05410
  Ep02 step 10700/13600: loss = 0.04177
  Ep02 step 10800/13600: loss = 0.04981
  Ep02 step 10900/13600: loss = 0.04544
  Ep02 step 11000/13600: loss = 0.05326
  Ep02 step 11100/13600: loss = 0.04897
  Ep02 step 11200/13600: loss = 0.04059
  Ep02 step 11300/13600: loss = 0.05167
  Ep02 step 11400/13600: loss = 0.05157
  Ep02 step 11500/13600: loss = 0.04607
  Ep02 step 11600/13600: loss = 0.05577
  Ep02 step 11700/13600: loss = 0.04205
  Ep02 step 11800/13600: loss = 0.04971
  Ep02 step 11900/13600: loss = 0.04906
  Ep02 step 12000/13600: loss = 0.04641
  Ep02 step 12100/13600: loss = 0.04434
  Ep02 step 12200/13600: loss = 0.04178
  Ep02 step 12300/13600: loss = 0.04731
  Ep02 step 12400/13600: loss = 0.04669
  Ep02 step 12500/13600: loss = 0.04886
  Ep02 step 12600/13600: loss = 0.04368
  Ep02 step 12700/13600: loss = 0.05536
  Ep02 step 12800/13600: loss = 0.05769
  Ep02 step 12900/13600: loss = 0.05198
  Ep02 step 13000/13600: loss = 0.04653
  Ep02 step 13100/13600: loss = 0.04201
  Ep02 step 13200/13600: loss = 0.04612
  Ep02 step 13300/13600: loss = 0.04707
  Ep02 step 13400/13600: loss = 0.03828
  Ep02 step 13500/13600: loss = 0.04880
  Ep02 step 13600/13600: loss = 0.04708

Epoch 02/6 | train=0.04755 val=0.06989 | AUC=['0.999', '0.999', '0.996', '0.996'] PR=['0.992', '0.988', '0.977', '0.983'] | CASCADE-only AUC=['0.999', '0.998', '0.994', '0.995'] PR=['0.970', '0.969', '0.954', '0.969'] | mono_viol=0.00000 | 1995s

  [checkpoint] best.pt updated (epoch 2, val_loss=0.06989)
  Ep03 step  100/13600: loss = 0.04827
  Ep03 step  200/13600: loss = 0.04386
  Ep03 step  300/13600: loss = 0.04296
  Ep03 step  400/13600: loss = 0.04646
  Ep03 step  500/13600: loss = 0.05390
  Ep03 step  600/13600: loss = 0.04810
  Ep03 step  700/13600: loss = 0.04114
  Ep03 step  800/13600: loss = 0.05464
  Ep03 step  900/13600: loss = 0.04736
  Ep03 step 1000/13600: loss = 0.05053
  Ep03 step 1100/13600: loss = 0.04080
  Ep03 step 1200/13600: loss = 0.04453
  Ep03 step 1300/13600: loss = 0.04172
  Ep03 step 1400/13600: loss = 0.04931
  Ep03 step 1500/13600: loss = 0.05146
  Ep03 step 1600/13600: loss = 0.04701
  Ep03 step 1700/13600: loss = 0.04392
  Ep03 step 1800/13600: loss = 0.04331
  Ep03 step 1900/13600: loss = 0.03928
  Ep03 step 2000/13600: loss = 0.04936
  Ep03 step 2100/13600: loss = 0.05062
  Ep03 step 2200/13600: loss = 0.04711
  Ep03 step 2300/13600: loss = 0.04381
  Ep03 step 2400/13600: loss = 0.05130
  Ep03 step 2500/13600: loss = 0.04769
  Ep03 step 2600/13600: loss = 0.04653
  Ep03 step 2700/13600: loss = 0.04677
  Ep03 step 2800/13600: loss = 0.04831
  Ep03 step 2900/13600: loss = 0.04643
  Ep03 step 3000/13600: loss = 0.04392
  Ep03 step 3100/13600: loss = 0.04743
  Ep03 step 3200/13600: loss = 0.04953
  Ep03 step 3300/13600: loss = 0.05431
  Ep03 step 3400/13600: loss = 0.03969
  Ep03 step 3500/13600: loss = 0.05227
  Ep03 step 3600/13600: loss = 0.04269
  Ep03 step 3700/13600: loss = 0.05307
  Ep03 step 3800/13600: loss = 0.04700
  Ep03 step 3900/13600: loss = 0.04390
  Ep03 step 4000/13600: loss = 0.04578
  Ep03 step 4100/13600: loss = 0.04942
  Ep03 step 4200/13600: loss = 0.05301
  Ep03 step 4300/13600: loss = 0.04756
  Ep03 step 4400/13600: loss = 0.04906
  Ep03 step 4500/13600: loss = 0.04788
  Ep03 step 4600/13600: loss = 0.04625
  Ep03 step 4700/13600: loss = 0.04785
  Ep03 step 4800/13600: loss = 0.04574
  Ep03 step 4900/13600: loss = 0.04830
  Ep03 step 5000/13600: loss = 0.03491
  Ep03 step 5100/13600: loss = 0.05112
  Ep03 step 5200/13600: loss = 0.04957
  Ep03 step 5300/13600: loss = 0.04048
  Ep03 step 5400/13600: loss = 0.04782
  Ep03 step 5500/13600: loss = 0.03865
  Ep03 step 5600/13600: loss = 0.04093
  Ep03 step 5700/13600: loss = 0.04476
  Ep03 step 5800/13600: loss = 0.05318
  Ep03 step 5900/13600: loss = 0.05207
  Ep03 step 6000/13600: loss = 0.04809
  Ep03 step 6100/13600: loss = 0.05324
  Ep03 step 6200/13600: loss = 0.05205
  Ep03 step 6300/13600: loss = 0.04665
  Ep03 step 6400/13600: loss = 0.04032
  Ep03 step 6500/13600: loss = 0.04574
  Ep03 step 6600/13600: loss = 0.05083
  Ep03 step 6700/13600: loss = 0.04293
  Ep03 step 6800/13600: loss = 0.04510
  Ep03 step 6900/13600: loss = 0.04542
  Ep03 step 7000/13600: loss = 0.04352
  Ep03 step 7100/13600: loss = 0.04517
  Ep03 step 7200/13600: loss = 0.04546
  Ep03 step 7300/13600: loss = 0.04697
  Ep03 step 7400/13600: loss = 0.04913
  Ep03 step 7500/13600: loss = 0.03923
  Ep03 step 7600/13600: loss = 0.04505
  Ep03 step 7700/13600: loss = 0.04696
  Ep03 step 7800/13600: loss = 0.04542
  Ep03 step 7900/13600: loss = 0.04993
  Ep03 step 8000/13600: loss = 0.04873
  Ep03 step 8100/13600: loss = 0.05962
  Ep03 step 8200/13600: loss = 0.04241
  Ep03 step 8300/13600: loss = 0.05319
  Ep03 step 8400/13600: loss = 0.05172
  Ep03 step 8500/13600: loss = 0.04920
  Ep03 step 8600/13600: loss = 0.03818
  Ep03 step 8700/13600: loss = 0.05129
  Ep03 step 8800/13600: loss = 0.04182
  Ep03 step 8900/13600: loss = 0.04408
  Ep03 step 9000/13600: loss = 0.04207
  Ep03 step 9100/13600: loss = 0.04067
  Ep03 step 9200/13600: loss = 0.04084
  Ep03 step 9300/13600: loss = 0.04573
  Ep03 step 9400/13600: loss = 0.04832
  Ep03 step 9500/13600: loss = 0.04960
  Ep03 step 9600/13600: loss = 0.04489
  Ep03 step 9700/13600: loss = 0.04279
  Ep03 step 9800/13600: loss = 0.04668
  Ep03 step 9900/13600: loss = 0.05093
  Ep03 step 10000/13600: loss = 0.04656
  Ep03 step 10100/13600: loss = 0.04786
  Ep03 step 10200/13600: loss = 0.04928
  Ep03 step 10300/13600: loss = 0.04817
  Ep03 step 10400/13600: loss = 0.04647
  Ep03 step 10500/13600: loss = 0.04565
  Ep03 step 10600/13600: loss = 0.03957
  Ep03 step 10700/13600: loss = 0.05713
  Ep03 step 10800/13600: loss = 0.04558
  Ep03 step 10900/13600: loss = 0.04277
  Ep03 step 11000/13600: loss = 0.04506
  Ep03 step 11100/13600: loss = 0.04686
  Ep03 step 11200/13600: loss = 0.04433
  Ep03 step 11300/13600: loss = 0.04704
  Ep03 step 11400/13600: loss = 0.03877
  Ep03 step 11500/13600: loss = 0.03763
  Ep03 step 11600/13600: loss = 0.04786
  Ep03 step 11700/13600: loss = 0.04444
  Ep03 step 11800/13600: loss = 0.04678
  Ep03 step 11900/13600: loss = 0.05040
  Ep03 step 12000/13600: loss = 0.04931
  Ep03 step 12100/13600: loss = 0.04991
  Ep03 step 12200/13600: loss = 0.04785
  Ep03 step 12300/13600: loss = 0.05816
  Ep03 step 12400/13600: loss = 0.04544
  Ep03 step 12500/13600: loss = 0.04483
  Ep03 step 12600/13600: loss = 0.04927
  Ep03 step 12700/13600: loss = 0.05028
  Ep03 step 12800/13600: loss = 0.04361
  Ep03 step 12900/13600: loss = 0.03647
  Ep03 step 13000/13600: loss = 0.04647
  Ep03 step 13100/13600: loss = 0.04866
  Ep03 step 13200/13600: loss = 0.05103
  Ep03 step 13300/13600: loss = 0.04228
  Ep03 step 13400/13600: loss = 0.04816
  Ep03 step 13500/13600: loss = 0.05253
  Ep03 step 13600/13600: loss = 0.04325

Epoch 03/6 | train=0.04669 val=0.06647 | AUC=['0.999', '0.999', '0.996', '0.997'] PR=['0.993', '0.989', '0.979', '0.986'] | CASCADE-only AUC=['0.999', '0.998', '0.995', '0.996'] PR=['0.974', '0.973', '0.958', '0.975'] | mono_viol=0.00000 | 2659s

  [checkpoint] best.pt updated (epoch 3, val_loss=0.06647)
  Ep04 step  100/13600: loss = 0.04705
  Ep04 step  200/13600: loss = 0.04071
  Ep04 step  300/13600: loss = 0.04256
  Ep04 step  400/13600: loss = 0.04910
  Ep04 step  500/13600: loss = 0.04282
  Ep04 step  600/13600: loss = 0.04554
  Ep04 step  700/13600: loss = 0.04579
  Ep04 step  800/13600: loss = 0.05418
  Ep04 step  900/13600: loss = 0.04447
  Ep04 step 1000/13600: loss = 0.04901
  Ep04 step 1100/13600: loss = 0.04330
  Ep04 step 1200/13600: loss = 0.04432
  Ep04 step 1300/13600: loss = 0.04319
  Ep04 step 1400/13600: loss = 0.05437
  Ep04 step 1500/13600: loss = 0.04463
  Ep04 step 1600/13600: loss = 0.03519
  Ep04 step 1700/13600: loss = 0.04554
  Ep04 step 1800/13600: loss = 0.04418
  Ep04 step 1900/13600: loss = 0.04883
  Ep04 step 2000/13600: loss = 0.04769
  Ep04 step 2100/13600: loss = 0.05329
  Ep04 step 2200/13600: loss = 0.05297
  Ep04 step 2300/13600: loss = 0.04637
  Ep04 step 2400/13600: loss = 0.04093
  Ep04 step 2500/13600: loss = 0.04654
  Ep04 step 2600/13600: loss = 0.03865
  Ep04 step 2700/13600: loss = 0.05321
  Ep04 step 2800/13600: loss = 0.04072
  Ep04 step 2900/13600: loss = 0.04415
  Ep04 step 3000/13600: loss = 0.04354
  Ep04 step 3100/13600: loss = 0.05516
  Ep04 step 3200/13600: loss = 0.04897
  Ep04 step 3300/13600: loss = 0.03980
  Ep04 step 3400/13600: loss = 0.04226
  Ep04 step 3500/13600: loss = 0.04532
  Ep04 step 3600/13600: loss = 0.04691
  Ep04 step 3700/13600: loss = 0.04976
  Ep04 step 3800/13600: loss = 0.04655
  Ep04 step 3900/13600: loss = 0.04849
  Ep04 step 4000/13600: loss = 0.04741
  Ep04 step 4100/13600: loss = 0.04894
  Ep04 step 4200/13600: loss = 0.04481
  Ep04 step 4300/13600: loss = 0.04581
  Ep04 step 4400/13600: loss = 0.05184
  Ep04 step 4500/13600: loss = 0.04137
  Ep04 step 4600/13600: loss = 0.05148
  Ep04 step 4700/13600: loss = 0.04638
  Ep04 step 4800/13600: loss = 0.05120
  Ep04 step 4900/13600: loss = 0.04160
  Ep04 step 5000/13600: loss = 0.04185
  Ep04 step 5100/13600: loss = 0.04948
  Ep04 step 5200/13600: loss = 0.04550
  Ep04 step 5300/13600: loss = 0.04656
  Ep04 step 5400/13600: loss = 0.04908
  Ep04 step 5500/13600: loss = 0.04517
  Ep04 step 5600/13600: loss = 0.05386
  Ep04 step 5700/13600: loss = 0.05051
  Ep04 step 5800/13600: loss = 0.04509
  Ep04 step 5900/13600: loss = 0.04316
  Ep04 step 6000/13600: loss = 0.03426
  Ep04 step 6100/13600: loss = 0.04842
  Ep04 step 6200/13600: loss = 0.03576
  Ep04 step 6300/13600: loss = 0.03800
  Ep04 step 6400/13600: loss = 0.04254
  Ep04 step 6500/13600: loss = 0.04115
  Ep04 step 6600/13600: loss = 0.04031
  Ep04 step 6700/13600: loss = 0.04416
  Ep04 step 6800/13600: loss = 0.04798
  Ep04 step 6900/13600: loss = 0.04648
  Ep04 step 7000/13600: loss = 0.04177
  Ep04 step 7100/13600: loss = 0.04014
  Ep04 step 7200/13600: loss = 0.04195
  Ep04 step 7300/13600: loss = 0.05164
  Ep04 step 7400/13600: loss = 0.04771
  Ep04 step 7500/13600: loss = 0.04392
  Ep04 step 7600/13600: loss = 0.04328
  Ep04 step 7700/13600: loss = 0.04673
  Ep04 step 7800/13600: loss = 0.04366
  Ep04 step 7900/13600: loss = 0.05651
  Ep04 step 8000/13600: loss = 0.04742
  Ep04 step 8100/13600: loss = 0.04119
  Ep04 step 8200/13600: loss = 0.04069
  Ep04 step 8300/13600: loss = 0.04852
  Ep04 step 8400/13600: loss = 0.03880
  Ep04 step 8500/13600: loss = 0.04209
  Ep04 step 8600/13600: loss = 0.04293
  Ep04 step 8700/13600: loss = 0.04672
  Ep04 step 8800/13600: loss = 0.04382
  Ep04 step 8900/13600: loss = 0.04389
  Ep04 step 9000/13600: loss = 0.04485
  Ep04 step 9100/13600: loss = 0.04073
  Ep04 step 9200/13600: loss = 0.04085
  Ep04 step 9300/13600: loss = 0.04638
  Ep04 step 9400/13600: loss = 0.04117
  Ep04 step 9500/13600: loss = 0.04454
  Ep04 step 9600/13600: loss = 0.04924
  Ep04 step 9700/13600: loss = 0.05734
  Ep04 step 9800/13600: loss = 0.05705
  Ep04 step 9900/13600: loss = 0.04543
  Ep04 step 10000/13600: loss = 0.05068
  Ep04 step 10100/13600: loss = 0.04638
  Ep04 step 10200/13600: loss = 0.04030
  Ep04 step 10300/13600: loss = 0.04965
  Ep04 step 10400/13600: loss = 0.05506
  Ep04 step 10500/13600: loss = 0.04720
  Ep04 step 10600/13600: loss = 0.03937
  Ep04 step 10700/13600: loss = 0.05788
  Ep04 step 10800/13600: loss = 0.05187
  Ep04 step 10900/13600: loss = 0.04544
  Ep04 step 11000/13600: loss = 0.04591
  Ep04 step 11100/13600: loss = 0.04304
  Ep04 step 11200/13600: loss = 0.05264
  Ep04 step 11300/13600: loss = 0.05016
  Ep04 step 11400/13600: loss = 0.03724
  Ep04 step 11500/13600: loss = 0.04391
  Ep04 step 11600/13600: loss = 0.03497
  Ep04 step 11700/13600: loss = 0.04601
  Ep04 step 11800/13600: loss = 0.04729
  Ep04 step 11900/13600: loss = 0.04413
  Ep04 step 12000/13600: loss = 0.04565
  Ep04 step 12100/13600: loss = 0.05584
  Ep04 step 12200/13600: loss = 0.04397
  Ep04 step 12300/13600: loss = 0.04328
  Ep04 step 12400/13600: loss = 0.03415
  Ep04 step 12500/13600: loss = 0.04724
  Ep04 step 12600/13600: loss = 0.04479
  Ep04 step 12700/13600: loss = 0.04557
  Ep04 step 12800/13600: loss = 0.03611
  Ep04 step 12900/13600: loss = 0.05297
  Ep04 step 13000/13600: loss = 0.04504
  Ep04 step 13100/13600: loss = 0.04472
  Ep04 step 13200/13600: loss = 0.04708
  Ep04 step 13300/13600: loss = 0.05405
  Ep04 step 13400/13600: loss = 0.04748
  Ep04 step 13500/13600: loss = 0.04428
  Ep04 step 13600/13600: loss = 0.04886

Epoch 04/6 | train=0.04579 val=0.06814 | AUC=['0.999', '0.999', '0.996', '0.996'] PR=['0.993', '0.989', '0.979', '0.985'] | CASCADE-only AUC=['0.999', '0.998', '0.994', '0.995'] PR=['0.974', '0.971', '0.957', '0.973'] | mono_viol=0.00000 | 3323s

  Ep05 step  100/13600: loss = 0.04358
  Ep05 step  200/13600: loss = 0.03561
  Ep05 step  300/13600: loss = 0.04347
  Ep05 step  400/13600: loss = 0.04231
  Ep05 step  500/13600: loss = 0.03896
  Ep05 step  600/13600: loss = 0.04603
  Ep05 step  700/13600: loss = 0.05492
  Ep05 step  800/13600: loss = 0.04910
  Ep05 step  900/13600: loss = 0.04726
  Ep05 step 1000/13600: loss = 0.05026
  Ep05 step 1100/13600: loss = 0.05100
  Ep05 step 1200/13600: loss = 0.05168
  Ep05 step 1300/13600: loss = 0.04359
  Ep05 step 1400/13600: loss = 0.04481
  Ep05 step 1500/13600: loss = 0.04817
  Ep05 step 1600/13600: loss = 0.04895
  Ep05 step 1700/13600: loss = 0.04676
  Ep05 step 1800/13600: loss = 0.04657
  Ep05 step 1900/13600: loss = 0.05174
  Ep05 step 2000/13600: loss = 0.03886
  Ep05 step 2100/13600: loss = 0.04602
  Ep05 step 2200/13600: loss = 0.04115
  Ep05 step 2300/13600: loss = 0.04660
  Ep05 step 2400/13600: loss = 0.03709
  Ep05 step 2500/13600: loss = 0.04828
  Ep05 step 2600/13600: loss = 0.04121
  Ep05 step 2700/13600: loss = 0.04645
  Ep05 step 2800/13600: loss = 0.04685
  Ep05 step 2900/13600: loss = 0.04660
  Ep05 step 3000/13600: loss = 0.04598
  Ep05 step 3100/13600: loss = 0.04862
  Ep05 step 3200/13600: loss = 0.04348
  Ep05 step 3300/13600: loss = 0.05405
  Ep05 step 3400/13600: loss = 0.04465
  Ep05 step 3500/13600: loss = 0.04296
  Ep05 step 3600/13600: loss = 0.04339
  Ep05 step 3700/13600: loss = 0.05118
  Ep05 step 3800/13600: loss = 0.04473
  Ep05 step 3900/13600: loss = 0.04053
  Ep05 step 4000/13600: loss = 0.04336
  Ep05 step 4100/13600: loss = 0.04849
  Ep05 step 4200/13600: loss = 0.05278
  Ep05 step 4300/13600: loss = 0.03756
  Ep05 step 4400/13600: loss = 0.04584
  Ep05 step 4500/13600: loss = 0.04572
  Ep05 step 4600/13600: loss = 0.03733
  Ep05 step 4700/13600: loss = 0.04339
  Ep05 step 4800/13600: loss = 0.04184
  Ep05 step 4900/13600: loss = 0.05045
  Ep05 step 5000/13600: loss = 0.04866
  Ep05 step 5100/13600: loss = 0.05160
  Ep05 step 5200/13600: loss = 0.04422
  Ep05 step 5300/13600: loss = 0.04544
  Ep05 step 5400/13600: loss = 0.04594
  Ep05 step 5500/13600: loss = 0.04002
  Ep05 step 5600/13600: loss = 0.04744
  Ep05 step 5700/13600: loss = 0.04627
  Ep05 step 5800/13600: loss = 0.04002
  Ep05 step 5900/13600: loss = 0.04720
  Ep05 step 6000/13600: loss = 0.04325
  Ep05 step 6100/13600: loss = 0.04711
  Ep05 step 6200/13600: loss = 0.04602
  Ep05 step 6300/13600: loss = 0.04571
  Ep05 step 6400/13600: loss = 0.04711
  Ep05 step 6500/13600: loss = 0.04137
  Ep05 step 6600/13600: loss = 0.04516
  Ep05 step 6700/13600: loss = 0.04042
  Ep05 step 6800/13600: loss = 0.03735
  Ep05 step 6900/13600: loss = 0.05535
  Ep05 step 7000/13600: loss = 0.04149
  Ep05 step 7100/13600: loss = 0.04694
  Ep05 step 7200/13600: loss = 0.04453
  Ep05 step 7300/13600: loss = 0.04642
  Ep05 step 7400/13600: loss = 0.04739
  Ep05 step 7500/13600: loss = 0.04290
  Ep05 step 7600/13600: loss = 0.04150
  Ep05 step 7700/13600: loss = 0.04289
  Ep05 step 7800/13600: loss = 0.04646
  Ep05 step 7900/13600: loss = 0.04825
  Ep05 step 8000/13600: loss = 0.04719
  Ep05 step 8100/13600: loss = 0.04590
  Ep05 step 8200/13600: loss = 0.03928
  Ep05 step 8300/13600: loss = 0.04805
  Ep05 step 8400/13600: loss = 0.03966
  Ep05 step 8500/13600: loss = 0.04559
  Ep05 step 8600/13600: loss = 0.04217
  Ep05 step 8700/13600: loss = 0.05071
  Ep05 step 8800/13600: loss = 0.04275
  Ep05 step 8900/13600: loss = 0.04443
  Ep05 step 9000/13600: loss = 0.05129
  Ep05 step 9100/13600: loss = 0.05204
  Ep05 step 9200/13600: loss = 0.04317
  Ep05 step 9300/13600: loss = 0.04189
  Ep05 step 9400/13600: loss = 0.04872
  Ep05 step 9500/13600: loss = 0.05161
  Ep05 step 9600/13600: loss = 0.05023
  Ep05 step 9700/13600: loss = 0.04235
  Ep05 step 9800/13600: loss = 0.04758
  Ep05 step 9900/13600: loss = 0.04103
  Ep05 step 10000/13600: loss = 0.04757
  Ep05 step 10100/13600: loss = 0.04083
  Ep05 step 10200/13600: loss = 0.04282
  Ep05 step 10300/13600: loss = 0.04691
  Ep05 step 10400/13600: loss = 0.05044
  Ep05 step 10500/13600: loss = 0.03514
  Ep05 step 10600/13600: loss = 0.04093
  Ep05 step 10700/13600: loss = 0.05273
  Ep05 step 10800/13600: loss = 0.04735
  Ep05 step 10900/13600: loss = 0.04749
  Ep05 step 11000/13600: loss = 0.04576
  Ep05 step 11100/13600: loss = 0.05028
  Ep05 step 11200/13600: loss = 0.04459
  Ep05 step 11300/13600: loss = 0.04905
  Ep05 step 11400/13600: loss = 0.04916
  Ep05 step 11500/13600: loss = 0.05007
  Ep05 step 11600/13600: loss = 0.04845
  Ep05 step 11700/13600: loss = 0.04068
  Ep05 step 11800/13600: loss = 0.04579
  Ep05 step 11900/13600: loss = 0.05588
  Ep05 step 12000/13600: loss = 0.04059
  Ep05 step 12100/13600: loss = 0.03663
  Ep05 step 12200/13600: loss = 0.04991
  Ep05 step 12300/13600: loss = 0.03973
  Ep05 step 12400/13600: loss = 0.04136
  Ep05 step 12500/13600: loss = 0.04666
  Ep05 step 12600/13600: loss = 0.04585
  Ep05 step 12700/13600: loss = 0.04867
  Ep05 step 12800/13600: loss = 0.04975
  Ep05 step 12900/13600: loss = 0.05173
  Ep05 step 13000/13600: loss = 0.04543
  Ep05 step 13100/13600: loss = 0.04334
  Ep05 step 13200/13600: loss = 0.05148
  Ep05 step 13300/13600: loss = 0.04745
  Ep05 step 13400/13600: loss = 0.04581
  Ep05 step 13500/13600: loss = 0.04410
  Ep05 step 13600/13600: loss = 0.04133

Epoch 05/6 | train=0.04560 val=0.06525 | AUC=['0.999', '0.999', '0.996', '0.997'] PR=['0.993', '0.990', '0.981', '0.987'] | CASCADE-only AUC=['0.999', '0.998', '0.995', '0.996'] PR=['0.975', '0.972', '0.961', '0.975'] | mono_viol=0.00000 | 3988s

  [checkpoint] best.pt updated (epoch 5, val_loss=0.06525)
[held-out geoclaw_2050] test_loss=0.09383 mono_viol=0.00000 (1000 runs)
  ALL-nodes     AUC=[0.998199844956398, 0.9984726732969285, 0.9942700441479683, 0.9974576474428177]  PR=[0.9866929984817941, 0.9946365015630507, 0.9848520524802837, 0.9951177872299044]
  CASCADE-only  AUC=[0.9967995789051056, 0.9980000569820404, 0.992881177008152, 0.9970520718693733]  PR=[0.9596987491976925, 0.9910660185754854, 0.9772675428685509, 0.9933850372180668]
[held-out syn_ts_914_6_1p2955] test_loss=0.03306 mono_viol=0.00000 (1000 runs)
  ALL-nodes     AUC=[0.99991849309206, 0.9996937955617905, 0.999396962761879, 0.9991095135807991]  PR=[0.9977176118830638, 0.9933313135648753, 0.9886043120008808, 0.9894099881442051]
  CASCADE-only  AUC=[0.9998367230892181, 0.9994743984341622, 0.9990711333751678, 0.9987188239693642]  PR=[0.990903754043203, 0.9808154152877476, 0.9728604831802546, 0.9779121721908683]
[held-out syn_ts_258_9_3p0022] test_loss=0.08173 mono_viol=0.00000 (1000 runs)
  ALL-nodes     AUC=[0.9988283523917199, 0.9987948766350746, 0.9950390378832817, 0.9973685621619225]  PR=[0.9920384473176702, 0.9959030622237858, 0.9867322031168492, 0.9948073226483909]
  CASCADE-only  AUC=[0.9977602311372757, 0.9983302963376045, 0.9934791806340217, 0.9968085870742798]  PR=[0.9719902452345274, 0.9924019651712471, 0.9779314677537827, 0.9923187422791029]
[held-out syn_ts_605_5_3p7563] test_loss=0.13684 mono_viol=0.00000 (1000 runs)
  ALL-nodes     AUC=[0.991962427020073, 0.9950938490629196, 0.9915919852256775, 0.996276539683342]  PR=[0.9804995247387613, 0.9908436213316018, 0.9865539490958553, 0.9956135597357072]
  CASCADE-only  AUC=[0.9849632545113564, 0.9926201773285865, 0.9884151670932769, 0.9952312296628952]  PR=[0.9395601106088378, 0.9810682691975576, 0.9750534386413103, 0.9927781941798047]
[held-out syn_ts_808_27_3p7885] test_loss=0.08294 mono_viol=0.00000 (1000 runs)
  ALL-nodes     AUC=[0.9978911432027817, 0.9981565847992897, 0.9948325760364533, 0.9977031095027924]  PR=[0.9895480491417544, 0.9950383851748473, 0.9886202355098701, 0.9961335792320237]
  CASCADE-only  AUC=[0.9959865766763687, 0.9973801085948945, 0.993116053879261, 0.9971546187996865]  PR=[0.9638821914488145, 0.9903758129405636, 0.9803482395551092, 0.994029201755638]
