task=31 arm=mix57_same variant=ctx cell=dynamic_timing torch_seed=1 set=w29_all head=hazard labels=/scratch/tj2587/results/dynamic_v1/arrival_h360 labels2=/scratch/tj2587/results/gissr48_v1/arrival_h360 timing=1 context=1 ckpt=/scratch/tj2587/results/gnn_morestorms_v1/mix57_same_ctx_dynamic_timing_s1 smoke=0 commit=967d122 uncommitted_files=0
[gate] CUDA OK: NVIDIA L40S
[gate] heterodata data/graph/nyc_infra_heterodata_v1_frozen_failover_edges.pt: total=6231 -> OK
[gate] set w29_all: 70 storms, 57 for training, 13 held out; in both folders []; missing [] -> OK
[gate] timing table data/flood/timing/node_timing_jesse22_plus_gissr48_v1.csv: storms without rows [] -> OK
[gate] variant ctx: storm context on, timing inputs on -> OK
[gate] head switch present: ('independent', 'hazard')
=== TRAIN MODE — full training ===
torch seed set: 1
Train: 45600  Val: 11400  (57 scenarios) | Test held-out: ['geoclaw_2050', 'syn_ts_914_6_1p2955', 'syn_ts_258_9_3p0022', 'syn_ts_605_5_3p7563', 'syn_ts_808_27_3p7885', 'syn2_t449w6_wl2p103', 'syn2_t580w24_wl2p439', 'syn2_t934c34_wl2p777', 'syn2_t270w17_wl3p116', 'syn2_t33w13_wl3p458', 'syn2_t857w1_wl3p800', 'syn2_t116w1_wl4p130', 'syn2_t198w16_wl4p722'] (13000 runs)
Subsampled train to 13600
Subsampled val to 3400
Model parameters: 700,952  head=hazard
Device: cuda
[timing-features] loaded 71 scenarios from data/flood/timing/node_timing_jesse22_plus_gissr48_v1.csv (features ('arrival_h', 'duration_h', 'time_to_peak_h'), scaled by 96 h)
  Ep00 step  100/13600: loss = 0.52409
  Ep00 step  200/13600: loss = 0.24883
  Ep00 step  300/13600: loss = 0.20271
  Ep00 step  400/13600: loss = 0.18184
  Ep00 step  500/13600: loss = 0.18294
  Ep00 step  600/13600: loss = 0.15719
  Ep00 step  700/13600: loss = 0.16468
  Ep00 step  800/13600: loss = 0.15115
  Ep00 step  900/13600: loss = 0.14638
  Ep00 step 1000/13600: loss = 0.16000
  Ep00 step 1100/13600: loss = 0.15535
  Ep00 step 1200/13600: loss = 0.15380
  Ep00 step 1300/13600: loss = 0.14720
  Ep00 step 1400/13600: loss = 0.14156
  Ep00 step 1500/13600: loss = 0.15084
  Ep00 step 1600/13600: loss = 0.13914
  Ep00 step 1700/13600: loss = 0.13501
  Ep00 step 1800/13600: loss = 0.14291
  Ep00 step 1900/13600: loss = 0.12363
  Ep00 step 2000/13600: loss = 0.14287
  Ep00 step 2100/13600: loss = 0.13426
  Ep00 step 2200/13600: loss = 0.13761
  Ep00 step 2300/13600: loss = 0.13804
  Ep00 step 2400/13600: loss = 0.12513
  Ep00 step 2500/13600: loss = 0.13921
  Ep00 step 2600/13600: loss = 0.13177
  Ep00 step 2700/13600: loss = 0.12386
  Ep00 step 2800/13600: loss = 0.12463
  Ep00 step 2900/13600: loss = 0.12467
  Ep00 step 3000/13600: loss = 0.13126
  Ep00 step 3100/13600: loss = 0.12196
  Ep00 step 3200/13600: loss = 0.13002
  Ep00 step 3300/13600: loss = 0.13474
  Ep00 step 3400/13600: loss = 0.12703
  Ep00 step 3500/13600: loss = 0.12705
  Ep00 step 3600/13600: loss = 0.11883
  Ep00 step 3700/13600: loss = 0.11034
  Ep00 step 3800/13600: loss = 0.11598
  Ep00 step 3900/13600: loss = 0.12685
  Ep00 step 4000/13600: loss = 0.11735
  Ep00 step 4100/13600: loss = 0.11805
  Ep00 step 4200/13600: loss = 0.10783
  Ep00 step 4300/13600: loss = 0.11478
  Ep00 step 4400/13600: loss = 0.11765
  Ep00 step 4500/13600: loss = 0.11358
  Ep00 step 4600/13600: loss = 0.10526
  Ep00 step 4700/13600: loss = 0.12329
  Ep00 step 4800/13600: loss = 0.10887
  Ep00 step 4900/13600: loss = 0.11477
  Ep00 step 5000/13600: loss = 0.12408
  Ep00 step 5100/13600: loss = 0.12018
  Ep00 step 5200/13600: loss = 0.12097
  Ep00 step 5300/13600: loss = 0.10840
  Ep00 step 5400/13600: loss = 0.11320
  Ep00 step 5500/13600: loss = 0.12655
  Ep00 step 5600/13600: loss = 0.12105
  Ep00 step 5700/13600: loss = 0.12086
  Ep00 step 5800/13600: loss = 0.11946
  Ep00 step 5900/13600: loss = 0.11989
  Ep00 step 6000/13600: loss = 0.11317
  Ep00 step 6100/13600: loss = 0.11582
  Ep00 step 6200/13600: loss = 0.10951
  Ep00 step 6300/13600: loss = 0.11120
  Ep00 step 6400/13600: loss = 0.10664
  Ep00 step 6500/13600: loss = 0.11522
  Ep00 step 6600/13600: loss = 0.11288
  Ep00 step 6700/13600: loss = 0.11007
  Ep00 step 6800/13600: loss = 0.10127
  Ep00 step 6900/13600: loss = 0.12248
  Ep00 step 7000/13600: loss = 0.11642
  Ep00 step 7100/13600: loss = 0.11447
  Ep00 step 7200/13600: loss = 0.11912
  Ep00 step 7300/13600: loss = 0.12495
  Ep00 step 7400/13600: loss = 0.11072
  Ep00 step 7500/13600: loss = 0.10949
  Ep00 step 7600/13600: loss = 0.11160
  Ep00 step 7700/13600: loss = 0.10496
  Ep00 step 7800/13600: loss = 0.11629
  Ep00 step 7900/13600: loss = 0.11042
  Ep00 step 8000/13600: loss = 0.10321
  Ep00 step 8100/13600: loss = 0.10723
  Ep00 step 8200/13600: loss = 0.10495
  Ep00 step 8300/13600: loss = 0.10409
  Ep00 step 8400/13600: loss = 0.11311
  Ep00 step 8500/13600: loss = 0.11224
  Ep00 step 8600/13600: loss = 0.12134
  Ep00 step 8700/13600: loss = 0.10629
  Ep00 step 8800/13600: loss = 0.10156
  Ep00 step 8900/13600: loss = 0.10221
  Ep00 step 9000/13600: loss = 0.10361
  Ep00 step 9100/13600: loss = 0.12314
  Ep00 step 9200/13600: loss = 0.11358
  Ep00 step 9300/13600: loss = 0.11054
  Ep00 step 9400/13600: loss = 0.09549
  Ep00 step 9500/13600: loss = 0.09486
  Ep00 step 9600/13600: loss = 0.10088
  Ep00 step 9700/13600: loss = 0.11014
  Ep00 step 9800/13600: loss = 0.10636
  Ep00 step 9900/13600: loss = 0.10767
  Ep00 step 10000/13600: loss = 0.11330
  Ep00 step 10100/13600: loss = 0.11734
  Ep00 step 10200/13600: loss = 0.10473
  Ep00 step 10300/13600: loss = 0.10490
  Ep00 step 10400/13600: loss = 0.11325
  Ep00 step 10500/13600: loss = 0.10045
  Ep00 step 10600/13600: loss = 0.11205
  Ep00 step 10700/13600: loss = 0.09875
  Ep00 step 10800/13600: loss = 0.11063
  Ep00 step 10900/13600: loss = 0.10317
  Ep00 step 11000/13600: loss = 0.08679
  Ep00 step 11100/13600: loss = 0.10934
  Ep00 step 11200/13600: loss = 0.10651
  Ep00 step 11300/13600: loss = 0.10640
  Ep00 step 11400/13600: loss = 0.10251
  Ep00 step 11500/13600: loss = 0.11305
  Ep00 step 11600/13600: loss = 0.10340
  Ep00 step 11700/13600: loss = 0.10084
  Ep00 step 11800/13600: loss = 0.10680
  Ep00 step 11900/13600: loss = 0.10461
  Ep00 step 12000/13600: loss = 0.10173
  Ep00 step 12100/13600: loss = 0.10765
  Ep00 step 12200/13600: loss = 0.10170
  Ep00 step 12300/13600: loss = 0.10528
  Ep00 step 12400/13600: loss = 0.11257
  Ep00 step 12500/13600: loss = 0.10439
  Ep00 step 12600/13600: loss = 0.10466
  Ep00 step 12700/13600: loss = 0.10646
  Ep00 step 12800/13600: loss = 0.10378
  Ep00 step 12900/13600: loss = 0.11661
  Ep00 step 13000/13600: loss = 0.10698
  Ep00 step 13100/13600: loss = 0.11393
  Ep00 step 13200/13600: loss = 0.11807
  Ep00 step 13300/13600: loss = 0.10872
  Ep00 step 13400/13600: loss = 0.09838
  Ep00 step 13500/13600: loss = 0.10856
  Ep00 step 13600/13600: loss = 0.09565

Epoch 00/6 | train=0.12239 val=0.12215 | AUC=['0.996', '0.994', '0.991', '0.994'] PR=['0.975', '0.976', '0.970', '0.981'] | CASCADE-only AUC=['0.994', '0.992', '0.989', '0.992'] PR=['0.945', '0.955', '0.949', '0.967'] | mono_viol=0.00000 | 863s

  [checkpoint] best.pt updated (epoch 0, val_loss=0.12215)
  Ep01 step  100/13600: loss = 0.08907
  Ep01 step  200/13600: loss = 0.10076
  Ep01 step  300/13600: loss = 0.10720
  Ep01 step  400/13600: loss = 0.09810
  Ep01 step  500/13600: loss = 0.10613
  Ep01 step  600/13600: loss = 0.11857
  Ep01 step  700/13600: loss = 0.10070
  Ep01 step  800/13600: loss = 0.11282
  Ep01 step  900/13600: loss = 0.10595
  Ep01 step 1000/13600: loss = 0.09545
  Ep01 step 1100/13600: loss = 0.10591
  Ep01 step 1200/13600: loss = 0.10426
  Ep01 step 1300/13600: loss = 0.09271
  Ep01 step 1400/13600: loss = 0.10041
  Ep01 step 1500/13600: loss = 0.10104
  Ep01 step 1600/13600: loss = 0.10469
  Ep01 step 1700/13600: loss = 0.11002
  Ep01 step 1800/13600: loss = 0.09474
  Ep01 step 1900/13600: loss = 0.09352
  Ep01 step 2000/13600: loss = 0.10023
  Ep01 step 2100/13600: loss = 0.09726
  Ep01 step 2200/13600: loss = 0.10035
  Ep01 step 2300/13600: loss = 0.10324
  Ep01 step 2400/13600: loss = 0.09859
  Ep01 step 2500/13600: loss = 0.09615
  Ep01 step 2600/13600: loss = 0.10619
  Ep01 step 2700/13600: loss = 0.09997
  Ep01 step 2800/13600: loss = 0.10611
  Ep01 step 2900/13600: loss = 0.11298
  Ep01 step 3000/13600: loss = 0.09753
  Ep01 step 3100/13600: loss = 0.09488
  Ep01 step 3200/13600: loss = 0.10407
  Ep01 step 3300/13600: loss = 0.10791
  Ep01 step 3400/13600: loss = 0.10198
  Ep01 step 3500/13600: loss = 0.09619
  Ep01 step 3600/13600: loss = 0.09141
  Ep01 step 3700/13600: loss = 0.09195
  Ep01 step 3800/13600: loss = 0.10706
  Ep01 step 3900/13600: loss = 0.10286
  Ep01 step 4000/13600: loss = 0.10207
  Ep01 step 4100/13600: loss = 0.10762
  Ep01 step 4200/13600: loss = 0.09475
  Ep01 step 4300/13600: loss = 0.11100
  Ep01 step 4400/13600: loss = 0.09696
  Ep01 step 4500/13600: loss = 0.10055
  Ep01 step 4600/13600: loss = 0.10468
  Ep01 step 4700/13600: loss = 0.10569
  Ep01 step 4800/13600: loss = 0.10468
  Ep01 step 4900/13600: loss = 0.10114
  Ep01 step 5000/13600: loss = 0.09243
  Ep01 step 5100/13600: loss = 0.10381
  Ep01 step 5200/13600: loss = 0.10062
  Ep01 step 5300/13600: loss = 0.09594
  Ep01 step 5400/13600: loss = 0.09533
  Ep01 step 5500/13600: loss = 0.09900
  Ep01 step 5600/13600: loss = 0.10575
  Ep01 step 5700/13600: loss = 0.09798
  Ep01 step 5800/13600: loss = 0.08876
  Ep01 step 5900/13600: loss = 0.09590
  Ep01 step 6000/13600: loss = 0.09829
  Ep01 step 6100/13600: loss = 0.09710
  Ep01 step 6200/13600: loss = 0.10053
  Ep01 step 6300/13600: loss = 0.10203
  Ep01 step 6400/13600: loss = 0.10816
  Ep01 step 6500/13600: loss = 0.09935
  Ep01 step 6600/13600: loss = 0.10655
  Ep01 step 6700/13600: loss = 0.09979
  Ep01 step 6800/13600: loss = 0.09751
  Ep01 step 6900/13600: loss = 0.09177
  Ep01 step 7000/13600: loss = 0.09813
  Ep01 step 7100/13600: loss = 0.09371
  Ep01 step 7200/13600: loss = 0.10369
  Ep01 step 7300/13600: loss = 0.09980
  Ep01 step 7400/13600: loss = 0.10206
  Ep01 step 7500/13600: loss = 0.09566
  Ep01 step 7600/13600: loss = 0.10047
  Ep01 step 7700/13600: loss = 0.10452
  Ep01 step 7800/13600: loss = 0.09779
  Ep01 step 7900/13600: loss = 0.08875
  Ep01 step 8000/13600: loss = 0.10929
  Ep01 step 8100/13600: loss = 0.10367
  Ep01 step 8200/13600: loss = 0.10082
  Ep01 step 8300/13600: loss = 0.09085
  Ep01 step 8400/13600: loss = 0.09871
  Ep01 step 8500/13600: loss = 0.09055
  Ep01 step 8600/13600: loss = 0.10484
  Ep01 step 8700/13600: loss = 0.09821
  Ep01 step 8800/13600: loss = 0.09283
  Ep01 step 8900/13600: loss = 0.10613
  Ep01 step 9000/13600: loss = 0.08961
  Ep01 step 9100/13600: loss = 0.09339
  Ep01 step 9200/13600: loss = 0.09529
  Ep01 step 9300/13600: loss = 0.10589
  Ep01 step 9400/13600: loss = 0.09890
  Ep01 step 9500/13600: loss = 0.09324
  Ep01 step 9600/13600: loss = 0.10733
  Ep01 step 9700/13600: loss = 0.08948
  Ep01 step 9800/13600: loss = 0.09553
  Ep01 step 9900/13600: loss = 0.09939
  Ep01 step 10000/13600: loss = 0.09683
  Ep01 step 10100/13600: loss = 0.10807
  Ep01 step 10200/13600: loss = 0.08725
  Ep01 step 10300/13600: loss = 0.09994
  Ep01 step 10400/13600: loss = 0.09220
  Ep01 step 10500/13600: loss = 0.10704
  Ep01 step 10600/13600: loss = 0.08592
  Ep01 step 10700/13600: loss = 0.09987
  Ep01 step 10800/13600: loss = 0.09773
  Ep01 step 10900/13600: loss = 0.09918
  Ep01 step 11000/13600: loss = 0.10040
  Ep01 step 11100/13600: loss = 0.10365
  Ep01 step 11200/13600: loss = 0.09410
  Ep01 step 11300/13600: loss = 0.09403
  Ep01 step 11400/13600: loss = 0.09248
  Ep01 step 11500/13600: loss = 0.10267
  Ep01 step 11600/13600: loss = 0.09983
  Ep01 step 11700/13600: loss = 0.10576
  Ep01 step 11800/13600: loss = 0.10377
  Ep01 step 11900/13600: loss = 0.09918
  Ep01 step 12000/13600: loss = 0.09556
  Ep01 step 12100/13600: loss = 0.10205
  Ep01 step 12200/13600: loss = 0.10286
  Ep01 step 12300/13600: loss = 0.09432
  Ep01 step 12400/13600: loss = 0.09491
  Ep01 step 12500/13600: loss = 0.10051
  Ep01 step 12600/13600: loss = 0.09071
  Ep01 step 12700/13600: loss = 0.09561
  Ep01 step 12800/13600: loss = 0.08700
  Ep01 step 12900/13600: loss = 0.08730
  Ep01 step 13000/13600: loss = 0.09675
  Ep01 step 13100/13600: loss = 0.09580
  Ep01 step 13200/13600: loss = 0.09822
  Ep01 step 13300/13600: loss = 0.10127
  Ep01 step 13400/13600: loss = 0.08842
  Ep01 step 13500/13600: loss = 0.08889
  Ep01 step 13600/13600: loss = 0.10189

Epoch 01/6 | train=0.09930 val=0.12124 | AUC=['0.995', '0.992', '0.990', '0.993'] PR=['0.974', '0.971', '0.966', '0.981'] | CASCADE-only AUC=['0.993', '0.990', '0.987', '0.992'] PR=['0.943', '0.946', '0.942', '0.968'] | mono_viol=0.00000 | 1721s

  [checkpoint] best.pt updated (epoch 1, val_loss=0.12124)
  Ep02 step  100/13600: loss = 0.10357
  Ep02 step  200/13600: loss = 0.10077
  Ep02 step  300/13600: loss = 0.09422
  Ep02 step  400/13600: loss = 0.09810
  Ep02 step  500/13600: loss = 0.09169
  Ep02 step  600/13600: loss = 0.10222
  Ep02 step  700/13600: loss = 0.09574
  Ep02 step  800/13600: loss = 0.09543
  Ep02 step  900/13600: loss = 0.09075
  Ep02 step 1000/13600: loss = 0.10099
  Ep02 step 1100/13600: loss = 0.09188
  Ep02 step 1200/13600: loss = 0.09047
  Ep02 step 1300/13600: loss = 0.09666
  Ep02 step 1400/13600: loss = 0.10333
  Ep02 step 1500/13600: loss = 0.09341
  Ep02 step 1600/13600: loss = 0.10048
  Ep02 step 1700/13600: loss = 0.09398
  Ep02 step 1800/13600: loss = 0.09915
  Ep02 step 1900/13600: loss = 0.08822
  Ep02 step 2000/13600: loss = 0.08978
  Ep02 step 2100/13600: loss = 0.09428
  Ep02 step 2200/13600: loss = 0.09214
  Ep02 step 2300/13600: loss = 0.09056
  Ep02 step 2400/13600: loss = 0.08769
  Ep02 step 2500/13600: loss = 0.10103
  Ep02 step 2600/13600: loss = 0.09448
  Ep02 step 2700/13600: loss = 0.09440
  Ep02 step 2800/13600: loss = 0.11262
  Ep02 step 2900/13600: loss = 0.09988
  Ep02 step 3000/13600: loss = 0.08993
  Ep02 step 3100/13600: loss = 0.08064
  Ep02 step 3200/13600: loss = 0.09739
  Ep02 step 3300/13600: loss = 0.09266
  Ep02 step 3400/13600: loss = 0.09424
  Ep02 step 3500/13600: loss = 0.09290
  Ep02 step 3600/13600: loss = 0.10773
  Ep02 step 3700/13600: loss = 0.09725
  Ep02 step 3800/13600: loss = 0.10005
  Ep02 step 3900/13600: loss = 0.09707
  Ep02 step 4000/13600: loss = 0.09907
  Ep02 step 4100/13600: loss = 0.09060
  Ep02 step 4200/13600: loss = 0.09422
  Ep02 step 4300/13600: loss = 0.08974
  Ep02 step 4400/13600: loss = 0.08502
  Ep02 step 4500/13600: loss = 0.09862
  Ep02 step 4600/13600: loss = 0.10449
  Ep02 step 4700/13600: loss = 0.09756
  Ep02 step 4800/13600: loss = 0.09240
  Ep02 step 4900/13600: loss = 0.09379
  Ep02 step 5000/13600: loss = 0.09388
  Ep02 step 5100/13600: loss = 0.09356
  Ep02 step 5200/13600: loss = 0.09354
  Ep02 step 5300/13600: loss = 0.09265
  Ep02 step 5400/13600: loss = 0.10929
  Ep02 step 5500/13600: loss = 0.10313
  Ep02 step 5600/13600: loss = 0.10028
  Ep02 step 5700/13600: loss = 0.09240
  Ep02 step 5800/13600: loss = 0.09298
  Ep02 step 5900/13600: loss = 0.10135
  Ep02 step 6000/13600: loss = 0.10202
  Ep02 step 6100/13600: loss = 0.09117
  Ep02 step 6200/13600: loss = 0.08972
  Ep02 step 6300/13600: loss = 0.08780
  Ep02 step 6400/13600: loss = 0.09721
  Ep02 step 6500/13600: loss = 0.10405
  Ep02 step 6600/13600: loss = 0.09746
  Ep02 step 6700/13600: loss = 0.09389
  Ep02 step 6800/13600: loss = 0.08487
  Ep02 step 6900/13600: loss = 0.09907
  Ep02 step 7000/13600: loss = 0.09197
  Ep02 step 7100/13600: loss = 0.09089
  Ep02 step 7200/13600: loss = 0.08666
  Ep02 step 7300/13600: loss = 0.09848
  Ep02 step 7400/13600: loss = 0.09160
  Ep02 step 7500/13600: loss = 0.08233
  Ep02 step 7600/13600: loss = 0.09094
  Ep02 step 7700/13600: loss = 0.11393
  Ep02 step 7800/13600: loss = 0.09858
  Ep02 step 7900/13600: loss = 0.09675
  Ep02 step 8000/13600: loss = 0.09488
  Ep02 step 8100/13600: loss = 0.09173
  Ep02 step 8200/13600: loss = 0.10062
  Ep02 step 8300/13600: loss = 0.09751
  Ep02 step 8400/13600: loss = 0.09142
  Ep02 step 8500/13600: loss = 0.08927
  Ep02 step 8600/13600: loss = 0.10083
  Ep02 step 8700/13600: loss = 0.08742
  Ep02 step 8800/13600: loss = 0.09719
  Ep02 step 8900/13600: loss = 0.09876
  Ep02 step 9000/13600: loss = 0.08726
  Ep02 step 9100/13600: loss = 0.09231
  Ep02 step 9200/13600: loss = 0.09002
  Ep02 step 9300/13600: loss = 0.09585
  Ep02 step 9400/13600: loss = 0.09926
  Ep02 step 9500/13600: loss = 0.09069
  Ep02 step 9600/13600: loss = 0.10285
  Ep02 step 9700/13600: loss = 0.10446
  Ep02 step 9800/13600: loss = 0.10071
  Ep02 step 9900/13600: loss = 0.09427
  Ep02 step 10000/13600: loss = 0.09276
  Ep02 step 10100/13600: loss = 0.09264
  Ep02 step 10200/13600: loss = 0.09469
  Ep02 step 10300/13600: loss = 0.09351
  Ep02 step 10400/13600: loss = 0.09404
  Ep02 step 10500/13600: loss = 0.08861
  Ep02 step 10600/13600: loss = 0.08683
  Ep02 step 10700/13600: loss = 0.09176
  Ep02 step 10800/13600: loss = 0.09699
  Ep02 step 10900/13600: loss = 0.09314
  Ep02 step 11000/13600: loss = 0.08641
  Ep02 step 11100/13600: loss = 0.09368
  Ep02 step 11200/13600: loss = 0.08897
  Ep02 step 11300/13600: loss = 0.08965
  Ep02 step 11400/13600: loss = 0.09965
  Ep02 step 11500/13600: loss = 0.10317
  Ep02 step 11600/13600: loss = 0.09287
  Ep02 step 11700/13600: loss = 0.09895
  Ep02 step 11800/13600: loss = 0.09833
  Ep02 step 11900/13600: loss = 0.09789
  Ep02 step 12000/13600: loss = 0.09886
  Ep02 step 12100/13600: loss = 0.09631
  Ep02 step 12200/13600: loss = 0.09570
  Ep02 step 12300/13600: loss = 0.09260
  Ep02 step 12400/13600: loss = 0.08353
  Ep02 step 12500/13600: loss = 0.10027
  Ep02 step 12600/13600: loss = 0.09564
  Ep02 step 12700/13600: loss = 0.08483
  Ep02 step 12800/13600: loss = 0.08093
  Ep02 step 12900/13600: loss = 0.09403
  Ep02 step 13000/13600: loss = 0.09617
  Ep02 step 13100/13600: loss = 0.09494
  Ep02 step 13200/13600: loss = 0.09729
  Ep02 step 13300/13600: loss = 0.09409
  Ep02 step 13400/13600: loss = 0.09905
  Ep02 step 13500/13600: loss = 0.09202
  Ep02 step 13600/13600: loss = 0.08879

Epoch 02/6 | train=0.09495 val=0.12009 | AUC=['0.996', '0.994', '0.991', '0.994'] PR=['0.979', '0.978', '0.972', '0.984'] | CASCADE-only AUC=['0.995', '0.992', '0.989', '0.993'] PR=['0.954', '0.959', '0.952', '0.973'] | mono_viol=0.00000 | 2584s

  [checkpoint] best.pt updated (epoch 2, val_loss=0.12009)
  Ep03 step  100/13600: loss = 0.09730
  Ep03 step  200/13600: loss = 0.09848
  Ep03 step  300/13600: loss = 0.08321
  Ep03 step  400/13600: loss = 0.08911
  Ep03 step  500/13600: loss = 0.09447
  Ep03 step  600/13600: loss = 0.08703
  Ep03 step  700/13600: loss = 0.08683
  Ep03 step  800/13600: loss = 0.10030
  Ep03 step  900/13600: loss = 0.09254
  Ep03 step 1000/13600: loss = 0.10254
  Ep03 step 1100/13600: loss = 0.09225
  Ep03 step 1200/13600: loss = 0.08382
  Ep03 step 1300/13600: loss = 0.10481
  Ep03 step 1400/13600: loss = 0.09785
  Ep03 step 1500/13600: loss = 0.09950
  Ep03 step 1600/13600: loss = 0.08657
  Ep03 step 1700/13600: loss = 0.09545
  Ep03 step 1800/13600: loss = 0.09279
  Ep03 step 1900/13600: loss = 0.09285
  Ep03 step 2000/13600: loss = 0.08463
  Ep03 step 2100/13600: loss = 0.08589
  Ep03 step 2200/13600: loss = 0.09018
  Ep03 step 2300/13600: loss = 0.09157
  Ep03 step 2400/13600: loss = 0.10173
  Ep03 step 2500/13600: loss = 0.09060
  Ep03 step 2600/13600: loss = 0.09539
  Ep03 step 2700/13600: loss = 0.09554
  Ep03 step 2800/13600: loss = 0.09212
  Ep03 step 2900/13600: loss = 0.08265
  Ep03 step 3000/13600: loss = 0.08887
  Ep03 step 3100/13600: loss = 0.08723
  Ep03 step 3200/13600: loss = 0.09360
  Ep03 step 3300/13600: loss = 0.09748
  Ep03 step 3400/13600: loss = 0.08888
  Ep03 step 3500/13600: loss = 0.10260
  Ep03 step 3600/13600: loss = 0.09454
  Ep03 step 3700/13600: loss = 0.09154
  Ep03 step 3800/13600: loss = 0.08007
  Ep03 step 3900/13600: loss = 0.08515
  Ep03 step 4000/13600: loss = 0.09074
  Ep03 step 4100/13600: loss = 0.09464
  Ep03 step 4200/13600: loss = 0.07815
  Ep03 step 4300/13600: loss = 0.09938
  Ep03 step 4400/13600: loss = 0.08689
  Ep03 step 4500/13600: loss = 0.08006
  Ep03 step 4600/13600: loss = 0.09415
  Ep03 step 4700/13600: loss = 0.09666
  Ep03 step 4800/13600: loss = 0.09469
  Ep03 step 4900/13600: loss = 0.09766
  Ep03 step 5000/13600: loss = 0.09805
  Ep03 step 5100/13600: loss = 0.08795
  Ep03 step 5200/13600: loss = 0.10308
  Ep03 step 5300/13600: loss = 0.08975
  Ep03 step 5400/13600: loss = 0.08690
  Ep03 step 5500/13600: loss = 0.10100
  Ep03 step 5600/13600: loss = 0.09373
  Ep03 step 5700/13600: loss = 0.09491
  Ep03 step 5800/13600: loss = 0.09673
  Ep03 step 5900/13600: loss = 0.08704
  Ep03 step 6000/13600: loss = 0.08713
  Ep03 step 6100/13600: loss = 0.08483
  Ep03 step 6200/13600: loss = 0.08575
  Ep03 step 6300/13600: loss = 0.09735
  Ep03 step 6400/13600: loss = 0.09095
  Ep03 step 6500/13600: loss = 0.08655
  Ep03 step 6600/13600: loss = 0.09447
  Ep03 step 6700/13600: loss = 0.09659
  Ep03 step 6800/13600: loss = 0.09226
  Ep03 step 6900/13600: loss = 0.09383
  Ep03 step 7000/13600: loss = 0.10868
  Ep03 step 7100/13600: loss = 0.10106
  Ep03 step 7200/13600: loss = 0.10255
  Ep03 step 7300/13600: loss = 0.09025
  Ep03 step 7400/13600: loss = 0.09270
  Ep03 step 7500/13600: loss = 0.08684
  Ep03 step 7600/13600: loss = 0.09430
  Ep03 step 7700/13600: loss = 0.09517
  Ep03 step 7800/13600: loss = 0.09915
  Ep03 step 7900/13600: loss = 0.09086
  Ep03 step 8000/13600: loss = 0.09059
  Ep03 step 8100/13600: loss = 0.08877
  Ep03 step 8200/13600: loss = 0.09773
  Ep03 step 8300/13600: loss = 0.09164
  Ep03 step 8400/13600: loss = 0.08906
  Ep03 step 8500/13600: loss = 0.09112
  Ep03 step 8600/13600: loss = 0.09760
  Ep03 step 8700/13600: loss = 0.09402
  Ep03 step 8800/13600: loss = 0.09214
  Ep03 step 8900/13600: loss = 0.08309
  Ep03 step 9000/13600: loss = 0.09106
  Ep03 step 9100/13600: loss = 0.08713
  Ep03 step 9200/13600: loss = 0.08998
  Ep03 step 9300/13600: loss = 0.08560
  Ep03 step 9400/13600: loss = 0.09267
  Ep03 step 9500/13600: loss = 0.08842
  Ep03 step 9600/13600: loss = 0.09492
  Ep03 step 9700/13600: loss = 0.08933
  Ep03 step 9800/13600: loss = 0.09791
  Ep03 step 9900/13600: loss = 0.08695
  Ep03 step 10000/13600: loss = 0.10175
  Ep03 step 10100/13600: loss = 0.09803
  Ep03 step 10200/13600: loss = 0.09188
  Ep03 step 10300/13600: loss = 0.08488
  Ep03 step 10400/13600: loss = 0.10044
  Ep03 step 10500/13600: loss = 0.09224
  Ep03 step 10600/13600: loss = 0.09499
  Ep03 step 10700/13600: loss = 0.09207
  Ep03 step 10800/13600: loss = 0.08541
  Ep03 step 10900/13600: loss = 0.08594
  Ep03 step 11000/13600: loss = 0.09276
  Ep03 step 11100/13600: loss = 0.09431
  Ep03 step 11200/13600: loss = 0.09051
  Ep03 step 11300/13600: loss = 0.11401
  Ep03 step 11400/13600: loss = 0.10328
  Ep03 step 11500/13600: loss = 0.08662
  Ep03 step 11600/13600: loss = 0.09741
  Ep03 step 11700/13600: loss = 0.09112
  Ep03 step 11800/13600: loss = 0.10254
  Ep03 step 11900/13600: loss = 0.09952
  Ep03 step 12000/13600: loss = 0.09832
  Ep03 step 12100/13600: loss = 0.09321
  Ep03 step 12200/13600: loss = 0.09489
  Ep03 step 12300/13600: loss = 0.09050
  Ep03 step 12400/13600: loss = 0.09122
  Ep03 step 12500/13600: loss = 0.09897
  Ep03 step 12600/13600: loss = 0.08708
  Ep03 step 12700/13600: loss = 0.09043
  Ep03 step 12800/13600: loss = 0.09371
  Ep03 step 12900/13600: loss = 0.09554
  Ep03 step 13000/13600: loss = 0.09904
  Ep03 step 13100/13600: loss = 0.07912
  Ep03 step 13200/13600: loss = 0.10158
  Ep03 step 13300/13600: loss = 0.09802
  Ep03 step 13400/13600: loss = 0.08437
  Ep03 step 13500/13600: loss = 0.09014
  Ep03 step 13600/13600: loss = 0.08401

Epoch 03/6 | train=0.09273 val=0.11681 | AUC=['0.996', '0.994', '0.991', '0.994'] PR=['0.979', '0.978', '0.971', '0.983'] | CASCADE-only AUC=['0.995', '0.992', '0.989', '0.993'] PR=['0.951', '0.956', '0.950', '0.970'] | mono_viol=0.00000 | 3444s

  [checkpoint] best.pt updated (epoch 3, val_loss=0.11681)
  Ep04 step  100/13600: loss = 0.09819
  Ep04 step  200/13600: loss = 0.09565
  Ep04 step  300/13600: loss = 0.09760
  Ep04 step  400/13600: loss = 0.09911
  Ep04 step  500/13600: loss = 0.09842
  Ep04 step  600/13600: loss = 0.08279
  Ep04 step  700/13600: loss = 0.09694
  Ep04 step  800/13600: loss = 0.09880
  Ep04 step  900/13600: loss = 0.08670
  Ep04 step 1000/13600: loss = 0.09313
  Ep04 step 1100/13600: loss = 0.09695
  Ep04 step 1200/13600: loss = 0.09145
  Ep04 step 1300/13600: loss = 0.09545
  Ep04 step 1400/13600: loss = 0.09324
  Ep04 step 1500/13600: loss = 0.09311
  Ep04 step 1600/13600: loss = 0.08949
  Ep04 step 1700/13600: loss = 0.08975
  Ep04 step 1800/13600: loss = 0.10310
  Ep04 step 1900/13600: loss = 0.09477
  Ep04 step 2000/13600: loss = 0.09611
  Ep04 step 2100/13600: loss = 0.09664
  Ep04 step 2200/13600: loss = 0.09229
  Ep04 step 2300/13600: loss = 0.09912
  Ep04 step 2400/13600: loss = 0.07962
  Ep04 step 2500/13600: loss = 0.09221
  Ep04 step 2600/13600: loss = 0.08857
  Ep04 step 2700/13600: loss = 0.08790
  Ep04 step 2800/13600: loss = 0.09058
  Ep04 step 2900/13600: loss = 0.09852
  Ep04 step 3000/13600: loss = 0.09211
  Ep04 step 3100/13600: loss = 0.09750
  Ep04 step 3200/13600: loss = 0.09242
  Ep04 step 3300/13600: loss = 0.08889
  Ep04 step 3400/13600: loss = 0.08661
  Ep04 step 3500/13600: loss = 0.09041
  Ep04 step 3600/13600: loss = 0.07971
  Ep04 step 3700/13600: loss = 0.08915
  Ep04 step 3800/13600: loss = 0.08701
  Ep04 step 3900/13600: loss = 0.08949
  Ep04 step 4000/13600: loss = 0.08971
  Ep04 step 4100/13600: loss = 0.08659
  Ep04 step 4200/13600: loss = 0.09336
  Ep04 step 4300/13600: loss = 0.08812
  Ep04 step 4400/13600: loss = 0.09283
  Ep04 step 4500/13600: loss = 0.09948
  Ep04 step 4600/13600: loss = 0.07891
  Ep04 step 4700/13600: loss = 0.09340
  Ep04 step 4800/13600: loss = 0.09751
  Ep04 step 4900/13600: loss = 0.09633
  Ep04 step 5000/13600: loss = 0.10489
  Ep04 step 5100/13600: loss = 0.07945
  Ep04 step 5200/13600: loss = 0.09320
  Ep04 step 5300/13600: loss = 0.08940
  Ep04 step 5400/13600: loss = 0.08466
  Ep04 step 5500/13600: loss = 0.09178
  Ep04 step 5600/13600: loss = 0.09444
  Ep04 step 5700/13600: loss = 0.07747
  Ep04 step 5800/13600: loss = 0.09146
  Ep04 step 5900/13600: loss = 0.08149
  Ep04 step 6000/13600: loss = 0.08807
  Ep04 step 6100/13600: loss = 0.09323
  Ep04 step 6200/13600: loss = 0.08949
  Ep04 step 6300/13600: loss = 0.09316
  Ep04 step 6400/13600: loss = 0.08938
  Ep04 step 6500/13600: loss = 0.08800
  Ep04 step 6600/13600: loss = 0.09237
  Ep04 step 6700/13600: loss = 0.08463
  Ep04 step 6800/13600: loss = 0.09394
  Ep04 step 6900/13600: loss = 0.09630
  Ep04 step 7000/13600: loss = 0.08085
  Ep04 step 7100/13600: loss = 0.08830
  Ep04 step 7200/13600: loss = 0.09094
  Ep04 step 7300/13600: loss = 0.09956
  Ep04 step 7400/13600: loss = 0.09134
  Ep04 step 7500/13600: loss = 0.08795
  Ep04 step 7600/13600: loss = 0.08890
  Ep04 step 7700/13600: loss = 0.08484
  Ep04 step 7800/13600: loss = 0.09749
  Ep04 step 7900/13600: loss = 0.08580
  Ep04 step 8000/13600: loss = 0.09779
  Ep04 step 8100/13600: loss = 0.08609
  Ep04 step 8200/13600: loss = 0.09066
  Ep04 step 8300/13600: loss = 0.09212
  Ep04 step 8400/13600: loss = 0.09167
  Ep04 step 8500/13600: loss = 0.09214
  Ep04 step 8600/13600: loss = 0.08241
  Ep04 step 8700/13600: loss = 0.09232
  Ep04 step 8800/13600: loss = 0.09273
  Ep04 step 8900/13600: loss = 0.09552
  Ep04 step 9000/13600: loss = 0.08543
  Ep04 step 9100/13600: loss = 0.10027
  Ep04 step 9200/13600: loss = 0.09639
  Ep04 step 9300/13600: loss = 0.09726
  Ep04 step 9400/13600: loss = 0.08899
  Ep04 step 9500/13600: loss = 0.07650
  Ep04 step 9600/13600: loss = 0.09385
  Ep04 step 9700/13600: loss = 0.08948
  Ep04 step 9800/13600: loss = 0.09409
  Ep04 step 9900/13600: loss = 0.08277
  Ep04 step 10000/13600: loss = 0.08727
  Ep04 step 10100/13600: loss = 0.08282
  Ep04 step 10200/13600: loss = 0.09923
  Ep04 step 10300/13600: loss = 0.09425
  Ep04 step 10400/13600: loss = 0.09431
  Ep04 step 10500/13600: loss = 0.10208
  Ep04 step 10600/13600: loss = 0.08923
  Ep04 step 10700/13600: loss = 0.09562
  Ep04 step 10800/13600: loss = 0.10105
  Ep04 step 10900/13600: loss = 0.08129
  Ep04 step 11000/13600: loss = 0.08502
  Ep04 step 11100/13600: loss = 0.08947
  Ep04 step 11200/13600: loss = 0.08231
  Ep04 step 11300/13600: loss = 0.08122
  Ep04 step 11400/13600: loss = 0.07944
  Ep04 step 11500/13600: loss = 0.09246
  Ep04 step 11600/13600: loss = 0.09118
  Ep04 step 11700/13600: loss = 0.08856
  Ep04 step 11800/13600: loss = 0.09503
  Ep04 step 11900/13600: loss = 0.09235
  Ep04 step 12000/13600: loss = 0.08029
  Ep04 step 12100/13600: loss = 0.08966
  Ep04 step 12200/13600: loss = 0.09431
  Ep04 step 12300/13600: loss = 0.09489
  Ep04 step 12400/13600: loss = 0.08819
  Ep04 step 12500/13600: loss = 0.09227
  Ep04 step 12600/13600: loss = 0.09624
  Ep04 step 12700/13600: loss = 0.09802
  Ep04 step 12800/13600: loss = 0.09129
  Ep04 step 12900/13600: loss = 0.09984
  Ep04 step 13000/13600: loss = 0.08678
  Ep04 step 13100/13600: loss = 0.09349
  Ep04 step 13200/13600: loss = 0.08016
  Ep04 step 13300/13600: loss = 0.08386
  Ep04 step 13400/13600: loss = 0.09768
  Ep04 step 13500/13600: loss = 0.10077
  Ep04 step 13600/13600: loss = 0.09623

Epoch 04/6 | train=0.09121 val=0.11243 | AUC=['0.997', '0.995', '0.992', '0.995'] PR=['0.981', '0.981', '0.974', '0.985'] | CASCADE-only AUC=['0.995', '0.993', '0.990', '0.993'] PR=['0.959', '0.963', '0.956', '0.974'] | mono_viol=0.00000 | 4301s

  [checkpoint] best.pt updated (epoch 4, val_loss=0.11243)
  Ep05 step  100/13600: loss = 0.08656
  Ep05 step  200/13600: loss = 0.08864
  Ep05 step  300/13600: loss = 0.09494
  Ep05 step  400/13600: loss = 0.08815
  Ep05 step  500/13600: loss = 0.09803
  Ep05 step  600/13600: loss = 0.08590
  Ep05 step  700/13600: loss = 0.08842
  Ep05 step  800/13600: loss = 0.08869
  Ep05 step  900/13600: loss = 0.09122
  Ep05 step 1000/13600: loss = 0.09250
  Ep05 step 1100/13600: loss = 0.09583
  Ep05 step 1200/13600: loss = 0.08535
  Ep05 step 1300/13600: loss = 0.08551
  Ep05 step 1400/13600: loss = 0.09526
  Ep05 step 1500/13600: loss = 0.10025
  Ep05 step 1600/13600: loss = 0.08282
  Ep05 step 1700/13600: loss = 0.08770
  Ep05 step 1800/13600: loss = 0.09867
  Ep05 step 1900/13600: loss = 0.09399
  Ep05 step 2000/13600: loss = 0.09211
  Ep05 step 2100/13600: loss = 0.10595
  Ep05 step 2200/13600: loss = 0.09342
  Ep05 step 2300/13600: loss = 0.07655
  Ep05 step 2400/13600: loss = 0.08626
  Ep05 step 2500/13600: loss = 0.08181
  Ep05 step 2600/13600: loss = 0.09651
  Ep05 step 2700/13600: loss = 0.09805
  Ep05 step 2800/13600: loss = 0.08609
  Ep05 step 2900/13600: loss = 0.08847
  Ep05 step 3000/13600: loss = 0.09041
  Ep05 step 3100/13600: loss = 0.08847
  Ep05 step 3200/13600: loss = 0.09769
  Ep05 step 3300/13600: loss = 0.09068
  Ep05 step 3400/13600: loss = 0.09076
  Ep05 step 3500/13600: loss = 0.09221
  Ep05 step 3600/13600: loss = 0.09255
  Ep05 step 3700/13600: loss = 0.09200
  Ep05 step 3800/13600: loss = 0.09104
  Ep05 step 3900/13600: loss = 0.09355
  Ep05 step 4000/13600: loss = 0.09044
  Ep05 step 4100/13600: loss = 0.09061
  Ep05 step 4200/13600: loss = 0.08704
  Ep05 step 4300/13600: loss = 0.08578
  Ep05 step 4400/13600: loss = 0.08947
  Ep05 step 4500/13600: loss = 0.09191
  Ep05 step 4600/13600: loss = 0.09765
  Ep05 step 4700/13600: loss = 0.09705
  Ep05 step 4800/13600: loss = 0.08994
  Ep05 step 4900/13600: loss = 0.08657
  Ep05 step 5000/13600: loss = 0.09780
  Ep05 step 5100/13600: loss = 0.07894
  Ep05 step 5200/13600: loss = 0.08915
  Ep05 step 5300/13600: loss = 0.09520
  Ep05 step 5400/13600: loss = 0.09984
  Ep05 step 5500/13600: loss = 0.08879
  Ep05 step 5600/13600: loss = 0.08497
  Ep05 step 5700/13600: loss = 0.08825
  Ep05 step 5800/13600: loss = 0.09775
  Ep05 step 5900/13600: loss = 0.08115
  Ep05 step 6000/13600: loss = 0.08992
  Ep05 step 6100/13600: loss = 0.07815
  Ep05 step 6200/13600: loss = 0.09158
  Ep05 step 6300/13600: loss = 0.08647
  Ep05 step 6400/13600: loss = 0.10295
  Ep05 step 6500/13600: loss = 0.09206
  Ep05 step 6600/13600: loss = 0.09264
  Ep05 step 6700/13600: loss = 0.08697
  Ep05 step 6800/13600: loss = 0.08541
  Ep05 step 6900/13600: loss = 0.09142
  Ep05 step 7000/13600: loss = 0.08166
  Ep05 step 7100/13600: loss = 0.08867
  Ep05 step 7200/13600: loss = 0.08389
  Ep05 step 7300/13600: loss = 0.09145
  Ep05 step 7400/13600: loss = 0.10004
  Ep05 step 7500/13600: loss = 0.09021
  Ep05 step 7600/13600: loss = 0.08606
  Ep05 step 7700/13600: loss = 0.10238
  Ep05 step 7800/13600: loss = 0.09620
  Ep05 step 7900/13600: loss = 0.08193
  Ep05 step 8000/13600: loss = 0.09426
  Ep05 step 8100/13600: loss = 0.09987
  Ep05 step 8200/13600: loss = 0.09402
  Ep05 step 8300/13600: loss = 0.09513
  Ep05 step 8400/13600: loss = 0.09077
  Ep05 step 8500/13600: loss = 0.08708
  Ep05 step 8600/13600: loss = 0.09615
  Ep05 step 8700/13600: loss = 0.08467
  Ep05 step 8800/13600: loss = 0.08220
  Ep05 step 8900/13600: loss = 0.08694
  Ep05 step 9000/13600: loss = 0.09432
  Ep05 step 9100/13600: loss = 0.09252
  Ep05 step 9200/13600: loss = 0.08199
  Ep05 step 9300/13600: loss = 0.08449
  Ep05 step 9400/13600: loss = 0.08876
  Ep05 step 9500/13600: loss = 0.10498
  Ep05 step 9600/13600: loss = 0.08534
  Ep05 step 9700/13600: loss = 0.09281
  Ep05 step 9800/13600: loss = 0.09176
  Ep05 step 9900/13600: loss = 0.08449
  Ep05 step 10000/13600: loss = 0.09487
  Ep05 step 10100/13600: loss = 0.08127
  Ep05 step 10200/13600: loss = 0.09217
  Ep05 step 10300/13600: loss = 0.07972
  Ep05 step 10400/13600: loss = 0.08974
  Ep05 step 10500/13600: loss = 0.08994
  Ep05 step 10600/13600: loss = 0.09492
  Ep05 step 10700/13600: loss = 0.08750
  Ep05 step 10800/13600: loss = 0.08864
  Ep05 step 10900/13600: loss = 0.08813
  Ep05 step 11000/13600: loss = 0.09121
  Ep05 step 11100/13600: loss = 0.08457
  Ep05 step 11200/13600: loss = 0.09457
  Ep05 step 11300/13600: loss = 0.09023
  Ep05 step 11400/13600: loss = 0.08346
  Ep05 step 11500/13600: loss = 0.09146
  Ep05 step 11600/13600: loss = 0.09362
  Ep05 step 11700/13600: loss = 0.08874
  Ep05 step 11800/13600: loss = 0.09619
  Ep05 step 11900/13600: loss = 0.08959
  Ep05 step 12000/13600: loss = 0.09208
  Ep05 step 12100/13600: loss = 0.07961
  Ep05 step 12200/13600: loss = 0.09150
  Ep05 step 12300/13600: loss = 0.09179
  Ep05 step 12400/13600: loss = 0.09422
  Ep05 step 12500/13600: loss = 0.08463
  Ep05 step 12600/13600: loss = 0.08676
  Ep05 step 12700/13600: loss = 0.08754
  Ep05 step 12800/13600: loss = 0.09939
  Ep05 step 12900/13600: loss = 0.08167
  Ep05 step 13000/13600: loss = 0.09766
  Ep05 step 13100/13600: loss = 0.09120
  Ep05 step 13200/13600: loss = 0.10655
  Ep05 step 13300/13600: loss = 0.07921
  Ep05 step 13400/13600: loss = 0.08051
  Ep05 step 13500/13600: loss = 0.08997
  Ep05 step 13600/13600: loss = 0.08475

Epoch 05/6 | train=0.09032 val=0.11630 | AUC=['0.997', '0.995', '0.992', '0.994'] PR=['0.982', '0.981', '0.975', '0.984'] | CASCADE-only AUC=['0.996', '0.994', '0.990', '0.993'] PR=['0.961', '0.965', '0.958', '0.973'] | mono_viol=0.00000 | 5158s

[held-out geoclaw_2050] test_loss=0.19971 mono_viol=0.00000 (1000 runs)
  ALL-nodes     AUC=[0.9951316750645638, 0.9906292654275894, 0.9866378442645073, 0.9905182746052742]  PR=[0.9831304193349897, 0.9819947893810983, 0.9797292782933085, 0.9911678105116821]
  CASCADE-only  AUC=[0.9938277884721756, 0.9891884418725967, 0.9848901799917221, 0.98962320291996]  PR=[0.9722890087269754, 0.9755803000346831, 0.9736784868873782, 0.9892178978566778]
[held-out syn_ts_914_6_1p2955] test_loss=0.04131 mono_viol=0.00000 (1000 runs)
  ALL-nodes     AUC=[0.9995366021394729, 0.999422155380249, 0.9989389021396637, 0.9971798511147499]  PR=[0.9898709571681367, 0.9902572114696152, 0.9851067325040646, 0.9794035977777731]
  CASCADE-only  AUC=[0.9991834081411362, 0.9990904095172882, 0.9984264470338822, 0.9960651410222053]  PR=[0.9699713158956943, 0.976771311037761, 0.9683482389422299, 0.9632739784963646]
[held-out syn_ts_258_9_3p0022] test_loss=0.16437 mono_viol=0.00000 (1000 runs)
  ALL-nodes     AUC=[0.9977623529434204, 0.9895885009169578, 0.9865118275880813, 0.9937174053788185]  PR=[0.9929155731613799, 0.9795850889070552, 0.9783826757526329, 0.9932192579532791]
  CASCADE-only  AUC=[0.9970254978537559, 0.9871851917505264, 0.9839845913052558, 0.9928309613466263]  PR=[0.9874877917957289, 0.9698193309018912, 0.9697769380993544, 0.9910936567478603]
[held-out syn_ts_605_5_3p7563] test_loss=0.13606 mono_viol=0.00000 (1000 runs)
  ALL-nodes     AUC=[0.9876554557681083, 0.9940921627283096, 0.9949942302107811, 0.996763462126255]  PR=[0.9842280499215179, 0.9944488242693824, 0.995877384647121, 0.9978414889040891]
  CASCADE-only  AUC=[0.9837964096069336, 0.9926624923944474, 0.9938997573852539, 0.9961536687016487]  PR=[0.9732537405771495, 0.9914990681707517, 0.9938821119241898, 0.9969161706389563]
[held-out syn_ts_808_27_3p7885] test_loss=0.13313 mono_viol=0.00000 (1000 runs)
  ALL-nodes     AUC=[0.9899364332556725, 0.9963148604035378, 0.995451047539711, 0.996985533297062]  PR=[0.9838347054969897, 0.9950661011629399, 0.9952586438521958, 0.9975625822286116]
  CASCADE-only  AUC=[0.9873607144355774, 0.9955370470285415, 0.9946478272080421, 0.996541815161705]  PR=[0.9749644498992169, 0.9927950728255565, 0.9934527975316623, 0.9967556005987619]
[held-out syn2_t449w6_wl2p103] test_loss=0.06666 mono_viol=0.00000 (1000 runs)
  ALL-nodes     AUC=[0.9974342073798179, 0.9969389610886574, 0.9963799718618392, 0.9948445919156075]  PR=[0.9490559644796328, 0.9494125431999436, 0.9462274974056386, 0.942010235994246]
  CASCADE-only  AUC=[0.9961770417094231, 0.9956242060065269, 0.9950935970544815, 0.9931930815577507]  PR=[0.8848545267877703, 0.8968437283952784, 0.9000138175182976, 0.8986755886421506]
[held-out syn2_t580w24_wl2p439] test_loss=0.11254 mono_viol=0.00000 (1000 runs)
  ALL-nodes     AUC=[0.9952206366658211, 0.994379188477993, 0.9892046574354172, 0.9882078664898872]  PR=[0.9619007403838885, 0.9590230596582535, 0.9429169965600861, 0.9561608032848264]
  CASCADE-only  AUC=[0.9929194594025612, 0.9920915619730949, 0.9860480573773384, 0.9849543905854226]  PR=[0.9262204618024148, 0.9274284242819621, 0.9095543467994666, 0.9353641065528224]
[held-out syn2_t934c34_wl2p777] test_loss=0.13192 mono_viol=0.00000 (1000 runs)
  ALL-nodes     AUC=[0.9944688075184822, 0.9934806888103485, 0.986202211201191, 0.9946380830407142]  PR=[0.967847282843394, 0.9721499280717156, 0.9535588135910102, 0.984405734199347]
  CASCADE-only  AUC=[0.9924408991336823, 0.9916494625210762, 0.9833895196914673, 0.9934828518629074]  PR=[0.9424447561131195, 0.9557501937685814, 0.9336270349407086, 0.9776628470156642]
[held-out syn2_t270w17_wl3p116] test_loss=0.14114 mono_viol=0.00000 (1000 runs)
  ALL-nodes     AUC=[0.9971637803316117, 0.9919629995822906, 0.9890207132101059, 0.9959050883054733]  PR=[0.9886240425485664, 0.9779778812186914, 0.9754867428545295, 0.9934023579528564]
  CASCADE-only  AUC=[0.9962805894613266, 0.990051809668541, 0.9870532788038254, 0.9952774930596352]  PR=[0.9802360965857363, 0.9668137135029866, 0.9656081901307054, 0.9910900021830991]
[held-out syn2_t33w13_wl3p458] test_loss=0.15732 mono_viol=0.00000 (1000 runs)
  ALL-nodes     AUC=[0.9978944232463837, 0.9924900419712067, 0.9911714851260185, 0.9941744776368141]  PR=[0.9939123158343565, 0.9860984651469364, 0.9869591239173893, 0.9942444428329834]
  CASCADE-only  AUC=[0.9972077599167823, 0.9907556430697441, 0.9895466229915619, 0.9933615710139274]  PR=[0.9893148954629324, 0.9793007896831816, 0.9817090661167664, 0.9924391957793423]
[held-out syn2_t857w1_wl3p800] test_loss=0.12588 mono_viol=0.00000 (1000 runs)
  ALL-nodes     AUC=[0.9977716481685639, 0.993823604285717, 0.993474223613739, 0.9954658613801003]  PR=[0.9948067039194687, 0.9901363715922791, 0.9914574139213281, 0.9958507933113266]
  CASCADE-only  AUC=[0.9969601057767868, 0.992182480096817, 0.9920567409992218, 0.9946804523468018]  PR=[0.9905706630301332, 0.9846231748893739, 0.9874233317286204, 0.9942927670548439]
[held-out syn2_t116w1_wl4p130] test_loss=0.10878 mono_viol=0.00000 (1000 runs)
  ALL-nodes     AUC=[0.9973491743803025, 0.9962241841554642, 0.9963087325692177, 0.9968778653740883]  PR=[0.9948893533882648, 0.9946476425886073, 0.9960146509538049, 0.9976112754547801]
  CASCADE-only  AUC=[0.9963606878519058, 0.9951727087497712, 0.9954795608520508, 0.9963200122714043]  PR=[0.9905213998229657, 0.991351242436902, 0.9940391424166248, 0.9966563464207618]
[held-out syn2_t198w16_wl4p722] test_loss=0.09641 mono_viol=0.00000 (1000 runs)
  ALL-nodes     AUC=[0.9963490517139435, 0.9966974937915802, 0.9970668721795082, 0.9976624208688736]  PR=[0.9943017058943291, 0.9963338497694335, 0.9973016441792911, 0.9983898547749767]
  CASCADE-only  AUC=[0.9947890934944152, 0.9957031946182251, 0.9962907956838608, 0.9971560154557229]  PR=[0.9888882179126831, 0.9938533334616929, 0.9957270097332681, 0.9976013498662525]
