task=28 arm=mix57_same variant=ctx cell=static_mask torch_seed=1 set=w29_all head=hazard labels=/scratch/tj2587/results/legacy_v1_n1000 labels2=/scratch/tj2587/results/gissr48_v1/static timing=unset context=1 ckpt=/scratch/tj2587/results/gnn_morestorms_v1/mix57_same_ctx_static_mask_s1 smoke=0 commit=967d122 uncommitted_files=0
[gate] CUDA OK: NVIDIA L40S
[gate] heterodata data/graph/nyc_infra_heterodata_v1_frozen_failover_edges.pt: total=6231 -> OK
[gate] set w29_all: 70 storms, 57 for training, 13 held out; in both folders []; missing [] -> OK
[gate] variant ctx: storm context on, timing inputs off -> OK
[gate] head switch present: ('independent', 'hazard')
=== TRAIN MODE — full training ===
torch seed set: 1
Train: 45600  Val: 11400  (57 scenarios) | Test held-out: ['geoclaw_2050', 'syn_ts_914_6_1p2955', 'syn_ts_258_9_3p0022', 'syn_ts_605_5_3p7563', 'syn_ts_808_27_3p7885', 'syn2_t449w6_wl2p103', 'syn2_t580w24_wl2p439', 'syn2_t934c34_wl2p777', 'syn2_t270w17_wl3p116', 'syn2_t33w13_wl3p458', 'syn2_t857w1_wl3p800', 'syn2_t116w1_wl4p130', 'syn2_t198w16_wl4p722'] (13000 runs)
Subsampled train to 13600
Subsampled val to 3400
Model parameters: 698,648  head=hazard
Device: cuda
  Ep00 step  100/13600: loss = 0.46756
  Ep00 step  200/13600: loss = 0.18116
  Ep00 step  300/13600: loss = 0.14946
  Ep00 step  400/13600: loss = 0.12342
  Ep00 step  500/13600: loss = 0.12957
  Ep00 step  600/13600: loss = 0.10744
  Ep00 step  700/13600: loss = 0.10639
  Ep00 step  800/13600: loss = 0.10087
  Ep00 step  900/13600: loss = 0.09814
  Ep00 step 1000/13600: loss = 0.09883
  Ep00 step 1100/13600: loss = 0.09796
  Ep00 step 1200/13600: loss = 0.10013
  Ep00 step 1300/13600: loss = 0.09134
  Ep00 step 1400/13600: loss = 0.09498
  Ep00 step 1500/13600: loss = 0.09271
  Ep00 step 1600/13600: loss = 0.08373
  Ep00 step 1700/13600: loss = 0.07908
  Ep00 step 1800/13600: loss = 0.08939
  Ep00 step 1900/13600: loss = 0.08492
  Ep00 step 2000/13600: loss = 0.08670
  Ep00 step 2100/13600: loss = 0.08530
  Ep00 step 2200/13600: loss = 0.08780
  Ep00 step 2300/13600: loss = 0.08583
  Ep00 step 2400/13600: loss = 0.07840
  Ep00 step 2500/13600: loss = 0.08750
  Ep00 step 2600/13600: loss = 0.08328
  Ep00 step 2700/13600: loss = 0.07524
  Ep00 step 2800/13600: loss = 0.08308
  Ep00 step 2900/13600: loss = 0.07210
  Ep00 step 3000/13600: loss = 0.08049
  Ep00 step 3100/13600: loss = 0.07609
  Ep00 step 3200/13600: loss = 0.08091
  Ep00 step 3300/13600: loss = 0.07955
  Ep00 step 3400/13600: loss = 0.08104
  Ep00 step 3500/13600: loss = 0.07909
  Ep00 step 3600/13600: loss = 0.07378
  Ep00 step 3700/13600: loss = 0.06402
  Ep00 step 3800/13600: loss = 0.06601
  Ep00 step 3900/13600: loss = 0.07850
  Ep00 step 4000/13600: loss = 0.07310
  Ep00 step 4100/13600: loss = 0.07491
  Ep00 step 4200/13600: loss = 0.06688
  Ep00 step 4300/13600: loss = 0.06804
  Ep00 step 4400/13600: loss = 0.06932
  Ep00 step 4500/13600: loss = 0.07048
  Ep00 step 4600/13600: loss = 0.06406
  Ep00 step 4700/13600: loss = 0.07128
  Ep00 step 4800/13600: loss = 0.06659
  Ep00 step 4900/13600: loss = 0.06937
  Ep00 step 5000/13600: loss = 0.07384
  Ep00 step 5100/13600: loss = 0.06825
  Ep00 step 5200/13600: loss = 0.06895
  Ep00 step 5300/13600: loss = 0.05962
  Ep00 step 5400/13600: loss = 0.06783
  Ep00 step 5500/13600: loss = 0.07693
  Ep00 step 5600/13600: loss = 0.06379
  Ep00 step 5700/13600: loss = 0.06675
  Ep00 step 5800/13600: loss = 0.06874
  Ep00 step 5900/13600: loss = 0.06612
  Ep00 step 6000/13600: loss = 0.06317
  Ep00 step 6100/13600: loss = 0.06608
  Ep00 step 6200/13600: loss = 0.06485
  Ep00 step 6300/13600: loss = 0.06574
  Ep00 step 6400/13600: loss = 0.06427
  Ep00 step 6500/13600: loss = 0.06050
  Ep00 step 6600/13600: loss = 0.06335
  Ep00 step 6700/13600: loss = 0.06072
  Ep00 step 6800/13600: loss = 0.05940
  Ep00 step 6900/13600: loss = 0.06548
  Ep00 step 7000/13600: loss = 0.06684
  Ep00 step 7100/13600: loss = 0.07120
  Ep00 step 7200/13600: loss = 0.06623
  Ep00 step 7300/13600: loss = 0.07125
  Ep00 step 7400/13600: loss = 0.05824
  Ep00 step 7500/13600: loss = 0.05307
  Ep00 step 7600/13600: loss = 0.06713
  Ep00 step 7700/13600: loss = 0.05856
  Ep00 step 7800/13600: loss = 0.06542
  Ep00 step 7900/13600: loss = 0.05861
  Ep00 step 8000/13600: loss = 0.06030
  Ep00 step 8100/13600: loss = 0.06262
  Ep00 step 8200/13600: loss = 0.06099
  Ep00 step 8300/13600: loss = 0.07291
  Ep00 step 8400/13600: loss = 0.07252
  Ep00 step 8500/13600: loss = 0.06698
  Ep00 step 8600/13600: loss = 0.06618
  Ep00 step 8700/13600: loss = 0.05503
  Ep00 step 8800/13600: loss = 0.05096
  Ep00 step 8900/13600: loss = 0.05282
  Ep00 step 9000/13600: loss = 0.06058
  Ep00 step 9100/13600: loss = 0.06166
  Ep00 step 9200/13600: loss = 0.06414
  Ep00 step 9300/13600: loss = 0.05602
  Ep00 step 9400/13600: loss = 0.05149
  Ep00 step 9500/13600: loss = 0.05727
  Ep00 step 9600/13600: loss = 0.05332
  Ep00 step 9700/13600: loss = 0.06219
  Ep00 step 9800/13600: loss = 0.06431
  Ep00 step 9900/13600: loss = 0.05514
  Ep00 step 10000/13600: loss = 0.06037
  Ep00 step 10100/13600: loss = 0.06273
  Ep00 step 10200/13600: loss = 0.06026
  Ep00 step 10300/13600: loss = 0.04963
  Ep00 step 10400/13600: loss = 0.05593
  Ep00 step 10500/13600: loss = 0.05727
  Ep00 step 10600/13600: loss = 0.06415
  Ep00 step 10700/13600: loss = 0.05754
  Ep00 step 10800/13600: loss = 0.06340
  Ep00 step 10900/13600: loss = 0.06199
  Ep00 step 11000/13600: loss = 0.05108
  Ep00 step 11100/13600: loss = 0.05844
  Ep00 step 11200/13600: loss = 0.05980
  Ep00 step 11300/13600: loss = 0.06046
  Ep00 step 11400/13600: loss = 0.06125
  Ep00 step 11500/13600: loss = 0.06381
  Ep00 step 11600/13600: loss = 0.05802
  Ep00 step 11700/13600: loss = 0.05691
  Ep00 step 11800/13600: loss = 0.05274
  Ep00 step 11900/13600: loss = 0.06258
  Ep00 step 12000/13600: loss = 0.05366
  Ep00 step 12100/13600: loss = 0.07006
  Ep00 step 12200/13600: loss = 0.05463
  Ep00 step 12300/13600: loss = 0.05983
  Ep00 step 12400/13600: loss = 0.05632
  Ep00 step 12500/13600: loss = 0.05706
  Ep00 step 12600/13600: loss = 0.05778
  Ep00 step 12700/13600: loss = 0.06137
  Ep00 step 12800/13600: loss = 0.05735
  Ep00 step 12900/13600: loss = 0.06582
  Ep00 step 13000/13600: loss = 0.05807
  Ep00 step 13100/13600: loss = 0.06296
  Ep00 step 13200/13600: loss = 0.06163
  Ep00 step 13300/13600: loss = 0.06106
  Ep00 step 13400/13600: loss = 0.05099
  Ep00 step 13500/13600: loss = 0.06444
  Ep00 step 13600/13600: loss = 0.05265

Epoch 00/6 | train=0.07352 val=0.07841 | AUC=['0.999', '0.998', '0.995', '0.996'] PR=['0.990', '0.988', '0.978', '0.985'] | CASCADE-only AUC=['0.997', '0.997', '0.993', '0.995'] PR=['0.962', '0.971', '0.958', '0.973'] | mono_viol=0.00000 | 739s

  [checkpoint] best.pt updated (epoch 0, val_loss=0.07841)
  Ep01 step  100/13600: loss = 0.05412
  Ep01 step  200/13600: loss = 0.05393
  Ep01 step  300/13600: loss = 0.05887
  Ep01 step  400/13600: loss = 0.05136
  Ep01 step  500/13600: loss = 0.06175
  Ep01 step  600/13600: loss = 0.06476
  Ep01 step  700/13600: loss = 0.05716
  Ep01 step  800/13600: loss = 0.06350
  Ep01 step  900/13600: loss = 0.06030
  Ep01 step 1000/13600: loss = 0.05499
  Ep01 step 1100/13600: loss = 0.05454
  Ep01 step 1200/13600: loss = 0.05577
  Ep01 step 1300/13600: loss = 0.05408
  Ep01 step 1400/13600: loss = 0.05749
  Ep01 step 1500/13600: loss = 0.05434
  Ep01 step 1600/13600: loss = 0.05730
  Ep01 step 1700/13600: loss = 0.05518
  Ep01 step 1800/13600: loss = 0.04951
  Ep01 step 1900/13600: loss = 0.06485
  Ep01 step 2000/13600: loss = 0.05748
  Ep01 step 2100/13600: loss = 0.05544
  Ep01 step 2200/13600: loss = 0.05744
  Ep01 step 2300/13600: loss = 0.05344
  Ep01 step 2400/13600: loss = 0.05821
  Ep01 step 2500/13600: loss = 0.05329
  Ep01 step 2600/13600: loss = 0.05965
  Ep01 step 2700/13600: loss = 0.05885
  Ep01 step 2800/13600: loss = 0.06191
  Ep01 step 2900/13600: loss = 0.05772
  Ep01 step 3000/13600: loss = 0.05828
  Ep01 step 3100/13600: loss = 0.05340
  Ep01 step 3200/13600: loss = 0.05582
  Ep01 step 3300/13600: loss = 0.05662
  Ep01 step 3400/13600: loss = 0.05637
  Ep01 step 3500/13600: loss = 0.05412
  Ep01 step 3600/13600: loss = 0.04776
  Ep01 step 3700/13600: loss = 0.05946
  Ep01 step 3800/13600: loss = 0.05334
  Ep01 step 3900/13600: loss = 0.05315
  Ep01 step 4000/13600: loss = 0.05211
  Ep01 step 4100/13600: loss = 0.05598
  Ep01 step 4200/13600: loss = 0.05646
  Ep01 step 4300/13600: loss = 0.06033
  Ep01 step 4400/13600: loss = 0.05323
  Ep01 step 4500/13600: loss = 0.05345
  Ep01 step 4600/13600: loss = 0.05891
  Ep01 step 4700/13600: loss = 0.05859
  Ep01 step 4800/13600: loss = 0.05608
  Ep01 step 4900/13600: loss = 0.05662
  Ep01 step 5000/13600: loss = 0.05066
  Ep01 step 5100/13600: loss = 0.05742
  Ep01 step 5200/13600: loss = 0.05543
  Ep01 step 5300/13600: loss = 0.05666
  Ep01 step 5400/13600: loss = 0.05405
  Ep01 step 5500/13600: loss = 0.05559
  Ep01 step 5600/13600: loss = 0.05635
  Ep01 step 5700/13600: loss = 0.05942
  Ep01 step 5800/13600: loss = 0.06033
  Ep01 step 5900/13600: loss = 0.05488
  Ep01 step 6000/13600: loss = 0.05327
  Ep01 step 6100/13600: loss = 0.05395
  Ep01 step 6200/13600: loss = 0.05630
  Ep01 step 6300/13600: loss = 0.05126
  Ep01 step 6400/13600: loss = 0.06664
  Ep01 step 6500/13600: loss = 0.05419
  Ep01 step 6600/13600: loss = 0.05952
  Ep01 step 6700/13600: loss = 0.05304
  Ep01 step 6800/13600: loss = 0.05383
  Ep01 step 6900/13600: loss = 0.05351
  Ep01 step 7000/13600: loss = 0.05247
  Ep01 step 7100/13600: loss = 0.05508
  Ep01 step 7200/13600: loss = 0.05736
  Ep01 step 7300/13600: loss = 0.05554
  Ep01 step 7400/13600: loss = 0.05565
  Ep01 step 7500/13600: loss = 0.04920
  Ep01 step 7600/13600: loss = 0.05932
  Ep01 step 7700/13600: loss = 0.05491
  Ep01 step 7800/13600: loss = 0.05190
  Ep01 step 7900/13600: loss = 0.04844
  Ep01 step 8000/13600: loss = 0.06863
  Ep01 step 8100/13600: loss = 0.05942
  Ep01 step 8200/13600: loss = 0.05935
  Ep01 step 8300/13600: loss = 0.05322
  Ep01 step 8400/13600: loss = 0.05793
  Ep01 step 8500/13600: loss = 0.05279
  Ep01 step 8600/13600: loss = 0.06323
  Ep01 step 8700/13600: loss = 0.05298
  Ep01 step 8800/13600: loss = 0.04941
  Ep01 step 8900/13600: loss = 0.05204
  Ep01 step 9000/13600: loss = 0.04632
  Ep01 step 9100/13600: loss = 0.05555
  Ep01 step 9200/13600: loss = 0.05781
  Ep01 step 9300/13600: loss = 0.05341
  Ep01 step 9400/13600: loss = 0.05419
  Ep01 step 9500/13600: loss = 0.05457
  Ep01 step 9600/13600: loss = 0.05006
  Ep01 step 9700/13600: loss = 0.05147
  Ep01 step 9800/13600: loss = 0.05473
  Ep01 step 9900/13600: loss = 0.05176
  Ep01 step 10000/13600: loss = 0.05508
  Ep01 step 10100/13600: loss = 0.06027
  Ep01 step 10200/13600: loss = 0.04970
  Ep01 step 10300/13600: loss = 0.04989
  Ep01 step 10400/13600: loss = 0.05033
  Ep01 step 10500/13600: loss = 0.06041
  Ep01 step 10600/13600: loss = 0.05467
  Ep01 step 10700/13600: loss = 0.05354
  Ep01 step 10800/13600: loss = 0.05677
  Ep01 step 10900/13600: loss = 0.05283
  Ep01 step 11000/13600: loss = 0.06078
  Ep01 step 11100/13600: loss = 0.05940
  Ep01 step 11200/13600: loss = 0.05410
  Ep01 step 11300/13600: loss = 0.04720
  Ep01 step 11400/13600: loss = 0.05104
  Ep01 step 11500/13600: loss = 0.05883
  Ep01 step 11600/13600: loss = 0.05410
  Ep01 step 11700/13600: loss = 0.05876
  Ep01 step 11800/13600: loss = 0.05449
  Ep01 step 11900/13600: loss = 0.05171
  Ep01 step 12000/13600: loss = 0.05159
  Ep01 step 12100/13600: loss = 0.05632
  Ep01 step 12200/13600: loss = 0.05571
  Ep01 step 12300/13600: loss = 0.05204
  Ep01 step 12400/13600: loss = 0.04357
  Ep01 step 12500/13600: loss = 0.05849
  Ep01 step 12600/13600: loss = 0.04717
  Ep01 step 12700/13600: loss = 0.05636
  Ep01 step 12800/13600: loss = 0.05127
  Ep01 step 12900/13600: loss = 0.05042
  Ep01 step 13000/13600: loss = 0.05425
  Ep01 step 13100/13600: loss = 0.05385
  Ep01 step 13200/13600: loss = 0.05284
  Ep01 step 13300/13600: loss = 0.05569
  Ep01 step 13400/13600: loss = 0.05182
  Ep01 step 13500/13600: loss = 0.05349
  Ep01 step 13600/13600: loss = 0.05826

Epoch 01/6 | train=0.05529 val=0.07584 | AUC=['0.999', '0.998', '0.995', '0.996'] PR=['0.991', '0.990', '0.980', '0.987'] | CASCADE-only AUC=['0.998', '0.998', '0.994', '0.995'] PR=['0.967', '0.976', '0.961', '0.977'] | mono_viol=0.00000 | 1477s

  [checkpoint] best.pt updated (epoch 1, val_loss=0.07584)
  Ep02 step  100/13600: loss = 0.05362
  Ep02 step  200/13600: loss = 0.05738
  Ep02 step  300/13600: loss = 0.04881
  Ep02 step  400/13600: loss = 0.05000
  Ep02 step  500/13600: loss = 0.05574
  Ep02 step  600/13600: loss = 0.05703
  Ep02 step  700/13600: loss = 0.04956
  Ep02 step  800/13600: loss = 0.05521
  Ep02 step  900/13600: loss = 0.05041
  Ep02 step 1000/13600: loss = 0.05345
  Ep02 step 1100/13600: loss = 0.04659
  Ep02 step 1200/13600: loss = 0.05456
  Ep02 step 1300/13600: loss = 0.05994
  Ep02 step 1400/13600: loss = 0.05503
  Ep02 step 1500/13600: loss = 0.04868
  Ep02 step 1600/13600: loss = 0.05519
  Ep02 step 1700/13600: loss = 0.05402
  Ep02 step 1800/13600: loss = 0.05383
  Ep02 step 1900/13600: loss = 0.05062
  Ep02 step 2000/13600: loss = 0.05177
  Ep02 step 2100/13600: loss = 0.05124
  Ep02 step 2200/13600: loss = 0.05319
  Ep02 step 2300/13600: loss = 0.05153
  Ep02 step 2400/13600: loss = 0.05144
  Ep02 step 2500/13600: loss = 0.05511
  Ep02 step 2600/13600: loss = 0.05518
  Ep02 step 2700/13600: loss = 0.05443
  Ep02 step 2800/13600: loss = 0.05686
  Ep02 step 2900/13600: loss = 0.06294
  Ep02 step 3000/13600: loss = 0.05677
  Ep02 step 3100/13600: loss = 0.04478
  Ep02 step 3200/13600: loss = 0.05300
  Ep02 step 3300/13600: loss = 0.05025
  Ep02 step 3400/13600: loss = 0.05493
  Ep02 step 3500/13600: loss = 0.05644
  Ep02 step 3600/13600: loss = 0.05138
  Ep02 step 3700/13600: loss = 0.04997
  Ep02 step 3800/13600: loss = 0.05326
  Ep02 step 3900/13600: loss = 0.05388
  Ep02 step 4000/13600: loss = 0.05398
  Ep02 step 4100/13600: loss = 0.04910
  Ep02 step 4200/13600: loss = 0.05685
  Ep02 step 4300/13600: loss = 0.04886
  Ep02 step 4400/13600: loss = 0.05092
  Ep02 step 4500/13600: loss = 0.06031
  Ep02 step 4600/13600: loss = 0.05860
  Ep02 step 4700/13600: loss = 0.05967
  Ep02 step 4800/13600: loss = 0.05649
  Ep02 step 4900/13600: loss = 0.05556
  Ep02 step 5000/13600: loss = 0.05267
  Ep02 step 5100/13600: loss = 0.05006
  Ep02 step 5200/13600: loss = 0.05169
  Ep02 step 5300/13600: loss = 0.04721
  Ep02 step 5400/13600: loss = 0.05466
  Ep02 step 5500/13600: loss = 0.05938
  Ep02 step 5600/13600: loss = 0.05557
  Ep02 step 5700/13600: loss = 0.05574
  Ep02 step 5800/13600: loss = 0.05070
  Ep02 step 5900/13600: loss = 0.05279
  Ep02 step 6000/13600: loss = 0.05688
  Ep02 step 6100/13600: loss = 0.04802
  Ep02 step 6200/13600: loss = 0.05116
  Ep02 step 6300/13600: loss = 0.05238
  Ep02 step 6400/13600: loss = 0.04976
  Ep02 step 6500/13600: loss = 0.05823
  Ep02 step 6600/13600: loss = 0.04921
  Ep02 step 6700/13600: loss = 0.05317
  Ep02 step 6800/13600: loss = 0.04865
  Ep02 step 6900/13600: loss = 0.05434
  Ep02 step 7000/13600: loss = 0.05253
  Ep02 step 7100/13600: loss = 0.05251
  Ep02 step 7200/13600: loss = 0.04862
  Ep02 step 7300/13600: loss = 0.06433
  Ep02 step 7400/13600: loss = 0.04727
  Ep02 step 7500/13600: loss = 0.04758
  Ep02 step 7600/13600: loss = 0.04780
  Ep02 step 7700/13600: loss = 0.05726
  Ep02 step 7800/13600: loss = 0.05359
  Ep02 step 7900/13600: loss = 0.05452
  Ep02 step 8000/13600: loss = 0.04956
  Ep02 step 8100/13600: loss = 0.05321
  Ep02 step 8200/13600: loss = 0.05594
  Ep02 step 8300/13600: loss = 0.05109
  Ep02 step 8400/13600: loss = 0.05445
  Ep02 step 8500/13600: loss = 0.05647
  Ep02 step 8600/13600: loss = 0.06089
  Ep02 step 8700/13600: loss = 0.04856
  Ep02 step 8800/13600: loss = 0.05291
  Ep02 step 8900/13600: loss = 0.05583
  Ep02 step 9000/13600: loss = 0.04886
  Ep02 step 9100/13600: loss = 0.04794
  Ep02 step 9200/13600: loss = 0.05015
  Ep02 step 9300/13600: loss = 0.05375
  Ep02 step 9400/13600: loss = 0.05433
  Ep02 step 9500/13600: loss = 0.04776
  Ep02 step 9600/13600: loss = 0.05749
  Ep02 step 9700/13600: loss = 0.05573
  Ep02 step 9800/13600: loss = 0.05295
  Ep02 step 9900/13600: loss = 0.05715
  Ep02 step 10000/13600: loss = 0.05471
  Ep02 step 10100/13600: loss = 0.05404
  Ep02 step 10200/13600: loss = 0.05378
  Ep02 step 10300/13600: loss = 0.05393
  Ep02 step 10400/13600: loss = 0.05595
  Ep02 step 10500/13600: loss = 0.05145
  Ep02 step 10600/13600: loss = 0.05458
  Ep02 step 10700/13600: loss = 0.04822
  Ep02 step 10800/13600: loss = 0.05560
  Ep02 step 10900/13600: loss = 0.05157
  Ep02 step 11000/13600: loss = 0.04940
  Ep02 step 11100/13600: loss = 0.05439
  Ep02 step 11200/13600: loss = 0.05929
  Ep02 step 11300/13600: loss = 0.05046
  Ep02 step 11400/13600: loss = 0.05588
  Ep02 step 11500/13600: loss = 0.05668
  Ep02 step 11600/13600: loss = 0.05383
  Ep02 step 11700/13600: loss = 0.05459
  Ep02 step 11800/13600: loss = 0.05536
  Ep02 step 11900/13600: loss = 0.05751
  Ep02 step 12000/13600: loss = 0.05275
  Ep02 step 12100/13600: loss = 0.05253
  Ep02 step 12200/13600: loss = 0.05349
  Ep02 step 12300/13600: loss = 0.05116
  Ep02 step 12400/13600: loss = 0.04736
  Ep02 step 12500/13600: loss = 0.04955
  Ep02 step 12600/13600: loss = 0.05577
  Ep02 step 12700/13600: loss = 0.04930
  Ep02 step 12800/13600: loss = 0.04755
  Ep02 step 12900/13600: loss = 0.04844
  Ep02 step 13000/13600: loss = 0.05736
  Ep02 step 13100/13600: loss = 0.05330
  Ep02 step 13200/13600: loss = 0.05721
  Ep02 step 13300/13600: loss = 0.05583
  Ep02 step 13400/13600: loss = 0.05670
  Ep02 step 13500/13600: loss = 0.05565
  Ep02 step 13600/13600: loss = 0.04819

Epoch 02/6 | train=0.05327 val=0.07757 | AUC=['0.999', '0.998', '0.995', '0.996'] PR=['0.991', '0.988', '0.978', '0.985'] | CASCADE-only AUC=['0.998', '0.997', '0.993', '0.995'] PR=['0.966', '0.969', '0.955', '0.972'] | mono_viol=0.00000 | 2210s

  Ep03 step  100/13600: loss = 0.05375
  Ep03 step  200/13600: loss = 0.05610
  Ep03 step  300/13600: loss = 0.04478
  Ep03 step  400/13600: loss = 0.04756
  Ep03 step  500/13600: loss = 0.05507
  Ep03 step  600/13600: loss = 0.05504
  Ep03 step  700/13600: loss = 0.05260
  Ep03 step  800/13600: loss = 0.05414
  Ep03 step  900/13600: loss = 0.05644
  Ep03 step 1000/13600: loss = 0.06233
  Ep03 step 1100/13600: loss = 0.05565
  Ep03 step 1200/13600: loss = 0.05081
  Ep03 step 1300/13600: loss = 0.05317
  Ep03 step 1400/13600: loss = 0.05439
  Ep03 step 1500/13600: loss = 0.05169
  Ep03 step 1600/13600: loss = 0.04631
  Ep03 step 1700/13600: loss = 0.05668
  Ep03 step 1800/13600: loss = 0.05666
  Ep03 step 1900/13600: loss = 0.05531
  Ep03 step 2000/13600: loss = 0.04361
  Ep03 step 2100/13600: loss = 0.04676
  Ep03 step 2200/13600: loss = 0.04721
  Ep03 step 2300/13600: loss = 0.04855
  Ep03 step 2400/13600: loss = 0.05864
  Ep03 step 2500/13600: loss = 0.05017
  Ep03 step 2600/13600: loss = 0.05392
  Ep03 step 2700/13600: loss = 0.05425
  Ep03 step 2800/13600: loss = 0.04995
  Ep03 step 2900/13600: loss = 0.04799
  Ep03 step 3000/13600: loss = 0.04294
  Ep03 step 3100/13600: loss = 0.05182
  Ep03 step 3200/13600: loss = 0.05325
  Ep03 step 3300/13600: loss = 0.05287
  Ep03 step 3400/13600: loss = 0.05216
  Ep03 step 3500/13600: loss = 0.05760
  Ep03 step 3600/13600: loss = 0.05398
  Ep03 step 3700/13600: loss = 0.05288
  Ep03 step 3800/13600: loss = 0.04928
  Ep03 step 3900/13600: loss = 0.04571
  Ep03 step 4000/13600: loss = 0.04542
  Ep03 step 4100/13600: loss = 0.05759
  Ep03 step 4200/13600: loss = 0.04589
  Ep03 step 4300/13600: loss = 0.05436
  Ep03 step 4400/13600: loss = 0.05394
  Ep03 step 4500/13600: loss = 0.04805
  Ep03 step 4600/13600: loss = 0.05240
  Ep03 step 4700/13600: loss = 0.06239
  Ep03 step 4800/13600: loss = 0.05368
  Ep03 step 4900/13600: loss = 0.05602
  Ep03 step 5000/13600: loss = 0.05601
  Ep03 step 5100/13600: loss = 0.04951
  Ep03 step 5200/13600: loss = 0.05563
  Ep03 step 5300/13600: loss = 0.05088
  Ep03 step 5400/13600: loss = 0.05014
  Ep03 step 5500/13600: loss = 0.05426
  Ep03 step 5600/13600: loss = 0.04802
  Ep03 step 5700/13600: loss = 0.05767
  Ep03 step 5800/13600: loss = 0.05445
  Ep03 step 5900/13600: loss = 0.04694
  Ep03 step 6000/13600: loss = 0.04535
  Ep03 step 6100/13600: loss = 0.05361
  Ep03 step 6200/13600: loss = 0.05361
  Ep03 step 6300/13600: loss = 0.05447
  Ep03 step 6400/13600: loss = 0.05118
  Ep03 step 6500/13600: loss = 0.05274
  Ep03 step 6600/13600: loss = 0.05143
  Ep03 step 6700/13600: loss = 0.04879
  Ep03 step 6800/13600: loss = 0.05344
  Ep03 step 6900/13600: loss = 0.05075
  Ep03 step 7000/13600: loss = 0.05514
  Ep03 step 7100/13600: loss = 0.05690
  Ep03 step 7200/13600: loss = 0.05977
  Ep03 step 7300/13600: loss = 0.05389
  Ep03 step 7400/13600: loss = 0.05312
  Ep03 step 7500/13600: loss = 0.04959
  Ep03 step 7600/13600: loss = 0.05342
  Ep03 step 7700/13600: loss = 0.04694
  Ep03 step 7800/13600: loss = 0.05873
  Ep03 step 7900/13600: loss = 0.04939
  Ep03 step 8000/13600: loss = 0.04942
  Ep03 step 8100/13600: loss = 0.04972
  Ep03 step 8200/13600: loss = 0.05319
  Ep03 step 8300/13600: loss = 0.05402
  Ep03 step 8400/13600: loss = 0.05047
  Ep03 step 8500/13600: loss = 0.05261
  Ep03 step 8600/13600: loss = 0.05051
  Ep03 step 8700/13600: loss = 0.05680
  Ep03 step 8800/13600: loss = 0.04950
  Ep03 step 8900/13600: loss = 0.04971
  Ep03 step 9000/13600: loss = 0.05645
  Ep03 step 9100/13600: loss = 0.04805
  Ep03 step 9200/13600: loss = 0.04978
  Ep03 step 9300/13600: loss = 0.05223
  Ep03 step 9400/13600: loss = 0.04917
  Ep03 step 9500/13600: loss = 0.04945
  Ep03 step 9600/13600: loss = 0.05117
  Ep03 step 9700/13600: loss = 0.05552
  Ep03 step 9800/13600: loss = 0.05567
  Ep03 step 9900/13600: loss = 0.04687
  Ep03 step 10000/13600: loss = 0.05313
  Ep03 step 10100/13600: loss = 0.05711
  Ep03 step 10200/13600: loss = 0.05053
  Ep03 step 10300/13600: loss = 0.05124
  Ep03 step 10400/13600: loss = 0.05469
  Ep03 step 10500/13600: loss = 0.05809
  Ep03 step 10600/13600: loss = 0.05183
  Ep03 step 10700/13600: loss = 0.05486
  Ep03 step 10800/13600: loss = 0.04817
  Ep03 step 10900/13600: loss = 0.05138
  Ep03 step 11000/13600: loss = 0.05102
  Ep03 step 11100/13600: loss = 0.05342
  Ep03 step 11200/13600: loss = 0.04930
  Ep03 step 11300/13600: loss = 0.06420
  Ep03 step 11400/13600: loss = 0.05585
  Ep03 step 11500/13600: loss = 0.04956
  Ep03 step 11600/13600: loss = 0.06142
  Ep03 step 11700/13600: loss = 0.05198
  Ep03 step 11800/13600: loss = 0.05550
  Ep03 step 11900/13600: loss = 0.05893
  Ep03 step 12000/13600: loss = 0.05509
  Ep03 step 12100/13600: loss = 0.04862
  Ep03 step 12200/13600: loss = 0.05413
  Ep03 step 12300/13600: loss = 0.05007
  Ep03 step 12400/13600: loss = 0.05012
  Ep03 step 12500/13600: loss = 0.05503
  Ep03 step 12600/13600: loss = 0.04950
  Ep03 step 12700/13600: loss = 0.04697
  Ep03 step 12800/13600: loss = 0.05139
  Ep03 step 12900/13600: loss = 0.05388
  Ep03 step 13000/13600: loss = 0.05833
  Ep03 step 13100/13600: loss = 0.04322
  Ep03 step 13200/13600: loss = 0.06038
  Ep03 step 13300/13600: loss = 0.05089
  Ep03 step 13400/13600: loss = 0.04909
  Ep03 step 13500/13600: loss = 0.04339
  Ep03 step 13600/13600: loss = 0.04989

Epoch 03/6 | train=0.05235 val=0.08562 | AUC=['0.999', '0.998', '0.993', '0.996'] PR=['0.991', '0.990', '0.977', '0.987'] | CASCADE-only AUC=['0.998', '0.997', '0.991', '0.995'] PR=['0.968', '0.976', '0.956', '0.977'] | mono_viol=0.00000 | 2945s

  Ep04 step  100/13600: loss = 0.05676
  Ep04 step  200/13600: loss = 0.05580
  Ep04 step  300/13600: loss = 0.05427
  Ep04 step  400/13600: loss = 0.05675
  Ep04 step  500/13600: loss = 0.06203
  Ep04 step  600/13600: loss = 0.04957
  Ep04 step  700/13600: loss = 0.05640
  Ep04 step  800/13600: loss = 0.05695
  Ep04 step  900/13600: loss = 0.05176
  Ep04 step 1000/13600: loss = 0.05009
  Ep04 step 1100/13600: loss = 0.05644
  Ep04 step 1200/13600: loss = 0.05131
  Ep04 step 1300/13600: loss = 0.05586
  Ep04 step 1400/13600: loss = 0.04650
  Ep04 step 1500/13600: loss = 0.04827
  Ep04 step 1600/13600: loss = 0.05082
  Ep04 step 1700/13600: loss = 0.04998
  Ep04 step 1800/13600: loss = 0.05787
  Ep04 step 1900/13600: loss = 0.05515
  Ep04 step 2000/13600: loss = 0.05574
  Ep04 step 2100/13600: loss = 0.05276
  Ep04 step 2200/13600: loss = 0.05313
  Ep04 step 2300/13600: loss = 0.05283
  Ep04 step 2400/13600: loss = 0.04622
  Ep04 step 2500/13600: loss = 0.05254
  Ep04 step 2600/13600: loss = 0.04846
  Ep04 step 2700/13600: loss = 0.04971
  Ep04 step 2800/13600: loss = 0.05697
  Ep04 step 2900/13600: loss = 0.06060
  Ep04 step 3000/13600: loss = 0.04763
  Ep04 step 3100/13600: loss = 0.05080
  Ep04 step 3200/13600: loss = 0.04560
  Ep04 step 3300/13600: loss = 0.05219
  Ep04 step 3400/13600: loss = 0.05690
  Ep04 step 3500/13600: loss = 0.05032
  Ep04 step 3600/13600: loss = 0.04437
  Ep04 step 3700/13600: loss = 0.04631
  Ep04 step 3800/13600: loss = 0.04336
  Ep04 step 3900/13600: loss = 0.05136
  Ep04 step 4000/13600: loss = 0.05742
  Ep04 step 4100/13600: loss = 0.05568
  Ep04 step 4200/13600: loss = 0.05210
  Ep04 step 4300/13600: loss = 0.05196
  Ep04 step 4400/13600: loss = 0.05108
  Ep04 step 4500/13600: loss = 0.05659
  Ep04 step 4600/13600: loss = 0.04865
  Ep04 step 4700/13600: loss = 0.05081
  Ep04 step 4800/13600: loss = 0.05306
  Ep04 step 4900/13600: loss = 0.05277
  Ep04 step 5000/13600: loss = 0.05812
  Ep04 step 5100/13600: loss = 0.04893
  Ep04 step 5200/13600: loss = 0.05652
  Ep04 step 5300/13600: loss = 0.05061
  Ep04 step 5400/13600: loss = 0.05304
  Ep04 step 5500/13600: loss = 0.05056
  Ep04 step 5600/13600: loss = 0.05346
  Ep04 step 5700/13600: loss = 0.04508
  Ep04 step 5800/13600: loss = 0.04831
  Ep04 step 5900/13600: loss = 0.05026
  Ep04 step 6000/13600: loss = 0.04996
  Ep04 step 6100/13600: loss = 0.04849
  Ep04 step 6200/13600: loss = 0.05546
  Ep04 step 6300/13600: loss = 0.05461
  Ep04 step 6400/13600: loss = 0.04848
  Ep04 step 6500/13600: loss = 0.04723
  Ep04 step 6600/13600: loss = 0.04785
  Ep04 step 6700/13600: loss = 0.04772
  Ep04 step 6800/13600: loss = 0.04725
  Ep04 step 6900/13600: loss = 0.05418
  Ep04 step 7000/13600: loss = 0.04800
  Ep04 step 7100/13600: loss = 0.04789
  Ep04 step 7200/13600: loss = 0.05418
  Ep04 step 7300/13600: loss = 0.05004
  Ep04 step 7400/13600: loss = 0.05096
  Ep04 step 7500/13600: loss = 0.05244
  Ep04 step 7600/13600: loss = 0.04853
  Ep04 step 7700/13600: loss = 0.05029
  Ep04 step 7800/13600: loss = 0.05685
  Ep04 step 7900/13600: loss = 0.05709
  Ep04 step 8000/13600: loss = 0.05477
  Ep04 step 8100/13600: loss = 0.04763
  Ep04 step 8200/13600: loss = 0.05559
  Ep04 step 8300/13600: loss = 0.05478
  Ep04 step 8400/13600: loss = 0.04708
  Ep04 step 8500/13600: loss = 0.05500
  Ep04 step 8600/13600: loss = 0.04635
  Ep04 step 8700/13600: loss = 0.05016
  Ep04 step 8800/13600: loss = 0.05368
  Ep04 step 8900/13600: loss = 0.05715
  Ep04 step 9000/13600: loss = 0.04891
  Ep04 step 9100/13600: loss = 0.05783
  Ep04 step 9200/13600: loss = 0.05197
  Ep04 step 9300/13600: loss = 0.05369
  Ep04 step 9400/13600: loss = 0.05269
  Ep04 step 9500/13600: loss = 0.04109
  Ep04 step 9600/13600: loss = 0.04924
  Ep04 step 9700/13600: loss = 0.04892
  Ep04 step 9800/13600: loss = 0.05269
  Ep04 step 9900/13600: loss = 0.04923
  Ep04 step 10000/13600: loss = 0.04442
  Ep04 step 10100/13600: loss = 0.04978
  Ep04 step 10200/13600: loss = 0.04991
  Ep04 step 10300/13600: loss = 0.05389
  Ep04 step 10400/13600: loss = 0.04916
  Ep04 step 10500/13600: loss = 0.05727
  Ep04 step 10600/13600: loss = 0.05370
  Ep04 step 10700/13600: loss = 0.04783
  Ep04 step 10800/13600: loss = 0.05897
  Ep04 step 10900/13600: loss = 0.04799
  Ep04 step 11000/13600: loss = 0.05099
  Ep04 step 11100/13600: loss = 0.04982
  Ep04 step 11200/13600: loss = 0.05175
  Ep04 step 11300/13600: loss = 0.04841
  Ep04 step 11400/13600: loss = 0.04698
  Ep04 step 11500/13600: loss = 0.05660
  Ep04 step 11600/13600: loss = 0.04735
  Ep04 step 11700/13600: loss = 0.04823
  Ep04 step 11800/13600: loss = 0.05427
  Ep04 step 11900/13600: loss = 0.05289
  Ep04 step 12000/13600: loss = 0.04770
  Ep04 step 12100/13600: loss = 0.05508
  Ep04 step 12200/13600: loss = 0.05461
  Ep04 step 12300/13600: loss = 0.05444
  Ep04 step 12400/13600: loss = 0.05529
  Ep04 step 12500/13600: loss = 0.05262
  Ep04 step 12600/13600: loss = 0.05012
  Ep04 step 12700/13600: loss = 0.05329
  Ep04 step 12800/13600: loss = 0.05063
  Ep04 step 12900/13600: loss = 0.05415
  Ep04 step 13000/13600: loss = 0.04661
  Ep04 step 13100/13600: loss = 0.05442
  Ep04 step 13200/13600: loss = 0.05245
  Ep04 step 13300/13600: loss = 0.04746
  Ep04 step 13400/13600: loss = 0.05399
  Ep04 step 13500/13600: loss = 0.05479
  Ep04 step 13600/13600: loss = 0.05422

Epoch 04/6 | train=0.05179 val=0.07338 | AUC=['0.999', '0.999', '0.996', '0.996'] PR=['0.992', '0.991', '0.980', '0.987'] | CASCADE-only AUC=['0.998', '0.998', '0.994', '0.995'] PR=['0.969', '0.976', '0.961', '0.977'] | mono_viol=0.00000 | 3678s

  [checkpoint] best.pt updated (epoch 4, val_loss=0.07338)
  Ep05 step  100/13600: loss = 0.05023
  Ep05 step  200/13600: loss = 0.04917
  Ep05 step  300/13600: loss = 0.05233
  Ep05 step  400/13600: loss = 0.04834
  Ep05 step  500/13600: loss = 0.05711
  Ep05 step  600/13600: loss = 0.04917
  Ep05 step  700/13600: loss = 0.05474
  Ep05 step  800/13600: loss = 0.04977
  Ep05 step  900/13600: loss = 0.05443
  Ep05 step 1000/13600: loss = 0.05551
  Ep05 step 1100/13600: loss = 0.04757
  Ep05 step 1200/13600: loss = 0.04961
  Ep05 step 1300/13600: loss = 0.04834
  Ep05 step 1400/13600: loss = 0.05446
  Ep05 step 1500/13600: loss = 0.06066
  Ep05 step 1600/13600: loss = 0.04765
  Ep05 step 1700/13600: loss = 0.04385
  Ep05 step 1800/13600: loss = 0.05174
  Ep05 step 1900/13600: loss = 0.05632
  Ep05 step 2000/13600: loss = 0.05422
  Ep05 step 2100/13600: loss = 0.06045
  Ep05 step 2200/13600: loss = 0.05380
  Ep05 step 2300/13600: loss = 0.04610
  Ep05 step 2400/13600: loss = 0.04480
  Ep05 step 2500/13600: loss = 0.04249
  Ep05 step 2600/13600: loss = 0.05165
  Ep05 step 2700/13600: loss = 0.05310
  Ep05 step 2800/13600: loss = 0.04979
  Ep05 step 2900/13600: loss = 0.05277
  Ep05 step 3000/13600: loss = 0.05041
  Ep05 step 3100/13600: loss = 0.05349
  Ep05 step 3200/13600: loss = 0.05623
  Ep05 step 3300/13600: loss = 0.05091
  Ep05 step 3400/13600: loss = 0.05006
  Ep05 step 3500/13600: loss = 0.05093
  Ep05 step 3600/13600: loss = 0.05609
  Ep05 step 3700/13600: loss = 0.05252
  Ep05 step 3800/13600: loss = 0.05550
  Ep05 step 3900/13600: loss = 0.04869
  Ep05 step 4000/13600: loss = 0.06036
  Ep05 step 4100/13600: loss = 0.05685
  Ep05 step 4200/13600: loss = 0.05174
  Ep05 step 4300/13600: loss = 0.05147
  Ep05 step 4400/13600: loss = 0.04902
  Ep05 step 4500/13600: loss = 0.05700
  Ep05 step 4600/13600: loss = 0.05555
  Ep05 step 4700/13600: loss = 0.05376
  Ep05 step 4800/13600: loss = 0.04426
  Ep05 step 4900/13600: loss = 0.04614
  Ep05 step 5000/13600: loss = 0.05310
  Ep05 step 5100/13600: loss = 0.04548
  Ep05 step 5200/13600: loss = 0.05170
  Ep05 step 5300/13600: loss = 0.05305
  Ep05 step 5400/13600: loss = 0.05854
  Ep05 step 5500/13600: loss = 0.05487
  Ep05 step 5600/13600: loss = 0.04954
  Ep05 step 5700/13600: loss = 0.04788
  Ep05 step 5800/13600: loss = 0.05571
  Ep05 step 5900/13600: loss = 0.04543
  Ep05 step 6000/13600: loss = 0.05611
  Ep05 step 6100/13600: loss = 0.04431
  Ep05 step 6200/13600: loss = 0.04891
  Ep05 step 6300/13600: loss = 0.05248
  Ep05 step 6400/13600: loss = 0.05368
  Ep05 step 6500/13600: loss = 0.05029
  Ep05 step 6600/13600: loss = 0.04846
  Ep05 step 6700/13600: loss = 0.04962
  Ep05 step 6800/13600: loss = 0.05155
  Ep05 step 6900/13600: loss = 0.05516
  Ep05 step 7000/13600: loss = 0.05063
  Ep05 step 7100/13600: loss = 0.04978
  Ep05 step 7200/13600: loss = 0.04977
  Ep05 step 7300/13600: loss = 0.05090
  Ep05 step 7400/13600: loss = 0.05369
  Ep05 step 7500/13600: loss = 0.05365
  Ep05 step 7600/13600: loss = 0.04917
  Ep05 step 7700/13600: loss = 0.05264
  Ep05 step 7800/13600: loss = 0.05666
  Ep05 step 7900/13600: loss = 0.04799
  Ep05 step 8000/13600: loss = 0.04875
  Ep05 step 8100/13600: loss = 0.05441
  Ep05 step 8200/13600: loss = 0.05541
  Ep05 step 8300/13600: loss = 0.04956
  Ep05 step 8400/13600: loss = 0.05066
  Ep05 step 8500/13600: loss = 0.04746
  Ep05 step 8600/13600: loss = 0.05081
  Ep05 step 8700/13600: loss = 0.04601
  Ep05 step 8800/13600: loss = 0.04976
  Ep05 step 8900/13600: loss = 0.05188
  Ep05 step 9000/13600: loss = 0.05441
  Ep05 step 9100/13600: loss = 0.05243
  Ep05 step 9200/13600: loss = 0.04769
  Ep05 step 9300/13600: loss = 0.04799
  Ep05 step 9400/13600: loss = 0.05039
  Ep05 step 9500/13600: loss = 0.06047
  Ep05 step 9600/13600: loss = 0.04838
  Ep05 step 9700/13600: loss = 0.04754
  Ep05 step 9800/13600: loss = 0.05681
  Ep05 step 9900/13600: loss = 0.04814
  Ep05 step 10000/13600: loss = 0.05968
  Ep05 step 10100/13600: loss = 0.04794
  Ep05 step 10200/13600: loss = 0.05090
  Ep05 step 10300/13600: loss = 0.04956
  Ep05 step 10400/13600: loss = 0.04808
  Ep05 step 10500/13600: loss = 0.05220
  Ep05 step 10600/13600: loss = 0.05765
  Ep05 step 10700/13600: loss = 0.05221
  Ep05 step 10800/13600: loss = 0.05706
  Ep05 step 10900/13600: loss = 0.05233
  Ep05 step 11000/13600: loss = 0.05256
  Ep05 step 11100/13600: loss = 0.04501
  Ep05 step 11200/13600: loss = 0.04970
  Ep05 step 11300/13600: loss = 0.05369
  Ep05 step 11400/13600: loss = 0.04682
  Ep05 step 11500/13600: loss = 0.04779
  Ep05 step 11600/13600: loss = 0.05317
  Ep05 step 11700/13600: loss = 0.05557
  Ep05 step 11800/13600: loss = 0.05330
  Ep05 step 11900/13600: loss = 0.04816
  Ep05 step 12000/13600: loss = 0.05169
  Ep05 step 12100/13600: loss = 0.05049
  Ep05 step 12200/13600: loss = 0.05102
  Ep05 step 12300/13600: loss = 0.05423
  Ep05 step 12400/13600: loss = 0.04873
  Ep05 step 12500/13600: loss = 0.04386
  Ep05 step 12600/13600: loss = 0.05502
  Ep05 step 12700/13600: loss = 0.05289
  Ep05 step 12800/13600: loss = 0.05615
  Ep05 step 12900/13600: loss = 0.04592
  Ep05 step 13000/13600: loss = 0.05404
  Ep05 step 13100/13600: loss = 0.04846
  Ep05 step 13200/13600: loss = 0.06132
  Ep05 step 13300/13600: loss = 0.04459
  Ep05 step 13400/13600: loss = 0.04950
  Ep05 step 13500/13600: loss = 0.05165
  Ep05 step 13600/13600: loss = 0.04987

Epoch 05/6 | train=0.05150 val=0.07343 | AUC=['0.999', '0.999', '0.996', '0.997'] PR=['0.992', '0.991', '0.982', '0.989'] | CASCADE-only AUC=['0.998', '0.998', '0.994', '0.996'] PR=['0.970', '0.978', '0.964', '0.980'] | mono_viol=0.00000 | 4411s

[held-out geoclaw_2050] test_loss=0.10235 mono_viol=0.00000 (1000 runs)
  ALL-nodes     AUC=[0.9977705655097961, 0.9978997746706009, 0.9924327023625373, 0.9970660440921784]  PR=[0.9838958829414899, 0.99272087531761, 0.9809446587509076, 0.9943894732768911]
  CASCADE-only  AUC=[0.9960281038880349, 0.9972525606751442, 0.9906134405136109, 0.9965996016860008]  PR=[0.9517319767282423, 0.9879229012088238, 0.9716054115171086, 0.9923997452013569]
[held-out syn_ts_914_6_1p2955] test_loss=0.03798 mono_viol=0.00000 (1000 runs)
  ALL-nodes     AUC=[0.9998904586434364, 0.999431015253067, 0.9991581593751907, 0.9986707951426506]  PR=[0.9969436457838499, 0.9906772240869114, 0.9865668575575195, 0.9876986688273808]
  CASCADE-only  AUC=[0.9997786694169044, 0.9990563105344772, 0.9987099536061287, 0.9980776046514511]  PR=[0.9877644797181836, 0.9757222749855681, 0.9691080595500117, 0.9747062042822129]
[held-out syn_ts_258_9_3p0022] test_loss=0.08431 mono_viol=0.00000 (1000 runs)
  ALL-nodes     AUC=[0.9987365589737892, 0.9988003605008126, 0.9949920716285705, 0.9972473236322403]  PR=[0.9913199892066202, 0.9958802412241864, 0.9865377269161081, 0.9946265936537746]
  CASCADE-only  AUC=[0.9975854939818383, 0.9983411856889725, 0.9934282779693604, 0.9966671212911605]  PR=[0.9693895461159475, 0.992363733888291, 0.9776294701372297, 0.9920965511111449]
[held-out syn_ts_605_5_3p7563] test_loss=0.08631 mono_viol=0.00000 (1000 runs)
  ALL-nodes     AUC=[0.9972866965532303, 0.9983849962949752, 0.9956278661489487, 0.998291728913784]  PR=[0.9904945266888693, 0.9966583292253683, 0.9927284050688714, 0.9979652403945559]
  CASCADE-only  AUC=[0.9948664145469666, 0.997557778596878, 0.9939523172974587, 0.9978150054216385]  PR=[0.9672597642642285, 0.9928064515094133, 0.9862901132728381, 0.9966052451089382]
[held-out syn_ts_808_27_3p7885] test_loss=0.07823 mono_viol=0.00000 (1000 runs)
  ALL-nodes     AUC=[0.9983225900530815, 0.9986891000270843, 0.9958885804414749, 0.9979880946278572]  PR=[0.9914177489636745, 0.9962983998223348, 0.9907167869425194, 0.996553567577203]
  CASCADE-only  AUC=[0.9968278041481972, 0.9981347029209137, 0.9945188686847687, 0.9975064101219178]  PR=[0.970150349551383, 0.9927380513691789, 0.9838604833381975, 0.9946602022178156]
[held-out syn2_t449w6_wl2p103] test_loss=0.04035 mono_viol=0.00000 (1000 runs)
  ALL-nodes     AUC=[0.9997528858780861, 0.9992673581242562, 0.998922056555748, 0.9986885475516319]  PR=[0.9931127464949846, 0.985933458497093, 0.9797912434186967, 0.9820172551863455]
  CASCADE-only  AUC=[0.9994476595520974, 0.9986589667201042, 0.9982307792901993, 0.9979634081125259]  PR=[0.9673372873163785, 0.9570246682699892, 0.9476875078333659, 0.9580793533878476]
[held-out syn2_t580w24_wl2p439] test_loss=0.08897 mono_viol=0.00000 (1000 runs)
  ALL-nodes     AUC=[0.9995346326231956, 0.9970472127199173, 0.9928856971263885, 0.9911079223155975]  PR=[0.9921561805176113, 0.9755474237435795, 0.9561638635307769, 0.9671375114603163]
  CASCADE-only  AUC=[0.999135214149952, 0.9953365429639817, 0.9903133348226547, 0.9881385571360588]  PR=[0.9739756969354265, 0.9509943363344097, 0.9255121142867463, 0.9499635086922149]
[held-out syn2_t934c34_wl2p777] test_loss=0.07753 mono_viol=0.00000 (1000 runs)
  ALL-nodes     AUC=[0.9991833798885346, 0.9987493802309036, 0.9944743694663047, 0.9957349606752396]  PR=[0.9898931536428578, 0.9919325014486432, 0.9757992269726449, 0.9866364654477779]
  CASCADE-only  AUC=[0.998436075091362, 0.9980956435203552, 0.9927327756881714, 0.9945464567542076]  PR=[0.9642198744150271, 0.983594071814488, 0.9601221875624854, 0.979705816532455]
[held-out syn2_t270w17_wl3p116] test_loss=0.08794 mono_viol=0.00000 (1000 runs)
  ALL-nodes     AUC=[0.9986514967679977, 0.99873550593853, 0.9938739686012268, 0.9963991885185242]  PR=[0.9883696259501135, 0.9946189266605678, 0.9806019986326553, 0.9918808025376976]
  CASCADE-only  AUC=[0.9974581184387207, 0.9982594444751739, 0.9920515458583832, 0.9956655641794204]  PR=[0.9598916229777218, 0.9901634100495486, 0.9687737132149881, 0.9883549147866538]
[held-out syn2_t33w13_wl3p458] test_loss=0.08239 mono_viol=0.00000 (1000 runs)
  ALL-nodes     AUC=[0.998729132592678, 0.9988019598722457, 0.995316519498825, 0.9973559412956238]  PR=[0.9917873872424395, 0.996057477700703, 0.9878888568058921, 0.9949925588045965]
  CASCADE-only  AUC=[0.9975540698766708, 0.998329485476017, 0.9938161587715149, 0.9967736119031906]  PR=[0.970602884315767, 0.99255594249908, 0.9795551618405951, 0.9925028485001886]
[held-out syn2_t857w1_wl3p800] test_loss=0.07693 mono_viol=0.00000 (1000 runs)
  ALL-nodes     AUC=[0.9981721982955932, 0.9987048499584198, 0.9960913816690445, 0.9982488364577293]  PR=[0.9911373274080829, 0.9964963733216348, 0.9914694767883838, 0.9970763147291507]
  CASCADE-only  AUC=[0.9965553552508354, 0.9981508406400681, 0.9947839729785919, 0.9978240373134613]  PR=[0.9694806731712049, 0.9930973203206109, 0.9850943065957583, 0.9954352372944253]
[held-out syn2_t116w1_wl4p130] test_loss=0.07501 mono_viol=0.00000 (1000 runs)
  ALL-nodes     AUC=[0.9977888686656952, 0.9985573804378509, 0.9964667620062828, 0.9990162083506584]  PR=[0.9911500589560933, 0.9966522278869685, 0.9932589335635429, 0.9984863391442937]
  CASCADE-only  AUC=[0.9958623356223106, 0.997880273103714, 0.9952070890069008, 0.9987430334091186]  PR=[0.9701290240114365, 0.993130379404889, 0.98780057985261, 0.997508628255746]
[held-out syn2_t198w16_wl4p722] test_loss=0.09641 mono_viol=0.00000 (1000 runs)
  ALL-nodes     AUC=[0.9968351700305939, 0.9979659752249718, 0.9935129296779632, 0.996538193821907]  PR=[0.9898331032389337, 0.9962429578774344, 0.9908682377296318, 0.9966869072464808]
  CASCADE-only  AUC=[0.9939423471689224, 0.9968761280179024, 0.9910165551304817, 0.9955813174247742]  PR=[0.9641919235933093, 0.9917916127236027, 0.9828689641343927, 0.9945668546417866]
