task=39 arm=old17 variant=ctx cell=dynamic_timing torch_seed=2 set=jesse22 head=hazard labels=/scratch/tj2587/results/dynamic_v1/arrival_h360 labels2=/scratch/tj2587/results/dynamic_v1/arrival_h360 timing=1 context=1 ckpt=/scratch/tj2587/results/gnn_morestorms_v1/old17_ctx_dynamic_timing_s2 smoke=0 commit=967d122 uncommitted_files=0
[gate] CUDA OK: NVIDIA L40S
[gate] heterodata data/graph/nyc_infra_heterodata_v1_frozen_failover_edges.pt: total=6231 -> OK
[gate] set jesse22: 22 storms, 17 for training, 5 held out; in both folders []; missing [] -> OK
[gate] timing table data/flood/timing/node_timing_jesse22_plus_gissr48_v1.csv: storms without rows [] -> OK
[gate] variant ctx: storm context on, timing inputs on -> OK
[gate] head switch present: ('independent', 'hazard')
=== TRAIN MODE — full training ===
torch seed set: 2
Train: 13600  Val: 3400  (17 scenarios) | Test held-out: ['geoclaw_2050', 'syn_ts_914_6_1p2955', 'syn_ts_258_9_3p0022', 'syn_ts_605_5_3p7563', 'syn_ts_808_27_3p7885'] (5000 runs)
Model parameters: 700,952  head=hazard
Device: cuda
[timing-features] loaded 71 scenarios from data/flood/timing/node_timing_jesse22_plus_gissr48_v1.csv (features ('arrival_h', 'duration_h', 'time_to_peak_h'), scaled by 96 h)
  Ep00 step  100/13600: loss = 0.43134
  Ep00 step  200/13600: loss = 0.22416
  Ep00 step  300/13600: loss = 0.16588
  Ep00 step  400/13600: loss = 0.17312
  Ep00 step  500/13600: loss = 0.16800
  Ep00 step  600/13600: loss = 0.13309
  Ep00 step  700/13600: loss = 0.13023
  Ep00 step  800/13600: loss = 0.14144
  Ep00 step  900/13600: loss = 0.15008
  Ep00 step 1000/13600: loss = 0.12376
  Ep00 step 1100/13600: loss = 0.13369
  Ep00 step 1200/13600: loss = 0.11928
  Ep00 step 1300/13600: loss = 0.12625
  Ep00 step 1400/13600: loss = 0.12570
  Ep00 step 1500/13600: loss = 0.11875
  Ep00 step 1600/13600: loss = 0.12587
  Ep00 step 1700/13600: loss = 0.12811
  Ep00 step 1800/13600: loss = 0.11641
  Ep00 step 1900/13600: loss = 0.11826
  Ep00 step 2000/13600: loss = 0.11819
  Ep00 step 2100/13600: loss = 0.13080
  Ep00 step 2200/13600: loss = 0.11611
  Ep00 step 2300/13600: loss = 0.09976
  Ep00 step 2400/13600: loss = 0.11989
  Ep00 step 2500/13600: loss = 0.11919
  Ep00 step 2600/13600: loss = 0.11040
  Ep00 step 2700/13600: loss = 0.10143
  Ep00 step 2800/13600: loss = 0.10671
  Ep00 step 2900/13600: loss = 0.10957
  Ep00 step 3000/13600: loss = 0.10672
  Ep00 step 3100/13600: loss = 0.10114
  Ep00 step 3200/13600: loss = 0.10787
  Ep00 step 3300/13600: loss = 0.10294
  Ep00 step 3400/13600: loss = 0.10268
  Ep00 step 3500/13600: loss = 0.11028
  Ep00 step 3600/13600: loss = 0.09580
  Ep00 step 3700/13600: loss = 0.09816
  Ep00 step 3800/13600: loss = 0.09711
  Ep00 step 3900/13600: loss = 0.09177
  Ep00 step 4000/13600: loss = 0.10280
  Ep00 step 4100/13600: loss = 0.09135
  Ep00 step 4200/13600: loss = 0.09426
  Ep00 step 4300/13600: loss = 0.09954
  Ep00 step 4400/13600: loss = 0.10696
  Ep00 step 4500/13600: loss = 0.10613
  Ep00 step 4600/13600: loss = 0.08888
  Ep00 step 4700/13600: loss = 0.11014
  Ep00 step 4800/13600: loss = 0.09493
  Ep00 step 4900/13600: loss = 0.09310
  Ep00 step 5000/13600: loss = 0.10290
  Ep00 step 5100/13600: loss = 0.09013
  Ep00 step 5200/13600: loss = 0.10915
  Ep00 step 5300/13600: loss = 0.08939
  Ep00 step 5400/13600: loss = 0.09667
  Ep00 step 5500/13600: loss = 0.09115
  Ep00 step 5600/13600: loss = 0.09253
  Ep00 step 5700/13600: loss = 0.09146
  Ep00 step 5800/13600: loss = 0.09852
  Ep00 step 5900/13600: loss = 0.08938
  Ep00 step 6000/13600: loss = 0.07657
  Ep00 step 6100/13600: loss = 0.08636
  Ep00 step 6200/13600: loss = 0.08096
  Ep00 step 6300/13600: loss = 0.08960
  Ep00 step 6400/13600: loss = 0.08067
  Ep00 step 6500/13600: loss = 0.09129
  Ep00 step 6600/13600: loss = 0.09438
  Ep00 step 6700/13600: loss = 0.10418
  Ep00 step 6800/13600: loss = 0.09053
  Ep00 step 6900/13600: loss = 0.07899
  Ep00 step 7000/13600: loss = 0.09496
  Ep00 step 7100/13600: loss = 0.10018
  Ep00 step 7200/13600: loss = 0.08916
  Ep00 step 7300/13600: loss = 0.08603
  Ep00 step 7400/13600: loss = 0.08790
  Ep00 step 7500/13600: loss = 0.09437
  Ep00 step 7600/13600: loss = 0.08282
  Ep00 step 7700/13600: loss = 0.08350
  Ep00 step 7800/13600: loss = 0.07687
  Ep00 step 7900/13600: loss = 0.08346
  Ep00 step 8000/13600: loss = 0.08246
  Ep00 step 8100/13600: loss = 0.09605
  Ep00 step 8200/13600: loss = 0.09357
  Ep00 step 8300/13600: loss = 0.08744
  Ep00 step 8400/13600: loss = 0.09101
  Ep00 step 8500/13600: loss = 0.09682
  Ep00 step 8600/13600: loss = 0.09797
  Ep00 step 8700/13600: loss = 0.09531
  Ep00 step 8800/13600: loss = 0.08216
  Ep00 step 8900/13600: loss = 0.08264
  Ep00 step 9000/13600: loss = 0.08352
  Ep00 step 9100/13600: loss = 0.10053
  Ep00 step 9200/13600: loss = 0.07612
  Ep00 step 9300/13600: loss = 0.07835
  Ep00 step 9400/13600: loss = 0.08509
  Ep00 step 9500/13600: loss = 0.07683
  Ep00 step 9600/13600: loss = 0.08490
  Ep00 step 9700/13600: loss = 0.08809
  Ep00 step 9800/13600: loss = 0.08683
  Ep00 step 9900/13600: loss = 0.08989
  Ep00 step 10000/13600: loss = 0.09211
  Ep00 step 10100/13600: loss = 0.08789
  Ep00 step 10200/13600: loss = 0.07413
  Ep00 step 10300/13600: loss = 0.09451
  Ep00 step 10400/13600: loss = 0.09010
  Ep00 step 10500/13600: loss = 0.07142
  Ep00 step 10600/13600: loss = 0.07767
  Ep00 step 10700/13600: loss = 0.07678
  Ep00 step 10800/13600: loss = 0.08972
  Ep00 step 10900/13600: loss = 0.09223
  Ep00 step 11000/13600: loss = 0.08242
  Ep00 step 11100/13600: loss = 0.07802
  Ep00 step 11200/13600: loss = 0.08910
  Ep00 step 11300/13600: loss = 0.09749
  Ep00 step 11400/13600: loss = 0.08210
  Ep00 step 11500/13600: loss = 0.08942
  Ep00 step 11600/13600: loss = 0.08617
  Ep00 step 11700/13600: loss = 0.08250
  Ep00 step 11800/13600: loss = 0.07407
  Ep00 step 11900/13600: loss = 0.07002
  Ep00 step 12000/13600: loss = 0.08208
  Ep00 step 12100/13600: loss = 0.09139
  Ep00 step 12200/13600: loss = 0.08388
  Ep00 step 12300/13600: loss = 0.07854
  Ep00 step 12400/13600: loss = 0.09085
  Ep00 step 12500/13600: loss = 0.08353
  Ep00 step 12600/13600: loss = 0.08690
  Ep00 step 12700/13600: loss = 0.08244
  Ep00 step 12800/13600: loss = 0.08359
  Ep00 step 12900/13600: loss = 0.08460
  Ep00 step 13000/13600: loss = 0.09307
  Ep00 step 13100/13600: loss = 0.07605
  Ep00 step 13200/13600: loss = 0.08453
  Ep00 step 13300/13600: loss = 0.08771
  Ep00 step 13400/13600: loss = 0.07392
  Ep00 step 13500/13600: loss = 0.07219
  Ep00 step 13600/13600: loss = 0.08665

Epoch 00/6 | train=0.10035 val=0.10064 | AUC=['0.996', '0.995', '0.992', '0.994'] PR=['0.975', '0.977', '0.968', '0.977'] | CASCADE-only AUC=['0.995', '0.994', '0.990', '0.992'] PR=['0.942', '0.952', '0.943', '0.960'] | mono_viol=0.00000 | 803s

  [checkpoint] best.pt updated (epoch 0, val_loss=0.10064)
  Ep01 step  100/13600: loss = 0.08433
  Ep01 step  200/13600: loss = 0.09461
  Ep01 step  300/13600: loss = 0.08826
  Ep01 step  400/13600: loss = 0.07727
  Ep01 step  500/13600: loss = 0.07056
  Ep01 step  600/13600: loss = 0.07734
  Ep01 step  700/13600: loss = 0.08021
  Ep01 step  800/13600: loss = 0.08133
  Ep01 step  900/13600: loss = 0.08594
  Ep01 step 1000/13600: loss = 0.07056
  Ep01 step 1100/13600: loss = 0.08912
  Ep01 step 1200/13600: loss = 0.09425
  Ep01 step 1300/13600: loss = 0.08769
  Ep01 step 1400/13600: loss = 0.08637
  Ep01 step 1500/13600: loss = 0.08581
  Ep01 step 1600/13600: loss = 0.08287
  Ep01 step 1700/13600: loss = 0.07720
  Ep01 step 1800/13600: loss = 0.08436
  Ep01 step 1900/13600: loss = 0.08499
  Ep01 step 2000/13600: loss = 0.07840
  Ep01 step 2100/13600: loss = 0.07895
  Ep01 step 2200/13600: loss = 0.08321
  Ep01 step 2300/13600: loss = 0.07596
  Ep01 step 2400/13600: loss = 0.07212
  Ep01 step 2500/13600: loss = 0.07241
  Ep01 step 2600/13600: loss = 0.08618
  Ep01 step 2700/13600: loss = 0.06761
  Ep01 step 2800/13600: loss = 0.08241
  Ep01 step 2900/13600: loss = 0.07206
  Ep01 step 3000/13600: loss = 0.07970
  Ep01 step 3100/13600: loss = 0.07231
  Ep01 step 3200/13600: loss = 0.07898
  Ep01 step 3300/13600: loss = 0.08393
  Ep01 step 3400/13600: loss = 0.08087
  Ep01 step 3500/13600: loss = 0.08758
  Ep01 step 3600/13600: loss = 0.08019
  Ep01 step 3700/13600: loss = 0.07652
  Ep01 step 3800/13600: loss = 0.09165
  Ep01 step 3900/13600: loss = 0.08386
  Ep01 step 4000/13600: loss = 0.07864
  Ep01 step 4100/13600: loss = 0.07794
  Ep01 step 4200/13600: loss = 0.07471
  Ep01 step 4300/13600: loss = 0.06685
  Ep01 step 4400/13600: loss = 0.08906
  Ep01 step 4500/13600: loss = 0.06976
  Ep01 step 4600/13600: loss = 0.08018
  Ep01 step 4700/13600: loss = 0.07897
  Ep01 step 4800/13600: loss = 0.08807
  Ep01 step 4900/13600: loss = 0.07902
  Ep01 step 5000/13600: loss = 0.06627
  Ep01 step 5100/13600: loss = 0.07500
  Ep01 step 5200/13600: loss = 0.07601
  Ep01 step 5300/13600: loss = 0.08376
  Ep01 step 5400/13600: loss = 0.07488
  Ep01 step 5500/13600: loss = 0.08263
  Ep01 step 5600/13600: loss = 0.07597
  Ep01 step 5700/13600: loss = 0.07034
  Ep01 step 5800/13600: loss = 0.07678
  Ep01 step 5900/13600: loss = 0.07773
  Ep01 step 6000/13600: loss = 0.07812
  Ep01 step 6100/13600: loss = 0.07801
  Ep01 step 6200/13600: loss = 0.07751
  Ep01 step 6300/13600: loss = 0.07048
  Ep01 step 6400/13600: loss = 0.08093
  Ep01 step 6500/13600: loss = 0.07562
  Ep01 step 6600/13600: loss = 0.08766
  Ep01 step 6700/13600: loss = 0.07663
  Ep01 step 6800/13600: loss = 0.06854
  Ep01 step 6900/13600: loss = 0.09435
  Ep01 step 7000/13600: loss = 0.09329
  Ep01 step 7100/13600: loss = 0.07143
  Ep01 step 7200/13600: loss = 0.08910
  Ep01 step 7300/13600: loss = 0.07190
  Ep01 step 7400/13600: loss = 0.08613
  Ep01 step 7500/13600: loss = 0.08216
  Ep01 step 7600/13600: loss = 0.08206
  Ep01 step 7700/13600: loss = 0.07787
  Ep01 step 7800/13600: loss = 0.07957
  Ep01 step 7900/13600: loss = 0.06902
  Ep01 step 8000/13600: loss = 0.06879
  Ep01 step 8100/13600: loss = 0.07650
  Ep01 step 8200/13600: loss = 0.06549
  Ep01 step 8300/13600: loss = 0.07357
  Ep01 step 8400/13600: loss = 0.07688
  Ep01 step 8500/13600: loss = 0.07516
  Ep01 step 8600/13600: loss = 0.07356
  Ep01 step 8700/13600: loss = 0.06963
  Ep01 step 8800/13600: loss = 0.08200
  Ep01 step 8900/13600: loss = 0.07639
  Ep01 step 9000/13600: loss = 0.07696
  Ep01 step 9100/13600: loss = 0.06692
  Ep01 step 9200/13600: loss = 0.07676
  Ep01 step 9300/13600: loss = 0.08113
  Ep01 step 9400/13600: loss = 0.08556
  Ep01 step 9500/13600: loss = 0.07022
  Ep01 step 9600/13600: loss = 0.07576
  Ep01 step 9700/13600: loss = 0.07032
  Ep01 step 9800/13600: loss = 0.06881
  Ep01 step 9900/13600: loss = 0.07861
  Ep01 step 10000/13600: loss = 0.07307
  Ep01 step 10100/13600: loss = 0.07779
  Ep01 step 10200/13600: loss = 0.07145
  Ep01 step 10300/13600: loss = 0.07712
  Ep01 step 10400/13600: loss = 0.08267
  Ep01 step 10500/13600: loss = 0.07278
  Ep01 step 10600/13600: loss = 0.07548
  Ep01 step 10700/13600: loss = 0.08156
  Ep01 step 10800/13600: loss = 0.06920
  Ep01 step 10900/13600: loss = 0.07102
  Ep01 step 11000/13600: loss = 0.07433
  Ep01 step 11100/13600: loss = 0.07831
  Ep01 step 11200/13600: loss = 0.08358
  Ep01 step 11300/13600: loss = 0.07418
  Ep01 step 11400/13600: loss = 0.06794
  Ep01 step 11500/13600: loss = 0.06587
  Ep01 step 11600/13600: loss = 0.07448
  Ep01 step 11700/13600: loss = 0.08383
  Ep01 step 11800/13600: loss = 0.07768
  Ep01 step 11900/13600: loss = 0.07179
  Ep01 step 12000/13600: loss = 0.07265
  Ep01 step 12100/13600: loss = 0.08934
  Ep01 step 12200/13600: loss = 0.07803
  Ep01 step 12300/13600: loss = 0.07766
  Ep01 step 12400/13600: loss = 0.08170
  Ep01 step 12500/13600: loss = 0.08286
  Ep01 step 12600/13600: loss = 0.06926
  Ep01 step 12700/13600: loss = 0.08095
  Ep01 step 12800/13600: loss = 0.07863
  Ep01 step 12900/13600: loss = 0.07115
  Ep01 step 13000/13600: loss = 0.07349
  Ep01 step 13100/13600: loss = 0.07551
  Ep01 step 13200/13600: loss = 0.08210
  Ep01 step 13300/13600: loss = 0.08388
  Ep01 step 13400/13600: loss = 0.09404
  Ep01 step 13500/13600: loss = 0.07318
  Ep01 step 13600/13600: loss = 0.07934

Epoch 01/6 | train=0.07822 val=0.09674 | AUC=['0.997', '0.996', '0.993', '0.995'] PR=['0.979', '0.979', '0.971', '0.980'] | CASCADE-only AUC=['0.996', '0.995', '0.991', '0.993'] PR=['0.952', '0.956', '0.948', '0.965'] | mono_viol=0.00000 | 1576s

  [checkpoint] best.pt updated (epoch 1, val_loss=0.09674)
  Ep02 step  100/13600: loss = 0.07518
  Ep02 step  200/13600: loss = 0.06963
  Ep02 step  300/13600: loss = 0.07282
  Ep02 step  400/13600: loss = 0.07043
  Ep02 step  500/13600: loss = 0.06238
  Ep02 step  600/13600: loss = 0.07939
  Ep02 step  700/13600: loss = 0.07061
  Ep02 step  800/13600: loss = 0.07517
  Ep02 step  900/13600: loss = 0.08051
  Ep02 step 1000/13600: loss = 0.08476
  Ep02 step 1100/13600: loss = 0.07721
  Ep02 step 1200/13600: loss = 0.07518
  Ep02 step 1300/13600: loss = 0.08437
  Ep02 step 1400/13600: loss = 0.08278
  Ep02 step 1500/13600: loss = 0.08366
  Ep02 step 1600/13600: loss = 0.06727
  Ep02 step 1700/13600: loss = 0.08023
  Ep02 step 1800/13600: loss = 0.08368
  Ep02 step 1900/13600: loss = 0.07677
  Ep02 step 2000/13600: loss = 0.08164
  Ep02 step 2100/13600: loss = 0.07013
  Ep02 step 2200/13600: loss = 0.07588
  Ep02 step 2300/13600: loss = 0.07803
  Ep02 step 2400/13600: loss = 0.06707
  Ep02 step 2500/13600: loss = 0.07031
  Ep02 step 2600/13600: loss = 0.07586
  Ep02 step 2700/13600: loss = 0.06857
  Ep02 step 2800/13600: loss = 0.07875
  Ep02 step 2900/13600: loss = 0.07027
  Ep02 step 3000/13600: loss = 0.07397
  Ep02 step 3100/13600: loss = 0.08249
  Ep02 step 3200/13600: loss = 0.07094
  Ep02 step 3300/13600: loss = 0.07437
  Ep02 step 3400/13600: loss = 0.07938
  Ep02 step 3500/13600: loss = 0.07103
  Ep02 step 3600/13600: loss = 0.07810
  Ep02 step 3700/13600: loss = 0.07730
  Ep02 step 3800/13600: loss = 0.07871
  Ep02 step 3900/13600: loss = 0.07514
  Ep02 step 4000/13600: loss = 0.07784
  Ep02 step 4100/13600: loss = 0.06805
  Ep02 step 4200/13600: loss = 0.07553
  Ep02 step 4300/13600: loss = 0.07016
  Ep02 step 4400/13600: loss = 0.05999
  Ep02 step 4500/13600: loss = 0.07403
  Ep02 step 4600/13600: loss = 0.07117
  Ep02 step 4700/13600: loss = 0.07990
  Ep02 step 4800/13600: loss = 0.07881
  Ep02 step 4900/13600: loss = 0.06374
  Ep02 step 5000/13600: loss = 0.07344
  Ep02 step 5100/13600: loss = 0.07483
  Ep02 step 5200/13600: loss = 0.06945
  Ep02 step 5300/13600: loss = 0.07876
  Ep02 step 5400/13600: loss = 0.06522
  Ep02 step 5500/13600: loss = 0.08310
  Ep02 step 5600/13600: loss = 0.07100
  Ep02 step 5700/13600: loss = 0.07085
  Ep02 step 5800/13600: loss = 0.06807
  Ep02 step 5900/13600: loss = 0.07771
  Ep02 step 6000/13600: loss = 0.07181
  Ep02 step 6100/13600: loss = 0.07516
  Ep02 step 6200/13600: loss = 0.06897
  Ep02 step 6300/13600: loss = 0.08093
  Ep02 step 6400/13600: loss = 0.07265
  Ep02 step 6500/13600: loss = 0.07887
  Ep02 step 6600/13600: loss = 0.07995
  Ep02 step 6700/13600: loss = 0.06596
  Ep02 step 6800/13600: loss = 0.07364
  Ep02 step 6900/13600: loss = 0.07589
  Ep02 step 7000/13600: loss = 0.07554
  Ep02 step 7100/13600: loss = 0.07805
  Ep02 step 7200/13600: loss = 0.07187
  Ep02 step 7300/13600: loss = 0.08954
  Ep02 step 7400/13600: loss = 0.07074
  Ep02 step 7500/13600: loss = 0.06849
  Ep02 step 7600/13600: loss = 0.06234
  Ep02 step 7700/13600: loss = 0.07751
  Ep02 step 7800/13600: loss = 0.08322
  Ep02 step 7900/13600: loss = 0.07097
  Ep02 step 8000/13600: loss = 0.07653
  Ep02 step 8100/13600: loss = 0.08166
  Ep02 step 8200/13600: loss = 0.07727
  Ep02 step 8300/13600: loss = 0.07815
  Ep02 step 8400/13600: loss = 0.06709
  Ep02 step 8500/13600: loss = 0.07321
  Ep02 step 8600/13600: loss = 0.06607
  Ep02 step 8700/13600: loss = 0.07275
  Ep02 step 8800/13600: loss = 0.07011
  Ep02 step 8900/13600: loss = 0.08174
  Ep02 step 9000/13600: loss = 0.08423
  Ep02 step 9100/13600: loss = 0.05850
  Ep02 step 9200/13600: loss = 0.08551
  Ep02 step 9300/13600: loss = 0.07774
  Ep02 step 9400/13600: loss = 0.07750
  Ep02 step 9500/13600: loss = 0.08225
  Ep02 step 9600/13600: loss = 0.06741
  Ep02 step 9700/13600: loss = 0.08496
  Ep02 step 9800/13600: loss = 0.06781
  Ep02 step 9900/13600: loss = 0.08002
  Ep02 step 10000/13600: loss = 0.07814
  Ep02 step 10100/13600: loss = 0.06389
  Ep02 step 10200/13600: loss = 0.08342
  Ep02 step 10300/13600: loss = 0.07176
  Ep02 step 10400/13600: loss = 0.07881
  Ep02 step 10500/13600: loss = 0.07432
  Ep02 step 10600/13600: loss = 0.08881
  Ep02 step 10700/13600: loss = 0.07001
  Ep02 step 10800/13600: loss = 0.07340
  Ep02 step 10900/13600: loss = 0.06858
  Ep02 step 11000/13600: loss = 0.08660
  Ep02 step 11100/13600: loss = 0.07821
  Ep02 step 11200/13600: loss = 0.06622
  Ep02 step 11300/13600: loss = 0.08793
  Ep02 step 11400/13600: loss = 0.07710
  Ep02 step 11500/13600: loss = 0.07833
  Ep02 step 11600/13600: loss = 0.08177
  Ep02 step 11700/13600: loss = 0.06277
  Ep02 step 11800/13600: loss = 0.07352
  Ep02 step 11900/13600: loss = 0.07206
  Ep02 step 12000/13600: loss = 0.07467
  Ep02 step 12100/13600: loss = 0.07144
  Ep02 step 12200/13600: loss = 0.07578
  Ep02 step 12300/13600: loss = 0.06865
  Ep02 step 12400/13600: loss = 0.07249
  Ep02 step 12500/13600: loss = 0.07667
  Ep02 step 12600/13600: loss = 0.06666
  Ep02 step 12700/13600: loss = 0.08463
  Ep02 step 12800/13600: loss = 0.09091
  Ep02 step 12900/13600: loss = 0.08519
  Ep02 step 13000/13600: loss = 0.07147
  Ep02 step 13100/13600: loss = 0.07695
  Ep02 step 13200/13600: loss = 0.07439
  Ep02 step 13300/13600: loss = 0.06662
  Ep02 step 13400/13600: loss = 0.06821
  Ep02 step 13500/13600: loss = 0.07485
  Ep02 step 13600/13600: loss = 0.07176

Epoch 02/6 | train=0.07494 val=0.09344 | AUC=['0.997', '0.996', '0.993', '0.995'] PR=['0.981', '0.980', '0.973', '0.982'] | CASCADE-only AUC=['0.996', '0.995', '0.992', '0.994'] PR=['0.956', '0.960', '0.952', '0.969'] | mono_viol=0.00000 | 2395s

  [checkpoint] best.pt updated (epoch 2, val_loss=0.09344)
  Ep03 step  100/13600: loss = 0.07612
  Ep03 step  200/13600: loss = 0.06725
  Ep03 step  300/13600: loss = 0.06413
  Ep03 step  400/13600: loss = 0.07368
  Ep03 step  500/13600: loss = 0.07630
  Ep03 step  600/13600: loss = 0.07629
  Ep03 step  700/13600: loss = 0.07052
  Ep03 step  800/13600: loss = 0.08531
  Ep03 step  900/13600: loss = 0.07804
  Ep03 step 1000/13600: loss = 0.07627
  Ep03 step 1100/13600: loss = 0.06799
  Ep03 step 1200/13600: loss = 0.07524
  Ep03 step 1300/13600: loss = 0.06637
  Ep03 step 1400/13600: loss = 0.08342
  Ep03 step 1500/13600: loss = 0.08436
  Ep03 step 1600/13600: loss = 0.07868
  Ep03 step 1700/13600: loss = 0.07115
  Ep03 step 1800/13600: loss = 0.07020
  Ep03 step 1900/13600: loss = 0.06989
  Ep03 step 2000/13600: loss = 0.08015
  Ep03 step 2100/13600: loss = 0.06425
  Ep03 step 2200/13600: loss = 0.06684
  Ep03 step 2300/13600: loss = 0.07139
  Ep03 step 2400/13600: loss = 0.07554
  Ep03 step 2500/13600: loss = 0.06930
  Ep03 step 2600/13600: loss = 0.06630
  Ep03 step 2700/13600: loss = 0.07869
  Ep03 step 2800/13600: loss = 0.07765
  Ep03 step 2900/13600: loss = 0.07157
  Ep03 step 3000/13600: loss = 0.07486
  Ep03 step 3100/13600: loss = 0.06656
  Ep03 step 3200/13600: loss = 0.08000
  Ep03 step 3300/13600: loss = 0.08575
  Ep03 step 3400/13600: loss = 0.06495
  Ep03 step 3500/13600: loss = 0.07642
  Ep03 step 3600/13600: loss = 0.06664
  Ep03 step 3700/13600: loss = 0.07414
  Ep03 step 3800/13600: loss = 0.07612
  Ep03 step 3900/13600: loss = 0.06837
  Ep03 step 4000/13600: loss = 0.07004
  Ep03 step 4100/13600: loss = 0.07871
  Ep03 step 4200/13600: loss = 0.07483
  Ep03 step 4300/13600: loss = 0.07839
  Ep03 step 4400/13600: loss = 0.07160
  Ep03 step 4500/13600: loss = 0.07690
  Ep03 step 4600/13600: loss = 0.07403
  Ep03 step 4700/13600: loss = 0.07532
  Ep03 step 4800/13600: loss = 0.07718
  Ep03 step 4900/13600: loss = 0.07504
  Ep03 step 5000/13600: loss = 0.05827
  Ep03 step 5100/13600: loss = 0.07681
  Ep03 step 5200/13600: loss = 0.07667
  Ep03 step 5300/13600: loss = 0.07110
  Ep03 step 5400/13600: loss = 0.07166
  Ep03 step 5500/13600: loss = 0.06552
  Ep03 step 5600/13600: loss = 0.06122
  Ep03 step 5700/13600: loss = 0.06567
  Ep03 step 5800/13600: loss = 0.07831
  Ep03 step 5900/13600: loss = 0.08211
  Ep03 step 6000/13600: loss = 0.06817
  Ep03 step 6100/13600: loss = 0.07966
  Ep03 step 6200/13600: loss = 0.07799
  Ep03 step 6300/13600: loss = 0.07167
  Ep03 step 6400/13600: loss = 0.06794
  Ep03 step 6500/13600: loss = 0.06865
  Ep03 step 6600/13600: loss = 0.07809
  Ep03 step 6700/13600: loss = 0.06664
  Ep03 step 6800/13600: loss = 0.07020
  Ep03 step 6900/13600: loss = 0.07229
  Ep03 step 7000/13600: loss = 0.06806
  Ep03 step 7100/13600: loss = 0.06332
  Ep03 step 7200/13600: loss = 0.07287
  Ep03 step 7300/13600: loss = 0.07121
  Ep03 step 7400/13600: loss = 0.07182
  Ep03 step 7500/13600: loss = 0.06998
  Ep03 step 7600/13600: loss = 0.07073
  Ep03 step 7700/13600: loss = 0.06474
  Ep03 step 7800/13600: loss = 0.07874
  Ep03 step 7900/13600: loss = 0.07822
  Ep03 step 8000/13600: loss = 0.08612
  Ep03 step 8100/13600: loss = 0.08784
  Ep03 step 8200/13600: loss = 0.07322
  Ep03 step 8300/13600: loss = 0.07524
  Ep03 step 8400/13600: loss = 0.07853
  Ep03 step 8500/13600: loss = 0.06594
  Ep03 step 8600/13600: loss = 0.05763
  Ep03 step 8700/13600: loss = 0.07539
  Ep03 step 8800/13600: loss = 0.06456
  Ep03 step 8900/13600: loss = 0.07425
  Ep03 step 9000/13600: loss = 0.06788
  Ep03 step 9100/13600: loss = 0.07151
  Ep03 step 9200/13600: loss = 0.06297
  Ep03 step 9300/13600: loss = 0.06581
  Ep03 step 9400/13600: loss = 0.08126
  Ep03 step 9500/13600: loss = 0.08369
  Ep03 step 9600/13600: loss = 0.07221
  Ep03 step 9700/13600: loss = 0.06628
  Ep03 step 9800/13600: loss = 0.07069
  Ep03 step 9900/13600: loss = 0.08071
  Ep03 step 10000/13600: loss = 0.06526
  Ep03 step 10100/13600: loss = 0.07464
  Ep03 step 10200/13600: loss = 0.08122
  Ep03 step 10300/13600: loss = 0.07100
  Ep03 step 10400/13600: loss = 0.06586
  Ep03 step 10500/13600: loss = 0.07165
  Ep03 step 10600/13600: loss = 0.07080
  Ep03 step 10700/13600: loss = 0.08812
  Ep03 step 10800/13600: loss = 0.07387
  Ep03 step 10900/13600: loss = 0.06806
  Ep03 step 11000/13600: loss = 0.07281
  Ep03 step 11100/13600: loss = 0.07689
  Ep03 step 11200/13600: loss = 0.07674
  Ep03 step 11300/13600: loss = 0.07829
  Ep03 step 11400/13600: loss = 0.06295
  Ep03 step 11500/13600: loss = 0.06322
  Ep03 step 11600/13600: loss = 0.07227
  Ep03 step 11700/13600: loss = 0.06160
  Ep03 step 11800/13600: loss = 0.06770
  Ep03 step 11900/13600: loss = 0.07898
  Ep03 step 12000/13600: loss = 0.06958
  Ep03 step 12100/13600: loss = 0.08205
  Ep03 step 12200/13600: loss = 0.07597
  Ep03 step 12300/13600: loss = 0.08103
  Ep03 step 12400/13600: loss = 0.07446
  Ep03 step 12500/13600: loss = 0.06991
  Ep03 step 12600/13600: loss = 0.07358
  Ep03 step 12700/13600: loss = 0.07984
  Ep03 step 12800/13600: loss = 0.07314
  Ep03 step 12900/13600: loss = 0.06409
  Ep03 step 13000/13600: loss = 0.06969
  Ep03 step 13100/13600: loss = 0.07465
  Ep03 step 13200/13600: loss = 0.07510
  Ep03 step 13300/13600: loss = 0.07669
  Ep03 step 13400/13600: loss = 0.07430
  Ep03 step 13500/13600: loss = 0.08136
  Ep03 step 13600/13600: loss = 0.06591

Epoch 03/6 | train=0.07296 val=0.09136 | AUC=['0.997', '0.996', '0.994', '0.995'] PR=['0.982', '0.982', '0.975', '0.983'] | CASCADE-only AUC=['0.996', '0.995', '0.992', '0.994'] PR=['0.959', '0.962', '0.955', '0.970'] | mono_viol=0.00000 | 3168s

  [checkpoint] best.pt updated (epoch 3, val_loss=0.09136)
  Ep04 step  100/13600: loss = 0.06844
  Ep04 step  200/13600: loss = 0.06471
  Ep04 step  300/13600: loss = 0.06220
  Ep04 step  400/13600: loss = 0.07290
  Ep04 step  500/13600: loss = 0.07484
  Ep04 step  600/13600: loss = 0.07357
  Ep04 step  700/13600: loss = 0.07920
  Ep04 step  800/13600: loss = 0.07797
  Ep04 step  900/13600: loss = 0.07310
  Ep04 step 1000/13600: loss = 0.07396
  Ep04 step 1100/13600: loss = 0.06292
  Ep04 step 1200/13600: loss = 0.07152
  Ep04 step 1300/13600: loss = 0.06334
  Ep04 step 1400/13600: loss = 0.08059
  Ep04 step 1500/13600: loss = 0.06775
  Ep04 step 1600/13600: loss = 0.05820
  Ep04 step 1700/13600: loss = 0.08199
  Ep04 step 1800/13600: loss = 0.07681
  Ep04 step 1900/13600: loss = 0.08368
  Ep04 step 2000/13600: loss = 0.07370
  Ep04 step 2100/13600: loss = 0.08060
  Ep04 step 2200/13600: loss = 0.07883
  Ep04 step 2300/13600: loss = 0.06637
  Ep04 step 2400/13600: loss = 0.06710
  Ep04 step 2500/13600: loss = 0.06869
  Ep04 step 2600/13600: loss = 0.06804
  Ep04 step 2700/13600: loss = 0.08705
  Ep04 step 2800/13600: loss = 0.07032
  Ep04 step 2900/13600: loss = 0.07049
  Ep04 step 3000/13600: loss = 0.06264
  Ep04 step 3100/13600: loss = 0.08931
  Ep04 step 3200/13600: loss = 0.07703
  Ep04 step 3300/13600: loss = 0.06376
  Ep04 step 3400/13600: loss = 0.07743
  Ep04 step 3500/13600: loss = 0.07275
  Ep04 step 3600/13600: loss = 0.07011
  Ep04 step 3700/13600: loss = 0.07526
  Ep04 step 3800/13600: loss = 0.07767
  Ep04 step 3900/13600: loss = 0.08085
  Ep04 step 4000/13600: loss = 0.06894
  Ep04 step 4100/13600: loss = 0.07542
  Ep04 step 4200/13600: loss = 0.06967
  Ep04 step 4300/13600: loss = 0.07102
  Ep04 step 4400/13600: loss = 0.07497
  Ep04 step 4500/13600: loss = 0.06365
  Ep04 step 4600/13600: loss = 0.07322
  Ep04 step 4700/13600: loss = 0.06708
  Ep04 step 4800/13600: loss = 0.07555
  Ep04 step 4900/13600: loss = 0.07301
  Ep04 step 5000/13600: loss = 0.06746
  Ep04 step 5100/13600: loss = 0.07490
  Ep04 step 5200/13600: loss = 0.07521
  Ep04 step 5300/13600: loss = 0.07281
  Ep04 step 5400/13600: loss = 0.07615
  Ep04 step 5500/13600: loss = 0.07314
  Ep04 step 5600/13600: loss = 0.07959
  Ep04 step 5700/13600: loss = 0.07348
  Ep04 step 5800/13600: loss = 0.06540
  Ep04 step 5900/13600: loss = 0.07150
  Ep04 step 6000/13600: loss = 0.05854
  Ep04 step 6100/13600: loss = 0.07119
  Ep04 step 6200/13600: loss = 0.05825
  Ep04 step 6300/13600: loss = 0.05992
  Ep04 step 6400/13600: loss = 0.06134
  Ep04 step 6500/13600: loss = 0.06803
  Ep04 step 6600/13600: loss = 0.06628
  Ep04 step 6700/13600: loss = 0.07432
  Ep04 step 6800/13600: loss = 0.08015
  Ep04 step 6900/13600: loss = 0.06980
  Ep04 step 7000/13600: loss = 0.07349
  Ep04 step 7100/13600: loss = 0.06432
  Ep04 step 7200/13600: loss = 0.06449
  Ep04 step 7300/13600: loss = 0.07561
  Ep04 step 7400/13600: loss = 0.07771
  Ep04 step 7500/13600: loss = 0.06982
  Ep04 step 7600/13600: loss = 0.07281
  Ep04 step 7700/13600: loss = 0.07607
  Ep04 step 7800/13600: loss = 0.06854
  Ep04 step 7900/13600: loss = 0.07779
  Ep04 step 8000/13600: loss = 0.07733
  Ep04 step 8100/13600: loss = 0.06199
  Ep04 step 8200/13600: loss = 0.06980
  Ep04 step 8300/13600: loss = 0.07372
  Ep04 step 8400/13600: loss = 0.05919
  Ep04 step 8500/13600: loss = 0.06257
  Ep04 step 8600/13600: loss = 0.06276
  Ep04 step 8700/13600: loss = 0.06826
  Ep04 step 8800/13600: loss = 0.06976
  Ep04 step 8900/13600: loss = 0.06783
  Ep04 step 9000/13600: loss = 0.07162
  Ep04 step 9100/13600: loss = 0.06643
  Ep04 step 9200/13600: loss = 0.06270
  Ep04 step 9300/13600: loss = 0.07267
  Ep04 step 9400/13600: loss = 0.06895
  Ep04 step 9500/13600: loss = 0.06880
  Ep04 step 9600/13600: loss = 0.07881
  Ep04 step 9700/13600: loss = 0.09047
  Ep04 step 9800/13600: loss = 0.08518
  Ep04 step 9900/13600: loss = 0.07145
  Ep04 step 10000/13600: loss = 0.07766
  Ep04 step 10100/13600: loss = 0.07817
  Ep04 step 10200/13600: loss = 0.06847
  Ep04 step 10300/13600: loss = 0.07577
  Ep04 step 10400/13600: loss = 0.08794
  Ep04 step 10500/13600: loss = 0.08011
  Ep04 step 10600/13600: loss = 0.07040
  Ep04 step 10700/13600: loss = 0.08601
  Ep04 step 10800/13600: loss = 0.07716
  Ep04 step 10900/13600: loss = 0.07697
  Ep04 step 11000/13600: loss = 0.07515
  Ep04 step 11100/13600: loss = 0.06642
  Ep04 step 11200/13600: loss = 0.08094
  Ep04 step 11300/13600: loss = 0.07790
  Ep04 step 11400/13600: loss = 0.06467
  Ep04 step 11500/13600: loss = 0.06376
  Ep04 step 11600/13600: loss = 0.06262
  Ep04 step 11700/13600: loss = 0.07288
  Ep04 step 11800/13600: loss = 0.07036
  Ep04 step 11900/13600: loss = 0.06422
  Ep04 step 12000/13600: loss = 0.07519
  Ep04 step 12100/13600: loss = 0.08115
  Ep04 step 12200/13600: loss = 0.07398
  Ep04 step 12300/13600: loss = 0.06305
  Ep04 step 12400/13600: loss = 0.05470
  Ep04 step 12500/13600: loss = 0.07009
  Ep04 step 12600/13600: loss = 0.06787
  Ep04 step 12700/13600: loss = 0.07003
  Ep04 step 12800/13600: loss = 0.05630
  Ep04 step 12900/13600: loss = 0.07599
  Ep04 step 13000/13600: loss = 0.07058
  Ep04 step 13100/13600: loss = 0.07027
  Ep04 step 13200/13600: loss = 0.06806
  Ep04 step 13300/13600: loss = 0.08404
  Ep04 step 13400/13600: loss = 0.08277
  Ep04 step 13500/13600: loss = 0.06756
  Ep04 step 13600/13600: loss = 0.07328

Epoch 04/6 | train=0.07183 val=0.09504 | AUC=['0.997', '0.996', '0.992', '0.994'] PR=['0.981', '0.978', '0.970', '0.980'] | CASCADE-only AUC=['0.996', '0.994', '0.991', '0.993'] PR=['0.956', '0.956', '0.947', '0.966'] | mono_viol=0.00000 | 3981s

  Ep05 step  100/13600: loss = 0.07087
  Ep05 step  200/13600: loss = 0.05937
  Ep05 step  300/13600: loss = 0.05986
  Ep05 step  400/13600: loss = 0.07192
  Ep05 step  500/13600: loss = 0.05928
  Ep05 step  600/13600: loss = 0.07929
  Ep05 step  700/13600: loss = 0.07719
  Ep05 step  800/13600: loss = 0.08289
  Ep05 step  900/13600: loss = 0.07039
  Ep05 step 1000/13600: loss = 0.07664
  Ep05 step 1100/13600: loss = 0.08485
  Ep05 step 1200/13600: loss = 0.07180
  Ep05 step 1300/13600: loss = 0.06819
  Ep05 step 1400/13600: loss = 0.06938
  Ep05 step 1500/13600: loss = 0.07903
  Ep05 step 1600/13600: loss = 0.07938
  Ep05 step 1700/13600: loss = 0.06784
  Ep05 step 1800/13600: loss = 0.07022
  Ep05 step 1900/13600: loss = 0.08264
  Ep05 step 2000/13600: loss = 0.06261
  Ep05 step 2100/13600: loss = 0.07490
  Ep05 step 2200/13600: loss = 0.06926
  Ep05 step 2300/13600: loss = 0.06706
  Ep05 step 2400/13600: loss = 0.06026
  Ep05 step 2500/13600: loss = 0.07582
  Ep05 step 2600/13600: loss = 0.07255
  Ep05 step 2700/13600: loss = 0.06989
  Ep05 step 2800/13600: loss = 0.07518
  Ep05 step 2900/13600: loss = 0.06971
  Ep05 step 3000/13600: loss = 0.07729
  Ep05 step 3100/13600: loss = 0.07385
  Ep05 step 3200/13600: loss = 0.07190
  Ep05 step 3300/13600: loss = 0.08197
  Ep05 step 3400/13600: loss = 0.06917
  Ep05 step 3500/13600: loss = 0.07137
  Ep05 step 3600/13600: loss = 0.06756
  Ep05 step 3700/13600: loss = 0.07701
  Ep05 step 3800/13600: loss = 0.07264
  Ep05 step 3900/13600: loss = 0.06736
  Ep05 step 4000/13600: loss = 0.06125
  Ep05 step 4100/13600: loss = 0.07023
  Ep05 step 4200/13600: loss = 0.08237
  Ep05 step 4300/13600: loss = 0.06006
  Ep05 step 4400/13600: loss = 0.06828
  Ep05 step 4500/13600: loss = 0.07314
  Ep05 step 4600/13600: loss = 0.06595
  Ep05 step 4700/13600: loss = 0.07180
  Ep05 step 4800/13600: loss = 0.06810
  Ep05 step 4900/13600: loss = 0.07306
  Ep05 step 5000/13600: loss = 0.07084
  Ep05 step 5100/13600: loss = 0.07436
  Ep05 step 5200/13600: loss = 0.06395
  Ep05 step 5300/13600: loss = 0.06227
  Ep05 step 5400/13600: loss = 0.07383
  Ep05 step 5500/13600: loss = 0.06681
  Ep05 step 5600/13600: loss = 0.08322
  Ep05 step 5700/13600: loss = 0.07204
  Ep05 step 5800/13600: loss = 0.06656
  Ep05 step 5900/13600: loss = 0.06859
  Ep05 step 6000/13600: loss = 0.06804
  Ep05 step 6100/13600: loss = 0.06660
  Ep05 step 6200/13600: loss = 0.07229
  Ep05 step 6300/13600: loss = 0.07289
  Ep05 step 6400/13600: loss = 0.07598
  Ep05 step 6500/13600: loss = 0.06777
  Ep05 step 6600/13600: loss = 0.07074
  Ep05 step 6700/13600: loss = 0.06192
  Ep05 step 6800/13600: loss = 0.06262
  Ep05 step 6900/13600: loss = 0.08240
  Ep05 step 7000/13600: loss = 0.06735
  Ep05 step 7100/13600: loss = 0.07453
  Ep05 step 7200/13600: loss = 0.06487
  Ep05 step 7300/13600: loss = 0.07462
  Ep05 step 7400/13600: loss = 0.06643
  Ep05 step 7500/13600: loss = 0.06741
  Ep05 step 7600/13600: loss = 0.06691
  Ep05 step 7700/13600: loss = 0.06578
  Ep05 step 7800/13600: loss = 0.07366
  Ep05 step 7900/13600: loss = 0.07912
  Ep05 step 8000/13600: loss = 0.07271
  Ep05 step 8100/13600: loss = 0.07482
  Ep05 step 8200/13600: loss = 0.06195
  Ep05 step 8300/13600: loss = 0.06819
  Ep05 step 8400/13600: loss = 0.06341
  Ep05 step 8500/13600: loss = 0.06857
  Ep05 step 8600/13600: loss = 0.06427
  Ep05 step 8700/13600: loss = 0.07275
  Ep05 step 8800/13600: loss = 0.06509
  Ep05 step 8900/13600: loss = 0.06935
  Ep05 step 9000/13600: loss = 0.07342
  Ep05 step 9100/13600: loss = 0.07914
  Ep05 step 9200/13600: loss = 0.06655
  Ep05 step 9300/13600: loss = 0.06627
  Ep05 step 9400/13600: loss = 0.07306
  Ep05 step 9500/13600: loss = 0.07787
  Ep05 step 9600/13600: loss = 0.07430
  Ep05 step 9700/13600: loss = 0.06851
  Ep05 step 9800/13600: loss = 0.07276
  Ep05 step 9900/13600: loss = 0.06167
  Ep05 step 10000/13600: loss = 0.07294
  Ep05 step 10100/13600: loss = 0.06060
  Ep05 step 10200/13600: loss = 0.06510
  Ep05 step 10300/13600: loss = 0.07278
  Ep05 step 10400/13600: loss = 0.08154
  Ep05 step 10500/13600: loss = 0.06193
  Ep05 step 10600/13600: loss = 0.07007
  Ep05 step 10700/13600: loss = 0.07782
  Ep05 step 10800/13600: loss = 0.07907
  Ep05 step 10900/13600: loss = 0.06923
  Ep05 step 11000/13600: loss = 0.07267
  Ep05 step 11100/13600: loss = 0.07410
  Ep05 step 11200/13600: loss = 0.06769
  Ep05 step 11300/13600: loss = 0.07402
  Ep05 step 11400/13600: loss = 0.07930
  Ep05 step 11500/13600: loss = 0.07748
  Ep05 step 11600/13600: loss = 0.07465
  Ep05 step 11700/13600: loss = 0.07311
  Ep05 step 11800/13600: loss = 0.07540
  Ep05 step 11900/13600: loss = 0.08545
  Ep05 step 12000/13600: loss = 0.05936
  Ep05 step 12100/13600: loss = 0.06048
  Ep05 step 12200/13600: loss = 0.07958
  Ep05 step 12300/13600: loss = 0.06825
  Ep05 step 12400/13600: loss = 0.07761
  Ep05 step 12500/13600: loss = 0.06871
  Ep05 step 12600/13600: loss = 0.07450
  Ep05 step 12700/13600: loss = 0.07655
  Ep05 step 12800/13600: loss = 0.07750
  Ep05 step 12900/13600: loss = 0.08074
  Ep05 step 13000/13600: loss = 0.06820
  Ep05 step 13100/13600: loss = 0.06549
  Ep05 step 13200/13600: loss = 0.08174
  Ep05 step 13300/13600: loss = 0.06869
  Ep05 step 13400/13600: loss = 0.06787
  Ep05 step 13500/13600: loss = 0.07214
  Ep05 step 13600/13600: loss = 0.06459

Epoch 05/6 | train=0.07117 val=0.08977 | AUC=['0.998', '0.997', '0.994', '0.995'] PR=['0.982', '0.983', '0.976', '0.983'] | CASCADE-only AUC=['0.997', '0.996', '0.992', '0.994'] PR=['0.960', '0.965', '0.957', '0.971'] | mono_viol=0.00000 | 4751s

  [checkpoint] best.pt updated (epoch 5, val_loss=0.08977)
[held-out geoclaw_2050] test_loss=0.22465 mono_viol=0.00000 (1000 runs)
  ALL-nodes     AUC=[0.9939338065385819, 0.9812663170695305, 0.979207259953022, 0.9859896724224091]  PR=[0.9773812913335951, 0.9670861074096744, 0.9690935354381558, 0.9870768044772027]
  CASCADE-only  AUC=[0.9923096448779106, 0.9784483268260956, 0.9765098197460175, 0.9846733359098434]  PR=[0.9617775569456248, 0.9561369123973318, 0.9600521656674208, 0.9842262745902088]
[held-out syn_ts_914_6_1p2955] test_loss=0.03685 mono_viol=0.00000 (1000 runs)
  ALL-nodes     AUC=[0.9996176399588584, 0.9995722123980522, 0.9992051403522492, 0.9988042893409729]  PR=[0.9910798434448453, 0.9917052199689538, 0.9869946325236582, 0.9870144531984967]
  CASCADE-only  AUC=[0.9993313435912132, 0.9993257653713227, 0.9988216786384583, 0.9983211874365806]  PR=[0.9739785847546903, 0.9791963029670994, 0.9712234305882562, 0.9748551529906812]
[held-out syn_ts_258_9_3p0022] test_loss=0.18669 mono_viol=0.00000 (1000 runs)
  ALL-nodes     AUC=[0.9964955229759216, 0.9870585616827011, 0.9852938667535782, 0.9909398496150971]  PR=[0.9890944121287354, 0.9760184632667234, 0.9772072154988354, 0.9908265264534131]
  CASCADE-only  AUC=[0.99534394800663, 0.9844442203640937, 0.9828085042238236, 0.9897791237831116]  PR=[0.9808419871636984, 0.9652733768959668, 0.9684550859360983, 0.9880938085826454]
[held-out syn_ts_605_5_3p7563] test_loss=0.20546 mono_viol=0.00000 (1000 runs)
  ALL-nodes     AUC=[0.9771929481625556, 0.9875477648377419, 0.9898226954936982, 0.9923354424834251]  PR=[0.9700551341714654, 0.9882055839809796, 0.9914102105321623, 0.9949076235027022]
  CASCADE-only  AUC=[0.969731918334961, 0.9845287427902222, 0.987593604683876, 0.9909268252849579]  PR=[0.9483955971615186, 0.9818609607295032, 0.9871404734415538, 0.9927186661583202]
[held-out syn_ts_808_27_3p7885] test_loss=0.15056 mono_viol=0.00000 (1000 runs)
  ALL-nodes     AUC=[0.985891204237938, 0.9955456822514533, 0.9947931465506553, 0.995770394384861]  PR=[0.9785630267197535, 0.9940867135338414, 0.9944868950998258, 0.9966501324944428]
  CASCADE-only  AUC=[0.9822721453905106, 0.9946104739904403, 0.9938740001916886, 0.9951567460894585]  PR=[0.9669624277193507, 0.9913817012228512, 0.992356697329289, 0.9955488355110101]
