[gate] CUDA OK: NVIDIA L40S
task=27 name=old17_ctx_dynamic_timing_s1 hold=all13 set=w29_old ckpt=/scratch/tj2587/results/gnn_morestorms_v1/old17_ctx_dynamic_timing_s1/best.pt labels=/scratch/tj2587/results/dynamic_v1/arrival_h360 labels2=/scratch/tj2587/results/gissr48_v1/arrival_h360 timing=1 context=1 smoke=0 out=/scratch/tj2587/results/gnn_morestorms_numbers_v1 commit=967d122 uncommitted_files=0
design subsets from the checkpoint: train_subset=None val_subset=None
Loaded /scratch/tj2587/results/gnn_morestorms_v1/old17_ctx_dynamic_timing_s1/best.pt: epoch=5 saved val_loss=0.09018632720182734 head=hazard params=700,952 horizons=[6, 24, 48, 96]
Train: 13600 runs (baselines) | Val: 3400 runs | held-out ['geoclaw_2050', 'syn_ts_914_6_1p2955', 'syn_ts_258_9_3p0022', 'syn_ts_605_5_3p7563', 'syn_ts_808_27_3p7885', 'syn2_t449w6_wl2p103', 'syn2_t580w24_wl2p439', 'syn2_t934c34_wl2p777', 'syn2_t270w17_wl3p116', 'syn2_t33w13_wl3p458', 'syn2_t857w1_wl3p800', 'syn2_t116w1_wl4p130', 'syn2_t198w16_wl4p722'] (13000 runs)
  baselines: 2000/13600 training runs
  baselines: 4000/13600 training runs
  baselines: 6000/13600 training runs
  baselines: 8000/13600 training runs
  baselines: 10000/13600 training runs
  baselines: 12000/13600 training runs
[R3] baselines from 13600 training runs of 17 storms; base rate per horizon [0.0874, 0.1322, 0.1625, 0.2201] -> PASS
[timing-features] loaded 71 scenarios from data/flood/timing/node_timing_jesse22_plus_gissr48_v1.csv (features ('arrival_h', 'duration_h', 'time_to_peak_h'), scaled by 96 h)
[G1] model vs train.eval_step on 3 runs: max |diff| loss 1.49e-08, cascade PR 0.00e+00 -> PASS
  val: 500/3400 runs  (200s)
  val: 1000/3400 runs  (221s)
  val: 1500/3400 runs  (243s)
  val: 2000/3400 runs  (265s)
  val: 2500/3400 runs  (286s)
  val: 3000/3400 runs  (308s)
[val] model: loss 0.09019 | non-seed BCE 0.06892 | count WAPE ['0.099', '0.114', '0.118', '0.161'] bias ['-0.017', '-0.033', '-0.036', '-0.035'] | AP ['0.959', '0.964', '0.957', '0.971'] | window given failure: exact 0.800, within one 0.969; caught by 0.902 | ECE ['0.0019', '0.0043', '0.0056', '0.0074']
[val] no_cascade    : non-seed BCE 0.41122 | count WAPE ['0.840', '0.802', '0.811', '0.798'] | AP ['0.086', '0.131', '0.160', '0.217'] | window given failure: exact 0.397
[val] site_frequency: non-seed BCE 0.24164 | count WAPE ['0.852', '0.810', '0.817', '0.801'] | AP ['0.849', '0.874', '0.875', '0.908'] | window given failure: exact 0.687
[val] nearest_storm : non-seed BCE 0.09533 | count WAPE ['0.120', '0.147', '0.141', '0.184'] | AP ['0.908', '0.918', '0.912', '0.935'] | window given failure: exact 0.791
  geoclaw_2050: 500/1000 runs  (353s)
  geoclaw_2050: 1000/1000 runs  (381s)
[geoclaw_2050] model: loss 0.22651 | non-seed BCE 0.19346 | count WAPE ['0.047', '0.227', '0.156', '0.191'] bias ['-0.038', '-0.223', '-0.151', '-0.181'] | AP ['0.964', '0.958', '0.961', '0.985'] | window given failure: exact 0.730, within one 0.965; caught by 0.779 | ECE ['0.0133', '0.0752', '0.0588', '0.0960']
[geoclaw_2050] no_cascade    : non-seed BCE 0.75638 | count WAPE ['0.530', '0.602', '0.578', '0.586'] | AP ['0.186', '0.332', '0.385', '0.532'] | window given failure: exact 0.350
[geoclaw_2050] site_frequency: non-seed BCE 0.42248 | count WAPE ['0.537', '0.605', '0.580', '0.587'] | AP ['0.927', '0.951', '0.945', '0.982'] | window given failure: exact 0.813
[geoclaw_2050] nearest_storm : non-seed BCE 0.50151 | count WAPE ['0.169', '0.397', '0.305', '0.348'] | AP ['0.879', '0.905', '0.931', '0.976'] | window given failure: exact 0.605
[geoclaw_2050] nearest training storm used by the lookup: {'syn_ts_514_13_2p7829': 403, 'syn_ts_880_9_2p6632': 597}
  syn_ts_914_6_1p2955: 500/1000 runs  (398s)
  syn_ts_914_6_1p2955: 1000/1000 runs  (416s)
[syn_ts_914_6_1p2955] model: loss 0.03704 | non-seed BCE 0.01467 | count WAPE ['0.153', '0.096', '0.101', '0.121'] bias ['+0.075', '+0.003', '-0.006', '+0.033'] | AP ['0.972', '0.978', '0.972', '0.976'] | window given failure: exact 0.832, within one 0.981; caught by 0.862 | ECE ['0.0025', '0.0019', '0.0019', '0.0044']
[syn_ts_914_6_1p2955] no_cascade    : non-seed BCE 0.21621 | count WAPE ['3.525', '3.363', '3.778', '4.859'] | AP ['0.019', '0.030', '0.034', '0.038'] | window given failure: exact 0.514
[syn_ts_914_6_1p2955] site_frequency: non-seed BCE 0.17621 | count WAPE ['3.570', '3.390', '3.801', '4.879'] | AP ['0.836', '0.857', '0.862', '0.878'] | window given failure: exact 0.573
[syn_ts_914_6_1p2955] nearest_storm : non-seed BCE 0.02163 | count WAPE ['0.187', '0.177', '0.165', '0.178'] | AP ['0.924', '0.933', '0.926', '0.933'] | window given failure: exact 0.822
[syn_ts_914_6_1p2955] nearest training storm used by the lookup: {'syn_ts_708_13_1p1567': 905, 'syn_ts_570_2_1p5351': 64, 'syn_ts_321_19_1p7614': 31}
  syn_ts_258_9_3p0022: 500/1000 runs  (443s)
  syn_ts_258_9_3p0022: 1000/1000 runs  (470s)
[syn_ts_258_9_3p0022] model: loss 0.18879 | non-seed BCE 0.17032 | count WAPE ['0.062', '0.202', '0.163', '0.218'] bias ['-0.053', '-0.184', '-0.125', '-0.103'] | AP ['0.979', '0.963', '0.968', '0.988'] | window given failure: exact 0.718, within one 0.950; caught by 0.791 | ECE ['0.0121', '0.0532', '0.0434', '0.0467']
[syn_ts_258_9_3p0022] no_cascade    : non-seed BCE 0.69621 | count WAPE ['0.527', '0.544', '0.534', '0.516'] | AP ['0.185', '0.290', '0.348', '0.455'] | window given failure: exact 0.407
[syn_ts_258_9_3p0022] site_frequency: non-seed BCE 0.35265 | count WAPE ['0.535', '0.550', '0.538', '0.520'] | AP ['0.963', '0.955', '0.957', '0.986'] | window given failure: exact 0.785
[syn_ts_258_9_3p0022] nearest_storm : non-seed BCE 0.16305 | count WAPE ['0.072', '0.168', '0.133', '0.190'] | AP ['0.977', '0.963', '0.965', '0.989'] | window given failure: exact 0.798
[syn_ts_258_9_3p0022] nearest training storm used by the lookup: {'syn_ts_999_12_3p44': 937, 'syn_ts_514_13_2p7829': 63}
  syn_ts_605_5_3p7563: 500/1000 runs  (501s)
  syn_ts_605_5_3p7563: 1000/1000 runs  (532s)
[syn_ts_605_5_3p7563] model: loss 0.18584 | non-seed BCE 0.18410 | count WAPE ['0.095', '0.041', '0.033', '0.021'] bias ['-0.093', '-0.037', '-0.018', '+0.013'] | AP ['0.953', '0.981', '0.986', '0.992'] | window given failure: exact 0.766, within one 0.931; caught by 0.975 | ECE ['0.0445', '0.0272', '0.0148', '0.0220']
[syn_ts_605_5_3p7563] no_cascade    : non-seed BCE 0.93225 | count WAPE ['0.732', '0.697', '0.656', '0.607'] | AP ['0.326', '0.437', '0.473', '0.560'] | window given failure: exact 0.583
[syn_ts_605_5_3p7563] site_frequency: non-seed BCE 0.79817 | count WAPE ['0.754', '0.716', '0.674', '0.622'] | AP ['0.933', '0.978', '0.985', '0.994'] | window given failure: exact 0.634
[syn_ts_605_5_3p7563] nearest_storm : non-seed BCE 0.43863 | count WAPE ['0.375', '0.237', '0.173', '0.083'] | AP ['0.950', '0.985', '0.988', '0.995'] | window given failure: exact 0.679
[syn_ts_605_5_3p7563] nearest training storm used by the lookup: {'syn_ts_914_26_3p4047': 1000}
  syn_ts_808_27_3p7885: 500/1000 runs  (561s)
  syn_ts_808_27_3p7885: 1000/1000 runs  (591s)
[syn_ts_808_27_3p7885] model: loss 0.15672 | non-seed BCE 0.14168 | count WAPE ['0.146', '0.104', '0.081', '0.055'] bias ['-0.145', '-0.093', '-0.079', '-0.047'] | AP ['0.962', '0.992', '0.992', '0.995'] | window given failure: exact 0.803, within one 0.971; caught by 0.979 | ECE ['0.0388', '0.0356', '0.0344', '0.0279']
[syn_ts_808_27_3p7885] no_cascade    : non-seed BCE 0.85524 | count WAPE ['0.674', '0.656', '0.628', '0.598'] | AP ['0.268', '0.384', '0.437', '0.548'] | window given failure: exact 0.489
[syn_ts_808_27_3p7885] site_frequency: non-seed BCE 0.57652 | count WAPE ['0.686', '0.666', '0.637', '0.605'] | AP ['0.943', '0.986', '0.985', '0.994'] | window given failure: exact 0.719
[syn_ts_808_27_3p7885] nearest_storm : non-seed BCE 0.18576 | count WAPE ['0.196', '0.114', '0.085', '0.053'] | AP ['0.952', '0.990', '0.992', '0.997'] | window given failure: exact 0.789
[syn_ts_808_27_3p7885] nearest training storm used by the lookup: {'syn_ts_914_26_3p4047': 1000}
  syn2_t449w6_wl2p103: 500/1000 runs  (609s)
  syn2_t449w6_wl2p103: 1000/1000 runs  (626s)
[syn2_t449w6_wl2p103] model: loss 0.08051 | non-seed BCE 0.05444 | count WAPE ['0.349', '0.267', '0.316', '0.298'] bias ['-0.326', '-0.213', '-0.270', '-0.242'] | AP ['0.867', '0.889', '0.880', '0.874'] | window given failure: exact 0.735, within one 0.974; caught by 0.611 | ECE ['0.0096', '0.0078', '0.0115', '0.0110']
[syn2_t449w6_wl2p103] no_cascade    : non-seed BCE 0.22993 | count WAPE ['1.971', '2.705', '2.882', '4.001'] | AP ['0.029', '0.036', '0.042', '0.044'] | window given failure: exact 0.669
[syn2_t449w6_wl2p103] site_frequency: non-seed BCE 0.18154 | count WAPE ['2.001', '2.728', '2.900', '4.017'] | AP ['0.680', '0.727', '0.752', '0.748'] | window given failure: exact 0.704
[syn2_t449w6_wl2p103] nearest_storm : non-seed BCE 0.07344 | count WAPE ['0.399', '0.317', '0.349', '0.326'] | AP ['0.768', '0.794', '0.795', '0.802'] | window given failure: exact 0.788
[syn2_t449w6_wl2p103] nearest training storm used by the lookup: {'syn_ts_570_2_1p5351': 721, 'syn_ts_708_13_1p1567': 237, 'syn_ts_192_7_1p0240': 42}
  syn2_t580w24_wl2p439: 500/1000 runs  (646s)
  syn2_t580w24_wl2p439: 1000/1000 runs  (666s)
[syn2_t580w24_wl2p439] model: loss 0.11136 | non-seed BCE 0.09829 | count WAPE ['0.158', '0.326', '0.317', '0.529'] bias ['-0.021', '-0.108', '-0.028', '-0.113'] | AP ['0.905', '0.930', '0.914', '0.940'] | window given failure: exact 0.842, within one 0.967; caught by 0.577 | ECE ['0.0072', '0.0106', '0.0100', '0.0239']
[syn2_t580w24_wl2p439] no_cascade    : non-seed BCE 0.32815 | count WAPE ['0.888', '0.583', '0.657', '0.495'] | AP ['0.047', '0.083', '0.098', '0.178'] | window given failure: exact 0.263
[syn2_t580w24_wl2p439] site_frequency: non-seed BCE 0.16886 | count WAPE ['0.907', '0.595', '0.667', '0.494'] | AP ['0.840', '0.884', '0.872', '0.906'] | window given failure: exact 0.504
[syn2_t580w24_wl2p439] nearest_storm : non-seed BCE 0.11611 | count WAPE ['0.172', '0.354', '0.345', '0.530'] | AP ['0.864', '0.900', '0.892', '0.927'] | window given failure: exact 0.816
[syn2_t580w24_wl2p439] nearest training storm used by the lookup: {'syn_ts_436_11_1p3524': 809, 'syn_ts_156_15_1p066': 191}
  syn2_t934c34_wl2p777: 500/1000 runs  (689s)
  syn2_t934c34_wl2p777: 1000/1000 runs  (712s)
[syn2_t934c34_wl2p777] model: loss 0.12617 | non-seed BCE 0.09641 | count WAPE ['0.187', '0.075', '0.122', '0.124'] bias ['-0.051', '+0.028', '+0.016', '-0.019'] | AP ['0.937', '0.957', '0.937', '0.977'] | window given failure: exact 0.734, within one 0.945; caught by 0.950 | ECE ['0.0080', '0.0071', '0.0070', '0.0107']
[syn2_t934c34_wl2p777] no_cascade    : non-seed BCE 0.45464 | count WAPE ['0.272', '0.101', '0.181', '0.272'] | AP ['0.112', '0.134', '0.181', '0.274'] | window given failure: exact 0.411
[syn2_t934c34_wl2p777] site_frequency: non-seed BCE 0.18994 | count WAPE ['0.269', '0.099', '0.178', '0.269'] | AP ['0.875', '0.905', '0.890', '0.956'] | window given failure: exact 0.642
[syn2_t934c34_wl2p777] nearest_storm : non-seed BCE 0.30417 | count WAPE ['0.271', '0.403', '0.341', '0.180'] | AP ['0.785', '0.797', '0.816', '0.930'] | window given failure: exact 0.648
[syn2_t934c34_wl2p777] nearest training storm used by the lookup: {'geoclaw_2026': 727, 'syn_ts_192_15_2p5752': 272, 'syn_ts_831_27_1p9452': 1}
  syn2_t270w17_wl3p116: 500/1000 runs  (736s)
  syn2_t270w17_wl3p116: 1000/1000 runs  (761s)
[syn2_t270w17_wl3p116] model: loss 0.15837 | non-seed BCE 0.12563 | count WAPE ['0.104', '0.137', '0.137', '0.070'] bias ['-0.096', '-0.126', '-0.125', '-0.039'] | AP ['0.965', '0.950', '0.956', '0.988'] | window given failure: exact 0.701, within one 0.897; caught by 0.911 | ECE ['0.0163', '0.0256', '0.0331', '0.0194']
[syn2_t270w17_wl3p116] no_cascade    : non-seed BCE 0.56594 | count WAPE ['0.443', '0.348', '0.390', '0.343'] | AP ['0.157', '0.202', '0.265', '0.332'] | window given failure: exact 0.472
[syn2_t270w17_wl3p116] site_frequency: non-seed BCE 0.24086 | count WAPE ['0.445', '0.351', '0.391', '0.344'] | AP ['0.940', '0.921', '0.933', '0.980'] | window given failure: exact 0.688
[syn2_t270w17_wl3p116] nearest_storm : non-seed BCE 0.13624 | count WAPE ['0.061', '0.097', '0.089', '0.090'] | AP ['0.940', '0.931', '0.940', '0.982'] | window given failure: exact 0.750
[syn2_t270w17_wl3p116] nearest training storm used by the lookup: {'syn_ts_880_9_2p6632': 996, 'syn_ts_514_13_2p7829': 4}
  syn2_t33w13_wl3p458: 500/1000 runs  (791s)
  syn2_t33w13_wl3p458: 1000/1000 runs  (819s)
[syn2_t33w13_wl3p458] model: loss 0.20595 | non-seed BCE 0.18677 | count WAPE ['0.114', '0.246', '0.196', '0.200'] bias ['-0.112', '-0.239', '-0.184', '-0.151'] | AP ['0.980', '0.965', '0.969', '0.986'] | window given failure: exact 0.718, within one 0.935; caught by 0.781 | ECE ['0.0226', '0.0754', '0.0704', '0.0757']
[syn2_t33w13_wl3p458] no_cascade    : non-seed BCE 0.74578 | count WAPE ['0.564', '0.582', '0.574', '0.561'] | AP ['0.201', '0.316', '0.381', '0.501'] | window given failure: exact 0.401
[syn2_t33w13_wl3p458] site_frequency: non-seed BCE 0.40075 | count WAPE ['0.573', '0.588', '0.579', '0.565'] | AP ['0.967', '0.964', '0.961', '0.987'] | window given failure: exact 0.801
[syn2_t33w13_wl3p458] nearest_storm : non-seed BCE 0.12955 | count WAPE ['0.050', '0.127', '0.074', '0.117'] | AP ['0.981', '0.974', '0.977', '0.991'] | window given failure: exact 0.822
[syn2_t33w13_wl3p458] nearest training storm used by the lookup: {'syn_ts_999_12_3p44': 1000}
  syn2_t857w1_wl3p800: 500/1000 runs  (848s)
  syn2_t857w1_wl3p800: 1000/1000 runs  (876s)
[syn2_t857w1_wl3p800] model: loss 0.13270 | non-seed BCE 0.11246 | count WAPE ['0.025', '0.095', '0.048', '0.075'] bias ['-0.010', '+0.007', '-0.003', '+0.014'] | AP ['0.984', '0.986', '0.988', '0.992'] | window given failure: exact 0.835, within one 0.979; caught by 0.984 | ECE ['0.0060', '0.0066', '0.0116', '0.0073']
[syn2_t857w1_wl3p800] no_cascade    : non-seed BCE 0.78606 | count WAPE ['0.604', '0.616', '0.600', '0.574'] | AP ['0.221', '0.344', '0.406', '0.517'] | window given failure: exact 0.427
[syn2_t857w1_wl3p800] site_frequency: non-seed BCE 0.45065 | count WAPE ['0.620', '0.627', '0.610', '0.582'] | AP ['0.980', '0.982', '0.977', '0.991'] | window given failure: exact 0.787
[syn2_t857w1_wl3p800] nearest_storm : non-seed BCE 0.13184 | count WAPE ['0.038', '0.099', '0.055', '0.076'] | AP ['0.982', '0.979', '0.985', '0.993'] | window given failure: exact 0.839
[syn2_t857w1_wl3p800] nearest training storm used by the lookup: {'syn_ts_914_26_3p4047': 1000}
  syn2_t116w1_wl4p130: 500/1000 runs  (906s)
  syn2_t116w1_wl4p130: 1000/1000 runs  (935s)
[syn2_t116w1_wl4p130] model: loss 0.13965 | non-seed BCE 0.11749 | count WAPE ['0.035', '0.043', '0.020', '0.024'] bias ['-0.013', '+0.009', '-0.001', '+0.001'] | AP ['0.974', '0.985', '0.989', '0.994'] | window given failure: exact 0.828, within one 0.976; caught by 0.981 | ECE ['0.0096', '0.0086', '0.0132', '0.0134']
[syn2_t116w1_wl4p130] no_cascade    : non-seed BCE 0.82744 | count WAPE ['0.636', '0.643', '0.620', '0.596'] | AP ['0.240', '0.370', '0.427', '0.545'] | window given failure: exact 0.441
[syn2_t116w1_wl4p130] site_frequency: non-seed BCE 0.52898 | count WAPE ['0.659', '0.660', '0.634', '0.608'] | AP ['0.972', '0.982', '0.978', '0.992'] | window given failure: exact 0.768
[syn2_t116w1_wl4p130] nearest_storm : non-seed BCE 0.17603 | count WAPE ['0.131', '0.109', '0.077', '0.059'] | AP ['0.975', '0.983', '0.988', '0.995'] | window given failure: exact 0.831
[syn2_t116w1_wl4p130] nearest training storm used by the lookup: {'syn_ts_914_26_3p4047': 1000}
  syn2_t198w16_wl4p722: 500/1000 runs  (966s)
  syn2_t198w16_wl4p722: 1000/1000 runs  (996s)
[syn2_t198w16_wl4p722] model: loss 0.14947 | non-seed BCE 0.14551 | count WAPE ['0.025', '0.033', '0.029', '0.029'] bias ['-0.016', '+0.027', '+0.027', '+0.029'] | AP ['0.964', '0.984', '0.988', '0.994'] | window given failure: exact 0.814, within one 0.955; caught by 0.980 | ECE ['0.0189', '0.0225', '0.0172', '0.0181']
[syn2_t198w16_wl4p722] no_cascade    : non-seed BCE 0.87506 | count WAPE ['0.682', '0.672', '0.638', '0.603'] | AP ['0.275', '0.403', '0.449', '0.554'] | window given failure: exact 0.495
[syn2_t198w16_wl4p722] site_frequency: non-seed BCE 0.67510 | count WAPE ['0.713', '0.697', '0.660', '0.621'] | AP ['0.945', '0.975', '0.980', '0.991'] | window given failure: exact 0.712
[syn2_t198w16_wl4p722] nearest_storm : non-seed BCE 0.34836 | count WAPE ['0.271', '0.184', '0.139', '0.079'] | AP ['0.950', '0.977', '0.983', '0.993'] | window given failure: exact 0.774
[syn2_t198w16_wl4p722] nearest training storm used by the lookup: {'syn_ts_914_26_3p4047': 1000}
[speed] model forward on cuda: median 11.00 ms per run (n=50)
[G2] saved val_loss 0.090186 got 0.090186 |diff| 2.18e-09 -> PASS
wrote /scratch/tj2587/results/gnn_morestorms_numbers_v1/old17_ctx_dynamic_timing_s1.json  (998s)
ALL GATES AND RULES: PASS
