task=12 arm=old17 variant=plain cell=static_mask torch_seed=2 set=jesse22 head=hazard labels=/scratch/tj2587/results/legacy_v1_n1000 labels2=/scratch/tj2587/results/legacy_v1_n1000 timing=unset context=unset ckpt=/scratch/tj2587/results/gnn_morestorms_v1/old17_plain_static_mask_s2 smoke=0 commit=967d122 uncommitted_files=0
[gate] CUDA OK: NVIDIA L40S
[gate] heterodata data/graph/nyc_infra_heterodata_v1_frozen_failover_edges.pt: total=6231 -> OK
[gate] set jesse22: 22 storms, 17 for training, 5 held out; in both folders []; missing [] -> OK
[gate] variant plain: storm context off, timing inputs off -> OK
[gate] head switch present: ('independent', 'hazard')
=== TRAIN MODE — full training ===
torch seed set: 2
Train: 13600  Val: 3400  (17 scenarios) | Test held-out: ['geoclaw_2050', 'syn_ts_914_6_1p2955', 'syn_ts_258_9_3p0022', 'syn_ts_605_5_3p7563', 'syn_ts_808_27_3p7885'] (5000 runs)
Model parameters: 695,960  head=hazard
Device: cuda
  Ep00 step  100/13600: loss = 0.37802
  Ep00 step  200/13600: loss = 0.22361
  Ep00 step  300/13600: loss = 0.15876
  Ep00 step  400/13600: loss = 0.14507
  Ep00 step  500/13600: loss = 0.13113
  Ep00 step  600/13600: loss = 0.12479
  Ep00 step  700/13600: loss = 0.11958
  Ep00 step  800/13600: loss = 0.12540
  Ep00 step  900/13600: loss = 0.12379
  Ep00 step 1000/13600: loss = 0.11541
  Ep00 step 1100/13600: loss = 0.11636
  Ep00 step 1200/13600: loss = 0.10865
  Ep00 step 1300/13600: loss = 0.11166
  Ep00 step 1400/13600: loss = 0.10897
  Ep00 step 1500/13600: loss = 0.10912
  Ep00 step 1600/13600: loss = 0.10622
  Ep00 step 1700/13600: loss = 0.11012
  Ep00 step 1800/13600: loss = 0.10646
  Ep00 step 1900/13600: loss = 0.10420
  Ep00 step 2000/13600: loss = 0.10703
  Ep00 step 2100/13600: loss = 0.10940
  Ep00 step 2200/13600: loss = 0.10609
  Ep00 step 2300/13600: loss = 0.10451
  Ep00 step 2400/13600: loss = 0.11106
  Ep00 step 2500/13600: loss = 0.10623
  Ep00 step 2600/13600: loss = 0.10185
  Ep00 step 2700/13600: loss = 0.10014
  Ep00 step 2800/13600: loss = 0.10169
  Ep00 step 2900/13600: loss = 0.10307
  Ep00 step 3000/13600: loss = 0.10114
  Ep00 step 3100/13600: loss = 0.10257
  Ep00 step 3200/13600: loss = 0.10143
  Ep00 step 3300/13600: loss = 0.09950
  Ep00 step 3400/13600: loss = 0.10220
  Ep00 step 3500/13600: loss = 0.10256
  Ep00 step 3600/13600: loss = 0.09876
  Ep00 step 3700/13600: loss = 0.09796
  Ep00 step 3800/13600: loss = 0.09969
  Ep00 step 3900/13600: loss = 0.09494
  Ep00 step 4000/13600: loss = 0.09797
  Ep00 step 4100/13600: loss = 0.10017
  Ep00 step 4200/13600: loss = 0.09823
  Ep00 step 4300/13600: loss = 0.09600
  Ep00 step 4400/13600: loss = 0.09801
  Ep00 step 4500/13600: loss = 0.09822
  Ep00 step 4600/13600: loss = 0.09604
  Ep00 step 4700/13600: loss = 0.10022
  Ep00 step 4800/13600: loss = 0.09469
  Ep00 step 4900/13600: loss = 0.08985
  Ep00 step 5000/13600: loss = 0.09689
  Ep00 step 5100/13600: loss = 0.09422
  Ep00 step 5200/13600: loss = 0.09816
  Ep00 step 5300/13600: loss = 0.09227
  Ep00 step 5400/13600: loss = 0.09711
  Ep00 step 5500/13600: loss = 0.09839
  Ep00 step 5600/13600: loss = 0.09571
  Ep00 step 5700/13600: loss = 0.09438
  Ep00 step 5800/13600: loss = 0.09314
  Ep00 step 5900/13600: loss = 0.08978
  Ep00 step 6000/13600: loss = 0.08782
  Ep00 step 6100/13600: loss = 0.09331
  Ep00 step 6200/13600: loss = 0.09019
  Ep00 step 6300/13600: loss = 0.09150
  Ep00 step 6400/13600: loss = 0.09030
  Ep00 step 6500/13600: loss = 0.09018
  Ep00 step 6600/13600: loss = 0.09500
  Ep00 step 6700/13600: loss = 0.09342
  Ep00 step 6800/13600: loss = 0.09718
  Ep00 step 6900/13600: loss = 0.08630
  Ep00 step 7000/13600: loss = 0.09139
  Ep00 step 7100/13600: loss = 0.09231
  Ep00 step 7200/13600: loss = 0.08870
  Ep00 step 7300/13600: loss = 0.09289
  Ep00 step 7400/13600: loss = 0.08981
  Ep00 step 7500/13600: loss = 0.09026
  Ep00 step 7600/13600: loss = 0.09262
  Ep00 step 7700/13600: loss = 0.09280
  Ep00 step 7800/13600: loss = 0.08670
  Ep00 step 7900/13600: loss = 0.08954
  Ep00 step 8000/13600: loss = 0.09003
  Ep00 step 8100/13600: loss = 0.09221
  Ep00 step 8200/13600: loss = 0.09124
  Ep00 step 8300/13600: loss = 0.09141
  Ep00 step 8400/13600: loss = 0.09124
  Ep00 step 8500/13600: loss = 0.09182
  Ep00 step 8600/13600: loss = 0.09249
  Ep00 step 8700/13600: loss = 0.08979
  Ep00 step 8800/13600: loss = 0.09138
  Ep00 step 8900/13600: loss = 0.08772
  Ep00 step 9000/13600: loss = 0.08964
  Ep00 step 9100/13600: loss = 0.09257
  Ep00 step 9200/13600: loss = 0.09024
  Ep00 step 9300/13600: loss = 0.08759
  Ep00 step 9400/13600: loss = 0.08935
  Ep00 step 9500/13600: loss = 0.09123
  Ep00 step 9600/13600: loss = 0.08842
  Ep00 step 9700/13600: loss = 0.09111
  Ep00 step 9800/13600: loss = 0.08960
  Ep00 step 9900/13600: loss = 0.09097
  Ep00 step 10000/13600: loss = 0.08949
  Ep00 step 10100/13600: loss = 0.09002
  Ep00 step 10200/13600: loss = 0.09039
  Ep00 step 10300/13600: loss = 0.08853
  Ep00 step 10400/13600: loss = 0.08820
  Ep00 step 10500/13600: loss = 0.08652
  Ep00 step 10600/13600: loss = 0.08607
  Ep00 step 10700/13600: loss = 0.08762
  Ep00 step 10800/13600: loss = 0.08822
  Ep00 step 10900/13600: loss = 0.08823
  Ep00 step 11000/13600: loss = 0.08968
  Ep00 step 11100/13600: loss = 0.08657
  Ep00 step 11200/13600: loss = 0.08784
  Ep00 step 11300/13600: loss = 0.08876
  Ep00 step 11400/13600: loss = 0.08892
  Ep00 step 11500/13600: loss = 0.08909
  Ep00 step 11600/13600: loss = 0.08850
  Ep00 step 11700/13600: loss = 0.08999
  Ep00 step 11800/13600: loss = 0.08692
  Ep00 step 11900/13600: loss = 0.08862
  Ep00 step 12000/13600: loss = 0.08504
  Ep00 step 12100/13600: loss = 0.08734
  Ep00 step 12200/13600: loss = 0.08927
  Ep00 step 12300/13600: loss = 0.08538
  Ep00 step 12400/13600: loss = 0.08875
  Ep00 step 12500/13600: loss = 0.08502
  Ep00 step 12600/13600: loss = 0.08980
  Ep00 step 12700/13600: loss = 0.08507
  Ep00 step 12800/13600: loss = 0.08804
  Ep00 step 12900/13600: loss = 0.09020
  Ep00 step 13000/13600: loss = 0.08625
  Ep00 step 13100/13600: loss = 0.08546
  Ep00 step 13200/13600: loss = 0.08881
  Ep00 step 13300/13600: loss = 0.08929
  Ep00 step 13400/13600: loss = 0.08393
  Ep00 step 13500/13600: loss = 0.08565
  Ep00 step 13600/13600: loss = 0.08752

Epoch 00/6 | train=0.09912 val=0.11158 | AUC=['0.999', '0.995', '0.991', '0.988'] PR=['0.986', '0.963', '0.945', '0.949'] | CASCADE-only AUC=['0.998', '0.992', '0.987', '0.984'] PR=['0.945', '0.912', '0.889', '0.910'] | mono_viol=0.00000 | 686s

  [checkpoint] best.pt updated (epoch 0, val_loss=0.11158)
  Ep01 step  100/13600: loss = 0.08627
  Ep01 step  200/13600: loss = 0.08924
  Ep01 step  300/13600: loss = 0.08974
  Ep01 step  400/13600: loss = 0.08737
  Ep01 step  500/13600: loss = 0.08117
  Ep01 step  600/13600: loss = 0.08755
  Ep01 step  700/13600: loss = 0.08465
  Ep01 step  800/13600: loss = 0.08824
  Ep01 step  900/13600: loss = 0.08748
  Ep01 step 1000/13600: loss = 0.08192
  Ep01 step 1100/13600: loss = 0.08670
  Ep01 step 1200/13600: loss = 0.08699
  Ep01 step 1300/13600: loss = 0.08729
  Ep01 step 1400/13600: loss = 0.08823
  Ep01 step 1500/13600: loss = 0.08590
  Ep01 step 1600/13600: loss = 0.08657
  Ep01 step 1700/13600: loss = 0.08638
  Ep01 step 1800/13600: loss = 0.08889
  Ep01 step 1900/13600: loss = 0.08738
  Ep01 step 2000/13600: loss = 0.08643
  Ep01 step 2100/13600: loss = 0.08787
  Ep01 step 2200/13600: loss = 0.08821
  Ep01 step 2300/13600: loss = 0.08422
  Ep01 step 2400/13600: loss = 0.08670
  Ep01 step 2500/13600: loss = 0.08614
  Ep01 step 2600/13600: loss = 0.08627
  Ep01 step 2700/13600: loss = 0.08538
  Ep01 step 2800/13600: loss = 0.08690
  Ep01 step 2900/13600: loss = 0.08314
  Ep01 step 3000/13600: loss = 0.08484
  Ep01 step 3100/13600: loss = 0.08431
  Ep01 step 3200/13600: loss = 0.08590
  Ep01 step 3300/13600: loss = 0.08579
  Ep01 step 3400/13600: loss = 0.08631
  Ep01 step 3500/13600: loss = 0.08717
  Ep01 step 3600/13600: loss = 0.08927
  Ep01 step 3700/13600: loss = 0.08484
  Ep01 step 3800/13600: loss = 0.08967
  Ep01 step 3900/13600: loss = 0.08708
  Ep01 step 4000/13600: loss = 0.08541
  Ep01 step 4100/13600: loss = 0.08609
  Ep01 step 4200/13600: loss = 0.08674
  Ep01 step 4300/13600: loss = 0.08235
  Ep01 step 4400/13600: loss = 0.08865
  Ep01 step 4500/13600: loss = 0.08768
  Ep01 step 4600/13600: loss = 0.08538
  Ep01 step 4700/13600: loss = 0.08496
  Ep01 step 4800/13600: loss = 0.08604
  Ep01 step 4900/13600: loss = 0.08734
  Ep01 step 5000/13600: loss = 0.08209
  Ep01 step 5100/13600: loss = 0.08667
  Ep01 step 5200/13600: loss = 0.08412
  Ep01 step 5300/13600: loss = 0.08498
  Ep01 step 5400/13600: loss = 0.08346
  Ep01 step 5500/13600: loss = 0.08368
  Ep01 step 5600/13600: loss = 0.08493
  Ep01 step 5700/13600: loss = 0.08432
  Ep01 step 5800/13600: loss = 0.08433
  Ep01 step 5900/13600: loss = 0.08442
  Ep01 step 6000/13600: loss = 0.08829
  Ep01 step 6100/13600: loss = 0.08400
  Ep01 step 6200/13600: loss = 0.08476
  Ep01 step 6300/13600: loss = 0.08677
  Ep01 step 6400/13600: loss = 0.08474
  Ep01 step 6500/13600: loss = 0.08663
  Ep01 step 6600/13600: loss = 0.08611
  Ep01 step 6700/13600: loss = 0.08455
  Ep01 step 6800/13600: loss = 0.08236
  Ep01 step 6900/13600: loss = 0.08772
  Ep01 step 7000/13600: loss = 0.08693
  Ep01 step 7100/13600: loss = 0.08403
  Ep01 step 7200/13600: loss = 0.08496
  Ep01 step 7300/13600: loss = 0.08340
  Ep01 step 7400/13600: loss = 0.08390
  Ep01 step 7500/13600: loss = 0.08615
  Ep01 step 7600/13600: loss = 0.08445
  Ep01 step 7700/13600: loss = 0.08568
  Ep01 step 7800/13600: loss = 0.08784
  Ep01 step 7900/13600: loss = 0.08481
  Ep01 step 8000/13600: loss = 0.08602
  Ep01 step 8100/13600: loss = 0.08429
  Ep01 step 8200/13600: loss = 0.08371
  Ep01 step 8300/13600: loss = 0.08495
  Ep01 step 8400/13600: loss = 0.08313
  Ep01 step 8500/13600: loss = 0.08171
  Ep01 step 8600/13600: loss = 0.08517
  Ep01 step 8700/13600: loss = 0.08548
  Ep01 step 8800/13600: loss = 0.08662
  Ep01 step 8900/13600: loss = 0.08481
  Ep01 step 9000/13600: loss = 0.08572
  Ep01 step 9100/13600: loss = 0.08402
  Ep01 step 9200/13600: loss = 0.08532
  Ep01 step 9300/13600: loss = 0.08454
  Ep01 step 9400/13600: loss = 0.08481
  Ep01 step 9500/13600: loss = 0.08614
  Ep01 step 9600/13600: loss = 0.08262
  Ep01 step 9700/13600: loss = 0.08200
  Ep01 step 9800/13600: loss = 0.08209
  Ep01 step 9900/13600: loss = 0.08616
  Ep01 step 10000/13600: loss = 0.08513
  Ep01 step 10100/13600: loss = 0.08580
  Ep01 step 10200/13600: loss = 0.08280
  Ep01 step 10300/13600: loss = 0.08428
  Ep01 step 10400/13600: loss = 0.08475
  Ep01 step 10500/13600: loss = 0.08502
  Ep01 step 10600/13600: loss = 0.08200
  Ep01 step 10700/13600: loss = 0.08129
  Ep01 step 10800/13600: loss = 0.08427
  Ep01 step 10900/13600: loss = 0.08164
  Ep01 step 11000/13600: loss = 0.08441
  Ep01 step 11100/13600: loss = 0.08441
  Ep01 step 11200/13600: loss = 0.08641
  Ep01 step 11300/13600: loss = 0.08518
  Ep01 step 11400/13600: loss = 0.08245
  Ep01 step 11500/13600: loss = 0.08057
  Ep01 step 11600/13600: loss = 0.08237
  Ep01 step 11700/13600: loss = 0.08753
  Ep01 step 11800/13600: loss = 0.08195
  Ep01 step 11900/13600: loss = 0.08309
  Ep01 step 12000/13600: loss = 0.08259
  Ep01 step 12100/13600: loss = 0.08617
  Ep01 step 12200/13600: loss = 0.08739
  Ep01 step 12300/13600: loss = 0.08591
  Ep01 step 12400/13600: loss = 0.08271
  Ep01 step 12500/13600: loss = 0.08595
  Ep01 step 12600/13600: loss = 0.07956
  Ep01 step 12700/13600: loss = 0.08642
  Ep01 step 12800/13600: loss = 0.08544
  Ep01 step 12900/13600: loss = 0.08229
  Ep01 step 13000/13600: loss = 0.08481
  Ep01 step 13100/13600: loss = 0.08625
  Ep01 step 13200/13600: loss = 0.08409
  Ep01 step 13300/13600: loss = 0.08580
  Ep01 step 13400/13600: loss = 0.08812
  Ep01 step 13500/13600: loss = 0.08240
  Ep01 step 13600/13600: loss = 0.08400

Epoch 01/6 | train=0.08523 val=0.11006 | AUC=['0.999', '0.995', '0.991', '0.988'] PR=['0.987', '0.959', '0.941', '0.947'] | CASCADE-only AUC=['0.998', '0.992', '0.987', '0.984'] PR=['0.948', '0.906', '0.885', '0.908'] | mono_viol=0.00000 | 1359s

  [checkpoint] best.pt updated (epoch 1, val_loss=0.11006)
  Ep02 step  100/13600: loss = 0.08294
  Ep02 step  200/13600: loss = 0.08455
  Ep02 step  300/13600: loss = 0.08419
  Ep02 step  400/13600: loss = 0.08208
  Ep02 step  500/13600: loss = 0.08039
  Ep02 step  600/13600: loss = 0.08340
  Ep02 step  700/13600: loss = 0.08304
  Ep02 step  800/13600: loss = 0.08452
  Ep02 step  900/13600: loss = 0.08558
  Ep02 step 1000/13600: loss = 0.08254
  Ep02 step 1100/13600: loss = 0.08569
  Ep02 step 1200/13600: loss = 0.08307
  Ep02 step 1300/13600: loss = 0.08378
  Ep02 step 1400/13600: loss = 0.08278
  Ep02 step 1500/13600: loss = 0.08657
  Ep02 step 1600/13600: loss = 0.08410
  Ep02 step 1700/13600: loss = 0.08222
  Ep02 step 1800/13600: loss = 0.08704
  Ep02 step 1900/13600: loss = 0.08349
  Ep02 step 2000/13600: loss = 0.08746
  Ep02 step 2100/13600: loss = 0.08273
  Ep02 step 2200/13600: loss = 0.08363
  Ep02 step 2300/13600: loss = 0.08283
  Ep02 step 2400/13600: loss = 0.08222
  Ep02 step 2500/13600: loss = 0.08292
  Ep02 step 2600/13600: loss = 0.08421
  Ep02 step 2700/13600: loss = 0.08165
  Ep02 step 2800/13600: loss = 0.08460
  Ep02 step 2900/13600: loss = 0.07996
  Ep02 step 3000/13600: loss = 0.08263
  Ep02 step 3100/13600: loss = 0.08288
  Ep02 step 3200/13600: loss = 0.08083
  Ep02 step 3300/13600: loss = 0.08813
  Ep02 step 3400/13600: loss = 0.08325
  Ep02 step 3500/13600: loss = 0.08351
  Ep02 step 3600/13600: loss = 0.08113
  Ep02 step 3700/13600: loss = 0.08674
  Ep02 step 3800/13600: loss = 0.08278
  Ep02 step 3900/13600: loss = 0.08442
  Ep02 step 4000/13600: loss = 0.08337
  Ep02 step 4100/13600: loss = 0.08271
  Ep02 step 4200/13600: loss = 0.08466
  Ep02 step 4300/13600: loss = 0.08359
  Ep02 step 4400/13600: loss = 0.07799
  Ep02 step 4500/13600: loss = 0.08400
  Ep02 step 4600/13600: loss = 0.08497
  Ep02 step 4700/13600: loss = 0.08314
  Ep02 step 4800/13600: loss = 0.08651
  Ep02 step 4900/13600: loss = 0.08270
  Ep02 step 5000/13600: loss = 0.08663
  Ep02 step 5100/13600: loss = 0.09023
  Ep02 step 5200/13600: loss = 0.08382
  Ep02 step 5300/13600: loss = 0.08506
  Ep02 step 5400/13600: loss = 0.08239
  Ep02 step 5500/13600: loss = 0.08469
  Ep02 step 5600/13600: loss = 0.08441
  Ep02 step 5700/13600: loss = 0.08236
  Ep02 step 5800/13600: loss = 0.08323
  Ep02 step 5900/13600: loss = 0.08396
  Ep02 step 6000/13600: loss = 0.08424
  Ep02 step 6100/13600: loss = 0.08308
  Ep02 step 6200/13600: loss = 0.08283
  Ep02 step 6300/13600: loss = 0.08196
  Ep02 step 6400/13600: loss = 0.08293
  Ep02 step 6500/13600: loss = 0.08328
  Ep02 step 6600/13600: loss = 0.08473
  Ep02 step 6700/13600: loss = 0.07988
  Ep02 step 6800/13600: loss = 0.08135
  Ep02 step 6900/13600: loss = 0.08225
  Ep02 step 7000/13600: loss = 0.08259
  Ep02 step 7100/13600: loss = 0.08627
  Ep02 step 7200/13600: loss = 0.08315
  Ep02 step 7300/13600: loss = 0.08450
  Ep02 step 7400/13600: loss = 0.08227
  Ep02 step 7500/13600: loss = 0.08209
  Ep02 step 7600/13600: loss = 0.08037
  Ep02 step 7700/13600: loss = 0.08550
  Ep02 step 7800/13600: loss = 0.08338
  Ep02 step 7900/13600: loss = 0.08610
  Ep02 step 8000/13600: loss = 0.08172
  Ep02 step 8100/13600: loss = 0.08526
  Ep02 step 8200/13600: loss = 0.08415
  Ep02 step 8300/13600: loss = 0.08350
  Ep02 step 8400/13600: loss = 0.07988
  Ep02 step 8500/13600: loss = 0.08441
  Ep02 step 8600/13600: loss = 0.08054
  Ep02 step 8700/13600: loss = 0.08237
  Ep02 step 8800/13600: loss = 0.08234
  Ep02 step 8900/13600: loss = 0.08512
  Ep02 step 9000/13600: loss = 0.08344
  Ep02 step 9100/13600: loss = 0.07703
  Ep02 step 9200/13600: loss = 0.08714
  Ep02 step 9300/13600: loss = 0.08521
  Ep02 step 9400/13600: loss = 0.08278
  Ep02 step 9500/13600: loss = 0.08485
  Ep02 step 9600/13600: loss = 0.08190
  Ep02 step 9700/13600: loss = 0.08418
  Ep02 step 9800/13600: loss = 0.08246
  Ep02 step 9900/13600: loss = 0.08558
  Ep02 step 10000/13600: loss = 0.08680
  Ep02 step 10100/13600: loss = 0.08207
  Ep02 step 10200/13600: loss = 0.08575
  Ep02 step 10300/13600: loss = 0.08142
  Ep02 step 10400/13600: loss = 0.08430
  Ep02 step 10500/13600: loss = 0.08287
  Ep02 step 10600/13600: loss = 0.08735
  Ep02 step 10700/13600: loss = 0.08171
  Ep02 step 10800/13600: loss = 0.08414
  Ep02 step 10900/13600: loss = 0.08108
  Ep02 step 11000/13600: loss = 0.08378
  Ep02 step 11100/13600: loss = 0.08305
  Ep02 step 11200/13600: loss = 0.08253
  Ep02 step 11300/13600: loss = 0.08603
  Ep02 step 11400/13600: loss = 0.08508
  Ep02 step 11500/13600: loss = 0.08304
  Ep02 step 11600/13600: loss = 0.08534
  Ep02 step 11700/13600: loss = 0.08143
  Ep02 step 11800/13600: loss = 0.08388
  Ep02 step 11900/13600: loss = 0.08320
  Ep02 step 12000/13600: loss = 0.08431
  Ep02 step 12100/13600: loss = 0.08217
  Ep02 step 12200/13600: loss = 0.08342
  Ep02 step 12300/13600: loss = 0.08416
  Ep02 step 12400/13600: loss = 0.08198
  Ep02 step 12500/13600: loss = 0.08395
  Ep02 step 12600/13600: loss = 0.08069
  Ep02 step 12700/13600: loss = 0.08498
  Ep02 step 12800/13600: loss = 0.08374
  Ep02 step 12900/13600: loss = 0.08553
  Ep02 step 13000/13600: loss = 0.08344
  Ep02 step 13100/13600: loss = 0.08258
  Ep02 step 13200/13600: loss = 0.08333
  Ep02 step 13300/13600: loss = 0.08444
  Ep02 step 13400/13600: loss = 0.08141
  Ep02 step 13500/13600: loss = 0.08330
  Ep02 step 13600/13600: loss = 0.08268

Epoch 02/6 | train=0.08352 val=0.11099 | AUC=['0.999', '0.996', '0.991', '0.988'] PR=['0.987', '0.963', '0.948', '0.948'] | CASCADE-only AUC=['0.998', '0.993', '0.988', '0.984'] PR=['0.951', '0.916', '0.898', '0.909'] | mono_viol=0.00000 | 2073s

  Ep03 step  100/13600: loss = 0.08498
  Ep03 step  200/13600: loss = 0.08411
  Ep03 step  300/13600: loss = 0.08149
  Ep03 step  400/13600: loss = 0.08265
  Ep03 step  500/13600: loss = 0.08503
  Ep03 step  600/13600: loss = 0.08553
  Ep03 step  700/13600: loss = 0.08305
  Ep03 step  800/13600: loss = 0.08517
  Ep03 step  900/13600: loss = 0.08286
  Ep03 step 1000/13600: loss = 0.08557
  Ep03 step 1100/13600: loss = 0.08328
  Ep03 step 1200/13600: loss = 0.08351
  Ep03 step 1300/13600: loss = 0.08308
  Ep03 step 1400/13600: loss = 0.08357
  Ep03 step 1500/13600: loss = 0.08221
  Ep03 step 1600/13600: loss = 0.08053
  Ep03 step 1700/13600: loss = 0.08032
  Ep03 step 1800/13600: loss = 0.08326
  Ep03 step 1900/13600: loss = 0.08098
  Ep03 step 2000/13600: loss = 0.08414
  Ep03 step 2100/13600: loss = 0.08111
  Ep03 step 2200/13600: loss = 0.08316
  Ep03 step 2300/13600: loss = 0.08164
  Ep03 step 2400/13600: loss = 0.07970
  Ep03 step 2500/13600: loss = 0.08128
  Ep03 step 2600/13600: loss = 0.08248
  Ep03 step 2700/13600: loss = 0.08426
  Ep03 step 2800/13600: loss = 0.08400
  Ep03 step 2900/13600: loss = 0.08453
  Ep03 step 3000/13600: loss = 0.08227
  Ep03 step 3100/13600: loss = 0.08415
  Ep03 step 3200/13600: loss = 0.08392
  Ep03 step 3300/13600: loss = 0.08621
  Ep03 step 3400/13600: loss = 0.08171
  Ep03 step 3500/13600: loss = 0.08506
  Ep03 step 3600/13600: loss = 0.08001
  Ep03 step 3700/13600: loss = 0.08574
  Ep03 step 3800/13600: loss = 0.08310
  Ep03 step 3900/13600: loss = 0.08206
  Ep03 step 4000/13600: loss = 0.08465
  Ep03 step 4100/13600: loss = 0.08752
  Ep03 step 4200/13600: loss = 0.08387
  Ep03 step 4300/13600: loss = 0.08454
  Ep03 step 4400/13600: loss = 0.08345
  Ep03 step 4500/13600: loss = 0.08299
  Ep03 step 4600/13600: loss = 0.08081
  Ep03 step 4700/13600: loss = 0.08369
  Ep03 step 4800/13600: loss = 0.08327
  Ep03 step 4900/13600: loss = 0.08432
  Ep03 step 5000/13600: loss = 0.08105
  Ep03 step 5100/13600: loss = 0.08366
  Ep03 step 5200/13600: loss = 0.08341
  Ep03 step 5300/13600: loss = 0.08141
  Ep03 step 5400/13600: loss = 0.08388
  Ep03 step 5500/13600: loss = 0.08117
  Ep03 step 5600/13600: loss = 0.08094
  Ep03 step 5700/13600: loss = 0.07857
  Ep03 step 5800/13600: loss = 0.08325
  Ep03 step 5900/13600: loss = 0.08291
  Ep03 step 6000/13600: loss = 0.08048
  Ep03 step 6100/13600: loss = 0.08532
  Ep03 step 6200/13600: loss = 0.08455
  Ep03 step 6300/13600: loss = 0.08250
  Ep03 step 6400/13600: loss = 0.07851
  Ep03 step 6500/13600: loss = 0.08063
  Ep03 step 6600/13600: loss = 0.08272
  Ep03 step 6700/13600: loss = 0.08063
  Ep03 step 6800/13600: loss = 0.08043
  Ep03 step 6900/13600: loss = 0.08257
  Ep03 step 7000/13600: loss = 0.07901
  Ep03 step 7100/13600: loss = 0.08190
  Ep03 step 7200/13600: loss = 0.08332
  Ep03 step 7300/13600: loss = 0.08094
  Ep03 step 7400/13600: loss = 0.08333
  Ep03 step 7500/13600: loss = 0.08229
  Ep03 step 7600/13600: loss = 0.08055
  Ep03 step 7700/13600: loss = 0.07730
  Ep03 step 7800/13600: loss = 0.08418
  Ep03 step 7900/13600: loss = 0.08176
  Ep03 step 8000/13600: loss = 0.08450
  Ep03 step 8100/13600: loss = 0.08610
  Ep03 step 8200/13600: loss = 0.08109
  Ep03 step 8300/13600: loss = 0.08402
  Ep03 step 8400/13600: loss = 0.08407
  Ep03 step 8500/13600: loss = 0.08380
  Ep03 step 8600/13600: loss = 0.07856
  Ep03 step 8700/13600: loss = 0.08317
  Ep03 step 8800/13600: loss = 0.08226
  Ep03 step 8900/13600: loss = 0.08365
  Ep03 step 9000/13600: loss = 0.08043
  Ep03 step 9100/13600: loss = 0.08238
  Ep03 step 9200/13600: loss = 0.08181
  Ep03 step 9300/13600: loss = 0.08358
  Ep03 step 9400/13600: loss = 0.08385
  Ep03 step 9500/13600: loss = 0.08383
  Ep03 step 9600/13600: loss = 0.08272
  Ep03 step 9700/13600: loss = 0.08198
  Ep03 step 9800/13600: loss = 0.08240
  Ep03 step 9900/13600: loss = 0.08384
  Ep03 step 10000/13600: loss = 0.08509
  Ep03 step 10100/13600: loss = 0.08174
  Ep03 step 10200/13600: loss = 0.08405
  Ep03 step 10300/13600: loss = 0.08119
  Ep03 step 10400/13600: loss = 0.08130
  Ep03 step 10500/13600: loss = 0.08139
  Ep03 step 10600/13600: loss = 0.08110
  Ep03 step 10700/13600: loss = 0.08558
  Ep03 step 10800/13600: loss = 0.08112
  Ep03 step 10900/13600: loss = 0.08323
  Ep03 step 11000/13600: loss = 0.08442
  Ep03 step 11100/13600: loss = 0.08352
  Ep03 step 11200/13600: loss = 0.08296
  Ep03 step 11300/13600: loss = 0.08353
  Ep03 step 11400/13600: loss = 0.08069
  Ep03 step 11500/13600: loss = 0.07922
  Ep03 step 11600/13600: loss = 0.08204
  Ep03 step 11700/13600: loss = 0.08138
  Ep03 step 11800/13600: loss = 0.08496
  Ep03 step 11900/13600: loss = 0.08586
  Ep03 step 12000/13600: loss = 0.08394
  Ep03 step 12100/13600: loss = 0.08447
  Ep03 step 12200/13600: loss = 0.08261
  Ep03 step 12300/13600: loss = 0.08417
  Ep03 step 12400/13600: loss = 0.08120
  Ep03 step 12500/13600: loss = 0.08268
  Ep03 step 12600/13600: loss = 0.08410
  Ep03 step 12700/13600: loss = 0.08250
  Ep03 step 12800/13600: loss = 0.08225
  Ep03 step 12900/13600: loss = 0.07986
  Ep03 step 13000/13600: loss = 0.08264
  Ep03 step 13100/13600: loss = 0.08447
  Ep03 step 13200/13600: loss = 0.08491
  Ep03 step 13300/13600: loss = 0.08143
  Ep03 step 13400/13600: loss = 0.08335
  Ep03 step 13500/13600: loss = 0.08381
  Ep03 step 13600/13600: loss = 0.08385

Epoch 03/6 | train=0.08278 val=0.10994 | AUC=['0.999', '0.996', '0.991', '0.989'] PR=['0.988', '0.964', '0.946', '0.948'] | CASCADE-only AUC=['0.998', '0.993', '0.988', '0.985'] PR=['0.952', '0.918', '0.895', '0.906'] | mono_viol=0.00000 | 2749s

  [checkpoint] best.pt updated (epoch 3, val_loss=0.10994)
  Ep04 step  100/13600: loss = 0.08336
  Ep04 step  200/13600: loss = 0.08125
  Ep04 step  300/13600: loss = 0.07924
  Ep04 step  400/13600: loss = 0.08398
  Ep04 step  500/13600: loss = 0.08171
  Ep04 step  600/13600: loss = 0.08384
  Ep04 step  700/13600: loss = 0.08282
  Ep04 step  800/13600: loss = 0.08470
  Ep04 step  900/13600: loss = 0.08278
  Ep04 step 1000/13600: loss = 0.08351
  Ep04 step 1100/13600: loss = 0.08294
  Ep04 step 1200/13600: loss = 0.08132
  Ep04 step 1300/13600: loss = 0.08152
  Ep04 step 1400/13600: loss = 0.08410
  Ep04 step 1500/13600: loss = 0.08244
  Ep04 step 1600/13600: loss = 0.07834
  Ep04 step 1700/13600: loss = 0.08370
  Ep04 step 1800/13600: loss = 0.08219
  Ep04 step 1900/13600: loss = 0.08495
  Ep04 step 2000/13600: loss = 0.08312
  Ep04 step 2100/13600: loss = 0.08373
  Ep04 step 2200/13600: loss = 0.08220
  Ep04 step 2300/13600: loss = 0.08130
  Ep04 step 2400/13600: loss = 0.08215
  Ep04 step 2500/13600: loss = 0.08480
  Ep04 step 2600/13600: loss = 0.08088
  Ep04 step 2700/13600: loss = 0.08386
  Ep04 step 2800/13600: loss = 0.08080
  Ep04 step 2900/13600: loss = 0.08095
  Ep04 step 3000/13600: loss = 0.07967
  Ep04 step 3100/13600: loss = 0.08740
  Ep04 step 3200/13600: loss = 0.08415
  Ep04 step 3300/13600: loss = 0.08185
  Ep04 step 3400/13600: loss = 0.08183
  Ep04 step 3500/13600: loss = 0.08379
  Ep04 step 3600/13600: loss = 0.08331
  Ep04 step 3700/13600: loss = 0.08508
  Ep04 step 3800/13600: loss = 0.08349
  Ep04 step 3900/13600: loss = 0.08287
  Ep04 step 4000/13600: loss = 0.08333
  Ep04 step 4100/13600: loss = 0.08330
  Ep04 step 4200/13600: loss = 0.08108
  Ep04 step 4300/13600: loss = 0.08316
  Ep04 step 4400/13600: loss = 0.08380
  Ep04 step 4500/13600: loss = 0.08001
  Ep04 step 4600/13600: loss = 0.08361
  Ep04 step 4700/13600: loss = 0.08138
  Ep04 step 4800/13600: loss = 0.08332
  Ep04 step 4900/13600: loss = 0.08263
  Ep04 step 5000/13600: loss = 0.08147
  Ep04 step 5100/13600: loss = 0.07969
  Ep04 step 5200/13600: loss = 0.08282
  Ep04 step 5300/13600: loss = 0.08280
  Ep04 step 5400/13600: loss = 0.08316
  Ep04 step 5500/13600: loss = 0.08357
  Ep04 step 5600/13600: loss = 0.08440
  Ep04 step 5700/13600: loss = 0.08316
  Ep04 step 5800/13600: loss = 0.08042
  Ep04 step 5900/13600: loss = 0.08153
  Ep04 step 6000/13600: loss = 0.07809
  Ep04 step 6100/13600: loss = 0.08427
  Ep04 step 6200/13600: loss = 0.07723
  Ep04 step 6300/13600: loss = 0.07903
  Ep04 step 6400/13600: loss = 0.08226
  Ep04 step 6500/13600: loss = 0.08142
  Ep04 step 6600/13600: loss = 0.08232
  Ep04 step 6700/13600: loss = 0.08055
  Ep04 step 6800/13600: loss = 0.08452
  Ep04 step 6900/13600: loss = 0.08321
  Ep04 step 7000/13600: loss = 0.08246
  Ep04 step 7100/13600: loss = 0.08125
  Ep04 step 7200/13600: loss = 0.07989
  Ep04 step 7300/13600: loss = 0.08576
  Ep04 step 7400/13600: loss = 0.08293
  Ep04 step 7500/13600: loss = 0.08118
  Ep04 step 7600/13600: loss = 0.08051
  Ep04 step 7700/13600: loss = 0.08315
  Ep04 step 7800/13600: loss = 0.08267
  Ep04 step 7900/13600: loss = 0.08284
  Ep04 step 8000/13600: loss = 0.08375
  Ep04 step 8100/13600: loss = 0.08240
  Ep04 step 8200/13600: loss = 0.08052
  Ep04 step 8300/13600: loss = 0.08116
  Ep04 step 8400/13600: loss = 0.07827
  Ep04 step 8500/13600: loss = 0.07754
  Ep04 step 8600/13600: loss = 0.08147
  Ep04 step 8700/13600: loss = 0.07964
  Ep04 step 8800/13600: loss = 0.08180
  Ep04 step 8900/13600: loss = 0.08068
  Ep04 step 9000/13600: loss = 0.08072
  Ep04 step 9100/13600: loss = 0.07839
  Ep04 step 9200/13600: loss = 0.07696
  Ep04 step 9300/13600: loss = 0.08153
  Ep04 step 9400/13600: loss = 0.08240
  Ep04 step 9500/13600: loss = 0.07887
  Ep04 step 9600/13600: loss = 0.08231
  Ep04 step 9700/13600: loss = 0.08570
  Ep04 step 9800/13600: loss = 0.08458
  Ep04 step 9900/13600: loss = 0.08224
  Ep04 step 10000/13600: loss = 0.08313
  Ep04 step 10100/13600: loss = 0.08393
  Ep04 step 10200/13600: loss = 0.08189
  Ep04 step 10300/13600: loss = 0.08197
  Ep04 step 10400/13600: loss = 0.08611
  Ep04 step 10500/13600: loss = 0.08340
  Ep04 step 10600/13600: loss = 0.08130
  Ep04 step 10700/13600: loss = 0.08260
  Ep04 step 10800/13600: loss = 0.08648
  Ep04 step 10900/13600: loss = 0.08329
  Ep04 step 11000/13600: loss = 0.08277
  Ep04 step 11100/13600: loss = 0.08164
  Ep04 step 11200/13600: loss = 0.08450
  Ep04 step 11300/13600: loss = 0.08308
  Ep04 step 11400/13600: loss = 0.07891
  Ep04 step 11500/13600: loss = 0.07858
  Ep04 step 11600/13600: loss = 0.07637
  Ep04 step 11700/13600: loss = 0.08323
  Ep04 step 11800/13600: loss = 0.08385
  Ep04 step 11900/13600: loss = 0.08046
  Ep04 step 12000/13600: loss = 0.08276
  Ep04 step 12100/13600: loss = 0.08557
  Ep04 step 12200/13600: loss = 0.08202
  Ep04 step 12300/13600: loss = 0.08181
  Ep04 step 12400/13600: loss = 0.08073
  Ep04 step 12500/13600: loss = 0.08010
  Ep04 step 12600/13600: loss = 0.08332
  Ep04 step 12700/13600: loss = 0.08241
  Ep04 step 12800/13600: loss = 0.07885
  Ep04 step 12900/13600: loss = 0.08255
  Ep04 step 13000/13600: loss = 0.07967
  Ep04 step 13100/13600: loss = 0.08082
  Ep04 step 13200/13600: loss = 0.08161
  Ep04 step 13300/13600: loss = 0.08516
  Ep04 step 13400/13600: loss = 0.08238
  Ep04 step 13500/13600: loss = 0.08197
  Ep04 step 13600/13600: loss = 0.08028

Epoch 04/6 | train=0.08214 val=0.10868 | AUC=['0.999', '0.996', '0.992', '0.990'] PR=['0.988', '0.965', '0.948', '0.955'] | CASCADE-only AUC=['0.998', '0.993', '0.988', '0.987'] PR=['0.952', '0.916', '0.896', '0.919'] | mono_viol=0.00000 | 3442s

  [checkpoint] best.pt updated (epoch 4, val_loss=0.10868)
  Ep05 step  100/13600: loss = 0.08200
  Ep05 step  200/13600: loss = 0.07896
  Ep05 step  300/13600: loss = 0.07913
  Ep05 step  400/13600: loss = 0.07949
  Ep05 step  500/13600: loss = 0.08135
  Ep05 step  600/13600: loss = 0.08142
  Ep05 step  700/13600: loss = 0.08460
  Ep05 step  800/13600: loss = 0.08349
  Ep05 step  900/13600: loss = 0.08352
  Ep05 step 1000/13600: loss = 0.08413
  Ep05 step 1100/13600: loss = 0.08361
  Ep05 step 1200/13600: loss = 0.08175
  Ep05 step 1300/13600: loss = 0.08016
  Ep05 step 1400/13600: loss = 0.08340
  Ep05 step 1500/13600: loss = 0.08363
  Ep05 step 1600/13600: loss = 0.08207
  Ep05 step 1700/13600: loss = 0.08259
  Ep05 step 1800/13600: loss = 0.08153
  Ep05 step 1900/13600: loss = 0.08452
  Ep05 step 2000/13600: loss = 0.08092
  Ep05 step 2100/13600: loss = 0.08300
  Ep05 step 2200/13600: loss = 0.08165
  Ep05 step 2300/13600: loss = 0.08310
  Ep05 step 2400/13600: loss = 0.07873
  Ep05 step 2500/13600: loss = 0.08373
  Ep05 step 2600/13600: loss = 0.08062
  Ep05 step 2700/13600: loss = 0.08301
  Ep05 step 2800/13600: loss = 0.08269
  Ep05 step 2900/13600: loss = 0.08102
  Ep05 step 3000/13600: loss = 0.08282
  Ep05 step 3100/13600: loss = 0.08364
  Ep05 step 3200/13600: loss = 0.08097
  Ep05 step 3300/13600: loss = 0.08355
  Ep05 step 3400/13600: loss = 0.08089
  Ep05 step 3500/13600: loss = 0.08018
  Ep05 step 3600/13600: loss = 0.08270
  Ep05 step 3700/13600: loss = 0.08450
  Ep05 step 3800/13600: loss = 0.08268
  Ep05 step 3900/13600: loss = 0.08160
  Ep05 step 4000/13600: loss = 0.07861
  Ep05 step 4100/13600: loss = 0.08334
  Ep05 step 4200/13600: loss = 0.08454
  Ep05 step 4300/13600: loss = 0.07995
  Ep05 step 4400/13600: loss = 0.08295
  Ep05 step 4500/13600: loss = 0.08231
  Ep05 step 4600/13600: loss = 0.07967
  Ep05 step 4700/13600: loss = 0.08280
  Ep05 step 4800/13600: loss = 0.08204
  Ep05 step 4900/13600: loss = 0.08211
  Ep05 step 5000/13600: loss = 0.08108
  Ep05 step 5100/13600: loss = 0.08328
  Ep05 step 5200/13600: loss = 0.08292
  Ep05 step 5300/13600: loss = 0.08190
  Ep05 step 5400/13600: loss = 0.08212
  Ep05 step 5500/13600: loss = 0.08108
  Ep05 step 5600/13600: loss = 0.08464
  Ep05 step 5700/13600: loss = 0.08248
  Ep05 step 5800/13600: loss = 0.07963
  Ep05 step 5900/13600: loss = 0.08155
  Ep05 step 6000/13600: loss = 0.08072
  Ep05 step 6100/13600: loss = 0.08201
  Ep05 step 6200/13600: loss = 0.08279
  Ep05 step 6300/13600: loss = 0.08230
  Ep05 step 6400/13600: loss = 0.08518
  Ep05 step 6500/13600: loss = 0.07837
  Ep05 step 6600/13600: loss = 0.08091
  Ep05 step 6700/13600: loss = 0.08118
  Ep05 step 6800/13600: loss = 0.08077
  Ep05 step 6900/13600: loss = 0.08548
  Ep05 step 7000/13600: loss = 0.08232
  Ep05 step 7100/13600: loss = 0.08346
  Ep05 step 7200/13600: loss = 0.08284
  Ep05 step 7300/13600: loss = 0.08269
  Ep05 step 7400/13600: loss = 0.08185
  Ep05 step 7500/13600: loss = 0.08290
  Ep05 step 7600/13600: loss = 0.08157
  Ep05 step 7700/13600: loss = 0.08126
  Ep05 step 7800/13600: loss = 0.08086
  Ep05 step 7900/13600: loss = 0.08313
  Ep05 step 8000/13600: loss = 0.08302
  Ep05 step 8100/13600: loss = 0.08374
  Ep05 step 8200/13600: loss = 0.07915
  Ep05 step 8300/13600: loss = 0.08444
  Ep05 step 8400/13600: loss = 0.07979
  Ep05 step 8500/13600: loss = 0.08083
  Ep05 step 8600/13600: loss = 0.07880
  Ep05 step 8700/13600: loss = 0.08152
  Ep05 step 8800/13600: loss = 0.08025
  Ep05 step 8900/13600: loss = 0.08161
  Ep05 step 9000/13600: loss = 0.08256
  Ep05 step 9100/13600: loss = 0.08516
  Ep05 step 9200/13600: loss = 0.08109
  Ep05 step 9300/13600: loss = 0.08043
  Ep05 step 9400/13600: loss = 0.08416
  Ep05 step 9500/13600: loss = 0.08480
  Ep05 step 9600/13600: loss = 0.08405
  Ep05 step 9700/13600: loss = 0.08126
  Ep05 step 9800/13600: loss = 0.08269
  Ep05 step 9900/13600: loss = 0.08121
  Ep05 step 10000/13600: loss = 0.08391
  Ep05 step 10100/13600: loss = 0.07909
  Ep05 step 10200/13600: loss = 0.08122
  Ep05 step 10300/13600: loss = 0.08163
  Ep05 step 10400/13600: loss = 0.08425
  Ep05 step 10500/13600: loss = 0.07964
  Ep05 step 10600/13600: loss = 0.08228
  Ep05 step 10700/13600: loss = 0.08252
  Ep05 step 10800/13600: loss = 0.08372
  Ep05 step 10900/13600: loss = 0.08303
  Ep05 step 11000/13600: loss = 0.08085
  Ep05 step 11100/13600: loss = 0.08385
  Ep05 step 11200/13600: loss = 0.08079
  Ep05 step 11300/13600: loss = 0.08360
  Ep05 step 11400/13600: loss = 0.08129
  Ep05 step 11500/13600: loss = 0.08297
  Ep05 step 11600/13600: loss = 0.08321
  Ep05 step 11700/13600: loss = 0.08145
  Ep05 step 11800/13600: loss = 0.08206
  Ep05 step 11900/13600: loss = 0.08545
  Ep05 step 12000/13600: loss = 0.08002
  Ep05 step 12100/13600: loss = 0.07912
  Ep05 step 12200/13600: loss = 0.08234
  Ep05 step 12300/13600: loss = 0.07796
  Ep05 step 12400/13600: loss = 0.08231
  Ep05 step 12500/13600: loss = 0.08087
  Ep05 step 12600/13600: loss = 0.08119
  Ep05 step 12700/13600: loss = 0.08294
  Ep05 step 12800/13600: loss = 0.08350
  Ep05 step 12900/13600: loss = 0.08250
  Ep05 step 13000/13600: loss = 0.08244
  Ep05 step 13100/13600: loss = 0.07755
  Ep05 step 13200/13600: loss = 0.08338
  Ep05 step 13300/13600: loss = 0.08189
  Ep05 step 13400/13600: loss = 0.08090
  Ep05 step 13500/13600: loss = 0.07948
  Ep05 step 13600/13600: loss = 0.08001

Epoch 05/6 | train=0.08199 val=0.10798 | AUC=['0.999', '0.996', '0.992', '0.991'] PR=['0.989', '0.968', '0.952', '0.957'] | CASCADE-only AUC=['0.998', '0.994', '0.989', '0.988'] PR=['0.956', '0.924', '0.906', '0.924'] | mono_viol=0.00000 | 4107s

  [checkpoint] best.pt updated (epoch 5, val_loss=0.10798)
[held-out geoclaw_2050] test_loss=0.14173 mono_viol=0.00000 (1000 runs)
  ALL-nodes     AUC=[0.9979764435291291, 0.9972807039618492, 0.9905786781311036, 0.993811016201973]  PR=[0.9852627755316017, 0.9896584643934063, 0.9728330196928069, 0.9869491723938637]
  CASCADE-only  AUC=[0.9964128167033196, 0.9964475359916687, 0.9883148622512817, 0.992834466278553]  PR=[0.9555562769835954, 0.9823459923089635, 0.9582776308471739, 0.9820085231738187]
[held-out syn_ts_914_6_1p2955] test_loss=0.08529 mono_viol=0.00000 (1000 runs)
  ALL-nodes     AUC=[0.9997262017130851, 0.994776421904564, 0.9931682311296463, 0.9878667102456092]  PR=[0.9922628637966286, 0.9384180543844901, 0.9296613954765676, 0.9220049931434082]
  CASCADE-only  AUC=[0.9994638876914979, 0.9914382054209709, 0.9898469758033752, 0.9826884684562683]  PR=[0.9692284319307609, 0.8668147488037927, 0.8640975828324178, 0.8624611333377675]
[held-out syn_ts_258_9_3p0022] test_loss=0.12510 mono_viol=0.00000 (1000 runs)
  ALL-nodes     AUC=[0.9985557308197022, 0.9972933980822564, 0.9909136570692062, 0.9934380128979683]  PR=[0.9902942963224579, 0.9897702422511456, 0.9727989679346323, 0.9858115316656915]
  CASCADE-only  AUC=[0.9972411282062531, 0.996280134499073, 0.988098622083664, 0.9921202490925789]  PR=[0.9662092225633009, 0.9803542825586761, 0.9530598416357324, 0.9787788016231583]
[held-out syn_ts_605_5_3p7563] test_loss=0.20880 mono_viol=0.00000 (1000 runs)
  ALL-nodes     AUC=[0.9930084789991379, 0.9940837522149086, 0.9902012481093406, 0.994763010263443]  PR=[0.9795217337159433, 0.9880135260342164, 0.9834137219717334, 0.9932286732476082]
  CASCADE-only  AUC=[0.9867683753371239, 0.9910355755090714, 0.9863673917651177, 0.9931833146810531]  PR=[0.9341282091378385, 0.9741180291101205, 0.9682482277424173, 0.9883343839664569]
[held-out syn_ts_808_27_3p7885] test_loss=0.14059 mono_viol=0.00000 (1000 runs)
  ALL-nodes     AUC=[0.9972290777564049, 0.99616579413414, 0.9908406778573989, 0.9945716968774796]  PR=[0.9866930495289101, 0.9884647812343929, 0.9782445769744721, 0.9900804105653488]
  CASCADE-only  AUC=[0.9947199335694313, 0.9945561605095863, 0.987798348069191, 0.993292947947979]  PR=[0.9545867519973114, 0.97669635946755, 0.9612946478470834, 0.984349865514668]
