[gate] CUDA OK: NVIDIA L40S
task=24 name=old17_ctx_static_mask_s1 hold=all13 set=w29_old ckpt=/scratch/tj2587/results/gnn_morestorms_v1/old17_ctx_static_mask_s1/best.pt labels=/scratch/tj2587/results/legacy_v1_n1000 labels2=/scratch/tj2587/results/gissr48_v1/static timing=unset context=1 smoke=0 out=/scratch/tj2587/results/gnn_morestorms_numbers_v1 commit=967d122 uncommitted_files=0
design subsets from the checkpoint: train_subset=None val_subset=None
Loaded /scratch/tj2587/results/gnn_morestorms_v1/old17_ctx_static_mask_s1/best.pt: epoch=5 saved val_loss=0.06572848458340462 head=hazard params=698,648 horizons=[6, 24, 48, 96]
Train: 13600 runs (baselines) | Val: 3400 runs | held-out ['geoclaw_2050', 'syn_ts_914_6_1p2955', 'syn_ts_258_9_3p0022', 'syn_ts_605_5_3p7563', 'syn_ts_808_27_3p7885', 'syn2_t449w6_wl2p103', 'syn2_t580w24_wl2p439', 'syn2_t934c34_wl2p777', 'syn2_t270w17_wl3p116', 'syn2_t33w13_wl3p458', 'syn2_t857w1_wl3p800', 'syn2_t116w1_wl4p130', 'syn2_t198w16_wl4p722'] (13000 runs)
  baselines: 2000/13600 training runs
  baselines: 4000/13600 training runs
  baselines: 6000/13600 training runs
  baselines: 8000/13600 training runs
  baselines: 10000/13600 training runs
  baselines: 12000/13600 training runs
[R3] baselines from 13600 training runs of 17 storms; base rate per horizon [0.035, 0.0869, 0.1053, 0.1729] -> PASS
[G1] model vs train.eval_step on 3 runs: max |diff| loss 7.76e-09, cascade PR 0.00e+00 -> PASS
  val: 500/3400 runs  (189s)
  val: 1000/3400 runs  (216s)
  val: 1500/3400 runs  (244s)
  val: 2000/3400 runs  (270s)
  val: 2500/3400 runs  (297s)
  val: 3000/3400 runs  (324s)
[val] model: loss 0.06573 | non-seed BCE 0.04532 | count WAPE ['0.058', '0.093', '0.110', '0.145'] bias ['-0.005', '-0.008', '+0.007', '+0.018'] | AP ['0.974', '0.971', '0.959', '0.971'] | window given failure: exact 0.871, within one 0.984; caught by 0.911 | ECE ['0.0006', '0.0010', '0.0017', '0.0062']
[val] no_cascade    : non-seed BCE 0.30844 | count WAPE ['0.644', '0.699', '0.700', '0.777'] | AP ['0.035', '0.086', '0.104', '0.170'] | window given failure: exact 0.389
[val] site_frequency: non-seed BCE 0.14924 | count WAPE ['0.662', '0.710', '0.710', '0.784'] | AP ['0.813', '0.860', '0.851', '0.888'] | window given failure: exact 0.802
[val] nearest_storm : non-seed BCE 0.07092 | count WAPE ['0.138', '0.169', '0.171', '0.191'] | AP ['0.908', '0.931', '0.916', '0.940'] | window given failure: exact 0.849
  geoclaw_2050: 500/1000 runs  (376s)
  geoclaw_2050: 1000/1000 runs  (408s)
[geoclaw_2050] model: loss 0.09367 | non-seed BCE 0.05760 | count WAPE ['0.035', '0.025', '0.046', '0.021'] bias ['-0.011', '-0.011', '-0.011', '+0.016'] | AP ['0.960', '0.991', '0.977', '0.992'] | window given failure: exact 0.835, within one 0.979; caught by 0.968 | ECE ['0.0015', '0.0044', '0.0031', '0.0051']
[geoclaw_2050] no_cascade    : non-seed BCE 0.49258 | count WAPE ['0.454', '0.467', '0.497', '0.457'] | AP ['0.064', '0.163', '0.209', '0.318'] | window given failure: exact 0.343
[geoclaw_2050] site_frequency: non-seed BCE 0.19680 | count WAPE ['0.472', '0.474', '0.502', '0.460'] | AP ['0.778', '0.941', '0.923', '0.970'] | window given failure: exact 0.750
[geoclaw_2050] nearest_storm : non-seed BCE 0.16625 | count WAPE ['0.161', '0.146', '0.204', '0.089'] | AP ['0.759', '0.944', '0.925', '0.976'] | window given failure: exact 0.740
[geoclaw_2050] nearest training storm used by the lookup: {'syn_ts_514_13_2p7829': 403, 'syn_ts_880_9_2p6632': 597}
  syn_ts_914_6_1p2955: 500/1000 runs  (431s)
  syn_ts_914_6_1p2955: 1000/1000 runs  (455s)
[syn_ts_914_6_1p2955] model: loss 0.03351 | non-seed BCE 0.01199 | count WAPE ['0.040', '0.062', '0.101', '0.136'] bias ['+0.015', '+0.047', '+0.026', '+0.078'] | AP ['0.989', '0.979', '0.970', '0.975'] | window given failure: exact 0.888, within one 0.988; caught by 0.888 | ECE ['0.0007', '0.0014', '0.0017', '0.0042']
[syn_ts_914_6_1p2955] no_cascade    : non-seed BCE 0.16778 | count WAPE ['1.166', '2.192', '2.255', '3.787'] | AP ['0.016', '0.027', '0.032', '0.036'] | window given failure: exact 0.105
[syn_ts_914_6_1p2955] site_frequency: non-seed BCE 0.11947 | count WAPE ['1.204', '2.230', '2.288', '3.820'] | AP ['0.786', '0.761', '0.784', '0.806'] | window given failure: exact 0.793
[syn_ts_914_6_1p2955] nearest_storm : non-seed BCE 0.01887 | count WAPE ['0.121', '0.229', '0.184', '0.194'] | AP ['0.950', '0.936', '0.929', '0.935'] | window given failure: exact 0.856
[syn_ts_914_6_1p2955] nearest training storm used by the lookup: {'syn_ts_708_13_1p1567': 905, 'syn_ts_570_2_1p5351': 64, 'syn_ts_321_19_1p7614': 31}
  syn_ts_258_9_3p0022: 500/1000 runs  (487s)
  syn_ts_258_9_3p0022: 1000/1000 runs  (518s)
[syn_ts_258_9_3p0022] model: loss 0.08244 | non-seed BCE 0.05477 | count WAPE ['0.034', '0.027', '0.057', '0.032'] bias ['-0.006', '+0.006', '+0.030', '+0.026'] | AP ['0.971', '0.992', '0.978', '0.991'] | window given failure: exact 0.857, within one 0.985; caught by 0.972 | ECE ['0.0010', '0.0022', '0.0069', '0.0080']
[syn_ts_258_9_3p0022] no_cascade    : non-seed BCE 0.48432 | count WAPE ['0.468', '0.466', '0.468', '0.444'] | AP ['0.066', '0.163', '0.198', '0.310'] | window given failure: exact 0.363
[syn_ts_258_9_3p0022] site_frequency: non-seed BCE 0.18283 | count WAPE ['0.479', '0.477', '0.478', '0.451'] | AP ['0.845', '0.948', '0.935', '0.970'] | window given failure: exact 0.792
[syn_ts_258_9_3p0022] nearest_storm : non-seed BCE 0.07330 | count WAPE ['0.089', '0.064', '0.087', '0.041'] | AP ['0.935', '0.981', '0.966', '0.988'] | window given failure: exact 0.838
[syn_ts_258_9_3p0022] nearest training storm used by the lookup: {'syn_ts_999_12_3p44': 937, 'syn_ts_514_13_2p7829': 63}
  syn_ts_605_5_3p7563: 500/1000 runs  (552s)
  syn_ts_605_5_3p7563: 1000/1000 runs  (586s)
[syn_ts_605_5_3p7563] model: loss 0.13834 | non-seed BCE 0.10032 | count WAPE ['0.141', '0.028', '0.053', '0.031'] bias ['-0.062', '-0.025', '-0.021', '+0.016'] | AP ['0.940', '0.980', '0.974', '0.993'] | window given failure: exact 0.760, within one 0.959; caught by 0.953 | ECE ['0.0091', '0.0091', '0.0153', '0.0089']
[syn_ts_605_5_3p7563] no_cascade    : non-seed BCE 0.62159 | count WAPE ['0.739', '0.588', '0.610', '0.499'] | AP ['0.134', '0.211', '0.270', '0.345'] | window given failure: exact 0.218
[syn_ts_605_5_3p7563] site_frequency: non-seed BCE 0.40135 | count WAPE ['0.766', '0.626', '0.642', '0.527'] | AP ['0.779', '0.914', '0.935', '0.972'] | window given failure: exact 0.501
[syn_ts_605_5_3p7563] nearest_storm : non-seed BCE 0.24116 | count WAPE ['0.477', '0.215', '0.226', '0.097'] | AP ['0.881', '0.957', '0.973', '0.990'] | window given failure: exact 0.631
[syn_ts_605_5_3p7563] nearest training storm used by the lookup: {'syn_ts_914_26_3p4047': 1000}
  syn_ts_808_27_3p7885: 500/1000 runs  (618s)
  syn_ts_808_27_3p7885: 1000/1000 runs  (650s)
[syn_ts_808_27_3p7885] model: loss 0.08316 | non-seed BCE 0.06257 | count WAPE ['0.076', '0.028', '0.045', '0.023'] bias ['-0.042', '-0.014', '+0.000', '+0.010'] | AP ['0.964', '0.990', '0.980', '0.994'] | window given failure: exact 0.835, within one 0.980; caught by 0.959 | ECE ['0.0036', '0.0036', '0.0043', '0.0057']
[syn_ts_808_27_3p7885] no_cascade    : non-seed BCE 0.54044 | count WAPE ['0.593', '0.526', '0.548', '0.479'] | AP ['0.086', '0.183', '0.233', '0.332'] | window given failure: exact 0.298
[syn_ts_808_27_3p7885] site_frequency: non-seed BCE 0.24279 | count WAPE ['0.613', '0.547', '0.565', '0.492'] | AP ['0.830', '0.947', '0.941', '0.971'] | window given failure: exact 0.711
[syn_ts_808_27_3p7885] nearest_storm : non-seed BCE 0.07064 | count WAPE ['0.132', '0.051', '0.071', '0.035'] | AP ['0.946', '0.989', '0.980', '0.994'] | window given failure: exact 0.827
[syn_ts_808_27_3p7885] nearest training storm used by the lookup: {'syn_ts_914_26_3p4047': 1000}
  syn2_t449w6_wl2p103: 500/1000 runs  (673s)
  syn2_t449w6_wl2p103: 1000/1000 runs  (696s)
[syn2_t449w6_wl2p103] model: loss 0.03689 | non-seed BCE 0.01271 | count WAPE ['0.102', '0.090', '0.132', '0.149'] bias ['+0.003', '+0.035', '+0.028', '+0.047'] | AP ['0.971', '0.957', '0.949', '0.960'] | window given failure: exact 0.883, within one 0.985; caught by 0.878 | ECE ['0.0003', '0.0009', '0.0010', '0.0023']
[syn2_t449w6_wl2p103] no_cascade    : non-seed BCE 0.15923 | count WAPE ['1.478', '2.674', '2.812', '4.679'] | AP ['0.014', '0.024', '0.028', '0.030'] | window given failure: exact 0.093
[syn2_t449w6_wl2p103] site_frequency: non-seed BCE 0.12291 | count WAPE ['1.521', '2.719', '2.852', '4.717'] | AP ['0.764', '0.733', '0.749', '0.775'] | window given failure: exact 0.799
[syn2_t449w6_wl2p103] nearest_storm : non-seed BCE 0.02045 | count WAPE ['0.173', '0.281', '0.236', '0.219'] | AP ['0.897', '0.880', '0.873', '0.883'] | window given failure: exact 0.859
[syn2_t449w6_wl2p103] nearest training storm used by the lookup: {'syn_ts_570_2_1p5351': 721, 'syn_ts_708_13_1p1567': 237, 'syn_ts_192_7_1p0240': 42}
  syn2_t580w24_wl2p439: 500/1000 runs  (723s)
  syn2_t580w24_wl2p439: 1000/1000 runs  (748s)
[syn2_t580w24_wl2p439] model: loss 0.08998 | non-seed BCE 0.08100 | count WAPE ['0.080', '0.371', '0.364', '0.539'] bias ['+0.021', '-0.093', '-0.061', '+0.061'] | AP ['0.976', '0.953', '0.933', '0.940'] | window given failure: exact 0.904, within one 0.987; caught by 0.758 | ECE ['0.0008', '0.0092', '0.0085', '0.0296']
[syn2_t580w24_wl2p439] no_cascade    : non-seed BCE 0.27949 | count WAPE ['0.492', '0.372', '0.359', '0.569'] | AP ['0.024', '0.071', '0.085', '0.169'] | window given failure: exact 0.496
[syn2_t580w24_wl2p439] site_frequency: non-seed BCE 0.11527 | count WAPE ['0.515', '0.370', '0.357', '0.568'] | AP ['0.854', '0.899', '0.878', '0.914'] | window given failure: exact 0.846
[syn2_t580w24_wl2p439] nearest_storm : non-seed BCE 0.08701 | count WAPE ['0.162', '0.400', '0.391', '0.569'] | AP ['0.924', '0.935', '0.920', '0.945'] | window given failure: exact 0.892
[syn2_t580w24_wl2p439] nearest training storm used by the lookup: {'syn_ts_436_11_1p3524': 809, 'syn_ts_156_15_1p066': 191}
  syn2_t934c34_wl2p777: 500/1000 runs  (776s)
  syn2_t934c34_wl2p777: 1000/1000 runs  (804s)
[syn2_t934c34_wl2p777] model: loss 0.07813 | non-seed BCE 0.05811 | count WAPE ['0.072', '0.087', '0.084', '0.101'] bias ['-0.007', '-0.001', '+0.005', '+0.030'] | AP ['0.964', '0.983', '0.960', '0.972'] | window given failure: exact 0.894, within one 0.986; caught by 0.966 | ECE ['0.0015', '0.0042', '0.0047', '0.0097']
[syn2_t934c34_wl2p777] no_cascade    : non-seed BCE 0.36165 | count WAPE ['0.134', '0.236', '0.217', '0.372'] | AP ['0.036', '0.105', '0.124', '0.247'] | window given failure: exact 0.497
[syn2_t934c34_wl2p777] site_frequency: non-seed BCE 0.12323 | count WAPE ['0.133', '0.231', '0.213', '0.369'] | AP ['0.839', '0.944', '0.914', '0.958'] | window given failure: exact 0.856
[syn2_t934c34_wl2p777] nearest_storm : non-seed BCE 0.16235 | count WAPE ['0.194', '0.274', '0.283', '0.172'] | AP ['0.747', '0.898', '0.874', '0.940'] | window given failure: exact 0.840
[syn2_t934c34_wl2p777] nearest training storm used by the lookup: {'geoclaw_2026': 727, 'syn_ts_192_15_2p5752': 272, 'syn_ts_831_27_1p9452': 1}
  syn2_t270w17_wl3p116: 500/1000 runs  (834s)
  syn2_t270w17_wl3p116: 1000/1000 runs  (863s)
[syn2_t270w17_wl3p116] model: loss 0.08678 | non-seed BCE 0.05670 | count WAPE ['0.049', '0.029', '0.055', '0.041'] bias ['-0.005', '+0.008', '+0.029', '+0.023'] | AP ['0.961', '0.990', '0.969', '0.986'] | window given failure: exact 0.873, within one 0.982; caught by 0.958 | ECE ['0.0008', '0.0030', '0.0067', '0.0065']
[syn2_t270w17_wl3p116] no_cascade    : non-seed BCE 0.43091 | count WAPE ['0.338', '0.367', '0.355', '0.406'] | AP ['0.053', '0.137', '0.163', '0.288'] | window given failure: exact 0.435
[syn2_t270w17_wl3p116] site_frequency: non-seed BCE 0.15172 | count WAPE ['0.342', '0.372', '0.359', '0.408'] | AP ['0.829', '0.946', '0.924', '0.969'] | window given failure: exact 0.836
[syn2_t270w17_wl3p116] nearest_storm : non-seed BCE 0.07898 | count WAPE ['0.095', '0.098', '0.105', '0.075'] | AP ['0.900', '0.968', '0.949', '0.982'] | window given failure: exact 0.851
[syn2_t270w17_wl3p116] nearest training storm used by the lookup: {'syn_ts_880_9_2p6632': 996, 'syn_ts_514_13_2p7829': 4}
  syn2_t33w13_wl3p458: 500/1000 runs  (894s)
  syn2_t33w13_wl3p458: 1000/1000 runs  (926s)
[syn2_t33w13_wl3p458] model: loss 0.08190 | non-seed BCE 0.05597 | count WAPE ['0.034', '0.027', '0.053', '0.032'] bias ['-0.013', '+0.006', '+0.030', '+0.027'] | AP ['0.971', '0.992', '0.980', '0.992'] | window given failure: exact 0.855, within one 0.985; caught by 0.970 | ECE ['0.0012', '0.0022', '0.0069', '0.0085']
[syn2_t33w13_wl3p458] no_cascade    : non-seed BCE 0.49800 | count WAPE ['0.495', '0.484', '0.492', '0.454'] | AP ['0.069', '0.168', '0.207', '0.316'] | window given failure: exact 0.344
[syn2_t33w13_wl3p458] site_frequency: non-seed BCE 0.19397 | count WAPE ['0.509', '0.498', '0.503', '0.463'] | AP ['0.847', '0.949', '0.938', '0.970'] | window given failure: exact 0.780
[syn2_t33w13_wl3p458] nearest_storm : non-seed BCE 0.06956 | count WAPE ['0.073', '0.054', '0.074', '0.039'] | AP ['0.943', '0.984', '0.970', '0.989'] | window given failure: exact 0.847
[syn2_t33w13_wl3p458] nearest training storm used by the lookup: {'syn_ts_999_12_3p44': 1000}
  syn2_t857w1_wl3p800: 500/1000 runs  (960s)
  syn2_t857w1_wl3p800: 1000/1000 runs  (993s)
[syn2_t857w1_wl3p800] model: loss 0.08429 | non-seed BCE 0.06528 | count WAPE ['0.089', '0.026', '0.045', '0.020'] bias ['-0.044', '-0.016', '-0.006', '+0.003'] | AP ['0.961', '0.989', '0.980', '0.994'] | window given failure: exact 0.829, within one 0.980; caught by 0.956 | ECE ['0.0041', '0.0036', '0.0049', '0.0053']
[syn2_t857w1_wl3p800] no_cascade    : non-seed BCE 0.55329 | count WAPE ['0.615', '0.537', '0.561', '0.488'] | AP ['0.091', '0.188', '0.240', '0.338'] | window given failure: exact 0.290
[syn2_t857w1_wl3p800] site_frequency: non-seed BCE 0.25939 | count WAPE ['0.635', '0.559', '0.579', '0.502'] | AP ['0.825', '0.947', '0.942', '0.973'] | window given failure: exact 0.696
[syn2_t857w1_wl3p800] nearest_storm : non-seed BCE 0.09544 | count WAPE ['0.173', '0.070', '0.092', '0.048'] | AP ['0.942', '0.985', '0.976', '0.993'] | window given failure: exact 0.816
[syn2_t857w1_wl3p800] nearest training storm used by the lookup: {'syn_ts_914_26_3p4047': 1000}
  syn2_t116w1_wl4p130: 500/1000 runs  (1027s)
  syn2_t116w1_wl4p130: 1000/1000 runs  (1060s)
[syn2_t116w1_wl4p130] model: loss 0.09176 | non-seed BCE 0.07667 | count WAPE ['0.131', '0.028', '0.056', '0.020'] bias ['-0.057', '-0.023', '-0.033', '+0.002'] | AP ['0.955', '0.985', '0.979', '0.995'] | window given failure: exact 0.786, within one 0.973; caught by 0.957 | ECE ['0.0067', '0.0079', '0.0111', '0.0038']
[syn2_t116w1_wl4p130] no_cascade    : non-seed BCE 0.59763 | count WAPE ['0.701', '0.568', '0.599', '0.499'] | AP ['0.117', '0.201', '0.263', '0.345'] | window given failure: exact 0.240
[syn2_t116w1_wl4p130] site_frequency: non-seed BCE 0.33295 | count WAPE ['0.724', '0.598', '0.624', '0.520'] | AP ['0.803', '0.932', '0.942', '0.976'] | window given failure: exact 0.572
[syn2_t116w1_wl4p130] nearest_storm : non-seed BCE 0.15670 | count WAPE ['0.379', '0.153', '0.184', '0.082'] | AP ['0.920', '0.973', '0.976', '0.994'] | window given failure: exact 0.711
[syn2_t116w1_wl4p130] nearest training storm used by the lookup: {'syn_ts_914_26_3p4047': 1000}
  syn2_t198w16_wl4p722: 500/1000 runs  (1095s)
  syn2_t198w16_wl4p722: 1000/1000 runs  (1130s)
[syn2_t198w16_wl4p722] model: loss 0.17625 | non-seed BCE 0.12931 | count WAPE ['0.144', '0.026', '0.057', '0.041'] bias ['-0.066', '-0.024', '-0.026', '-0.002'] | AP ['0.933', '0.978', '0.967', '0.989'] | window given failure: exact 0.743, within one 0.951; caught by 0.931 | ECE ['0.0108', '0.0135', '0.0199', '0.0166']
[syn2_t198w16_wl4p722] no_cascade    : non-seed BCE 0.64603 | count WAPE ['0.756', '0.604', '0.626', '0.518'] | AP ['0.143', '0.220', '0.282', '0.359'] | window given failure: exact 0.214
[syn2_t198w16_wl4p722] site_frequency: non-seed BCE 0.49153 | count WAPE ['0.786', '0.647', '0.662', '0.550'] | AP ['0.760', '0.902', '0.922', '0.959'] | window given failure: exact 0.470
[syn2_t198w16_wl4p722] nearest_storm : non-seed BCE 0.40477 | count WAPE ['0.529', '0.261', '0.273', '0.143'] | AP ['0.852', '0.939', '0.954', '0.975'] | window given failure: exact 0.587
[syn2_t198w16_wl4p722] nearest training storm used by the lookup: {'syn_ts_914_26_3p4047': 1000}
[speed] model forward on cuda: median 15.09 ms per run (n=50)
[G2] saved val_loss 0.065728 got 0.065728 |diff| 1.62e-09 -> PASS
wrote /scratch/tj2587/results/gnn_morestorms_numbers_v1/old17_ctx_static_mask_s1.json  (1131s)
ALL GATES AND RULES: PASS
