task=4 arm=mix57_same variant=plain cell=static_mask torch_seed=1 set=w29_all head=hazard labels=/scratch/tj2587/results/legacy_v1_n1000 labels2=/scratch/tj2587/results/gissr48_v1/static timing=unset context=unset ckpt=/scratch/tj2587/results/gnn_morestorms_v1/mix57_same_plain_static_mask_s1 smoke=0 commit=967d122 uncommitted_files=0
[gate] CUDA OK: NVIDIA L40S
[gate] heterodata data/graph/nyc_infra_heterodata_v1_frozen_failover_edges.pt: total=6231 -> OK
[gate] set w29_all: 70 storms, 57 for training, 13 held out; in both folders []; missing [] -> OK
[gate] variant plain: storm context off, timing inputs off -> OK
[gate] head switch present: ('independent', 'hazard')
=== TRAIN MODE — full training ===
torch seed set: 1
Train: 45600  Val: 11400  (57 scenarios) | Test held-out: ['geoclaw_2050', 'syn_ts_914_6_1p2955', 'syn_ts_258_9_3p0022', 'syn_ts_605_5_3p7563', 'syn_ts_808_27_3p7885', 'syn2_t449w6_wl2p103', 'syn2_t580w24_wl2p439', 'syn2_t934c34_wl2p777', 'syn2_t270w17_wl3p116', 'syn2_t33w13_wl3p458', 'syn2_t857w1_wl3p800', 'syn2_t116w1_wl4p130', 'syn2_t198w16_wl4p722'] (13000 runs)
Subsampled train to 13600
Subsampled val to 3400
Model parameters: 695,960  head=hazard
Device: cuda
  Ep00 step  100/13600: loss = 0.43182
  Ep00 step  200/13600: loss = 0.20364
  Ep00 step  300/13600: loss = 0.16947
  Ep00 step  400/13600: loss = 0.14656
  Ep00 step  500/13600: loss = 0.15145
  Ep00 step  600/13600: loss = 0.13819
  Ep00 step  700/13600: loss = 0.13023
  Ep00 step  800/13600: loss = 0.12764
  Ep00 step  900/13600: loss = 0.12490
  Ep00 step 1000/13600: loss = 0.12751
  Ep00 step 1100/13600: loss = 0.11987
  Ep00 step 1200/13600: loss = 0.11907
  Ep00 step 1300/13600: loss = 0.11823
  Ep00 step 1400/13600: loss = 0.12342
  Ep00 step 1500/13600: loss = 0.12128
  Ep00 step 1600/13600: loss = 0.11431
  Ep00 step 1700/13600: loss = 0.11650
  Ep00 step 1800/13600: loss = 0.11284
  Ep00 step 1900/13600: loss = 0.11354
  Ep00 step 2000/13600: loss = 0.11719
  Ep00 step 2100/13600: loss = 0.11221
  Ep00 step 2200/13600: loss = 0.11973
  Ep00 step 2300/13600: loss = 0.10943
  Ep00 step 2400/13600: loss = 0.11138
  Ep00 step 2500/13600: loss = 0.11044
  Ep00 step 2600/13600: loss = 0.11565
  Ep00 step 2700/13600: loss = 0.11199
  Ep00 step 2800/13600: loss = 0.11385
  Ep00 step 2900/13600: loss = 0.10825
  Ep00 step 3000/13600: loss = 0.10640
  Ep00 step 3100/13600: loss = 0.10621
  Ep00 step 3200/13600: loss = 0.10915
  Ep00 step 3300/13600: loss = 0.10543
  Ep00 step 3400/13600: loss = 0.10584
  Ep00 step 3500/13600: loss = 0.10438
  Ep00 step 3600/13600: loss = 0.10396
  Ep00 step 3700/13600: loss = 0.10196
  Ep00 step 3800/13600: loss = 0.10323
  Ep00 step 3900/13600: loss = 0.10336
  Ep00 step 4000/13600: loss = 0.10139
  Ep00 step 4100/13600: loss = 0.09895
  Ep00 step 4200/13600: loss = 0.10081
  Ep00 step 4300/13600: loss = 0.10012
  Ep00 step 4400/13600: loss = 0.10399
  Ep00 step 4500/13600: loss = 0.09953
  Ep00 step 4600/13600: loss = 0.09841
  Ep00 step 4700/13600: loss = 0.09884
  Ep00 step 4800/13600: loss = 0.10118
  Ep00 step 4900/13600: loss = 0.10139
  Ep00 step 5000/13600: loss = 0.09935
  Ep00 step 5100/13600: loss = 0.10277
  Ep00 step 5200/13600: loss = 0.09773
  Ep00 step 5300/13600: loss = 0.10103
  Ep00 step 5400/13600: loss = 0.09936
  Ep00 step 5500/13600: loss = 0.09871
  Ep00 step 5600/13600: loss = 0.09914
  Ep00 step 5700/13600: loss = 0.09556
  Ep00 step 5800/13600: loss = 0.09945
  Ep00 step 5900/13600: loss = 0.09625
  Ep00 step 6000/13600: loss = 0.09545
  Ep00 step 6100/13600: loss = 0.09682
  Ep00 step 6200/13600: loss = 0.09534
  Ep00 step 6300/13600: loss = 0.09645
  Ep00 step 6400/13600: loss = 0.09863
  Ep00 step 6500/13600: loss = 0.09704
  Ep00 step 6600/13600: loss = 0.09958
  Ep00 step 6700/13600: loss = 0.09781
  Ep00 step 6800/13600: loss = 0.09582
  Ep00 step 6900/13600: loss = 0.09661
  Ep00 step 7000/13600: loss = 0.09548
  Ep00 step 7100/13600: loss = 0.09715
  Ep00 step 7200/13600: loss = 0.09483
  Ep00 step 7300/13600: loss = 0.09724
  Ep00 step 7400/13600: loss = 0.09375
  Ep00 step 7500/13600: loss = 0.09414
  Ep00 step 7600/13600: loss = 0.09599
  Ep00 step 7700/13600: loss = 0.09637
  Ep00 step 7800/13600: loss = 0.09427
  Ep00 step 7900/13600: loss = 0.09719
  Ep00 step 8000/13600: loss = 0.09815
  Ep00 step 8100/13600: loss = 0.09362
  Ep00 step 8200/13600: loss = 0.09521
  Ep00 step 8300/13600: loss = 0.09995
  Ep00 step 8400/13600: loss = 0.09722
  Ep00 step 8500/13600: loss = 0.09432
  Ep00 step 8600/13600: loss = 0.09420
  Ep00 step 8700/13600: loss = 0.09153
  Ep00 step 8800/13600: loss = 0.09128
  Ep00 step 8900/13600: loss = 0.09323
  Ep00 step 9000/13600: loss = 0.09283
  Ep00 step 9100/13600: loss = 0.09601
  Ep00 step 9200/13600: loss = 0.09198
  Ep00 step 9300/13600: loss = 0.08929
  Ep00 step 9400/13600: loss = 0.09420
  Ep00 step 9500/13600: loss = 0.09234
  Ep00 step 9600/13600: loss = 0.09341
  Ep00 step 9700/13600: loss = 0.09236
  Ep00 step 9800/13600: loss = 0.09529
  Ep00 step 9900/13600: loss = 0.09162
  Ep00 step 10000/13600: loss = 0.09190
  Ep00 step 10100/13600: loss = 0.09294
  Ep00 step 10200/13600: loss = 0.09277
  Ep00 step 10300/13600: loss = 0.09228
  Ep00 step 10400/13600: loss = 0.09028
  Ep00 step 10500/13600: loss = 0.09165
  Ep00 step 10600/13600: loss = 0.09286
  Ep00 step 10700/13600: loss = 0.09299
  Ep00 step 10800/13600: loss = 0.09266
  Ep00 step 10900/13600: loss = 0.09856
  Ep00 step 11000/13600: loss = 0.09100
  Ep00 step 11100/13600: loss = 0.09026
  Ep00 step 11200/13600: loss = 0.09227
  Ep00 step 11300/13600: loss = 0.09631
  Ep00 step 11400/13600: loss = 0.09165
  Ep00 step 11500/13600: loss = 0.09200
  Ep00 step 11600/13600: loss = 0.09198
  Ep00 step 11700/13600: loss = 0.09089
  Ep00 step 11800/13600: loss = 0.09019
  Ep00 step 11900/13600: loss = 0.09623
  Ep00 step 12000/13600: loss = 0.09197
  Ep00 step 12100/13600: loss = 0.09383
  Ep00 step 12200/13600: loss = 0.09045
  Ep00 step 12300/13600: loss = 0.09012
  Ep00 step 12400/13600: loss = 0.08918
  Ep00 step 12500/13600: loss = 0.09168
  Ep00 step 12600/13600: loss = 0.09155
  Ep00 step 12700/13600: loss = 0.09175
  Ep00 step 12800/13600: loss = 0.09165
  Ep00 step 12900/13600: loss = 0.09773
  Ep00 step 13000/13600: loss = 0.08829
  Ep00 step 13100/13600: loss = 0.09029
  Ep00 step 13200/13600: loss = 0.09157
  Ep00 step 13300/13600: loss = 0.09167
  Ep00 step 13400/13600: loss = 0.08770
  Ep00 step 13500/13600: loss = 0.08984
  Ep00 step 13600/13600: loss = 0.09187

Epoch 00/6 | train=0.10435 val=0.12015 | AUC=['0.998', '0.995', '0.990', '0.989'] PR=['0.985', '0.967', '0.952', '0.958'] | CASCADE-only AUC=['0.997', '0.993', '0.986', '0.986'] PR=['0.944', '0.928', '0.910', '0.931'] | mono_viol=0.00000 | 729s

  [checkpoint] best.pt updated (epoch 0, val_loss=0.12015)
  Ep01 step  100/13600: loss = 0.09100
  Ep01 step  200/13600: loss = 0.08785
  Ep01 step  300/13600: loss = 0.09101
  Ep01 step  400/13600: loss = 0.09014
  Ep01 step  500/13600: loss = 0.09197
  Ep01 step  600/13600: loss = 0.09146
  Ep01 step  700/13600: loss = 0.08845
  Ep01 step  800/13600: loss = 0.09627
  Ep01 step  900/13600: loss = 0.09071
  Ep01 step 1000/13600: loss = 0.09022
  Ep01 step 1100/13600: loss = 0.08882
  Ep01 step 1200/13600: loss = 0.09149
  Ep01 step 1300/13600: loss = 0.08904
  Ep01 step 1400/13600: loss = 0.08904
  Ep01 step 1500/13600: loss = 0.09031
  Ep01 step 1600/13600: loss = 0.09067
  Ep01 step 1700/13600: loss = 0.08723
  Ep01 step 1800/13600: loss = 0.08795
  Ep01 step 1900/13600: loss = 0.09482
  Ep01 step 2000/13600: loss = 0.08945
  Ep01 step 2100/13600: loss = 0.09017
  Ep01 step 2200/13600: loss = 0.09010
  Ep01 step 2300/13600: loss = 0.08905
  Ep01 step 2400/13600: loss = 0.09531
  Ep01 step 2500/13600: loss = 0.09032
  Ep01 step 2600/13600: loss = 0.08997
  Ep01 step 2700/13600: loss = 0.08981
  Ep01 step 2800/13600: loss = 0.08894
  Ep01 step 2900/13600: loss = 0.08903
  Ep01 step 3000/13600: loss = 0.08884
  Ep01 step 3100/13600: loss = 0.08969
  Ep01 step 3200/13600: loss = 0.08931
  Ep01 step 3300/13600: loss = 0.08841
  Ep01 step 3400/13600: loss = 0.08897
  Ep01 step 3500/13600: loss = 0.08890
  Ep01 step 3600/13600: loss = 0.08838
  Ep01 step 3700/13600: loss = 0.09459
  Ep01 step 3800/13600: loss = 0.08610
  Ep01 step 3900/13600: loss = 0.08731
  Ep01 step 4000/13600: loss = 0.08842
  Ep01 step 4100/13600: loss = 0.08711
  Ep01 step 4200/13600: loss = 0.09354
  Ep01 step 4300/13600: loss = 0.08894
  Ep01 step 4400/13600: loss = 0.08785
  Ep01 step 4500/13600: loss = 0.08705
  Ep01 step 4600/13600: loss = 0.09067
  Ep01 step 4700/13600: loss = 0.08886
  Ep01 step 4800/13600: loss = 0.08568
  Ep01 step 4900/13600: loss = 0.08692
  Ep01 step 5000/13600: loss = 0.08840
  Ep01 step 5100/13600: loss = 0.08814
  Ep01 step 5200/13600: loss = 0.09061
  Ep01 step 5300/13600: loss = 0.09037
  Ep01 step 5400/13600: loss = 0.08879
  Ep01 step 5500/13600: loss = 0.08716
  Ep01 step 5600/13600: loss = 0.08749
  Ep01 step 5700/13600: loss = 0.08858
  Ep01 step 5800/13600: loss = 0.09476
  Ep01 step 5900/13600: loss = 0.08948
  Ep01 step 6000/13600: loss = 0.08833
  Ep01 step 6100/13600: loss = 0.08915
  Ep01 step 6200/13600: loss = 0.08826
  Ep01 step 6300/13600: loss = 0.08764
  Ep01 step 6400/13600: loss = 0.09480
  Ep01 step 6500/13600: loss = 0.08883
  Ep01 step 6600/13600: loss = 0.09052
  Ep01 step 6700/13600: loss = 0.08722
  Ep01 step 6800/13600: loss = 0.08776
  Ep01 step 6900/13600: loss = 0.08865
  Ep01 step 7000/13600: loss = 0.08709
  Ep01 step 7100/13600: loss = 0.08885
  Ep01 step 7200/13600: loss = 0.08904
  Ep01 step 7300/13600: loss = 0.08923
  Ep01 step 7400/13600: loss = 0.08914
  Ep01 step 7500/13600: loss = 0.08613
  Ep01 step 7600/13600: loss = 0.09262
  Ep01 step 7700/13600: loss = 0.08709
  Ep01 step 7800/13600: loss = 0.08745
  Ep01 step 7900/13600: loss = 0.08792
  Ep01 step 8000/13600: loss = 0.09066
  Ep01 step 8100/13600: loss = 0.09256
  Ep01 step 8200/13600: loss = 0.08923
  Ep01 step 8300/13600: loss = 0.08683
  Ep01 step 8400/13600: loss = 0.08741
  Ep01 step 8500/13600: loss = 0.08652
  Ep01 step 8600/13600: loss = 0.08904
  Ep01 step 8700/13600: loss = 0.08707
  Ep01 step 8800/13600: loss = 0.08906
  Ep01 step 8900/13600: loss = 0.08833
  Ep01 step 9000/13600: loss = 0.08656
  Ep01 step 9100/13600: loss = 0.08906
  Ep01 step 9200/13600: loss = 0.08910
  Ep01 step 9300/13600: loss = 0.08674
  Ep01 step 9400/13600: loss = 0.08550
  Ep01 step 9500/13600: loss = 0.08735
  Ep01 step 9600/13600: loss = 0.08448
  Ep01 step 9700/13600: loss = 0.08803
  Ep01 step 9800/13600: loss = 0.08994
  Ep01 step 9900/13600: loss = 0.08760
  Ep01 step 10000/13600: loss = 0.08834
  Ep01 step 10100/13600: loss = 0.08790
  Ep01 step 10200/13600: loss = 0.08621
  Ep01 step 10300/13600: loss = 0.08484
  Ep01 step 10400/13600: loss = 0.08814
  Ep01 step 10500/13600: loss = 0.08728
  Ep01 step 10600/13600: loss = 0.08803
  Ep01 step 10700/13600: loss = 0.08668
  Ep01 step 10800/13600: loss = 0.08874
  Ep01 step 10900/13600: loss = 0.08685
  Ep01 step 11000/13600: loss = 0.09294
  Ep01 step 11100/13600: loss = 0.08754
  Ep01 step 11200/13600: loss = 0.08975
  Ep01 step 11300/13600: loss = 0.08619
  Ep01 step 11400/13600: loss = 0.08625
  Ep01 step 11500/13600: loss = 0.08803
  Ep01 step 11600/13600: loss = 0.08714
  Ep01 step 11700/13600: loss = 0.08709
  Ep01 step 11800/13600: loss = 0.08644
  Ep01 step 11900/13600: loss = 0.08746
  Ep01 step 12000/13600: loss = 0.08621
  Ep01 step 12100/13600: loss = 0.08775
  Ep01 step 12200/13600: loss = 0.08681
  Ep01 step 12300/13600: loss = 0.08758
  Ep01 step 12400/13600: loss = 0.08697
  Ep01 step 12500/13600: loss = 0.08789
  Ep01 step 12600/13600: loss = 0.08672
  Ep01 step 12700/13600: loss = 0.08797
  Ep01 step 12800/13600: loss = 0.08613
  Ep01 step 12900/13600: loss = 0.08738
  Ep01 step 13000/13600: loss = 0.08725
  Ep01 step 13100/13600: loss = 0.08736
  Ep01 step 13200/13600: loss = 0.08671
  Ep01 step 13300/13600: loss = 0.08924
  Ep01 step 13400/13600: loss = 0.08815
  Ep01 step 13500/13600: loss = 0.08813
  Ep01 step 13600/13600: loss = 0.08741

Epoch 01/6 | train=0.08871 val=0.11627 | AUC=['0.998', '0.996', '0.990', '0.990'] PR=['0.986', '0.968', '0.951', '0.959'] | CASCADE-only AUC=['0.997', '0.993', '0.986', '0.986'] PR=['0.947', '0.930', '0.908', '0.931'] | mono_viol=0.00000 | 1453s

  [checkpoint] best.pt updated (epoch 1, val_loss=0.11627)
  Ep02 step  100/13600: loss = 0.08526
  Ep02 step  200/13600: loss = 0.08957
  Ep02 step  300/13600: loss = 0.08636
  Ep02 step  400/13600: loss = 0.08443
  Ep02 step  500/13600: loss = 0.08778
  Ep02 step  600/13600: loss = 0.08775
  Ep02 step  700/13600: loss = 0.08418
  Ep02 step  800/13600: loss = 0.08812
  Ep02 step  900/13600: loss = 0.08555
  Ep02 step 1000/13600: loss = 0.08733
  Ep02 step 1100/13600: loss = 0.08437
  Ep02 step 1200/13600: loss = 0.08865
  Ep02 step 1300/13600: loss = 0.08886
  Ep02 step 1400/13600: loss = 0.08693
  Ep02 step 1500/13600: loss = 0.08412
  Ep02 step 1600/13600: loss = 0.08822
  Ep02 step 1700/13600: loss = 0.08644
  Ep02 step 1800/13600: loss = 0.08637
  Ep02 step 1900/13600: loss = 0.08785
  Ep02 step 2000/13600: loss = 0.08789
  Ep02 step 2100/13600: loss = 0.08483
  Ep02 step 2200/13600: loss = 0.08518
  Ep02 step 2300/13600: loss = 0.08726
  Ep02 step 2400/13600: loss = 0.08830
  Ep02 step 2500/13600: loss = 0.08757
  Ep02 step 2600/13600: loss = 0.08719
  Ep02 step 2700/13600: loss = 0.08763
  Ep02 step 2800/13600: loss = 0.08794
  Ep02 step 2900/13600: loss = 0.09187
  Ep02 step 3000/13600: loss = 0.09121
  Ep02 step 3100/13600: loss = 0.08418
  Ep02 step 3200/13600: loss = 0.08671
  Ep02 step 3300/13600: loss = 0.08661
  Ep02 step 3400/13600: loss = 0.08668
  Ep02 step 3500/13600: loss = 0.08742
  Ep02 step 3600/13600: loss = 0.08777
  Ep02 step 3700/13600: loss = 0.08440
  Ep02 step 3800/13600: loss = 0.08524
  Ep02 step 3900/13600: loss = 0.08499
  Ep02 step 4000/13600: loss = 0.08386
  Ep02 step 4100/13600: loss = 0.08740
  Ep02 step 4200/13600: loss = 0.09239
  Ep02 step 4300/13600: loss = 0.08645
  Ep02 step 4400/13600: loss = 0.08692
  Ep02 step 4500/13600: loss = 0.08821
  Ep02 step 4600/13600: loss = 0.09087
  Ep02 step 4700/13600: loss = 0.08849
  Ep02 step 4800/13600: loss = 0.09092
  Ep02 step 4900/13600: loss = 0.08553
  Ep02 step 5000/13600: loss = 0.08765
  Ep02 step 5100/13600: loss = 0.08585
  Ep02 step 5200/13600: loss = 0.08616
  Ep02 step 5300/13600: loss = 0.08419
  Ep02 step 5400/13600: loss = 0.08304
  Ep02 step 5500/13600: loss = 0.08793
  Ep02 step 5600/13600: loss = 0.08790
  Ep02 step 5700/13600: loss = 0.08770
  Ep02 step 5800/13600: loss = 0.08687
  Ep02 step 5900/13600: loss = 0.08695
  Ep02 step 6000/13600: loss = 0.08610
  Ep02 step 6100/13600: loss = 0.08663
  Ep02 step 6200/13600: loss = 0.08742
  Ep02 step 6300/13600: loss = 0.08622
  Ep02 step 6400/13600: loss = 0.08588
  Ep02 step 6500/13600: loss = 0.08582
  Ep02 step 6600/13600: loss = 0.08508
  Ep02 step 6700/13600: loss = 0.08657
  Ep02 step 6800/13600: loss = 0.08656
  Ep02 step 6900/13600: loss = 0.08550
  Ep02 step 7000/13600: loss = 0.08885
  Ep02 step 7100/13600: loss = 0.08585
  Ep02 step 7200/13600: loss = 0.08713
  Ep02 step 7300/13600: loss = 0.09311
  Ep02 step 7400/13600: loss = 0.08417
  Ep02 step 7500/13600: loss = 0.08543
  Ep02 step 7600/13600: loss = 0.08485
  Ep02 step 7700/13600: loss = 0.08519
  Ep02 step 7800/13600: loss = 0.08511
  Ep02 step 7900/13600: loss = 0.08642
  Ep02 step 8000/13600: loss = 0.08486
  Ep02 step 8100/13600: loss = 0.08762
  Ep02 step 8200/13600: loss = 0.08747
  Ep02 step 8300/13600: loss = 0.08541
  Ep02 step 8400/13600: loss = 0.08543
  Ep02 step 8500/13600: loss = 0.08753
  Ep02 step 8600/13600: loss = 0.08765
  Ep02 step 8700/13600: loss = 0.08579
  Ep02 step 8800/13600: loss = 0.08703
  Ep02 step 8900/13600: loss = 0.08530
  Ep02 step 9000/13600: loss = 0.08638
  Ep02 step 9100/13600: loss = 0.08543
  Ep02 step 9200/13600: loss = 0.08518
  Ep02 step 9300/13600: loss = 0.08594
  Ep02 step 9400/13600: loss = 0.08584
  Ep02 step 9500/13600: loss = 0.08550
  Ep02 step 9600/13600: loss = 0.08613
  Ep02 step 9700/13600: loss = 0.08589
  Ep02 step 9800/13600: loss = 0.08536
  Ep02 step 9900/13600: loss = 0.09097
  Ep02 step 10000/13600: loss = 0.08498
  Ep02 step 10100/13600: loss = 0.08699
  Ep02 step 10200/13600: loss = 0.08973
  Ep02 step 10300/13600: loss = 0.08522
  Ep02 step 10400/13600: loss = 0.08643
  Ep02 step 10500/13600: loss = 0.08559
  Ep02 step 10600/13600: loss = 0.08940
  Ep02 step 10700/13600: loss = 0.08709
  Ep02 step 10800/13600: loss = 0.09043
  Ep02 step 10900/13600: loss = 0.08543
  Ep02 step 11000/13600: loss = 0.08711
  Ep02 step 11100/13600: loss = 0.08710
  Ep02 step 11200/13600: loss = 0.09124
  Ep02 step 11300/13600: loss = 0.08585
  Ep02 step 11400/13600: loss = 0.08712
  Ep02 step 11500/13600: loss = 0.08584
  Ep02 step 11600/13600: loss = 0.08502
  Ep02 step 11700/13600: loss = 0.08417
  Ep02 step 11800/13600: loss = 0.08420
  Ep02 step 11900/13600: loss = 0.08638
  Ep02 step 12000/13600: loss = 0.08610
  Ep02 step 12100/13600: loss = 0.08731
  Ep02 step 12200/13600: loss = 0.08697
  Ep02 step 12300/13600: loss = 0.08777
  Ep02 step 12400/13600: loss = 0.08396
  Ep02 step 12500/13600: loss = 0.08367
  Ep02 step 12600/13600: loss = 0.08591
  Ep02 step 12700/13600: loss = 0.08593
  Ep02 step 12800/13600: loss = 0.08624
  Ep02 step 12900/13600: loss = 0.08366
  Ep02 step 13000/13600: loss = 0.08638
  Ep02 step 13100/13600: loss = 0.08634
  Ep02 step 13200/13600: loss = 0.08742
  Ep02 step 13300/13600: loss = 0.08696
  Ep02 step 13400/13600: loss = 0.08696
  Ep02 step 13500/13600: loss = 0.08701
  Ep02 step 13600/13600: loss = 0.08576

Epoch 02/6 | train=0.08668 val=0.11563 | AUC=['0.998', '0.996', '0.990', '0.990'] PR=['0.986', '0.968', '0.951', '0.959'] | CASCADE-only AUC=['0.997', '0.993', '0.986', '0.986'] PR=['0.948', '0.929', '0.906', '0.929'] | mono_viol=0.00000 | 2176s

  [checkpoint] best.pt updated (epoch 2, val_loss=0.11563)
  Ep03 step  100/13600: loss = 0.08609
  Ep03 step  200/13600: loss = 0.08599
  Ep03 step  300/13600: loss = 0.08819
  Ep03 step  400/13600: loss = 0.08423
  Ep03 step  500/13600: loss = 0.08503
  Ep03 step  600/13600: loss = 0.09054
  Ep03 step  700/13600: loss = 0.08655
  Ep03 step  800/13600: loss = 0.08357
  Ep03 step  900/13600: loss = 0.08900
  Ep03 step 1000/13600: loss = 0.09115
  Ep03 step 1100/13600: loss = 0.08619
  Ep03 step 1200/13600: loss = 0.08688
  Ep03 step 1300/13600: loss = 0.08639
  Ep03 step 1400/13600: loss = 0.08675
  Ep03 step 1500/13600: loss = 0.08553
  Ep03 step 1600/13600: loss = 0.08412
  Ep03 step 1700/13600: loss = 0.08593
  Ep03 step 1800/13600: loss = 0.08759
  Ep03 step 1900/13600: loss = 0.08705
  Ep03 step 2000/13600: loss = 0.08466
  Ep03 step 2100/13600: loss = 0.08585
  Ep03 step 2200/13600: loss = 0.08453
  Ep03 step 2300/13600: loss = 0.08469
  Ep03 step 2400/13600: loss = 0.08745
  Ep03 step 2500/13600: loss = 0.08689
  Ep03 step 2600/13600: loss = 0.08573
  Ep03 step 2700/13600: loss = 0.08440
  Ep03 step 2800/13600: loss = 0.08483
  Ep03 step 2900/13600: loss = 0.08710
  Ep03 step 3000/13600: loss = 0.08300
  Ep03 step 3100/13600: loss = 0.08521
  Ep03 step 3200/13600: loss = 0.08573
  Ep03 step 3300/13600: loss = 0.08631
  Ep03 step 3400/13600: loss = 0.08607
  Ep03 step 3500/13600: loss = 0.08834
  Ep03 step 3600/13600: loss = 0.08725
  Ep03 step 3700/13600: loss = 0.08665
  Ep03 step 3800/13600: loss = 0.08439
  Ep03 step 3900/13600: loss = 0.08424
  Ep03 step 4000/13600: loss = 0.08343
  Ep03 step 4100/13600: loss = 0.08887
  Ep03 step 4200/13600: loss = 0.08455
  Ep03 step 4300/13600: loss = 0.08417
  Ep03 step 4400/13600: loss = 0.08559
  Ep03 step 4500/13600: loss = 0.08575
  Ep03 step 4600/13600: loss = 0.08654
  Ep03 step 4700/13600: loss = 0.09259
  Ep03 step 4800/13600: loss = 0.08622
  Ep03 step 4900/13600: loss = 0.08577
  Ep03 step 5000/13600: loss = 0.08514
  Ep03 step 5100/13600: loss = 0.08453
  Ep03 step 5200/13600: loss = 0.08998
  Ep03 step 5300/13600: loss = 0.08532
  Ep03 step 5400/13600: loss = 0.08497
  Ep03 step 5500/13600: loss = 0.08526
  Ep03 step 5600/13600: loss = 0.08475
  Ep03 step 5700/13600: loss = 0.08819
  Ep03 step 5800/13600: loss = 0.08632
  Ep03 step 5900/13600: loss = 0.08467
  Ep03 step 6000/13600: loss = 0.08398
  Ep03 step 6100/13600: loss = 0.08855
  Ep03 step 6200/13600: loss = 0.08739
  Ep03 step 6300/13600: loss = 0.08475
  Ep03 step 6400/13600: loss = 0.08479
  Ep03 step 6500/13600: loss = 0.08664
  Ep03 step 6600/13600: loss = 0.08569
  Ep03 step 6700/13600: loss = 0.08607
  Ep03 step 6800/13600: loss = 0.08508
  Ep03 step 6900/13600: loss = 0.08569
  Ep03 step 7000/13600: loss = 0.08701
  Ep03 step 7100/13600: loss = 0.08445
  Ep03 step 7200/13600: loss = 0.08600
  Ep03 step 7300/13600: loss = 0.08361
  Ep03 step 7400/13600: loss = 0.08515
  Ep03 step 7500/13600: loss = 0.08518
  Ep03 step 7600/13600: loss = 0.08545
  Ep03 step 7700/13600: loss = 0.08399
  Ep03 step 7800/13600: loss = 0.08752
  Ep03 step 7900/13600: loss = 0.08596
  Ep03 step 8000/13600: loss = 0.08471
  Ep03 step 8100/13600: loss = 0.08500
  Ep03 step 8200/13600: loss = 0.08357
  Ep03 step 8300/13600: loss = 0.08712
  Ep03 step 8400/13600: loss = 0.08621
  Ep03 step 8500/13600: loss = 0.08603
  Ep03 step 8600/13600: loss = 0.08482
  Ep03 step 8700/13600: loss = 0.08933
  Ep03 step 8800/13600: loss = 0.08594
  Ep03 step 8900/13600: loss = 0.08691
  Ep03 step 9000/13600: loss = 0.08616
  Ep03 step 9100/13600: loss = 0.08467
  Ep03 step 9200/13600: loss = 0.08673
  Ep03 step 9300/13600: loss = 0.08590
  Ep03 step 9400/13600: loss = 0.08457
  Ep03 step 9500/13600: loss = 0.08307
  Ep03 step 9600/13600: loss = 0.08228
  Ep03 step 9700/13600: loss = 0.08767
  Ep03 step 9800/13600: loss = 0.08544
  Ep03 step 9900/13600: loss = 0.08493
  Ep03 step 10000/13600: loss = 0.08745
  Ep03 step 10100/13600: loss = 0.08732
  Ep03 step 10200/13600: loss = 0.08393
  Ep03 step 10300/13600: loss = 0.08986
  Ep03 step 10400/13600: loss = 0.08557
  Ep03 step 10500/13600: loss = 0.09069
  Ep03 step 10600/13600: loss = 0.08319
  Ep03 step 10700/13600: loss = 0.08740
  Ep03 step 10800/13600: loss = 0.08491
  Ep03 step 10900/13600: loss = 0.08538
  Ep03 step 11000/13600: loss = 0.08476
  Ep03 step 11100/13600: loss = 0.08651
  Ep03 step 11200/13600: loss = 0.08534
  Ep03 step 11300/13600: loss = 0.08762
  Ep03 step 11400/13600: loss = 0.08311
  Ep03 step 11500/13600: loss = 0.08495
  Ep03 step 11600/13600: loss = 0.08802
  Ep03 step 11700/13600: loss = 0.08455
  Ep03 step 11800/13600: loss = 0.08651
  Ep03 step 11900/13600: loss = 0.08733
  Ep03 step 12000/13600: loss = 0.08581
  Ep03 step 12100/13600: loss = 0.08377
  Ep03 step 12200/13600: loss = 0.08957
  Ep03 step 12300/13600: loss = 0.08459
  Ep03 step 12400/13600: loss = 0.08580
  Ep03 step 12500/13600: loss = 0.08458
  Ep03 step 12600/13600: loss = 0.08151
  Ep03 step 12700/13600: loss = 0.08536
  Ep03 step 12800/13600: loss = 0.08456
  Ep03 step 12900/13600: loss = 0.08703
  Ep03 step 13000/13600: loss = 0.08688
  Ep03 step 13100/13600: loss = 0.08469
  Ep03 step 13200/13600: loss = 0.08489
  Ep03 step 13300/13600: loss = 0.08694
  Ep03 step 13400/13600: loss = 0.08902
  Ep03 step 13500/13600: loss = 0.08456
  Ep03 step 13600/13600: loss = 0.08861

Epoch 03/6 | train=0.08595 val=0.12229 | AUC=['0.998', '0.995', '0.989', '0.989'] PR=['0.986', '0.967', '0.948', '0.956'] | CASCADE-only AUC=['0.997', '0.992', '0.985', '0.985'] PR=['0.947', '0.927', '0.903', '0.926'] | mono_viol=0.00000 | 2902s

  Ep04 step  100/13600: loss = 0.08901
  Ep04 step  200/13600: loss = 0.08627
  Ep04 step  300/13600: loss = 0.08735
  Ep04 step  400/13600: loss = 0.08580
  Ep04 step  500/13600: loss = 0.08863
  Ep04 step  600/13600: loss = 0.08625
  Ep04 step  700/13600: loss = 0.08581
  Ep04 step  800/13600: loss = 0.08674
  Ep04 step  900/13600: loss = 0.08685
  Ep04 step 1000/13600: loss = 0.08297
  Ep04 step 1100/13600: loss = 0.08644
  Ep04 step 1200/13600: loss = 0.08617
  Ep04 step 1300/13600: loss = 0.08585
  Ep04 step 1400/13600: loss = 0.08578
  Ep04 step 1500/13600: loss = 0.08324
  Ep04 step 1600/13600: loss = 0.08646
  Ep04 step 1700/13600: loss = 0.08640
  Ep04 step 1800/13600: loss = 0.08637
  Ep04 step 1900/13600: loss = 0.08653
  Ep04 step 2000/13600: loss = 0.08470
  Ep04 step 2100/13600: loss = 0.08412
  Ep04 step 2200/13600: loss = 0.08553
  Ep04 step 2300/13600: loss = 0.08462
  Ep04 step 2400/13600: loss = 0.08635
  Ep04 step 2500/13600: loss = 0.08568
  Ep04 step 2600/13600: loss = 0.08495
  Ep04 step 2700/13600: loss = 0.08591
  Ep04 step 2800/13600: loss = 0.08624
  Ep04 step 2900/13600: loss = 0.09128
  Ep04 step 3000/13600: loss = 0.08295
  Ep04 step 3100/13600: loss = 0.08621
  Ep04 step 3200/13600: loss = 0.08295
  Ep04 step 3300/13600: loss = 0.08458
  Ep04 step 3400/13600: loss = 0.09059
  Ep04 step 3500/13600: loss = 0.08532
  Ep04 step 3600/13600: loss = 0.08355
  Ep04 step 3700/13600: loss = 0.08576
  Ep04 step 3800/13600: loss = 0.08388
  Ep04 step 3900/13600: loss = 0.08436
  Ep04 step 4000/13600: loss = 0.08706
  Ep04 step 4100/13600: loss = 0.08933
  Ep04 step 4200/13600: loss = 0.08564
  Ep04 step 4300/13600: loss = 0.08997
  Ep04 step 4400/13600: loss = 0.08556
  Ep04 step 4500/13600: loss = 0.08636
  Ep04 step 4600/13600: loss = 0.08560
  Ep04 step 4700/13600: loss = 0.08578
  Ep04 step 4800/13600: loss = 0.08481
  Ep04 step 4900/13600: loss = 0.08372
  Ep04 step 5000/13600: loss = 0.08448
  Ep04 step 5100/13600: loss = 0.08656
  Ep04 step 5200/13600: loss = 0.08637
  Ep04 step 5300/13600: loss = 0.08793
  Ep04 step 5400/13600: loss = 0.08526
  Ep04 step 5500/13600: loss = 0.08512
  Ep04 step 5600/13600: loss = 0.08586
  Ep04 step 5700/13600: loss = 0.08453
  Ep04 step 5800/13600: loss = 0.08487
  Ep04 step 5900/13600: loss = 0.08551
  Ep04 step 6000/13600: loss = 0.08472
  Ep04 step 6100/13600: loss = 0.08458
  Ep04 step 6200/13600: loss = 0.08321
  Ep04 step 6300/13600: loss = 0.08490
  Ep04 step 6400/13600: loss = 0.08418
  Ep04 step 6500/13600: loss = 0.08340
  Ep04 step 6600/13600: loss = 0.08350
  Ep04 step 6700/13600: loss = 0.08643
  Ep04 step 6800/13600: loss = 0.08380
  Ep04 step 6900/13600: loss = 0.08363
  Ep04 step 7000/13600: loss = 0.08593
  Ep04 step 7100/13600: loss = 0.08485
  Ep04 step 7200/13600: loss = 0.08505
  Ep04 step 7300/13600: loss = 0.08447
  Ep04 step 7400/13600: loss = 0.08388
  Ep04 step 7500/13600: loss = 0.08692
  Ep04 step 7600/13600: loss = 0.08343
  Ep04 step 7700/13600: loss = 0.08494
  Ep04 step 7800/13600: loss = 0.08723
  Ep04 step 7900/13600: loss = 0.09048
  Ep04 step 8000/13600: loss = 0.08623
  Ep04 step 8100/13600: loss = 0.08440
  Ep04 step 8200/13600: loss = 0.08582
  Ep04 step 8300/13600: loss = 0.08863
  Ep04 step 8400/13600: loss = 0.08307
  Ep04 step 8500/13600: loss = 0.08661
  Ep04 step 8600/13600: loss = 0.08509
  Ep04 step 8700/13600: loss = 0.08441
  Ep04 step 8800/13600: loss = 0.08504
  Ep04 step 8900/13600: loss = 0.08747
  Ep04 step 9000/13600: loss = 0.08527
  Ep04 step 9100/13600: loss = 0.08602
  Ep04 step 9200/13600: loss = 0.08269
  Ep04 step 9300/13600: loss = 0.08632
  Ep04 step 9400/13600: loss = 0.08452
  Ep04 step 9500/13600: loss = 0.08358
  Ep04 step 9600/13600: loss = 0.08182
  Ep04 step 9700/13600: loss = 0.08420
  Ep04 step 9800/13600: loss = 0.08613
  Ep04 step 9900/13600: loss = 0.08484
  Ep04 step 10000/13600: loss = 0.08198
  Ep04 step 10100/13600: loss = 0.08352
  Ep04 step 10200/13600: loss = 0.08462
  Ep04 step 10300/13600: loss = 0.08412
  Ep04 step 10400/13600: loss = 0.08267
  Ep04 step 10500/13600: loss = 0.08675
  Ep04 step 10600/13600: loss = 0.08645
  Ep04 step 10700/13600: loss = 0.08404
  Ep04 step 10800/13600: loss = 0.08571
  Ep04 step 10900/13600: loss = 0.08504
  Ep04 step 11000/13600: loss = 0.08504
  Ep04 step 11100/13600: loss = 0.08546
  Ep04 step 11200/13600: loss = 0.08469
  Ep04 step 11300/13600: loss = 0.08564
  Ep04 step 11400/13600: loss = 0.08460
  Ep04 step 11500/13600: loss = 0.08582
  Ep04 step 11600/13600: loss = 0.08237
  Ep04 step 11700/13600: loss = 0.08442
  Ep04 step 11800/13600: loss = 0.08761
  Ep04 step 11900/13600: loss = 0.08549
  Ep04 step 12000/13600: loss = 0.08513
  Ep04 step 12100/13600: loss = 0.09072
  Ep04 step 12200/13600: loss = 0.08686
  Ep04 step 12300/13600: loss = 0.08426
  Ep04 step 12400/13600: loss = 0.09096
  Ep04 step 12500/13600: loss = 0.08453
  Ep04 step 12600/13600: loss = 0.08335
  Ep04 step 12700/13600: loss = 0.08383
  Ep04 step 12800/13600: loss = 0.08415
  Ep04 step 12900/13600: loss = 0.08314
  Ep04 step 13000/13600: loss = 0.08578
  Ep04 step 13100/13600: loss = 0.08498
  Ep04 step 13200/13600: loss = 0.08984
  Ep04 step 13300/13600: loss = 0.08548
  Ep04 step 13400/13600: loss = 0.08446
  Ep04 step 13500/13600: loss = 0.08747
  Ep04 step 13600/13600: loss = 0.08512

Epoch 04/6 | train=0.08549 val=0.11487 | AUC=['0.998', '0.996', '0.991', '0.990'] PR=['0.986', '0.969', '0.953', '0.960'] | CASCADE-only AUC=['0.997', '0.993', '0.987', '0.986'] PR=['0.948', '0.933', '0.911', '0.932'] | mono_viol=0.00000 | 3626s

  [checkpoint] best.pt updated (epoch 4, val_loss=0.11487)
  Ep05 step  100/13600: loss = 0.08334
  Ep05 step  200/13600: loss = 0.08517
  Ep05 step  300/13600: loss = 0.08548
  Ep05 step  400/13600: loss = 0.08498
  Ep05 step  500/13600: loss = 0.08584
  Ep05 step  600/13600: loss = 0.08423
  Ep05 step  700/13600: loss = 0.08473
  Ep05 step  800/13600: loss = 0.08387
  Ep05 step  900/13600: loss = 0.08624
  Ep05 step 1000/13600: loss = 0.08603
  Ep05 step 1100/13600: loss = 0.08364
  Ep05 step 1200/13600: loss = 0.08543
  Ep05 step 1300/13600: loss = 0.08586
  Ep05 step 1400/13600: loss = 0.08778
  Ep05 step 1500/13600: loss = 0.08602
  Ep05 step 1600/13600: loss = 0.08505
  Ep05 step 1700/13600: loss = 0.08201
  Ep05 step 1800/13600: loss = 0.08147
  Ep05 step 1900/13600: loss = 0.08624
  Ep05 step 2000/13600: loss = 0.08642
  Ep05 step 2100/13600: loss = 0.08576
  Ep05 step 2200/13600: loss = 0.08500
  Ep05 step 2300/13600: loss = 0.08628
  Ep05 step 2400/13600: loss = 0.08690
  Ep05 step 2500/13600: loss = 0.08425
  Ep05 step 2600/13600: loss = 0.08585
  Ep05 step 2700/13600: loss = 0.08277
  Ep05 step 2800/13600: loss = 0.08605
  Ep05 step 2900/13600: loss = 0.08402
  Ep05 step 3000/13600: loss = 0.08418
  Ep05 step 3100/13600: loss = 0.08431
  Ep05 step 3200/13600: loss = 0.08560
  Ep05 step 3300/13600: loss = 0.08489
  Ep05 step 3400/13600: loss = 0.08469
  Ep05 step 3500/13600: loss = 0.08416
  Ep05 step 3600/13600: loss = 0.08498
  Ep05 step 3700/13600: loss = 0.08487
  Ep05 step 3800/13600: loss = 0.08381
  Ep05 step 3900/13600: loss = 0.08265
  Ep05 step 4000/13600: loss = 0.09011
  Ep05 step 4100/13600: loss = 0.08983
  Ep05 step 4200/13600: loss = 0.08410
  Ep05 step 4300/13600: loss = 0.08773
  Ep05 step 4400/13600: loss = 0.08535
  Ep05 step 4500/13600: loss = 0.08772
  Ep05 step 4600/13600: loss = 0.08409
  Ep05 step 4700/13600: loss = 0.08605
  Ep05 step 4800/13600: loss = 0.08160
  Ep05 step 4900/13600: loss = 0.08316
  Ep05 step 5000/13600: loss = 0.08458
  Ep05 step 5100/13600: loss = 0.08626
  Ep05 step 5200/13600: loss = 0.08568
  Ep05 step 5300/13600: loss = 0.08515
  Ep05 step 5400/13600: loss = 0.08539
  Ep05 step 5500/13600: loss = 0.08564
  Ep05 step 5600/13600: loss = 0.08448
  Ep05 step 5700/13600: loss = 0.08476
  Ep05 step 5800/13600: loss = 0.08453
  Ep05 step 5900/13600: loss = 0.08455
  Ep05 step 6000/13600: loss = 0.09061
  Ep05 step 6100/13600: loss = 0.08370
  Ep05 step 6200/13600: loss = 0.08374
  Ep05 step 6300/13600: loss = 0.09060
  Ep05 step 6400/13600: loss = 0.08359
  Ep05 step 6500/13600: loss = 0.08364
  Ep05 step 6600/13600: loss = 0.08426
  Ep05 step 6700/13600: loss = 0.08309
  Ep05 step 6800/13600: loss = 0.08807
  Ep05 step 6900/13600: loss = 0.08536
  Ep05 step 7000/13600: loss = 0.08547
  Ep05 step 7100/13600: loss = 0.08516
  Ep05 step 7200/13600: loss = 0.08297
  Ep05 step 7300/13600: loss = 0.08531
  Ep05 step 7400/13600: loss = 0.08349
  Ep05 step 7500/13600: loss = 0.08488
  Ep05 step 7600/13600: loss = 0.08459
  Ep05 step 7700/13600: loss = 0.08383
  Ep05 step 7800/13600: loss = 0.08615
  Ep05 step 7900/13600: loss = 0.08601
  Ep05 step 8000/13600: loss = 0.08508
  Ep05 step 8100/13600: loss = 0.08512
  Ep05 step 8200/13600: loss = 0.08630
  Ep05 step 8300/13600: loss = 0.08288
  Ep05 step 8400/13600: loss = 0.08519
  Ep05 step 8500/13600: loss = 0.08467
  Ep05 step 8600/13600: loss = 0.08253
  Ep05 step 8700/13600: loss = 0.08314
  Ep05 step 8800/13600: loss = 0.08550
  Ep05 step 8900/13600: loss = 0.08446
  Ep05 step 9000/13600: loss = 0.08410
  Ep05 step 9100/13600: loss = 0.08343
  Ep05 step 9200/13600: loss = 0.08518
  Ep05 step 9300/13600: loss = 0.08480
  Ep05 step 9400/13600: loss = 0.08319
  Ep05 step 9500/13600: loss = 0.08590
  Ep05 step 9600/13600: loss = 0.08313
  Ep05 step 9700/13600: loss = 0.08295
  Ep05 step 9800/13600: loss = 0.09249
  Ep05 step 9900/13600: loss = 0.08400
  Ep05 step 10000/13600: loss = 0.08512
  Ep05 step 10100/13600: loss = 0.08408
  Ep05 step 10200/13600: loss = 0.08495
  Ep05 step 10300/13600: loss = 0.08438
  Ep05 step 10400/13600: loss = 0.08441
  Ep05 step 10500/13600: loss = 0.08578
  Ep05 step 10600/13600: loss = 0.08645
  Ep05 step 10700/13600: loss = 0.08460
  Ep05 step 10800/13600: loss = 0.08986
  Ep05 step 10900/13600: loss = 0.08538
  Ep05 step 11000/13600: loss = 0.08506
  Ep05 step 11100/13600: loss = 0.08396
  Ep05 step 11200/13600: loss = 0.08385
  Ep05 step 11300/13600: loss = 0.08790
  Ep05 step 11400/13600: loss = 0.08449
  Ep05 step 11500/13600: loss = 0.08365
  Ep05 step 11600/13600: loss = 0.08514
  Ep05 step 11700/13600: loss = 0.08878
  Ep05 step 11800/13600: loss = 0.08509
  Ep05 step 11900/13600: loss = 0.08272
  Ep05 step 12000/13600: loss = 0.08536
  Ep05 step 12100/13600: loss = 0.08763
  Ep05 step 12200/13600: loss = 0.08504
  Ep05 step 12300/13600: loss = 0.08938
  Ep05 step 12400/13600: loss = 0.08409
  Ep05 step 12500/13600: loss = 0.08279
  Ep05 step 12600/13600: loss = 0.08580
  Ep05 step 12700/13600: loss = 0.08537
  Ep05 step 12800/13600: loss = 0.08575
  Ep05 step 12900/13600: loss = 0.08321
  Ep05 step 13000/13600: loss = 0.08384
  Ep05 step 13100/13600: loss = 0.08389
  Ep05 step 13200/13600: loss = 0.08669
  Ep05 step 13300/13600: loss = 0.08416
  Ep05 step 13400/13600: loss = 0.08424
  Ep05 step 13500/13600: loss = 0.08566
  Ep05 step 13600/13600: loss = 0.08576

Epoch 05/6 | train=0.08511 val=0.11557 | AUC=['0.998', '0.996', '0.991', '0.990'] PR=['0.987', '0.967', '0.950', '0.956'] | CASCADE-only AUC=['0.997', '0.993', '0.987', '0.986'] PR=['0.949', '0.928', '0.905', '0.925'] | mono_viol=0.00000 | 4350s

[held-out geoclaw_2050] test_loss=0.13322 mono_viol=0.00000 (1000 runs)
  ALL-nodes     AUC=[0.9976571709513664, 0.9968439934253692, 0.9898861978054047, 0.9944039159417153]  PR=[0.9829729279241539, 0.9885305322354242, 0.9728144379404869, 0.9888610914881437]
  CASCADE-only  AUC=[0.9958350048661232, 0.9958748460412026, 0.9874602975845337, 0.9935201226472855]  PR=[0.9485566378690754, 0.9806229697123197, 0.9588134664386136, 0.9847727274224902]
[held-out syn_ts_914_6_1p2955] test_loss=0.11547 mono_viol=0.00000 (1000 runs)
  ALL-nodes     AUC=[0.9994573846459389, 0.9876569505929947, 0.9831517140865326, 0.9712456087470055]  PR=[0.9851779570342449, 0.8721938709495697, 0.8518311701112151, 0.8379745846876516]
  CASCADE-only  AUC=[0.9989431127309799, 0.9799996692538261, 0.9748573343753815, 0.9586266058087349]  PR=[0.9440054266226445, 0.7486705822668901, 0.73524978726558, 0.7369596094082085]
[held-out syn_ts_258_9_3p0022] test_loss=0.11267 mono_viol=0.00000 (1000 runs)
  ALL-nodes     AUC=[0.9985633575320244, 0.9979551261067391, 0.9923874187469482, 0.9945228689312935]  PR=[0.9902697969819637, 0.992726958995778, 0.9786039350157313, 0.9886915230977654]
  CASCADE-only  AUC=[0.9972520002126694, 0.9971845471858978, 0.9900272344350814, 0.9934138796925545]  PR=[0.9659090123382624, 0.986297575095515, 0.9637252886579479, 0.9832046202971393]
[held-out syn_ts_605_5_3p7563] test_loss=0.12953 mono_viol=0.00000 (1000 runs)
  ALL-nodes     AUC=[0.996657333612442, 0.9974514917135239, 0.9942452105283737, 0.9975327198505402]  PR=[0.9886016231825983, 0.9944706819657501, 0.9900218446662553, 0.9968729833060916]
  CASCADE-only  AUC=[0.9935858954787254, 0.9961400541067124, 0.9920050736665725, 0.9968299305438996]  PR=[0.960928531006381, 0.9878360230290963, 0.9808717777258903, 0.9946396457738499]
[held-out syn_ts_808_27_3p7885] test_loss=0.10811 mono_viol=0.00000 (1000 runs)
  ALL-nodes     AUC=[0.998098970413208, 0.9978951818346977, 0.9938164865970611, 0.9962673499584198]  PR=[0.9904131963048296, 0.993691172314537, 0.9853481268117239, 0.9932015505777102]
  CASCADE-only  AUC=[0.9963864678740502, 0.9970082506537438, 0.991760945737362, 0.9953829283118248]  PR=[0.9667703997363807, 0.9873091664587185, 0.9739920808894199, 0.9892743795919053]
[held-out syn2_t449w6_wl2p103] test_loss=0.11713 mono_viol=0.00000 (1000 runs)
  ALL-nodes     AUC=[0.999310142159462, 0.9876984314322471, 0.9831163439154625, 0.9714616848826408]  PR=[0.981594214826897, 0.8687743425194445, 0.8462944378129338, 0.8331003491941702]
  CASCADE-only  AUC=[0.9985956270098686, 0.9794364556074142, 0.9740168660283088, 0.9577059974074363]  PR=[0.9300424207696745, 0.7366152610785764, 0.7175752072404045, 0.7211448948068031]
[held-out syn2_t580w24_wl2p439] test_loss=0.11465 mono_viol=0.00000 (1000 runs)
  ALL-nodes     AUC=[0.9990702214837074, 0.9940007125735283, 0.9875081685781479, 0.9821774579286575]  PR=[0.9833937583697101, 0.9509628451089025, 0.9258250148479971, 0.9294650422235593]
  CASCADE-only  AUC=[0.9982169528007507, 0.9906722075939178, 0.983014614880085, 0.9768848021626473]  PR=[0.9395582258644265, 0.9025069806553673, 0.8732577343494039, 0.8916792589873764]
[held-out syn2_t934c34_wl2p777] test_loss=0.11473 mono_viol=0.00000 (1000 runs)
  ALL-nodes     AUC=[0.998552443087101, 0.9970605733394623, 0.9899913761615753, 0.9903588804602623]  PR=[0.9826290382884705, 0.9823801434038981, 0.9579136214831911, 0.9708249581771574]
  CASCADE-only  AUC=[0.997242078602314, 0.9957995082736015, 0.9869844422936439, 0.988276828289032]  PR=[0.9393546472458958, 0.9664302507138616, 0.9314820484019435, 0.9574627749381043]
[held-out syn2_t270w17_wl3p116] test_loss=0.11553 mono_viol=0.00000 (1000 runs)
  ALL-nodes     AUC=[0.9983875625729561, 0.9976575816869736, 0.991054051041603, 0.9931180799603462]  PR=[0.9863682169235529, 0.9898173349128344, 0.9703756348405185, 0.9837220224932451]
  CASCADE-only  AUC=[0.9969401124119759, 0.9968050065040588, 0.9883820352554321, 0.9918342759013176]  PR=[0.9530401448466973, 0.981227153652506, 0.9511979710171312, 0.976696995442553]
[held-out syn2_t33w13_wl3p458] test_loss=0.11123 mono_viol=0.00000 (1000 runs)
  ALL-nodes     AUC=[0.9985423291921616, 0.9979652949571609, 0.9928055208921432, 0.9949258048534393]  PR=[0.9907124907771329, 0.9930233446799742, 0.9805336599413084, 0.9898402828036574]
  CASCADE-only  AUC=[0.9971933555006981, 0.9971746993660927, 0.9905258617997169, 0.9938484715819359]  PR=[0.966989887905629, 0.9865927749225339, 0.9665140420328245, 0.9846363134854942]
[held-out syn2_t857w1_wl3p800] test_loss=0.10773 mono_viol=0.00000 (1000 runs)
  ALL-nodes     AUC=[0.9979325295686722, 0.9979319024085999, 0.9940534564256668, 0.9967768642306328]  PR=[0.9901104093664309, 0.9940577038648173, 0.9864239799153806, 0.9943282693738994]
  CASCADE-only  AUC=[0.9960782828330994, 0.9970490599870682, 0.9920646086931229, 0.9960012674927712]  PR=[0.9660175190165448, 0.9879902810984315, 0.9758036469338842, 0.9909977262116931]
[held-out syn2_t116w1_wl4p130] test_loss=0.10752 mono_viol=0.00000 (1000 runs)
  ALL-nodes     AUC=[0.9974172120094299, 0.9977106549739838, 0.9948005653619766, 0.9981716518998146]  PR=[0.9898178240611363, 0.9944394252729741, 0.9897749019689422, 0.9970601290474446]
  CASCADE-only  AUC=[0.9950959685444832, 0.9966347048282623, 0.992940072953701, 0.9976647391319274]  PR=[0.9655665476750469, 0.9883406299151491, 0.9812342998342456, 0.9950843957543117]
[held-out syn2_t198w16_wl4p722] test_loss=0.16696 mono_viol=0.00000 (1000 runs)
  ALL-nodes     AUC=[0.9959322149753571, 0.9968055264949799, 0.9918838045597076, 0.9952475516200066]  PR=[0.9873227135482774, 0.9937389538745124, 0.9878446693780606, 0.9953235276003433]
  CASCADE-only  AUC=[0.9921403034925461, 0.9950883128643035, 0.9886845175027847, 0.9939148899316788]  PR=[0.9559654778712762, 0.9860214119520472, 0.9766698646854178, 0.9921946445215383]
