task=25 arm=old17 variant=ctx cell=static_timing torch_seed=1 set=jesse22 head=hazard labels=/scratch/tj2587/results/legacy_v1_n1000 labels2=/scratch/tj2587/results/legacy_v1_n1000 timing=1 context=1 ckpt=/scratch/tj2587/results/gnn_morestorms_v1/old17_ctx_static_timing_s1 smoke=0 commit=967d122 uncommitted_files=0
[gate] CUDA OK: NVIDIA L40S
[gate] heterodata data/graph/nyc_infra_heterodata_v1_frozen_failover_edges.pt: total=6231 -> OK
[gate] set jesse22: 22 storms, 17 for training, 5 held out; in both folders []; missing [] -> OK
[gate] timing table data/flood/timing/node_timing_jesse22_plus_gissr48_v1.csv: storms without rows [] -> OK
[gate] variant ctx: storm context on, timing inputs on -> OK
[gate] head switch present: ('independent', 'hazard')
=== TRAIN MODE — full training ===
torch seed set: 1
Train: 13600  Val: 3400  (17 scenarios) | Test held-out: ['geoclaw_2050', 'syn_ts_914_6_1p2955', 'syn_ts_258_9_3p0022', 'syn_ts_605_5_3p7563', 'syn_ts_808_27_3p7885'] (5000 runs)
Model parameters: 700,952  head=hazard
Device: cuda
[timing-features] loaded 71 scenarios from data/flood/timing/node_timing_jesse22_plus_gissr48_v1.csv (features ('arrival_h', 'duration_h', 'time_to_peak_h'), scaled by 96 h)
  Ep00 step  100/13600: loss = 0.43462
  Ep00 step  200/13600: loss = 0.18871
  Ep00 step  300/13600: loss = 0.13179
  Ep00 step  400/13600: loss = 0.11965
  Ep00 step  500/13600: loss = 0.11620
  Ep00 step  600/13600: loss = 0.08790
  Ep00 step  700/13600: loss = 0.09171
  Ep00 step  800/13600: loss = 0.09881
  Ep00 step  900/13600: loss = 0.10188
  Ep00 step 1000/13600: loss = 0.08572
  Ep00 step 1100/13600: loss = 0.08963
  Ep00 step 1200/13600: loss = 0.07722
  Ep00 step 1300/13600: loss = 0.08503
  Ep00 step 1400/13600: loss = 0.08599
  Ep00 step 1500/13600: loss = 0.07351
  Ep00 step 1600/13600: loss = 0.08341
  Ep00 step 1700/13600: loss = 0.07955
  Ep00 step 1800/13600: loss = 0.08274
  Ep00 step 1900/13600: loss = 0.08044
  Ep00 step 2000/13600: loss = 0.07811
  Ep00 step 2100/13600: loss = 0.08477
  Ep00 step 2200/13600: loss = 0.07774
  Ep00 step 2300/13600: loss = 0.06638
  Ep00 step 2400/13600: loss = 0.07615
  Ep00 step 2500/13600: loss = 0.07979
  Ep00 step 2600/13600: loss = 0.06903
  Ep00 step 2700/13600: loss = 0.06410
  Ep00 step 2800/13600: loss = 0.07352
  Ep00 step 2900/13600: loss = 0.06745
  Ep00 step 3000/13600: loss = 0.06693
  Ep00 step 3100/13600: loss = 0.06747
  Ep00 step 3200/13600: loss = 0.07101
  Ep00 step 3300/13600: loss = 0.06626
  Ep00 step 3400/13600: loss = 0.06854
  Ep00 step 3500/13600: loss = 0.06732
  Ep00 step 3600/13600: loss = 0.06515
  Ep00 step 3700/13600: loss = 0.06416
  Ep00 step 3800/13600: loss = 0.06251
  Ep00 step 3900/13600: loss = 0.05643
  Ep00 step 4000/13600: loss = 0.06384
  Ep00 step 4100/13600: loss = 0.05860
  Ep00 step 4200/13600: loss = 0.06088
  Ep00 step 4300/13600: loss = 0.06379
  Ep00 step 4400/13600: loss = 0.06671
  Ep00 step 4500/13600: loss = 0.06902
  Ep00 step 4600/13600: loss = 0.06140
  Ep00 step 4700/13600: loss = 0.06753
  Ep00 step 4800/13600: loss = 0.06167
  Ep00 step 4900/13600: loss = 0.06428
  Ep00 step 5000/13600: loss = 0.06054
  Ep00 step 5100/13600: loss = 0.06234
  Ep00 step 5200/13600: loss = 0.06848
  Ep00 step 5300/13600: loss = 0.05883
  Ep00 step 5400/13600: loss = 0.06748
  Ep00 step 5500/13600: loss = 0.05949
  Ep00 step 5600/13600: loss = 0.05985
  Ep00 step 5700/13600: loss = 0.06189
  Ep00 step 5800/13600: loss = 0.06186
  Ep00 step 5900/13600: loss = 0.05140
  Ep00 step 6000/13600: loss = 0.05188
  Ep00 step 6100/13600: loss = 0.05692
  Ep00 step 6200/13600: loss = 0.05398
  Ep00 step 6300/13600: loss = 0.05545
  Ep00 step 6400/13600: loss = 0.05653
  Ep00 step 6500/13600: loss = 0.05690
  Ep00 step 6600/13600: loss = 0.05925
  Ep00 step 6700/13600: loss = 0.06286
  Ep00 step 6800/13600: loss = 0.06045
  Ep00 step 6900/13600: loss = 0.04603
  Ep00 step 7000/13600: loss = 0.05749
  Ep00 step 7100/13600: loss = 0.06292
  Ep00 step 7200/13600: loss = 0.05704
  Ep00 step 7300/13600: loss = 0.05386
  Ep00 step 7400/13600: loss = 0.05581
  Ep00 step 7500/13600: loss = 0.05884
  Ep00 step 7600/13600: loss = 0.05537
  Ep00 step 7700/13600: loss = 0.05462
  Ep00 step 7800/13600: loss = 0.05189
  Ep00 step 7900/13600: loss = 0.05454
  Ep00 step 8000/13600: loss = 0.04801
  Ep00 step 8100/13600: loss = 0.06123
  Ep00 step 8200/13600: loss = 0.05897
  Ep00 step 8300/13600: loss = 0.05624
  Ep00 step 8400/13600: loss = 0.06110
  Ep00 step 8500/13600: loss = 0.05391
  Ep00 step 8600/13600: loss = 0.06041
  Ep00 step 8700/13600: loss = 0.06146
  Ep00 step 8800/13600: loss = 0.04786
  Ep00 step 8900/13600: loss = 0.05344
  Ep00 step 9000/13600: loss = 0.05294
  Ep00 step 9100/13600: loss = 0.06297
  Ep00 step 9200/13600: loss = 0.05060
  Ep00 step 9300/13600: loss = 0.04864
  Ep00 step 9400/13600: loss = 0.05215
  Ep00 step 9500/13600: loss = 0.04806
  Ep00 step 9600/13600: loss = 0.05264
  Ep00 step 9700/13600: loss = 0.05433
  Ep00 step 9800/13600: loss = 0.05619
  Ep00 step 9900/13600: loss = 0.05280
  Ep00 step 10000/13600: loss = 0.05941
  Ep00 step 10100/13600: loss = 0.05254
  Ep00 step 10200/13600: loss = 0.05119
  Ep00 step 10300/13600: loss = 0.05875
  Ep00 step 10400/13600: loss = 0.05127
  Ep00 step 10500/13600: loss = 0.04575
  Ep00 step 10600/13600: loss = 0.04859
  Ep00 step 10700/13600: loss = 0.04779
  Ep00 step 10800/13600: loss = 0.05637
  Ep00 step 10900/13600: loss = 0.05729
  Ep00 step 11000/13600: loss = 0.05479
  Ep00 step 11100/13600: loss = 0.05159
  Ep00 step 11200/13600: loss = 0.05532
  Ep00 step 11300/13600: loss = 0.05630
  Ep00 step 11400/13600: loss = 0.05302
  Ep00 step 11500/13600: loss = 0.05238
  Ep00 step 11600/13600: loss = 0.05224
  Ep00 step 11700/13600: loss = 0.05206
  Ep00 step 11800/13600: loss = 0.05056
  Ep00 step 11900/13600: loss = 0.04453
  Ep00 step 12000/13600: loss = 0.04818
  Ep00 step 12100/13600: loss = 0.05099
  Ep00 step 12200/13600: loss = 0.04968
  Ep00 step 12300/13600: loss = 0.05194
  Ep00 step 12400/13600: loss = 0.05336
  Ep00 step 12500/13600: loss = 0.05036
  Ep00 step 12600/13600: loss = 0.05140
  Ep00 step 12700/13600: loss = 0.05155
  Ep00 step 12800/13600: loss = 0.05422
  Ep00 step 12900/13600: loss = 0.05200
  Ep00 step 13000/13600: loss = 0.05502
  Ep00 step 13100/13600: loss = 0.04515
  Ep00 step 13200/13600: loss = 0.04794
  Ep00 step 13300/13600: loss = 0.05469
  Ep00 step 13400/13600: loss = 0.04772
  Ep00 step 13500/13600: loss = 0.04524
  Ep00 step 13600/13600: loss = 0.05024

Epoch 00/6 | train=0.06592 val=0.07048 | AUC=['0.999', '0.998', '0.995', '0.995'] PR=['0.991', '0.986', '0.974', '0.980'] | CASCADE-only AUC=['0.998', '0.997', '0.993', '0.994'] PR=['0.966', '0.963', '0.947', '0.963'] | mono_viol=0.00000 | 681s

  [checkpoint] best.pt updated (epoch 0, val_loss=0.07048)
  Ep01 step  100/13600: loss = 0.05111
  Ep01 step  200/13600: loss = 0.05966
  Ep01 step  300/13600: loss = 0.04978
  Ep01 step  400/13600: loss = 0.04973
  Ep01 step  500/13600: loss = 0.04520
  Ep01 step  600/13600: loss = 0.05089
  Ep01 step  700/13600: loss = 0.05095
  Ep01 step  800/13600: loss = 0.05201
  Ep01 step  900/13600: loss = 0.04930
  Ep01 step 1000/13600: loss = 0.04235
  Ep01 step 1100/13600: loss = 0.05120
  Ep01 step 1200/13600: loss = 0.05238
  Ep01 step 1300/13600: loss = 0.05023
  Ep01 step 1400/13600: loss = 0.05288
  Ep01 step 1500/13600: loss = 0.04824
  Ep01 step 1600/13600: loss = 0.05146
  Ep01 step 1700/13600: loss = 0.05402
  Ep01 step 1800/13600: loss = 0.05588
  Ep01 step 1900/13600: loss = 0.05302
  Ep01 step 2000/13600: loss = 0.04979
  Ep01 step 2100/13600: loss = 0.05671
  Ep01 step 2200/13600: loss = 0.05263
  Ep01 step 2300/13600: loss = 0.04818
  Ep01 step 2400/13600: loss = 0.05056
  Ep01 step 2500/13600: loss = 0.04673
  Ep01 step 2600/13600: loss = 0.05409
  Ep01 step 2700/13600: loss = 0.04059
  Ep01 step 2800/13600: loss = 0.04601
  Ep01 step 2900/13600: loss = 0.04578
  Ep01 step 3000/13600: loss = 0.04909
  Ep01 step 3100/13600: loss = 0.04452
  Ep01 step 3200/13600: loss = 0.05194
  Ep01 step 3300/13600: loss = 0.05022
  Ep01 step 3400/13600: loss = 0.05302
  Ep01 step 3500/13600: loss = 0.05471
  Ep01 step 3600/13600: loss = 0.05424
  Ep01 step 3700/13600: loss = 0.04686
  Ep01 step 3800/13600: loss = 0.05181
  Ep01 step 3900/13600: loss = 0.04890
  Ep01 step 4000/13600: loss = 0.04687
  Ep01 step 4100/13600: loss = 0.04525
  Ep01 step 4200/13600: loss = 0.05149
  Ep01 step 4300/13600: loss = 0.04405
  Ep01 step 4400/13600: loss = 0.05439
  Ep01 step 4500/13600: loss = 0.05017
  Ep01 step 4600/13600: loss = 0.04931
  Ep01 step 4700/13600: loss = 0.04788
  Ep01 step 4800/13600: loss = 0.05674
  Ep01 step 4900/13600: loss = 0.04886
  Ep01 step 5000/13600: loss = 0.04436
  Ep01 step 5100/13600: loss = 0.05139
  Ep01 step 5200/13600: loss = 0.05160
  Ep01 step 5300/13600: loss = 0.05137
  Ep01 step 5400/13600: loss = 0.04929
  Ep01 step 5500/13600: loss = 0.05024
  Ep01 step 5600/13600: loss = 0.04925
  Ep01 step 5700/13600: loss = 0.04732
  Ep01 step 5800/13600: loss = 0.04904
  Ep01 step 5900/13600: loss = 0.04520
  Ep01 step 6000/13600: loss = 0.05231
  Ep01 step 6100/13600: loss = 0.04069
  Ep01 step 6200/13600: loss = 0.04930
  Ep01 step 6300/13600: loss = 0.04864
  Ep01 step 6400/13600: loss = 0.05004
  Ep01 step 6500/13600: loss = 0.04797
  Ep01 step 6600/13600: loss = 0.04956
  Ep01 step 6700/13600: loss = 0.05125
  Ep01 step 6800/13600: loss = 0.04276
  Ep01 step 6900/13600: loss = 0.05752
  Ep01 step 7000/13600: loss = 0.06056
  Ep01 step 7100/13600: loss = 0.04105
  Ep01 step 7200/13600: loss = 0.05628
  Ep01 step 7300/13600: loss = 0.04524
  Ep01 step 7400/13600: loss = 0.05705
  Ep01 step 7500/13600: loss = 0.04701
  Ep01 step 7600/13600: loss = 0.04747
  Ep01 step 7700/13600: loss = 0.05110
  Ep01 step 7800/13600: loss = 0.05089
  Ep01 step 7900/13600: loss = 0.04515
  Ep01 step 8000/13600: loss = 0.04898
  Ep01 step 8100/13600: loss = 0.04837
  Ep01 step 8200/13600: loss = 0.04326
  Ep01 step 8300/13600: loss = 0.04613
  Ep01 step 8400/13600: loss = 0.04249
  Ep01 step 8500/13600: loss = 0.04465
  Ep01 step 8600/13600: loss = 0.04538
  Ep01 step 8700/13600: loss = 0.04064
  Ep01 step 8800/13600: loss = 0.05592
  Ep01 step 8900/13600: loss = 0.04920
  Ep01 step 9000/13600: loss = 0.04705
  Ep01 step 9100/13600: loss = 0.04522
  Ep01 step 9200/13600: loss = 0.04941
  Ep01 step 9300/13600: loss = 0.05047
  Ep01 step 9400/13600: loss = 0.05498
  Ep01 step 9500/13600: loss = 0.04477
  Ep01 step 9600/13600: loss = 0.04844
  Ep01 step 9700/13600: loss = 0.04345
  Ep01 step 9800/13600: loss = 0.04543
  Ep01 step 9900/13600: loss = 0.05282
  Ep01 step 10000/13600: loss = 0.04100
  Ep01 step 10100/13600: loss = 0.04963
  Ep01 step 10200/13600: loss = 0.04520
  Ep01 step 10300/13600: loss = 0.04763
  Ep01 step 10400/13600: loss = 0.04861
  Ep01 step 10500/13600: loss = 0.04972
  Ep01 step 10600/13600: loss = 0.04683
  Ep01 step 10700/13600: loss = 0.04659
  Ep01 step 10800/13600: loss = 0.04471
  Ep01 step 10900/13600: loss = 0.04756
  Ep01 step 11000/13600: loss = 0.04686
  Ep01 step 11100/13600: loss = 0.04780
  Ep01 step 11200/13600: loss = 0.05258
  Ep01 step 11300/13600: loss = 0.04314
  Ep01 step 11400/13600: loss = 0.04393
  Ep01 step 11500/13600: loss = 0.04310
  Ep01 step 11600/13600: loss = 0.04719
  Ep01 step 11700/13600: loss = 0.05323
  Ep01 step 11800/13600: loss = 0.04902
  Ep01 step 11900/13600: loss = 0.04249
  Ep01 step 12000/13600: loss = 0.04725
  Ep01 step 12100/13600: loss = 0.05130
  Ep01 step 12200/13600: loss = 0.05254
  Ep01 step 12300/13600: loss = 0.05228
  Ep01 step 12400/13600: loss = 0.05737
  Ep01 step 12500/13600: loss = 0.05080
  Ep01 step 12600/13600: loss = 0.04158
  Ep01 step 12700/13600: loss = 0.04793
  Ep01 step 12800/13600: loss = 0.05208
  Ep01 step 12900/13600: loss = 0.04824
  Ep01 step 13000/13600: loss = 0.05092
  Ep01 step 13100/13600: loss = 0.04845
  Ep01 step 13200/13600: loss = 0.04927
  Ep01 step 13300/13600: loss = 0.04962
  Ep01 step 13400/13600: loss = 0.05706
  Ep01 step 13500/13600: loss = 0.04035
  Ep01 step 13600/13600: loss = 0.04532

Epoch 01/6 | train=0.04904 val=0.07146 | AUC=['0.999', '0.998', '0.995', '0.995'] PR=['0.993', '0.984', '0.972', '0.980'] | CASCADE-only AUC=['0.999', '0.997', '0.993', '0.994'] PR=['0.972', '0.961', '0.943', '0.963'] | mono_viol=0.00000 | 1371s

  Ep02 step  100/13600: loss = 0.04687
  Ep02 step  200/13600: loss = 0.04947
  Ep02 step  300/13600: loss = 0.04950
  Ep02 step  400/13600: loss = 0.04752
  Ep02 step  500/13600: loss = 0.04039
  Ep02 step  600/13600: loss = 0.05163
  Ep02 step  700/13600: loss = 0.04194
  Ep02 step  800/13600: loss = 0.04958
  Ep02 step  900/13600: loss = 0.04717
  Ep02 step 1000/13600: loss = 0.04917
  Ep02 step 1100/13600: loss = 0.05058
  Ep02 step 1200/13600: loss = 0.04523
  Ep02 step 1300/13600: loss = 0.04914
  Ep02 step 1400/13600: loss = 0.04903
  Ep02 step 1500/13600: loss = 0.06345
  Ep02 step 1600/13600: loss = 0.04272
  Ep02 step 1700/13600: loss = 0.04496
  Ep02 step 1800/13600: loss = 0.05306
  Ep02 step 1900/13600: loss = 0.05239
  Ep02 step 2000/13600: loss = 0.05162
  Ep02 step 2100/13600: loss = 0.04366
  Ep02 step 2200/13600: loss = 0.04926
  Ep02 step 2300/13600: loss = 0.04980
  Ep02 step 2400/13600: loss = 0.04277
  Ep02 step 2500/13600: loss = 0.05112
  Ep02 step 2600/13600: loss = 0.04531
  Ep02 step 2700/13600: loss = 0.04413
  Ep02 step 2800/13600: loss = 0.04887
  Ep02 step 2900/13600: loss = 0.04601
  Ep02 step 3000/13600: loss = 0.04421
  Ep02 step 3100/13600: loss = 0.05239
  Ep02 step 3200/13600: loss = 0.04425
  Ep02 step 3300/13600: loss = 0.05206
  Ep02 step 3400/13600: loss = 0.04178
  Ep02 step 3500/13600: loss = 0.04587
  Ep02 step 3600/13600: loss = 0.04675
  Ep02 step 3700/13600: loss = 0.05022
  Ep02 step 3800/13600: loss = 0.04771
  Ep02 step 3900/13600: loss = 0.04883
  Ep02 step 4000/13600: loss = 0.04933
  Ep02 step 4100/13600: loss = 0.04621
  Ep02 step 4200/13600: loss = 0.05025
  Ep02 step 4300/13600: loss = 0.04717
  Ep02 step 4400/13600: loss = 0.03716
  Ep02 step 4500/13600: loss = 0.04610
  Ep02 step 4600/13600: loss = 0.04999
  Ep02 step 4700/13600: loss = 0.04843
  Ep02 step 4800/13600: loss = 0.05407
  Ep02 step 4900/13600: loss = 0.04588
  Ep02 step 5000/13600: loss = 0.05209
  Ep02 step 5100/13600: loss = 0.04747
  Ep02 step 5200/13600: loss = 0.04419
  Ep02 step 5300/13600: loss = 0.04811
  Ep02 step 5400/13600: loss = 0.04286
  Ep02 step 5500/13600: loss = 0.04820
  Ep02 step 5600/13600: loss = 0.04622
  Ep02 step 5700/13600: loss = 0.04180
  Ep02 step 5800/13600: loss = 0.04001
  Ep02 step 5900/13600: loss = 0.05185
  Ep02 step 6000/13600: loss = 0.04794
  Ep02 step 6100/13600: loss = 0.05170
  Ep02 step 6200/13600: loss = 0.04332
  Ep02 step 6300/13600: loss = 0.04668
  Ep02 step 6400/13600: loss = 0.04508
  Ep02 step 6500/13600: loss = 0.04859
  Ep02 step 6600/13600: loss = 0.04928
  Ep02 step 6700/13600: loss = 0.04126
  Ep02 step 6800/13600: loss = 0.04137
  Ep02 step 6900/13600: loss = 0.04521
  Ep02 step 7000/13600: loss = 0.04027
  Ep02 step 7100/13600: loss = 0.04924
  Ep02 step 7200/13600: loss = 0.04594
  Ep02 step 7300/13600: loss = 0.05057
  Ep02 step 7400/13600: loss = 0.04367
  Ep02 step 7500/13600: loss = 0.04040
  Ep02 step 7600/13600: loss = 0.03941
  Ep02 step 7700/13600: loss = 0.04549
  Ep02 step 7800/13600: loss = 0.05363
  Ep02 step 7900/13600: loss = 0.04611
  Ep02 step 8000/13600: loss = 0.04394
  Ep02 step 8100/13600: loss = 0.05034
  Ep02 step 8200/13600: loss = 0.05177
  Ep02 step 8300/13600: loss = 0.04570
  Ep02 step 8400/13600: loss = 0.04242
  Ep02 step 8500/13600: loss = 0.04471
  Ep02 step 8600/13600: loss = 0.04314
  Ep02 step 8700/13600: loss = 0.04627
  Ep02 step 8800/13600: loss = 0.04602
  Ep02 step 8900/13600: loss = 0.05241
  Ep02 step 9000/13600: loss = 0.05237
  Ep02 step 9100/13600: loss = 0.04270
  Ep02 step 9200/13600: loss = 0.05287
  Ep02 step 9300/13600: loss = 0.05028
  Ep02 step 9400/13600: loss = 0.04622
  Ep02 step 9500/13600: loss = 0.04960
  Ep02 step 9600/13600: loss = 0.04519
  Ep02 step 9700/13600: loss = 0.05280
  Ep02 step 9800/13600: loss = 0.04122
  Ep02 step 9900/13600: loss = 0.04667
  Ep02 step 10000/13600: loss = 0.05502
  Ep02 step 10100/13600: loss = 0.04061
  Ep02 step 10200/13600: loss = 0.05301
  Ep02 step 10300/13600: loss = 0.04692
  Ep02 step 10400/13600: loss = 0.04772
  Ep02 step 10500/13600: loss = 0.04565
  Ep02 step 10600/13600: loss = 0.05359
  Ep02 step 10700/13600: loss = 0.04117
  Ep02 step 10800/13600: loss = 0.04898
  Ep02 step 10900/13600: loss = 0.04513
  Ep02 step 11000/13600: loss = 0.05300
  Ep02 step 11100/13600: loss = 0.04890
  Ep02 step 11200/13600: loss = 0.04012
  Ep02 step 11300/13600: loss = 0.05123
  Ep02 step 11400/13600: loss = 0.05114
  Ep02 step 11500/13600: loss = 0.04584
  Ep02 step 11600/13600: loss = 0.05556
  Ep02 step 11700/13600: loss = 0.04159
  Ep02 step 11800/13600: loss = 0.04976
  Ep02 step 11900/13600: loss = 0.04877
  Ep02 step 12000/13600: loss = 0.04628
  Ep02 step 12100/13600: loss = 0.04398
  Ep02 step 12200/13600: loss = 0.04155
  Ep02 step 12300/13600: loss = 0.04795
  Ep02 step 12400/13600: loss = 0.04635
  Ep02 step 12500/13600: loss = 0.04890
  Ep02 step 12600/13600: loss = 0.04041
  Ep02 step 12700/13600: loss = 0.05312
  Ep02 step 12800/13600: loss = 0.05707
  Ep02 step 12900/13600: loss = 0.05148
  Ep02 step 13000/13600: loss = 0.04544
  Ep02 step 13100/13600: loss = 0.04234
  Ep02 step 13200/13600: loss = 0.04582
  Ep02 step 13300/13600: loss = 0.04698
  Ep02 step 13400/13600: loss = 0.03829
  Ep02 step 13500/13600: loss = 0.04852
  Ep02 step 13600/13600: loss = 0.04699

Epoch 02/6 | train=0.04724 val=0.06844 | AUC=['0.999', '0.999', '0.996', '0.996'] PR=['0.993', '0.989', '0.978', '0.984'] | CASCADE-only AUC=['0.999', '0.998', '0.995', '0.995'] PR=['0.971', '0.971', '0.956', '0.971'] | mono_viol=0.00000 | 2057s

  [checkpoint] best.pt updated (epoch 2, val_loss=0.06844)
  Ep03 step  100/13600: loss = 0.04763
  Ep03 step  200/13600: loss = 0.04446
  Ep03 step  300/13600: loss = 0.04298
  Ep03 step  400/13600: loss = 0.04611
  Ep03 step  500/13600: loss = 0.05210
  Ep03 step  600/13600: loss = 0.04818
  Ep03 step  700/13600: loss = 0.04179
  Ep03 step  800/13600: loss = 0.05404
  Ep03 step  900/13600: loss = 0.04694
  Ep03 step 1000/13600: loss = 0.04992
  Ep03 step 1100/13600: loss = 0.04050
  Ep03 step 1200/13600: loss = 0.04507
  Ep03 step 1300/13600: loss = 0.04166
  Ep03 step 1400/13600: loss = 0.04877
  Ep03 step 1500/13600: loss = 0.05080
  Ep03 step 1600/13600: loss = 0.04599
  Ep03 step 1700/13600: loss = 0.04354
  Ep03 step 1800/13600: loss = 0.04310
  Ep03 step 1900/13600: loss = 0.03887
  Ep03 step 2000/13600: loss = 0.04992
  Ep03 step 2100/13600: loss = 0.05006
  Ep03 step 2200/13600: loss = 0.04564
  Ep03 step 2300/13600: loss = 0.04286
  Ep03 step 2400/13600: loss = 0.05033
  Ep03 step 2500/13600: loss = 0.04671
  Ep03 step 2600/13600: loss = 0.04613
  Ep03 step 2700/13600: loss = 0.04700
  Ep03 step 2800/13600: loss = 0.04738
  Ep03 step 2900/13600: loss = 0.04581
  Ep03 step 3000/13600: loss = 0.04314
  Ep03 step 3100/13600: loss = 0.04620
  Ep03 step 3200/13600: loss = 0.04954
  Ep03 step 3300/13600: loss = 0.05365
  Ep03 step 3400/13600: loss = 0.03947
  Ep03 step 3500/13600: loss = 0.05117
  Ep03 step 3600/13600: loss = 0.04234
  Ep03 step 3700/13600: loss = 0.05267
  Ep03 step 3800/13600: loss = 0.04663
  Ep03 step 3900/13600: loss = 0.04339
  Ep03 step 4000/13600: loss = 0.04531
  Ep03 step 4100/13600: loss = 0.04910
  Ep03 step 4200/13600: loss = 0.05194
  Ep03 step 4300/13600: loss = 0.04658
  Ep03 step 4400/13600: loss = 0.04801
  Ep03 step 4500/13600: loss = 0.04764
  Ep03 step 4600/13600: loss = 0.04606
  Ep03 step 4700/13600: loss = 0.04794
  Ep03 step 4800/13600: loss = 0.04570
  Ep03 step 4900/13600: loss = 0.04794
  Ep03 step 5000/13600: loss = 0.03542
  Ep03 step 5100/13600: loss = 0.05100
  Ep03 step 5200/13600: loss = 0.04944
  Ep03 step 5300/13600: loss = 0.04062
  Ep03 step 5400/13600: loss = 0.04777
  Ep03 step 5500/13600: loss = 0.03811
  Ep03 step 5600/13600: loss = 0.04143
  Ep03 step 5700/13600: loss = 0.04421
  Ep03 step 5800/13600: loss = 0.05303
  Ep03 step 5900/13600: loss = 0.05108
  Ep03 step 6000/13600: loss = 0.04862
  Ep03 step 6100/13600: loss = 0.05301
  Ep03 step 6200/13600: loss = 0.05151
  Ep03 step 6300/13600: loss = 0.04639
  Ep03 step 6400/13600: loss = 0.04055
  Ep03 step 6500/13600: loss = 0.04531
  Ep03 step 6600/13600: loss = 0.05037
  Ep03 step 6700/13600: loss = 0.04225
  Ep03 step 6800/13600: loss = 0.04461
  Ep03 step 6900/13600: loss = 0.04520
  Ep03 step 7000/13600: loss = 0.04235
  Ep03 step 7100/13600: loss = 0.04329
  Ep03 step 7200/13600: loss = 0.04452
  Ep03 step 7300/13600: loss = 0.04723
  Ep03 step 7400/13600: loss = 0.04853
  Ep03 step 7500/13600: loss = 0.03927
  Ep03 step 7600/13600: loss = 0.04472
  Ep03 step 7700/13600: loss = 0.04658
  Ep03 step 7800/13600: loss = 0.04518
  Ep03 step 7900/13600: loss = 0.04992
  Ep03 step 8000/13600: loss = 0.04796
  Ep03 step 8100/13600: loss = 0.05936
  Ep03 step 8200/13600: loss = 0.04285
  Ep03 step 8300/13600: loss = 0.05231
  Ep03 step 8400/13600: loss = 0.05143
  Ep03 step 8500/13600: loss = 0.04795
  Ep03 step 8600/13600: loss = 0.03759
  Ep03 step 8700/13600: loss = 0.05170
  Ep03 step 8800/13600: loss = 0.04183
  Ep03 step 8900/13600: loss = 0.04422
  Ep03 step 9000/13600: loss = 0.04232
  Ep03 step 9100/13600: loss = 0.04094
  Ep03 step 9200/13600: loss = 0.03940
  Ep03 step 9300/13600: loss = 0.04532
  Ep03 step 9400/13600: loss = 0.04782
  Ep03 step 9500/13600: loss = 0.04968
  Ep03 step 9600/13600: loss = 0.04450
  Ep03 step 9700/13600: loss = 0.04240
  Ep03 step 9800/13600: loss = 0.04659
  Ep03 step 9900/13600: loss = 0.05099
  Ep03 step 10000/13600: loss = 0.04625
  Ep03 step 10100/13600: loss = 0.04748
  Ep03 step 10200/13600: loss = 0.04917
  Ep03 step 10300/13600: loss = 0.04780
  Ep03 step 10400/13600: loss = 0.04708
  Ep03 step 10500/13600: loss = 0.04574
  Ep03 step 10600/13600: loss = 0.03915
  Ep03 step 10700/13600: loss = 0.05684
  Ep03 step 10800/13600: loss = 0.04506
  Ep03 step 10900/13600: loss = 0.04262
  Ep03 step 11000/13600: loss = 0.04485
  Ep03 step 11100/13600: loss = 0.04635
  Ep03 step 11200/13600: loss = 0.04396
  Ep03 step 11300/13600: loss = 0.04673
  Ep03 step 11400/13600: loss = 0.03863
  Ep03 step 11500/13600: loss = 0.03766
  Ep03 step 11600/13600: loss = 0.05002
  Ep03 step 11700/13600: loss = 0.04540
  Ep03 step 11800/13600: loss = 0.04483
  Ep03 step 11900/13600: loss = 0.04998
  Ep03 step 12000/13600: loss = 0.04876
  Ep03 step 12100/13600: loss = 0.04991
  Ep03 step 12200/13600: loss = 0.04806
  Ep03 step 12300/13600: loss = 0.05744
  Ep03 step 12400/13600: loss = 0.04540
  Ep03 step 12500/13600: loss = 0.04464
  Ep03 step 12600/13600: loss = 0.04872
  Ep03 step 12700/13600: loss = 0.04930
  Ep03 step 12800/13600: loss = 0.04252
  Ep03 step 12900/13600: loss = 0.03595
  Ep03 step 13000/13600: loss = 0.04611
  Ep03 step 13100/13600: loss = 0.04916
  Ep03 step 13200/13600: loss = 0.04831
  Ep03 step 13300/13600: loss = 0.04206
  Ep03 step 13400/13600: loss = 0.04746
  Ep03 step 13500/13600: loss = 0.05238
  Ep03 step 13600/13600: loss = 0.04275

Epoch 03/6 | train=0.04634 val=0.06639 | AUC=['0.999', '0.999', '0.996', '0.996'] PR=['0.993', '0.989', '0.979', '0.985'] | CASCADE-only AUC=['0.999', '0.998', '0.995', '0.995'] PR=['0.975', '0.972', '0.958', '0.974'] | mono_viol=0.00000 | 2779s

  [checkpoint] best.pt updated (epoch 3, val_loss=0.06639)
  Ep04 step  100/13600: loss = 0.04688
  Ep04 step  200/13600: loss = 0.04088
  Ep04 step  300/13600: loss = 0.04205
  Ep04 step  400/13600: loss = 0.04900
  Ep04 step  500/13600: loss = 0.04285
  Ep04 step  600/13600: loss = 0.04580
  Ep04 step  700/13600: loss = 0.04531
  Ep04 step  800/13600: loss = 0.05393
  Ep04 step  900/13600: loss = 0.04385
  Ep04 step 1000/13600: loss = 0.04805
  Ep04 step 1100/13600: loss = 0.04318
  Ep04 step 1200/13600: loss = 0.04428
  Ep04 step 1300/13600: loss = 0.04384
  Ep04 step 1400/13600: loss = 0.05299
  Ep04 step 1500/13600: loss = 0.04424
  Ep04 step 1600/13600: loss = 0.03590
  Ep04 step 1700/13600: loss = 0.04557
  Ep04 step 1800/13600: loss = 0.04416
  Ep04 step 1900/13600: loss = 0.04889
  Ep04 step 2000/13600: loss = 0.04729
  Ep04 step 2100/13600: loss = 0.05284
  Ep04 step 2200/13600: loss = 0.05190
  Ep04 step 2300/13600: loss = 0.04587
  Ep04 step 2400/13600: loss = 0.04065
  Ep04 step 2500/13600: loss = 0.04610
  Ep04 step 2600/13600: loss = 0.03792
  Ep04 step 2700/13600: loss = 0.05371
  Ep04 step 2800/13600: loss = 0.04079
  Ep04 step 2900/13600: loss = 0.04401
  Ep04 step 3000/13600: loss = 0.04321
  Ep04 step 3100/13600: loss = 0.05466
  Ep04 step 3200/13600: loss = 0.04839
  Ep04 step 3300/13600: loss = 0.03964
  Ep04 step 3400/13600: loss = 0.04200
  Ep04 step 3500/13600: loss = 0.04498
  Ep04 step 3600/13600: loss = 0.04664
  Ep04 step 3700/13600: loss = 0.05072
  Ep04 step 3800/13600: loss = 0.04625
  Ep04 step 3900/13600: loss = 0.04926
  Ep04 step 4000/13600: loss = 0.04746
  Ep04 step 4100/13600: loss = 0.04953
  Ep04 step 4200/13600: loss = 0.04543
  Ep04 step 4300/13600: loss = 0.04608
  Ep04 step 4400/13600: loss = 0.05124
  Ep04 step 4500/13600: loss = 0.04113
  Ep04 step 4600/13600: loss = 0.05047
  Ep04 step 4700/13600: loss = 0.04599
  Ep04 step 4800/13600: loss = 0.05043
  Ep04 step 4900/13600: loss = 0.04182
  Ep04 step 5000/13600: loss = 0.04130
  Ep04 step 5100/13600: loss = 0.04894
  Ep04 step 5200/13600: loss = 0.04499
  Ep04 step 5300/13600: loss = 0.04649
  Ep04 step 5400/13600: loss = 0.04868
  Ep04 step 5500/13600: loss = 0.04431
  Ep04 step 5600/13600: loss = 0.05349
  Ep04 step 5700/13600: loss = 0.04956
  Ep04 step 5800/13600: loss = 0.04408
  Ep04 step 5900/13600: loss = 0.04270
  Ep04 step 6000/13600: loss = 0.03398
  Ep04 step 6100/13600: loss = 0.04804
  Ep04 step 6200/13600: loss = 0.03567
  Ep04 step 6300/13600: loss = 0.03788
  Ep04 step 6400/13600: loss = 0.04247
  Ep04 step 6500/13600: loss = 0.04070
  Ep04 step 6600/13600: loss = 0.04040
  Ep04 step 6700/13600: loss = 0.04384
  Ep04 step 6800/13600: loss = 0.04800
  Ep04 step 6900/13600: loss = 0.04646
  Ep04 step 7000/13600: loss = 0.04222
  Ep04 step 7100/13600: loss = 0.04010
  Ep04 step 7200/13600: loss = 0.04145
  Ep04 step 7300/13600: loss = 0.05177
  Ep04 step 7400/13600: loss = 0.04864
  Ep04 step 7500/13600: loss = 0.04375
  Ep04 step 7600/13600: loss = 0.04279
  Ep04 step 7700/13600: loss = 0.04655
  Ep04 step 7800/13600: loss = 0.04359
  Ep04 step 7900/13600: loss = 0.05677
  Ep04 step 8000/13600: loss = 0.04711
  Ep04 step 8100/13600: loss = 0.04113
  Ep04 step 8200/13600: loss = 0.04011
  Ep04 step 8300/13600: loss = 0.04794
  Ep04 step 8400/13600: loss = 0.03877
  Ep04 step 8500/13600: loss = 0.04159
  Ep04 step 8600/13600: loss = 0.04353
  Ep04 step 8700/13600: loss = 0.04700
  Ep04 step 8800/13600: loss = 0.04509
  Ep04 step 8900/13600: loss = 0.04388
  Ep04 step 9000/13600: loss = 0.04443
  Ep04 step 9100/13600: loss = 0.04060
  Ep04 step 9200/13600: loss = 0.04009
  Ep04 step 9300/13600: loss = 0.04592
  Ep04 step 9400/13600: loss = 0.04090
  Ep04 step 9500/13600: loss = 0.04467
  Ep04 step 9600/13600: loss = 0.04882
  Ep04 step 9700/13600: loss = 0.05732
  Ep04 step 9800/13600: loss = 0.05704
  Ep04 step 9900/13600: loss = 0.04553
  Ep04 step 10000/13600: loss = 0.05094
  Ep04 step 10100/13600: loss = 0.04618
  Ep04 step 10200/13600: loss = 0.04044
  Ep04 step 10300/13600: loss = 0.04932
  Ep04 step 10400/13600: loss = 0.05487
  Ep04 step 10500/13600: loss = 0.04734
  Ep04 step 10600/13600: loss = 0.03894
  Ep04 step 10700/13600: loss = 0.05687
  Ep04 step 10800/13600: loss = 0.05100
  Ep04 step 10900/13600: loss = 0.04530
  Ep04 step 11000/13600: loss = 0.04634
  Ep04 step 11100/13600: loss = 0.04334
  Ep04 step 11200/13600: loss = 0.05236
  Ep04 step 11300/13600: loss = 0.04988
  Ep04 step 11400/13600: loss = 0.03734
  Ep04 step 11500/13600: loss = 0.04359
  Ep04 step 11600/13600: loss = 0.03488
  Ep04 step 11700/13600: loss = 0.04635
  Ep04 step 11800/13600: loss = 0.04622
  Ep04 step 11900/13600: loss = 0.04400
  Ep04 step 12000/13600: loss = 0.04523
  Ep04 step 12100/13600: loss = 0.05626
  Ep04 step 12200/13600: loss = 0.04397
  Ep04 step 12300/13600: loss = 0.04313
  Ep04 step 12400/13600: loss = 0.03430
  Ep04 step 12500/13600: loss = 0.04631
  Ep04 step 12600/13600: loss = 0.04454
  Ep04 step 12700/13600: loss = 0.04540
  Ep04 step 12800/13600: loss = 0.03623
  Ep04 step 12900/13600: loss = 0.05277
  Ep04 step 13000/13600: loss = 0.04468
  Ep04 step 13100/13600: loss = 0.04440
  Ep04 step 13200/13600: loss = 0.04635
  Ep04 step 13300/13600: loss = 0.05349
  Ep04 step 13400/13600: loss = 0.04701
  Ep04 step 13500/13600: loss = 0.04449
  Ep04 step 13600/13600: loss = 0.04877

Epoch 04/6 | train=0.04560 val=0.06692 | AUC=['0.999', '0.999', '0.996', '0.996'] PR=['0.993', '0.989', '0.979', '0.986'] | CASCADE-only AUC=['0.999', '0.998', '0.995', '0.995'] PR=['0.974', '0.971', '0.958', '0.974'] | mono_viol=0.00000 | 3478s

  Ep05 step  100/13600: loss = 0.04349
  Ep05 step  200/13600: loss = 0.03556
  Ep05 step  300/13600: loss = 0.04345
  Ep05 step  400/13600: loss = 0.04239
  Ep05 step  500/13600: loss = 0.03900
  Ep05 step  600/13600: loss = 0.04618
  Ep05 step  700/13600: loss = 0.05402
  Ep05 step  800/13600: loss = 0.04932
  Ep05 step  900/13600: loss = 0.04732
  Ep05 step 1000/13600: loss = 0.04981
  Ep05 step 1100/13600: loss = 0.05079
  Ep05 step 1200/13600: loss = 0.05167
  Ep05 step 1300/13600: loss = 0.04368
  Ep05 step 1400/13600: loss = 0.04399
  Ep05 step 1500/13600: loss = 0.04731
  Ep05 step 1600/13600: loss = 0.04745
  Ep05 step 1700/13600: loss = 0.04614
  Ep05 step 1800/13600: loss = 0.04609
  Ep05 step 1900/13600: loss = 0.05190
  Ep05 step 2000/13600: loss = 0.03880
  Ep05 step 2100/13600: loss = 0.04547
  Ep05 step 2200/13600: loss = 0.04077
  Ep05 step 2300/13600: loss = 0.04690
  Ep05 step 2400/13600: loss = 0.03686
  Ep05 step 2500/13600: loss = 0.04790
  Ep05 step 2600/13600: loss = 0.04149
  Ep05 step 2700/13600: loss = 0.04624
  Ep05 step 2800/13600: loss = 0.04652
  Ep05 step 2900/13600: loss = 0.04648
  Ep05 step 3000/13600: loss = 0.04599
  Ep05 step 3100/13600: loss = 0.04861
  Ep05 step 3200/13600: loss = 0.04378
  Ep05 step 3300/13600: loss = 0.05400
  Ep05 step 3400/13600: loss = 0.04515
  Ep05 step 3500/13600: loss = 0.04284
  Ep05 step 3600/13600: loss = 0.04254
  Ep05 step 3700/13600: loss = 0.05033
  Ep05 step 3800/13600: loss = 0.04469
  Ep05 step 3900/13600: loss = 0.04043
  Ep05 step 4000/13600: loss = 0.04320
  Ep05 step 4100/13600: loss = 0.04764
  Ep05 step 4200/13600: loss = 0.05292
  Ep05 step 4300/13600: loss = 0.03716
  Ep05 step 4400/13600: loss = 0.04530
  Ep05 step 4500/13600: loss = 0.04591
  Ep05 step 4600/13600: loss = 0.03704
  Ep05 step 4700/13600: loss = 0.04356
  Ep05 step 4800/13600: loss = 0.04164
  Ep05 step 4900/13600: loss = 0.05058
  Ep05 step 5000/13600: loss = 0.04772
  Ep05 step 5100/13600: loss = 0.05131
  Ep05 step 5200/13600: loss = 0.04382
  Ep05 step 5300/13600: loss = 0.04474
  Ep05 step 5400/13600: loss = 0.04570
  Ep05 step 5500/13600: loss = 0.03957
  Ep05 step 5600/13600: loss = 0.04714
  Ep05 step 5700/13600: loss = 0.04636
  Ep05 step 5800/13600: loss = 0.03982
  Ep05 step 5900/13600: loss = 0.04730
  Ep05 step 6000/13600: loss = 0.04352
  Ep05 step 6100/13600: loss = 0.04659
  Ep05 step 6200/13600: loss = 0.04610
  Ep05 step 6300/13600: loss = 0.04563
  Ep05 step 6400/13600: loss = 0.04790
  Ep05 step 6500/13600: loss = 0.04110
  Ep05 step 6600/13600: loss = 0.04509
  Ep05 step 6700/13600: loss = 0.03980
  Ep05 step 6800/13600: loss = 0.03742
  Ep05 step 6900/13600: loss = 0.05588
  Ep05 step 7000/13600: loss = 0.04110
  Ep05 step 7100/13600: loss = 0.04598
  Ep05 step 7200/13600: loss = 0.04402
  Ep05 step 7300/13600: loss = 0.04660
  Ep05 step 7400/13600: loss = 0.04659
  Ep05 step 7500/13600: loss = 0.04369
  Ep05 step 7600/13600: loss = 0.04196
  Ep05 step 7700/13600: loss = 0.04255
  Ep05 step 7800/13600: loss = 0.04673
  Ep05 step 7900/13600: loss = 0.04834
  Ep05 step 8000/13600: loss = 0.04655
  Ep05 step 8100/13600: loss = 0.04598
  Ep05 step 8200/13600: loss = 0.03922
  Ep05 step 8300/13600: loss = 0.04762
  Ep05 step 8400/13600: loss = 0.03895
  Ep05 step 8500/13600: loss = 0.04604
  Ep05 step 8600/13600: loss = 0.04221
  Ep05 step 8700/13600: loss = 0.05041
  Ep05 step 8800/13600: loss = 0.04308
  Ep05 step 8900/13600: loss = 0.04407
  Ep05 step 9000/13600: loss = 0.05224
  Ep05 step 9100/13600: loss = 0.05146
  Ep05 step 9200/13600: loss = 0.04554
  Ep05 step 9300/13600: loss = 0.04170
  Ep05 step 9400/13600: loss = 0.04787
  Ep05 step 9500/13600: loss = 0.05114
  Ep05 step 9600/13600: loss = 0.05035
  Ep05 step 9700/13600: loss = 0.04227
  Ep05 step 9800/13600: loss = 0.04767
  Ep05 step 9900/13600: loss = 0.04092
  Ep05 step 10000/13600: loss = 0.04751
  Ep05 step 10100/13600: loss = 0.04040
  Ep05 step 10200/13600: loss = 0.04300
  Ep05 step 10300/13600: loss = 0.04667
  Ep05 step 10400/13600: loss = 0.05061
  Ep05 step 10500/13600: loss = 0.03499
  Ep05 step 10600/13600: loss = 0.04090
  Ep05 step 10700/13600: loss = 0.05149
  Ep05 step 10800/13600: loss = 0.04759
  Ep05 step 10900/13600: loss = 0.04687
  Ep05 step 11000/13600: loss = 0.04555
  Ep05 step 11100/13600: loss = 0.04995
  Ep05 step 11200/13600: loss = 0.04442
  Ep05 step 11300/13600: loss = 0.04869
  Ep05 step 11400/13600: loss = 0.04938
  Ep05 step 11500/13600: loss = 0.04964
  Ep05 step 11600/13600: loss = 0.04827
  Ep05 step 11700/13600: loss = 0.04043
  Ep05 step 11800/13600: loss = 0.04559
  Ep05 step 11900/13600: loss = 0.05525
  Ep05 step 12000/13600: loss = 0.04010
  Ep05 step 12100/13600: loss = 0.03599
  Ep05 step 12200/13600: loss = 0.04982
  Ep05 step 12300/13600: loss = 0.03991
  Ep05 step 12400/13600: loss = 0.04030
  Ep05 step 12500/13600: loss = 0.04675
  Ep05 step 12600/13600: loss = 0.04657
  Ep05 step 12700/13600: loss = 0.04892
  Ep05 step 12800/13600: loss = 0.04977
  Ep05 step 12900/13600: loss = 0.05141
  Ep05 step 13000/13600: loss = 0.04510
  Ep05 step 13100/13600: loss = 0.04281
  Ep05 step 13200/13600: loss = 0.05112
  Ep05 step 13300/13600: loss = 0.04689
  Ep05 step 13400/13600: loss = 0.04592
  Ep05 step 13500/13600: loss = 0.04395
  Ep05 step 13600/13600: loss = 0.04098

Epoch 05/6 | train=0.04544 val=0.06550 | AUC=['0.999', '0.999', '0.996', '0.997'] PR=['0.993', '0.989', '0.980', '0.986'] | CASCADE-only AUC=['0.999', '0.998', '0.995', '0.996'] PR=['0.974', '0.972', '0.960', '0.974'] | mono_viol=0.00000 | 4157s

  [checkpoint] best.pt updated (epoch 5, val_loss=0.06550)
[held-out geoclaw_2050] test_loss=0.09154 mono_viol=0.00000 (1000 runs)
  ALL-nodes     AUC=[0.9981808079481125, 0.9985993323326111, 0.9947766194343567, 0.9973814117312432]  PR=[0.9864737617782275, 0.9949916972423674, 0.9859299594158387, 0.9949526025174004]
  CASCADE-only  AUC=[0.9967687976956368, 0.9981667512059211, 0.9935107256770134, 0.9969640114307403]  PR=[0.9589017497155741, 0.9916253146230969, 0.9788047015094691, 0.9931571194454701]
[held-out syn_ts_914_6_1p2955] test_loss=0.03336 mono_viol=0.00000 (1000 runs)
  ALL-nodes     AUC=[0.99990670388937, 0.999690734565258, 0.9993543931841851, 0.9990011254549026]  PR=[0.9973284380570153, 0.9931556617105258, 0.9881276741832504, 0.9885830271684622]
  CASCADE-only  AUC=[0.999814593076706, 0.9994726081490517, 0.9990119360685349, 0.9985713966488838]  PR=[0.9892554813662852, 0.9802106794135251, 0.9719186461348716, 0.9765394204442445]
[held-out syn_ts_258_9_3p0022] test_loss=0.08159 mono_viol=0.00000 (1000 runs)
  ALL-nodes     AUC=[0.998800975561142, 0.9987740776538849, 0.9949954020380973, 0.9972423242330551]  PR=[0.9918667470255975, 0.9958575493882401, 0.9867258882821056, 0.9945674942176782]
  CASCADE-only  AUC=[0.9977078833580018, 0.9983042794466018, 0.9934278891086579, 0.9966595779061318]  PR=[0.9714227075089569, 0.9923424293550613, 0.9779736587648151, 0.9919765337036516]
[held-out syn_ts_605_5_3p7563] test_loss=0.13815 mono_viol=0.00000 (1000 runs)
  ALL-nodes     AUC=[0.9929778590202332, 0.9940589128732681, 0.9897726519703866, 0.995642062842846]  PR=[0.9800544678477647, 0.9889256370597425, 0.9837996789940103, 0.9948038996573673]
  CASCADE-only  AUC=[0.9867751681804657, 0.9910003640651703, 0.9857593491077423, 0.9943500722646713]  PR=[0.935598269319846, 0.9768635565834899, 0.9698449195864346, 0.9913568079159841]
[held-out syn_ts_808_27_3p7885] test_loss=0.08215 mono_viol=0.00000 (1000 runs)
  ALL-nodes     AUC=[0.9977520382404328, 0.9982095968723297, 0.9951084191799164, 0.997607900261879]  PR=[0.9889060338202447, 0.9952227943530395, 0.9891819021255303, 0.995980643069161]
  CASCADE-only  AUC=[0.9957249833345413, 0.9974546974897385, 0.9934832339286804, 0.9970370332598686]  PR=[0.9616164805191827, 0.990735827140159, 0.9812870677120636, 0.9937942313101578]
