task=3 arm=old17 variant=plain cell=dynamic_timing torch_seed=1 set=jesse22 head=hazard labels=/scratch/tj2587/results/dynamic_v1/arrival_h360 labels2=/scratch/tj2587/results/dynamic_v1/arrival_h360 timing=1 context=unset ckpt=/scratch/tj2587/results/gnn_morestorms_v1/old17_plain_dynamic_timing_s1 smoke=0 commit=967d122 uncommitted_files=0
[gate] CUDA OK: NVIDIA L40S
[gate] heterodata data/graph/nyc_infra_heterodata_v1_frozen_failover_edges.pt: total=6231 -> OK
[gate] set jesse22: 22 storms, 17 for training, 5 held out; in both folders []; missing [] -> OK
[gate] timing table data/flood/timing/node_timing_jesse22_plus_gissr48_v1.csv: storms without rows [] -> OK
[gate] variant plain: storm context off, timing inputs on -> OK
[gate] head switch present: ('independent', 'hazard')
=== TRAIN MODE — full training ===
torch seed set: 1
Train: 13600  Val: 3400  (17 scenarios) | Test held-out: ['geoclaw_2050', 'syn_ts_914_6_1p2955', 'syn_ts_258_9_3p0022', 'syn_ts_605_5_3p7563', 'syn_ts_808_27_3p7885'] (5000 runs)
Model parameters: 697,112  head=hazard
Device: cuda
[timing-features] loaded 71 scenarios from data/flood/timing/node_timing_jesse22_plus_gissr48_v1.csv (features ('arrival_h', 'duration_h', 'time_to_peak_h'), scaled by 96 h)
  Ep00 step  100/13600: loss = 0.45667
  Ep00 step  200/13600: loss = 0.34315
  Ep00 step  300/13600: loss = 0.25503
  Ep00 step  400/13600: loss = 0.26580
  Ep00 step  500/13600: loss = 0.24101
  Ep00 step  600/13600: loss = 0.22156
  Ep00 step  700/13600: loss = 0.20805
  Ep00 step  800/13600: loss = 0.22589
  Ep00 step  900/13600: loss = 0.22285
  Ep00 step 1000/13600: loss = 0.19995
  Ep00 step 1100/13600: loss = 0.21167
  Ep00 step 1200/13600: loss = 0.18923
  Ep00 step 1300/13600: loss = 0.19021
  Ep00 step 1400/13600: loss = 0.18881
  Ep00 step 1500/13600: loss = 0.18794
  Ep00 step 1600/13600: loss = 0.18260
  Ep00 step 1700/13600: loss = 0.20157
  Ep00 step 1800/13600: loss = 0.18303
  Ep00 step 1900/13600: loss = 0.17583
  Ep00 step 2000/13600: loss = 0.18444
  Ep00 step 2100/13600: loss = 0.19618
  Ep00 step 2200/13600: loss = 0.18673
  Ep00 step 2300/13600: loss = 0.16857
  Ep00 step 2400/13600: loss = 0.19342
  Ep00 step 2500/13600: loss = 0.18390
  Ep00 step 2600/13600: loss = 0.17064
  Ep00 step 2700/13600: loss = 0.17483
  Ep00 step 2800/13600: loss = 0.17930
  Ep00 step 2900/13600: loss = 0.18146
  Ep00 step 3000/13600: loss = 0.17445
  Ep00 step 3100/13600: loss = 0.17622
  Ep00 step 3200/13600: loss = 0.17834
  Ep00 step 3300/13600: loss = 0.16794
  Ep00 step 3400/13600: loss = 0.17513
  Ep00 step 3500/13600: loss = 0.18298
  Ep00 step 3600/13600: loss = 0.17001
  Ep00 step 3700/13600: loss = 0.17002
  Ep00 step 3800/13600: loss = 0.16961
  Ep00 step 3900/13600: loss = 0.15903
  Ep00 step 4000/13600: loss = 0.17397
  Ep00 step 4100/13600: loss = 0.17287
  Ep00 step 4200/13600: loss = 0.16733
  Ep00 step 4300/13600: loss = 0.16229
  Ep00 step 4400/13600: loss = 0.16702
  Ep00 step 4500/13600: loss = 0.17041
  Ep00 step 4600/13600: loss = 0.16735
  Ep00 step 4700/13600: loss = 0.18152
  Ep00 step 4800/13600: loss = 0.16063
  Ep00 step 4900/13600: loss = 0.14447
  Ep00 step 5000/13600: loss = 0.17182
  Ep00 step 5100/13600: loss = 0.15052
  Ep00 step 5200/13600: loss = 0.16745
  Ep00 step 5300/13600: loss = 0.15083
  Ep00 step 5400/13600: loss = 0.16208
  Ep00 step 5500/13600: loss = 0.17067
  Ep00 step 5600/13600: loss = 0.15769
  Ep00 step 5700/13600: loss = 0.15591
  Ep00 step 5800/13600: loss = 0.16460
  Ep00 step 5900/13600: loss = 0.15165
  Ep00 step 6000/13600: loss = 0.14608
  Ep00 step 6100/13600: loss = 0.15860
  Ep00 step 6200/13600: loss = 0.15415
  Ep00 step 6300/13600: loss = 0.15480
  Ep00 step 6400/13600: loss = 0.14491
  Ep00 step 6500/13600: loss = 0.15713
  Ep00 step 6600/13600: loss = 0.16592
  Ep00 step 6700/13600: loss = 0.16407
  Ep00 step 6800/13600: loss = 0.15824
  Ep00 step 6900/13600: loss = 0.15313
  Ep00 step 7000/13600: loss = 0.16049
  Ep00 step 7100/13600: loss = 0.16331
  Ep00 step 7200/13600: loss = 0.14585
  Ep00 step 7300/13600: loss = 0.16250
  Ep00 step 7400/13600: loss = 0.15779
  Ep00 step 7500/13600: loss = 0.15109
  Ep00 step 7600/13600: loss = 0.15492
  Ep00 step 7700/13600: loss = 0.15725
  Ep00 step 7800/13600: loss = 0.14979
  Ep00 step 7900/13600: loss = 0.15512
  Ep00 step 8000/13600: loss = 0.16225
  Ep00 step 8100/13600: loss = 0.16378
  Ep00 step 8200/13600: loss = 0.16116
  Ep00 step 8300/13600: loss = 0.16134
  Ep00 step 8400/13600: loss = 0.15492
  Ep00 step 8500/13600: loss = 0.16049
  Ep00 step 8600/13600: loss = 0.16656
  Ep00 step 8700/13600: loss = 0.15607
  Ep00 step 8800/13600: loss = 0.15294
  Ep00 step 8900/13600: loss = 0.14810
  Ep00 step 9000/13600: loss = 0.15473
  Ep00 step 9100/13600: loss = 0.16275
  Ep00 step 9200/13600: loss = 0.15165
  Ep00 step 9300/13600: loss = 0.15047
  Ep00 step 9400/13600: loss = 0.15812
  Ep00 step 9500/13600: loss = 0.15547
  Ep00 step 9600/13600: loss = 0.15295
  Ep00 step 9700/13600: loss = 0.15598
  Ep00 step 9800/13600: loss = 0.15074
  Ep00 step 9900/13600: loss = 0.15671
  Ep00 step 10000/13600: loss = 0.15446
  Ep00 step 10100/13600: loss = 0.15596
  Ep00 step 10200/13600: loss = 0.15694
  Ep00 step 10300/13600: loss = 0.15544
  Ep00 step 10400/13600: loss = 0.14752
  Ep00 step 10500/13600: loss = 0.14727
  Ep00 step 10600/13600: loss = 0.14821
  Ep00 step 10700/13600: loss = 0.14884
  Ep00 step 10800/13600: loss = 0.15115
  Ep00 step 10900/13600: loss = 0.14562
  Ep00 step 11000/13600: loss = 0.15645
  Ep00 step 11100/13600: loss = 0.14144
  Ep00 step 11200/13600: loss = 0.15283
  Ep00 step 11300/13600: loss = 0.15785
  Ep00 step 11400/13600: loss = 0.15604
  Ep00 step 11500/13600: loss = 0.15572
  Ep00 step 11600/13600: loss = 0.15802
  Ep00 step 11700/13600: loss = 0.15845
  Ep00 step 11800/13600: loss = 0.14758
  Ep00 step 11900/13600: loss = 0.15472
  Ep00 step 12000/13600: loss = 0.14612
  Ep00 step 12100/13600: loss = 0.14954
  Ep00 step 12200/13600: loss = 0.15790
  Ep00 step 12300/13600: loss = 0.14597
  Ep00 step 12400/13600: loss = 0.15293
  Ep00 step 12500/13600: loss = 0.14455
  Ep00 step 12600/13600: loss = 0.16061
  Ep00 step 12700/13600: loss = 0.14782
  Ep00 step 12800/13600: loss = 0.15130
  Ep00 step 12900/13600: loss = 0.15875
  Ep00 step 13000/13600: loss = 0.14816
  Ep00 step 13100/13600: loss = 0.14497
  Ep00 step 13200/13600: loss = 0.15262
  Ep00 step 13300/13600: loss = 0.16288
  Ep00 step 13400/13600: loss = 0.14181
  Ep00 step 13500/13600: loss = 0.14218
  Ep00 step 13600/13600: loss = 0.15418

Epoch 00/6 | train=0.16934 val=0.17332 | AUC=['0.993', '0.987', '0.981', '0.981'] PR=['0.954', '0.944', '0.933', '0.942'] | CASCADE-only AUC=['0.989', '0.981', '0.976', '0.976'] PR=['0.898', '0.896', '0.885', '0.905'] | mono_viol=0.00000 | 723s

  [checkpoint] best.pt updated (epoch 0, val_loss=0.17332)
  Ep01 step  100/13600: loss = 0.14959
  Ep01 step  200/13600: loss = 0.15285
  Ep01 step  300/13600: loss = 0.16015
  Ep01 step  400/13600: loss = 0.15212
  Ep01 step  500/13600: loss = 0.13382
  Ep01 step  600/13600: loss = 0.15221
  Ep01 step  700/13600: loss = 0.14185
  Ep01 step  800/13600: loss = 0.15089
  Ep01 step  900/13600: loss = 0.15642
  Ep01 step 1000/13600: loss = 0.13686
  Ep01 step 1100/13600: loss = 0.15237
  Ep01 step 1200/13600: loss = 0.15950
  Ep01 step 1300/13600: loss = 0.15222
  Ep01 step 1400/13600: loss = 0.15011
  Ep01 step 1500/13600: loss = 0.15427
  Ep01 step 1600/13600: loss = 0.14995
  Ep01 step 1700/13600: loss = 0.14572
  Ep01 step 1800/13600: loss = 0.16000
  Ep01 step 1900/13600: loss = 0.15679
  Ep01 step 2000/13600: loss = 0.15615
  Ep01 step 2100/13600: loss = 0.14494
  Ep01 step 2200/13600: loss = 0.15964
  Ep01 step 2300/13600: loss = 0.14619
  Ep01 step 2400/13600: loss = 0.14759
  Ep01 step 2500/13600: loss = 0.15471
  Ep01 step 2600/13600: loss = 0.14841
  Ep01 step 2700/13600: loss = 0.14666
  Ep01 step 2800/13600: loss = 0.16146
  Ep01 step 2900/13600: loss = 0.13696
  Ep01 step 3000/13600: loss = 0.14750
  Ep01 step 3100/13600: loss = 0.13836
  Ep01 step 3200/13600: loss = 0.14355
  Ep01 step 3300/13600: loss = 0.14891
  Ep01 step 3400/13600: loss = 0.15554
  Ep01 step 3500/13600: loss = 0.15376
  Ep01 step 3600/13600: loss = 0.15438
  Ep01 step 3700/13600: loss = 0.14799
  Ep01 step 3800/13600: loss = 0.16098
  Ep01 step 3900/13600: loss = 0.15886
  Ep01 step 4000/13600: loss = 0.14781
  Ep01 step 4100/13600: loss = 0.14503
  Ep01 step 4200/13600: loss = 0.15128
  Ep01 step 4300/13600: loss = 0.13715
  Ep01 step 4400/13600: loss = 0.15678
  Ep01 step 4500/13600: loss = 0.14028
  Ep01 step 4600/13600: loss = 0.14545
  Ep01 step 4700/13600: loss = 0.15087
  Ep01 step 4800/13600: loss = 0.14814
  Ep01 step 4900/13600: loss = 0.15044
  Ep01 step 5000/13600: loss = 0.13521
  Ep01 step 5100/13600: loss = 0.14816
  Ep01 step 5200/13600: loss = 0.14430
  Ep01 step 5300/13600: loss = 0.14936
  Ep01 step 5400/13600: loss = 0.13982
  Ep01 step 5500/13600: loss = 0.13914
  Ep01 step 5600/13600: loss = 0.14746
  Ep01 step 5700/13600: loss = 0.14308
  Ep01 step 5800/13600: loss = 0.14492
  Ep01 step 5900/13600: loss = 0.14613
  Ep01 step 6000/13600: loss = 0.15059
  Ep01 step 6100/13600: loss = 0.14903
  Ep01 step 6200/13600: loss = 0.14255
  Ep01 step 6300/13600: loss = 0.15442
  Ep01 step 6400/13600: loss = 0.14452
  Ep01 step 6500/13600: loss = 0.15376
  Ep01 step 6600/13600: loss = 0.15252
  Ep01 step 6700/13600: loss = 0.14624
  Ep01 step 6800/13600: loss = 0.13627
  Ep01 step 6900/13600: loss = 0.15784
  Ep01 step 7000/13600: loss = 0.15507
  Ep01 step 7100/13600: loss = 0.14891
  Ep01 step 7200/13600: loss = 0.14045
  Ep01 step 7300/13600: loss = 0.14023
  Ep01 step 7400/13600: loss = 0.14070
  Ep01 step 7500/13600: loss = 0.15804
  Ep01 step 7600/13600: loss = 0.14282
  Ep01 step 7700/13600: loss = 0.14895
  Ep01 step 7800/13600: loss = 0.15486
  Ep01 step 7900/13600: loss = 0.14443
  Ep01 step 8000/13600: loss = 0.14660
  Ep01 step 8100/13600: loss = 0.14956
  Ep01 step 8200/13600: loss = 0.14543
  Ep01 step 8300/13600: loss = 0.14846
  Ep01 step 8400/13600: loss = 0.14089
  Ep01 step 8500/13600: loss = 0.13677
  Ep01 step 8600/13600: loss = 0.14617
  Ep01 step 8700/13600: loss = 0.15044
  Ep01 step 8800/13600: loss = 0.14563
  Ep01 step 8900/13600: loss = 0.15086
  Ep01 step 9000/13600: loss = 0.14834
  Ep01 step 9100/13600: loss = 0.13991
  Ep01 step 9200/13600: loss = 0.14393
  Ep01 step 9300/13600: loss = 0.14607
  Ep01 step 9400/13600: loss = 0.14354
  Ep01 step 9500/13600: loss = 0.15003
  Ep01 step 9600/13600: loss = 0.13387
  Ep01 step 9700/13600: loss = 0.13366
  Ep01 step 9800/13600: loss = 0.13962
  Ep01 step 9900/13600: loss = 0.14919
  Ep01 step 10000/13600: loss = 0.14752
  Ep01 step 10100/13600: loss = 0.14966
  Ep01 step 10200/13600: loss = 0.13742
  Ep01 step 10300/13600: loss = 0.14667
  Ep01 step 10400/13600: loss = 0.14590
  Ep01 step 10500/13600: loss = 0.14067
  Ep01 step 10600/13600: loss = 0.13729
  Ep01 step 10700/13600: loss = 0.13495
  Ep01 step 10800/13600: loss = 0.14111
  Ep01 step 10900/13600: loss = 0.13402
  Ep01 step 11000/13600: loss = 0.14491
  Ep01 step 11100/13600: loss = 0.14804
  Ep01 step 11200/13600: loss = 0.15316
  Ep01 step 11300/13600: loss = 0.15344
  Ep01 step 11400/13600: loss = 0.13824
  Ep01 step 11500/13600: loss = 0.14161
  Ep01 step 11600/13600: loss = 0.13872
  Ep01 step 11700/13600: loss = 0.15358
  Ep01 step 11800/13600: loss = 0.13882
  Ep01 step 11900/13600: loss = 0.13669
  Ep01 step 12000/13600: loss = 0.13895
  Ep01 step 12100/13600: loss = 0.15588
  Ep01 step 12200/13600: loss = 0.14500
  Ep01 step 12300/13600: loss = 0.14405
  Ep01 step 12400/13600: loss = 0.13667
  Ep01 step 12500/13600: loss = 0.15132
  Ep01 step 12600/13600: loss = 0.13544
  Ep01 step 12700/13600: loss = 0.14703
  Ep01 step 12800/13600: loss = 0.14566
  Ep01 step 12900/13600: loss = 0.13869
  Ep01 step 13000/13600: loss = 0.14853
  Ep01 step 13100/13600: loss = 0.15109
  Ep01 step 13200/13600: loss = 0.14502
  Ep01 step 13300/13600: loss = 0.15182
  Ep01 step 13400/13600: loss = 0.15986
  Ep01 step 13500/13600: loss = 0.14096
  Ep01 step 13600/13600: loss = 0.14505

Epoch 01/6 | train=0.14695 val=0.16781 | AUC=['0.994', '0.988', '0.983', '0.984'] PR=['0.959', '0.949', '0.939', '0.949'] | CASCADE-only AUC=['0.991', '0.984', '0.979', '0.979'] PR=['0.909', '0.904', '0.895', '0.917'] | mono_viol=0.00000 | 1442s

  [checkpoint] best.pt updated (epoch 1, val_loss=0.16781)
  Ep02 step  100/13600: loss = 0.14384
  Ep02 step  200/13600: loss = 0.14581
  Ep02 step  300/13600: loss = 0.14145
  Ep02 step  400/13600: loss = 0.14102
  Ep02 step  500/13600: loss = 0.13203
  Ep02 step  600/13600: loss = 0.14426
  Ep02 step  700/13600: loss = 0.14867
  Ep02 step  800/13600: loss = 0.14759
  Ep02 step  900/13600: loss = 0.15250
  Ep02 step 1000/13600: loss = 0.14571
  Ep02 step 1100/13600: loss = 0.14857
  Ep02 step 1200/13600: loss = 0.13946
  Ep02 step 1300/13600: loss = 0.15029
  Ep02 step 1400/13600: loss = 0.14510
  Ep02 step 1500/13600: loss = 0.15407
  Ep02 step 1600/13600: loss = 0.15108
  Ep02 step 1700/13600: loss = 0.14202
  Ep02 step 1800/13600: loss = 0.15123
  Ep02 step 1900/13600: loss = 0.14000
  Ep02 step 2000/13600: loss = 0.15549
  Ep02 step 2100/13600: loss = 0.14506
  Ep02 step 2200/13600: loss = 0.14391
  Ep02 step 2300/13600: loss = 0.13529
  Ep02 step 2400/13600: loss = 0.14334
  Ep02 step 2500/13600: loss = 0.14080
  Ep02 step 2600/13600: loss = 0.14830
  Ep02 step 2700/13600: loss = 0.14512
  Ep02 step 2800/13600: loss = 0.14448
  Ep02 step 2900/13600: loss = 0.12859
  Ep02 step 3000/13600: loss = 0.14322
  Ep02 step 3100/13600: loss = 0.14065
  Ep02 step 3200/13600: loss = 0.13343
  Ep02 step 3300/13600: loss = 0.15774
  Ep02 step 3400/13600: loss = 0.14756
  Ep02 step 3500/13600: loss = 0.13855
  Ep02 step 3600/13600: loss = 0.13939
  Ep02 step 3700/13600: loss = 0.15137
  Ep02 step 3800/13600: loss = 0.14549
  Ep02 step 3900/13600: loss = 0.14134
  Ep02 step 4000/13600: loss = 0.14779
  Ep02 step 4100/13600: loss = 0.14472
  Ep02 step 4200/13600: loss = 0.13484
  Ep02 step 4300/13600: loss = 0.14424
  Ep02 step 4400/13600: loss = 0.13151
  Ep02 step 4500/13600: loss = 0.14653
  Ep02 step 4600/13600: loss = 0.14576
  Ep02 step 4700/13600: loss = 0.13868
  Ep02 step 4800/13600: loss = 0.14247
  Ep02 step 4900/13600: loss = 0.13630
  Ep02 step 5000/13600: loss = 0.14863
  Ep02 step 5100/13600: loss = 0.14703
  Ep02 step 5200/13600: loss = 0.14747
  Ep02 step 5300/13600: loss = 0.14737
  Ep02 step 5400/13600: loss = 0.13642
  Ep02 step 5500/13600: loss = 0.14730
  Ep02 step 5600/13600: loss = 0.14627
  Ep02 step 5700/13600: loss = 0.13519
  Ep02 step 5800/13600: loss = 0.13954
  Ep02 step 5900/13600: loss = 0.14530
  Ep02 step 6000/13600: loss = 0.15104
  Ep02 step 6100/13600: loss = 0.14333
  Ep02 step 6200/13600: loss = 0.14948
  Ep02 step 6300/13600: loss = 0.14450
  Ep02 step 6400/13600: loss = 0.14579
  Ep02 step 6500/13600: loss = 0.14739
  Ep02 step 6600/13600: loss = 0.15407
  Ep02 step 6700/13600: loss = 0.13243
  Ep02 step 6800/13600: loss = 0.13695
  Ep02 step 6900/13600: loss = 0.14130
  Ep02 step 7000/13600: loss = 0.14532
  Ep02 step 7100/13600: loss = 0.15026
  Ep02 step 7200/13600: loss = 0.13752
  Ep02 step 7300/13600: loss = 0.15656
  Ep02 step 7400/13600: loss = 0.13950
  Ep02 step 7500/13600: loss = 0.14561
  Ep02 step 7600/13600: loss = 0.14110
  Ep02 step 7700/13600: loss = 0.14315
  Ep02 step 7800/13600: loss = 0.14896
  Ep02 step 7900/13600: loss = 0.14630
  Ep02 step 8000/13600: loss = 0.14447
  Ep02 step 8100/13600: loss = 0.15005
  Ep02 step 8200/13600: loss = 0.14489
  Ep02 step 8300/13600: loss = 0.14562
  Ep02 step 8400/13600: loss = 0.12937
  Ep02 step 8500/13600: loss = 0.14588
  Ep02 step 8600/13600: loss = 0.13925
  Ep02 step 8700/13600: loss = 0.14384
  Ep02 step 8800/13600: loss = 0.14173
  Ep02 step 8900/13600: loss = 0.14155
  Ep02 step 9000/13600: loss = 0.14769
  Ep02 step 9100/13600: loss = 0.12279
  Ep02 step 9200/13600: loss = 0.15310
  Ep02 step 9300/13600: loss = 0.15039
  Ep02 step 9400/13600: loss = 0.14466
  Ep02 step 9500/13600: loss = 0.14842
  Ep02 step 9600/13600: loss = 0.13499
  Ep02 step 9700/13600: loss = 0.14646
  Ep02 step 9800/13600: loss = 0.14012
  Ep02 step 9900/13600: loss = 0.15388
  Ep02 step 10000/13600: loss = 0.14724
  Ep02 step 10100/13600: loss = 0.13714
  Ep02 step 10200/13600: loss = 0.15265
  Ep02 step 10300/13600: loss = 0.13441
  Ep02 step 10400/13600: loss = 0.14015
  Ep02 step 10500/13600: loss = 0.14183
  Ep02 step 10600/13600: loss = 0.15655
  Ep02 step 10700/13600: loss = 0.14340
  Ep02 step 10800/13600: loss = 0.14223
  Ep02 step 10900/13600: loss = 0.13604
  Ep02 step 11000/13600: loss = 0.14479
  Ep02 step 11100/13600: loss = 0.14544
  Ep02 step 11200/13600: loss = 0.14354
  Ep02 step 11300/13600: loss = 0.14508
  Ep02 step 11400/13600: loss = 0.15012
  Ep02 step 11500/13600: loss = 0.14922
  Ep02 step 11600/13600: loss = 0.14819
  Ep02 step 11700/13600: loss = 0.13872
  Ep02 step 11800/13600: loss = 0.14360
  Ep02 step 11900/13600: loss = 0.13996
  Ep02 step 12000/13600: loss = 0.14604
  Ep02 step 12100/13600: loss = 0.13557
  Ep02 step 12200/13600: loss = 0.14201
  Ep02 step 12300/13600: loss = 0.13946
  Ep02 step 12400/13600: loss = 0.13496
  Ep02 step 12500/13600: loss = 0.14693
  Ep02 step 12600/13600: loss = 0.14089
  Ep02 step 12700/13600: loss = 0.14543
  Ep02 step 12800/13600: loss = 0.14133
  Ep02 step 12900/13600: loss = 0.15213
  Ep02 step 13000/13600: loss = 0.14033
  Ep02 step 13100/13600: loss = 0.15101
  Ep02 step 13200/13600: loss = 0.14248
  Ep02 step 13300/13600: loss = 0.14770
  Ep02 step 13400/13600: loss = 0.13940
  Ep02 step 13500/13600: loss = 0.13986
  Ep02 step 13600/13600: loss = 0.13759

Epoch 02/6 | train=0.14383 val=0.16909 | AUC=['0.994', '0.989', '0.984', '0.985'] PR=['0.962', '0.953', '0.943', '0.954'] | CASCADE-only AUC=['0.992', '0.986', '0.980', '0.982'] PR=['0.915', '0.912', '0.903', '0.926'] | mono_viol=0.00000 | 2163s

  Ep03 step  100/13600: loss = 0.15024
  Ep03 step  200/13600: loss = 0.14648
  Ep03 step  300/13600: loss = 0.14303
  Ep03 step  400/13600: loss = 0.13771
  Ep03 step  500/13600: loss = 0.14716
  Ep03 step  600/13600: loss = 0.14757
  Ep03 step  700/13600: loss = 0.14215
  Ep03 step  800/13600: loss = 0.15057
  Ep03 step  900/13600: loss = 0.14491
  Ep03 step 1000/13600: loss = 0.14527
  Ep03 step 1100/13600: loss = 0.14620
  Ep03 step 1200/13600: loss = 0.15034
  Ep03 step 1300/13600: loss = 0.13842
  Ep03 step 1400/13600: loss = 0.14872
  Ep03 step 1500/13600: loss = 0.14611
  Ep03 step 1600/13600: loss = 0.13288
  Ep03 step 1700/13600: loss = 0.14097
  Ep03 step 1800/13600: loss = 0.15088
  Ep03 step 1900/13600: loss = 0.14807
  Ep03 step 2000/13600: loss = 0.14527
  Ep03 step 2100/13600: loss = 0.13411
  Ep03 step 2200/13600: loss = 0.13370
  Ep03 step 2300/13600: loss = 0.14378
  Ep03 step 2400/13600: loss = 0.13469
  Ep03 step 2500/13600: loss = 0.13513
  Ep03 step 2600/13600: loss = 0.14283
  Ep03 step 2700/13600: loss = 0.15050
  Ep03 step 2800/13600: loss = 0.14162
  Ep03 step 2900/13600: loss = 0.14699
  Ep03 step 3000/13600: loss = 0.14482
  Ep03 step 3100/13600: loss = 0.14522
  Ep03 step 3200/13600: loss = 0.14754
  Ep03 step 3300/13600: loss = 0.15017
  Ep03 step 3400/13600: loss = 0.13835
  Ep03 step 3500/13600: loss = 0.14113
  Ep03 step 3600/13600: loss = 0.14110
  Ep03 step 3700/13600: loss = 0.14625
  Ep03 step 3800/13600: loss = 0.14705
  Ep03 step 3900/13600: loss = 0.13499
  Ep03 step 4000/13600: loss = 0.14675
  Ep03 step 4100/13600: loss = 0.15447
  Ep03 step 4200/13600: loss = 0.14301
  Ep03 step 4300/13600: loss = 0.14812
  Ep03 step 4400/13600: loss = 0.14429
  Ep03 step 4500/13600: loss = 0.14996
  Ep03 step 4600/13600: loss = 0.13241
  Ep03 step 4700/13600: loss = 0.14512
  Ep03 step 4800/13600: loss = 0.14434
  Ep03 step 4900/13600: loss = 0.14686
  Ep03 step 5000/13600: loss = 0.13795
  Ep03 step 5100/13600: loss = 0.14155
  Ep03 step 5200/13600: loss = 0.14240
  Ep03 step 5300/13600: loss = 0.14086
  Ep03 step 5400/13600: loss = 0.13975
  Ep03 step 5500/13600: loss = 0.13890
  Ep03 step 5600/13600: loss = 0.14304
  Ep03 step 5700/13600: loss = 0.13457
  Ep03 step 5800/13600: loss = 0.14134
  Ep03 step 5900/13600: loss = 0.13621
  Ep03 step 6000/13600: loss = 0.13855
  Ep03 step 6100/13600: loss = 0.14718
  Ep03 step 6200/13600: loss = 0.14506
  Ep03 step 6300/13600: loss = 0.14224
  Ep03 step 6400/13600: loss = 0.13269
  Ep03 step 6500/13600: loss = 0.13203
  Ep03 step 6600/13600: loss = 0.14559
  Ep03 step 6700/13600: loss = 0.13961
  Ep03 step 6800/13600: loss = 0.13912
  Ep03 step 6900/13600: loss = 0.13811
  Ep03 step 7000/13600: loss = 0.13358
  Ep03 step 7100/13600: loss = 0.13490
  Ep03 step 7200/13600: loss = 0.14696
  Ep03 step 7300/13600: loss = 0.13703
  Ep03 step 7400/13600: loss = 0.14678
  Ep03 step 7500/13600: loss = 0.14696
  Ep03 step 7600/13600: loss = 0.13466
  Ep03 step 7700/13600: loss = 0.12514
  Ep03 step 7800/13600: loss = 0.14771
  Ep03 step 7900/13600: loss = 0.13610
  Ep03 step 8000/13600: loss = 0.14853
  Ep03 step 8100/13600: loss = 0.14428
  Ep03 step 8200/13600: loss = 0.14096
  Ep03 step 8300/13600: loss = 0.14236
  Ep03 step 8400/13600: loss = 0.14360
  Ep03 step 8500/13600: loss = 0.13951
  Ep03 step 8600/13600: loss = 0.12937
  Ep03 step 8700/13600: loss = 0.13649
  Ep03 step 8800/13600: loss = 0.13710
  Ep03 step 8900/13600: loss = 0.14699
  Ep03 step 9000/13600: loss = 0.13798
  Ep03 step 9100/13600: loss = 0.14589
  Ep03 step 9200/13600: loss = 0.13798
  Ep03 step 9300/13600: loss = 0.13356
  Ep03 step 9400/13600: loss = 0.15107
  Ep03 step 9500/13600: loss = 0.14437
  Ep03 step 9600/13600: loss = 0.13716
  Ep03 step 9700/13600: loss = 0.15351
  Ep03 step 9800/13600: loss = 0.13897
  Ep03 step 9900/13600: loss = 0.15262
  Ep03 step 10000/13600: loss = 0.14771
  Ep03 step 10100/13600: loss = 0.13867
  Ep03 step 10200/13600: loss = 0.14626
  Ep03 step 10300/13600: loss = 0.13572
  Ep03 step 10400/13600: loss = 0.13799
  Ep03 step 10500/13600: loss = 0.13811
  Ep03 step 10600/13600: loss = 0.14095
  Ep03 step 10700/13600: loss = 0.14848
  Ep03 step 10800/13600: loss = 0.14500
  Ep03 step 10900/13600: loss = 0.13943
  Ep03 step 11000/13600: loss = 0.15036
  Ep03 step 11100/13600: loss = 0.14015
  Ep03 step 11200/13600: loss = 0.14353
  Ep03 step 11300/13600: loss = 0.15094
  Ep03 step 11400/13600: loss = 0.14142
  Ep03 step 11500/13600: loss = 0.13559
  Ep03 step 11600/13600: loss = 0.13667
  Ep03 step 11700/13600: loss = 0.13896
  Ep03 step 11800/13600: loss = 0.14250
  Ep03 step 11900/13600: loss = 0.14819
  Ep03 step 12000/13600: loss = 0.14376
  Ep03 step 12100/13600: loss = 0.14624
  Ep03 step 12200/13600: loss = 0.14141
  Ep03 step 12300/13600: loss = 0.14137
  Ep03 step 12400/13600: loss = 0.14056
  Ep03 step 12500/13600: loss = 0.14354
  Ep03 step 12600/13600: loss = 0.14651
  Ep03 step 12700/13600: loss = 0.14120
  Ep03 step 12800/13600: loss = 0.14342
  Ep03 step 12900/13600: loss = 0.14176
  Ep03 step 13000/13600: loss = 0.14407
  Ep03 step 13100/13600: loss = 0.15208
  Ep03 step 13200/13600: loss = 0.13442
  Ep03 step 13300/13600: loss = 0.13815
  Ep03 step 13400/13600: loss = 0.15084
  Ep03 step 13500/13600: loss = 0.14393
  Ep03 step 13600/13600: loss = 0.14965

Epoch 03/6 | train=0.14248 val=0.16766 | AUC=['0.994', '0.988', '0.982', '0.982'] PR=['0.959', '0.947', '0.935', '0.945'] | CASCADE-only AUC=['0.991', '0.983', '0.977', '0.977'] PR=['0.910', '0.903', '0.888', '0.911'] | mono_viol=0.00000 | 2885s

  [checkpoint] best.pt updated (epoch 3, val_loss=0.16766)
  Ep04 step  100/13600: loss = 0.14263
  Ep04 step  200/13600: loss = 0.13774
  Ep04 step  300/13600: loss = 0.12656
  Ep04 step  400/13600: loss = 0.14099
  Ep04 step  500/13600: loss = 0.13611
  Ep04 step  600/13600: loss = 0.14635
  Ep04 step  700/13600: loss = 0.14350
  Ep04 step  800/13600: loss = 0.14542
  Ep04 step  900/13600: loss = 0.14137
  Ep04 step 1000/13600: loss = 0.14420
  Ep04 step 1100/13600: loss = 0.14527
  Ep04 step 1200/13600: loss = 0.14589
  Ep04 step 1300/13600: loss = 0.13540
  Ep04 step 1400/13600: loss = 0.14838
  Ep04 step 1500/13600: loss = 0.14304
  Ep04 step 1600/13600: loss = 0.13125
  Ep04 step 1700/13600: loss = 0.15258
  Ep04 step 1800/13600: loss = 0.14425
  Ep04 step 1900/13600: loss = 0.14708
  Ep04 step 2000/13600: loss = 0.14672
  Ep04 step 2100/13600: loss = 0.14554
  Ep04 step 2200/13600: loss = 0.13688
  Ep04 step 2300/13600: loss = 0.14108
  Ep04 step 2400/13600: loss = 0.14377
  Ep04 step 2500/13600: loss = 0.14667
  Ep04 step 2600/13600: loss = 0.13723
  Ep04 step 2700/13600: loss = 0.14738
  Ep04 step 2800/13600: loss = 0.13866
  Ep04 step 2900/13600: loss = 0.13367
  Ep04 step 3000/13600: loss = 0.13560
  Ep04 step 3100/13600: loss = 0.14883
  Ep04 step 3200/13600: loss = 0.13749
  Ep04 step 3300/13600: loss = 0.14547
  Ep04 step 3400/13600: loss = 0.14459
  Ep04 step 3500/13600: loss = 0.15032
  Ep04 step 3600/13600: loss = 0.13725
  Ep04 step 3700/13600: loss = 0.14676
  Ep04 step 3800/13600: loss = 0.14978
  Ep04 step 3900/13600: loss = 0.14313
  Ep04 step 4000/13600: loss = 0.13609
  Ep04 step 4100/13600: loss = 0.14309
  Ep04 step 4200/13600: loss = 0.13696
  Ep04 step 4300/13600: loss = 0.13750
  Ep04 step 4400/13600: loss = 0.13603
  Ep04 step 4500/13600: loss = 0.13944
  Ep04 step 4600/13600: loss = 0.14146
  Ep04 step 4700/13600: loss = 0.12968
  Ep04 step 4800/13600: loss = 0.14163
  Ep04 step 4900/13600: loss = 0.14148
  Ep04 step 5000/13600: loss = 0.13439
  Ep04 step 5100/13600: loss = 0.13349
  Ep04 step 5200/13600: loss = 0.14710
  Ep04 step 5300/13600: loss = 0.14477
  Ep04 step 5400/13600: loss = 0.14693
  Ep04 step 5500/13600: loss = 0.14646
  Ep04 step 5600/13600: loss = 0.14266
  Ep04 step 5700/13600: loss = 0.13411
  Ep04 step 5800/13600: loss = 0.13587
  Ep04 step 5900/13600: loss = 0.14287
  Ep04 step 6000/13600: loss = 0.13206
  Ep04 step 6100/13600: loss = 0.14381
  Ep04 step 6200/13600: loss = 0.12768
  Ep04 step 6300/13600: loss = 0.13669
  Ep04 step 6400/13600: loss = 0.14106
  Ep04 step 6500/13600: loss = 0.13590
  Ep04 step 6600/13600: loss = 0.14416
  Ep04 step 6700/13600: loss = 0.14635
  Ep04 step 6800/13600: loss = 0.15313
  Ep04 step 6900/13600: loss = 0.14383
  Ep04 step 7000/13600: loss = 0.14758
  Ep04 step 7100/13600: loss = 0.13736
  Ep04 step 7200/13600: loss = 0.13565
  Ep04 step 7300/13600: loss = 0.14914
  Ep04 step 7400/13600: loss = 0.15297
  Ep04 step 7500/13600: loss = 0.14153
  Ep04 step 7600/13600: loss = 0.14187
  Ep04 step 7700/13600: loss = 0.14551
  Ep04 step 7800/13600: loss = 0.14325
  Ep04 step 7900/13600: loss = 0.14517
  Ep04 step 8000/13600: loss = 0.14941
  Ep04 step 8100/13600: loss = 0.14751
  Ep04 step 8200/13600: loss = 0.14520
  Ep04 step 8300/13600: loss = 0.13787
  Ep04 step 8400/13600: loss = 0.12963
  Ep04 step 8500/13600: loss = 0.12590
  Ep04 step 8600/13600: loss = 0.14095
  Ep04 step 8700/13600: loss = 0.13636
  Ep04 step 8800/13600: loss = 0.14089
  Ep04 step 8900/13600: loss = 0.13726
  Ep04 step 9000/13600: loss = 0.14020
  Ep04 step 9100/13600: loss = 0.13283
  Ep04 step 9200/13600: loss = 0.12692
  Ep04 step 9300/13600: loss = 0.14291
  Ep04 step 9400/13600: loss = 0.14488
  Ep04 step 9500/13600: loss = 0.12975
  Ep04 step 9600/13600: loss = 0.14441
  Ep04 step 9700/13600: loss = 0.15610
  Ep04 step 9800/13600: loss = 0.14212
  Ep04 step 9900/13600: loss = 0.14075
  Ep04 step 10000/13600: loss = 0.14022
  Ep04 step 10100/13600: loss = 0.14976
  Ep04 step 10200/13600: loss = 0.13633
  Ep04 step 10300/13600: loss = 0.14377
  Ep04 step 10400/13600: loss = 0.15566
  Ep04 step 10500/13600: loss = 0.15166
  Ep04 step 10600/13600: loss = 0.14114
  Ep04 step 10700/13600: loss = 0.14396
  Ep04 step 10800/13600: loss = 0.14485
  Ep04 step 10900/13600: loss = 0.15058
  Ep04 step 11000/13600: loss = 0.14665
  Ep04 step 11100/13600: loss = 0.13997
  Ep04 step 11200/13600: loss = 0.14723
  Ep04 step 11300/13600: loss = 0.14260
  Ep04 step 11400/13600: loss = 0.13228
  Ep04 step 11500/13600: loss = 0.13415
  Ep04 step 11600/13600: loss = 0.13567
  Ep04 step 11700/13600: loss = 0.13997
  Ep04 step 11800/13600: loss = 0.14168
  Ep04 step 11900/13600: loss = 0.13156
  Ep04 step 12000/13600: loss = 0.13995
  Ep04 step 12100/13600: loss = 0.14292
  Ep04 step 12200/13600: loss = 0.14279
  Ep04 step 12300/13600: loss = 0.14411
  Ep04 step 12400/13600: loss = 0.13059
  Ep04 step 12500/13600: loss = 0.13023
  Ep04 step 12600/13600: loss = 0.14621
  Ep04 step 12700/13600: loss = 0.14283
  Ep04 step 12800/13600: loss = 0.12720
  Ep04 step 12900/13600: loss = 0.13064
  Ep04 step 13000/13600: loss = 0.13900
  Ep04 step 13100/13600: loss = 0.14464
  Ep04 step 13200/13600: loss = 0.14074
  Ep04 step 13300/13600: loss = 0.15242
  Ep04 step 13400/13600: loss = 0.15129
  Ep04 step 13500/13600: loss = 0.14238
  Ep04 step 13600/13600: loss = 0.13782

Epoch 04/6 | train=0.14131 val=0.16635 | AUC=['0.995', '0.990', '0.985', '0.986'] PR=['0.963', '0.954', '0.943', '0.955'] | CASCADE-only AUC=['0.992', '0.986', '0.981', '0.982'] PR=['0.919', '0.913', '0.902', '0.925'] | mono_viol=0.00000 | 3607s

  [checkpoint] best.pt updated (epoch 4, val_loss=0.16635)
  Ep05 step  100/13600: loss = 0.14120
  Ep05 step  200/13600: loss = 0.13537
  Ep05 step  300/13600: loss = 0.13390
  Ep05 step  400/13600: loss = 0.13952
  Ep05 step  500/13600: loss = 0.14476
  Ep05 step  600/13600: loss = 0.14296
  Ep05 step  700/13600: loss = 0.14028
  Ep05 step  800/13600: loss = 0.14993
  Ep05 step  900/13600: loss = 0.14294
  Ep05 step 1000/13600: loss = 0.14093
  Ep05 step 1100/13600: loss = 0.13986
  Ep05 step 1200/13600: loss = 0.13513
  Ep05 step 1300/13600: loss = 0.13782
  Ep05 step 1400/13600: loss = 0.14743
  Ep05 step 1500/13600: loss = 0.14993
  Ep05 step 1600/13600: loss = 0.14383
  Ep05 step 1700/13600: loss = 0.14047
  Ep05 step 1800/13600: loss = 0.13588
  Ep05 step 1900/13600: loss = 0.14716
  Ep05 step 2000/13600: loss = 0.13549
  Ep05 step 2100/13600: loss = 0.14183
  Ep05 step 2200/13600: loss = 0.14199
  Ep05 step 2300/13600: loss = 0.14161
  Ep05 step 2400/13600: loss = 0.12446
  Ep05 step 2500/13600: loss = 0.14468
  Ep05 step 2600/13600: loss = 0.14413
  Ep05 step 2700/13600: loss = 0.14085
  Ep05 step 2800/13600: loss = 0.14628
  Ep05 step 2900/13600: loss = 0.13756
  Ep05 step 3000/13600: loss = 0.14480
  Ep05 step 3100/13600: loss = 0.15013
  Ep05 step 3200/13600: loss = 0.13833
  Ep05 step 3300/13600: loss = 0.14643
  Ep05 step 3400/13600: loss = 0.13784
  Ep05 step 3500/13600: loss = 0.13889
  Ep05 step 3600/13600: loss = 0.13516
  Ep05 step 3700/13600: loss = 0.14722
  Ep05 step 3800/13600: loss = 0.14196
  Ep05 step 3900/13600: loss = 0.14103
  Ep05 step 4000/13600: loss = 0.12801
  Ep05 step 4100/13600: loss = 0.13963
  Ep05 step 4200/13600: loss = 0.14503
  Ep05 step 4300/13600: loss = 0.13273
  Ep05 step 4400/13600: loss = 0.13879
  Ep05 step 4500/13600: loss = 0.14004
  Ep05 step 4600/13600: loss = 0.13806
  Ep05 step 4700/13600: loss = 0.14847
  Ep05 step 4800/13600: loss = 0.14263
  Ep05 step 4900/13600: loss = 0.13809
  Ep05 step 5000/13600: loss = 0.13709
  Ep05 step 5100/13600: loss = 0.14140
  Ep05 step 5200/13600: loss = 0.13711
  Ep05 step 5300/13600: loss = 0.13586
  Ep05 step 5400/13600: loss = 0.14609
  Ep05 step 5500/13600: loss = 0.14155
  Ep05 step 5600/13600: loss = 0.14906
  Ep05 step 5700/13600: loss = 0.14432
  Ep05 step 5800/13600: loss = 0.13538
  Ep05 step 5900/13600: loss = 0.13860
  Ep05 step 6000/13600: loss = 0.14136
  Ep05 step 6100/13600: loss = 0.14186
  Ep05 step 6200/13600: loss = 0.13353
  Ep05 step 6300/13600: loss = 0.13680
  Ep05 step 6400/13600: loss = 0.15619
  Ep05 step 6500/13600: loss = 0.13762
  Ep05 step 6600/13600: loss = 0.14119
  Ep05 step 6700/13600: loss = 0.14204
  Ep05 step 6800/13600: loss = 0.13891
  Ep05 step 6900/13600: loss = 0.15964
  Ep05 step 7000/13600: loss = 0.14294
  Ep05 step 7100/13600: loss = 0.14939
  Ep05 step 7200/13600: loss = 0.14529
  Ep05 step 7300/13600: loss = 0.14421
  Ep05 step 7400/13600: loss = 0.13701
  Ep05 step 7500/13600: loss = 0.14634
  Ep05 step 7600/13600: loss = 0.13606
  Ep05 step 7700/13600: loss = 0.13877
  Ep05 step 7800/13600: loss = 0.13586
  Ep05 step 7900/13600: loss = 0.14382
  Ep05 step 8000/13600: loss = 0.14405
  Ep05 step 8100/13600: loss = 0.15075
  Ep05 step 8200/13600: loss = 0.13191
  Ep05 step 8300/13600: loss = 0.15039
  Ep05 step 8400/13600: loss = 0.13185
  Ep05 step 8500/13600: loss = 0.13591
  Ep05 step 8600/13600: loss = 0.13004
  Ep05 step 8700/13600: loss = 0.14086
  Ep05 step 8800/13600: loss = 0.14151
  Ep05 step 8900/13600: loss = 0.14078
  Ep05 step 9000/13600: loss = 0.13973
  Ep05 step 9100/13600: loss = 0.15056
  Ep05 step 9200/13600: loss = 0.14257
  Ep05 step 9300/13600: loss = 0.13475
  Ep05 step 9400/13600: loss = 0.14585
  Ep05 step 9500/13600: loss = 0.14825
  Ep05 step 9600/13600: loss = 0.14686
  Ep05 step 9700/13600: loss = 0.14757
  Ep05 step 9800/13600: loss = 0.14342
  Ep05 step 9900/13600: loss = 0.13926
  Ep05 step 10000/13600: loss = 0.13980
  Ep05 step 10100/13600: loss = 0.12819
  Ep05 step 10200/13600: loss = 0.13776
  Ep05 step 10300/13600: loss = 0.14281
  Ep05 step 10400/13600: loss = 0.14417
  Ep05 step 10500/13600: loss = 0.13904
  Ep05 step 10600/13600: loss = 0.14387
  Ep05 step 10700/13600: loss = 0.14532
  Ep05 step 10800/13600: loss = 0.14457
  Ep05 step 10900/13600: loss = 0.13890
  Ep05 step 11000/13600: loss = 0.13658
  Ep05 step 11100/13600: loss = 0.13687
  Ep05 step 11200/13600: loss = 0.13436
  Ep05 step 11300/13600: loss = 0.14419
  Ep05 step 11400/13600: loss = 0.13441
  Ep05 step 11500/13600: loss = 0.14547
  Ep05 step 11600/13600: loss = 0.14792
  Ep05 step 11700/13600: loss = 0.14412
  Ep05 step 11800/13600: loss = 0.14469
  Ep05 step 11900/13600: loss = 0.15013
  Ep05 step 12000/13600: loss = 0.13523
  Ep05 step 12100/13600: loss = 0.13623
  Ep05 step 12200/13600: loss = 0.14138
  Ep05 step 12300/13600: loss = 0.13465
  Ep05 step 12400/13600: loss = 0.14532
  Ep05 step 12500/13600: loss = 0.13792
  Ep05 step 12600/13600: loss = 0.14363
  Ep05 step 12700/13600: loss = 0.14569
  Ep05 step 12800/13600: loss = 0.14369
  Ep05 step 12900/13600: loss = 0.14744
  Ep05 step 13000/13600: loss = 0.14118
  Ep05 step 13100/13600: loss = 0.12678
  Ep05 step 13200/13600: loss = 0.14658
  Ep05 step 13300/13600: loss = 0.13626
  Ep05 step 13400/13600: loss = 0.13289
  Ep05 step 13500/13600: loss = 0.13551
  Ep05 step 13600/13600: loss = 0.13988

Epoch 05/6 | train=0.14108 val=0.16455 | AUC=['0.995', '0.990', '0.984', '0.984'] PR=['0.964', '0.956', '0.944', '0.954'] | CASCADE-only AUC=['0.992', '0.986', '0.980', '0.981'] PR=['0.921', '0.918', '0.905', '0.925'] | mono_viol=0.00000 | 4329s

  [checkpoint] best.pt updated (epoch 5, val_loss=0.16455)
[held-out geoclaw_2050] test_loss=0.32196 mono_viol=0.00000 (1000 runs)
  ALL-nodes     AUC=[0.9904223234653473, 0.9819166226387024, 0.9719679807424545, 0.9815861501693726]  PR=[0.9665766897774638, 0.9647028972471433, 0.9555318341045247, 0.9813470457233315]
  CASCADE-only  AUC=[0.987845921933651, 0.9791659453511238, 0.9683246196508407, 0.9798401250839234]  PR=[0.9452442389172228, 0.9518247611863316, 0.9417218717002374, 0.976868529255879]
[held-out syn_ts_914_6_1p2955] test_loss=0.10630 mono_viol=0.00000 (1000 runs)
  ALL-nodes     AUC=[0.9984655557274819, 0.9962767381668091, 0.9957720059752464, 0.9937383939027786]  PR=[0.9785959296311414, 0.9690623606837895, 0.9673478032838086, 0.9601388062932513]
  CASCADE-only  AUC=[0.9973470407128334, 0.9943026309013366, 0.9938441832661629, 0.9911934127807617]  PR=[0.9438101390709647, 0.9361964899902511, 0.9357475316766787, 0.9296817053796346]
[held-out syn_ts_258_9_3p0022] test_loss=0.25753 mono_viol=0.00000 (1000 runs)
  ALL-nodes     AUC=[0.991954793870449, 0.9844659220576286, 0.9791818147897721, 0.9867471796870232]  PR=[0.9721959945960053, 0.9670198369256271, 0.9635417493207801, 0.9834756443842475]
  CASCADE-only  AUC=[0.9893155848383903, 0.9811473314762116, 0.9755816345214844, 0.9849036383032799]  PR=[0.9498438667511054, 0.9502269134171055, 0.9480064999286878, 0.9777148635525655]
[held-out syn_ts_605_5_3p7563] test_loss=0.44253 mono_viol=0.00000 (1000 runs)
  ALL-nodes     AUC=[0.9765528872609138, 0.9827247901558877, 0.9829585461616516, 0.9838848670721054]  PR=[0.9689757010269404, 0.9819949834623067, 0.9840537049374171, 0.9881776696848417]
  CASCADE-only  AUC=[0.9690239334106445, 0.9784612343907356, 0.9790429767370225, 0.980724434196949]  PR=[0.946161239991761, 0.971349964356785, 0.9752757586534407, 0.9825501530772325]
[held-out syn_ts_808_27_3p7885] test_loss=0.30974 mono_viol=0.00000 (1000 runs)
  ALL-nodes     AUC=[0.9845076869130135, 0.9914162104725838, 0.9873151522278786, 0.9880233585834504]  PR=[0.975730637319958, 0.9877505838882912, 0.9851319267512019, 0.9898089014361453]
  CASCADE-only  AUC=[0.980498055100441, 0.9896715458035469, 0.9850790246129036, 0.98631275755167]  PR=[0.9621920837822655, 0.9819192989128931, 0.9790176339138902, 0.9863223340544183]
