arm=dynamic_timing  head=hazard  labels=/scratch/tj2587/results/dynamic_v1/arrival_h360  timing=1  ckpt=/scratch/tj2587/results/gnn_hazard_v1/dynamic_timing  smoke=1
[gate] CUDA OK: NVIDIA L40S
[gate] heterodata data/graph/nyc_infra_heterodata_v1_frozen_failover_edges.pt: {'power': 203, 'telecom': 4150, 'hospital': 61, 'subway': 493, 'water': 137, 'fuel': 1187} total=6231 -> OK
[gate] /scratch/tj2587/results/dynamic_v1/arrival_h360 cascade_results files: 23 (need 23)
[gate] timing table OK: 6942 rows
[gate] head switch present: ('independent', 'hazard')
=== TRAIN MODE — full training ===
Train: 13600  Val: 3400  (17 scenarios) | Test held-out: ['geoclaw_2050', 'syn_ts_914_6_1p2955', 'syn_ts_258_9_3p0022', 'syn_ts_605_5_3p7563', 'syn_ts_808_27_3p7885'] (5000 runs)
Subsampled train to 50
Subsampled val to 20
Model parameters: 697,112  head=hazard
Device: cuda
[timing-features] loaded 23 scenarios from data/flood/timing/node_timing_jesse22_v1.csv (features ('arrival_h', 'duration_h', 'time_to_peak_h'), scaled by 96 h)

Epoch 00/1 | train=0.57113 val=0.42393 | AUC=['0.864', '0.859', '0.865', '0.871'] PR=['0.425', '0.448', '0.511', '0.566'] | CASCADE-only AUC=['0.833', '0.822', '0.830', '0.837'] PR=['0.267', '0.300', '0.346', '0.410'] | mono_viol=0.00000 | 5s

  [checkpoint] best.pt updated (epoch 0, val_loss=0.42393)
[held-out geoclaw_2050] test_loss=0.70760 mono_viol=0.00000 (1000 runs)
  ALL-nodes     AUC=[0.8698046383261681, 0.8703662317991256, 0.8754112540483475, 0.8609237366318703]  PR=[0.6970413798603003, 0.7597978268538838, 0.8071266210757362, 0.8711942445766173]
  CASCADE-only  AUC=[0.8427365874648094, 0.8540372199416161, 0.8614552546739578, 0.8492632951736451]  PR=[0.5411841629611911, 0.6609462261744946, 0.7329956867163002, 0.8309581046396316]
[held-out syn_ts_914_6_1p2955] test_loss=0.28473 mono_viol=0.00000 (1000 runs)
  ALL-nodes     AUC=[0.8683345860242844, 0.8175037809610367, 0.8245542323589325, 0.827720154762268]  PR=[0.27451561861810136, 0.26861774697412916, 0.3229128619945214, 0.3380377694962551]
  CASCADE-only  AUC=[0.8421563477516174, 0.7620468633174896, 0.7704823901057243, 0.7749971160292626]  PR=[0.12902472791639455, 0.11398413341605172, 0.12384135874319867, 0.12509201770292297]
[held-out syn_ts_258_9_3p0022] test_loss=0.66426 mono_viol=0.00000 (1000 runs)
  ALL-nodes     AUC=[0.8805601806640625, 0.8750463066101074, 0.8791921173334122, 0.8790726456642151]  PR=[0.7236609836333143, 0.7553782750764211, 0.8012356059548561, 0.8652061682122889]
  CASCADE-only  AUC=[0.8500459638237953, 0.8524120033979415, 0.8603263683915138, 0.86444145154953]  PR=[0.5478111387735178, 0.6226165195021495, 0.7015291820839353, 0.8072103456867108]
[held-out syn_ts_605_5_3p7563] test_loss=0.88538 mono_viol=0.00000 (1000 runs)
  ALL-nodes     AUC=[0.8859748218655586, 0.9114812580943108, 0.9181128049492836, 0.8973999079465866]  PR=[0.8301156208009012, 0.8933073424830749, 0.9181201200899114, 0.9295127624246231]
  CASCADE-only  AUC=[0.8528855823278427, 0.892078523337841, 0.9009822965860367, 0.8789949623942375]  PR=[0.688653129090035, 0.8110212005260553, 0.8593168634600808, 0.8873908287221378]
[held-out syn_ts_808_27_3p7885] test_loss=0.79889 mono_viol=0.00000 (1000 runs)
  ALL-nodes     AUC=[0.8800224369168281, 0.895645279288292, 0.8997733721733093, 0.8835432323813438]  PR=[0.7873140293852844, 0.84482232231723, 0.8790399598254555, 0.9093843067824822]
  CASCADE-only  AUC=[0.8497854878306389, 0.8771660775542259, 0.8837402427792549, 0.8684409011006355]  PR=[0.6455144891796591, 0.7518865856842307, 0.8133986954650666, 0.8686161010304361]
