arm=dynamic_mask  head=hazard  labels=/scratch/tj2587/results/dynamic_v1/arrival_h360  timing=unset  ckpt=/scratch/tj2587/results/gnn_hazard_v1/dynamic_mask  smoke=1
[gate] CUDA OK: NVIDIA L40S
[gate] heterodata data/graph/nyc_infra_heterodata_v1_frozen_failover_edges.pt: {'power': 203, 'telecom': 4150, 'hospital': 61, 'subway': 493, 'water': 137, 'fuel': 1187} total=6231 -> OK
[gate] /scratch/tj2587/results/dynamic_v1/arrival_h360 cascade_results files: 23 (need 23)
[gate] head switch present: ('independent', 'hazard')
=== TRAIN MODE — full training ===
Train: 13600  Val: 3400  (17 scenarios) | Test held-out: ['geoclaw_2050', 'syn_ts_914_6_1p2955', 'syn_ts_258_9_3p0022', 'syn_ts_605_5_3p7563', 'syn_ts_808_27_3p7885'] (5000 runs)
Subsampled train to 50
Subsampled val to 20
Model parameters: 695,960  head=hazard
Device: cuda

Epoch 00/1 | train=0.61224 val=0.42357 | AUC=['0.815', '0.812', '0.812', '0.822'] PR=['0.329', '0.419', '0.430', '0.467'] | CASCADE-only AUC=['0.831', '0.818', '0.823', '0.828'] PR=['0.265', '0.382', '0.391', '0.425'] | mono_viol=0.00000 | 4s

  [checkpoint] best.pt updated (epoch 0, val_loss=0.42357)
[held-out geoclaw_2050] test_loss=0.69060 mono_viol=0.00000 (1000 runs)
  ALL-nodes     AUC=[0.8502955826520919, 0.8797837301492691, 0.8694507100582123, 0.8486269453167915]  PR=[0.6008606701935445, 0.7945515622743483, 0.8034270356915666, 0.8691673800440113]
  CASCADE-only  AUC=[0.8417418097257614, 0.873018313884735, 0.8619881473779678, 0.839191438794136]  PR=[0.5248512059466738, 0.7579588929274979, 0.7689590108353322, 0.84683148298209]
[held-out syn_ts_914_6_1p2955] test_loss=0.29108 mono_viol=0.00000 (1000 runs)
  ALL-nodes     AUC=[0.812213514149189, 0.7473481341004372, 0.7585022614002228, 0.7692771955132485]  PR=[0.21974814343464794, 0.18101447880433094, 0.20527614579487372, 0.20085254965085286]
  CASCADE-only  AUC=[0.8492354648113251, 0.7419542116522789, 0.76135397285223, 0.7675610600709916]  PR=[0.1837723586906911, 0.1271342825946885, 0.1531558832063615, 0.14415571810976469]
[held-out syn_ts_258_9_3p0022] test_loss=0.65326 mono_viol=0.00000 (1000 runs)
  ALL-nodes     AUC=[0.8531691339015961, 0.8687392855286599, 0.8595912261605263, 0.8582990826964378]  PR=[0.6002524987442074, 0.74364349582054, 0.7639906883691124, 0.8355835449230444]
  CASCADE-only  AUC=[0.8451149209141732, 0.8600664986371994, 0.8501561826467514, 0.847317721068859]  PR=[0.5244609373555567, 0.6912486195036107, 0.7176982244665661, 0.799194619139571]
[held-out syn_ts_605_5_3p7563] test_loss=0.87178 mono_viol=0.00000 (1000 runs)
  ALL-nodes     AUC=[0.8617617617845535, 0.9055924516916275, 0.9025660254955292, 0.8850020769238472]  PR=[0.7629945612429071, 0.8934114812520666, 0.9042480607025629, 0.923884669912918]
  CASCADE-only  AUC=[0.8446036741733551, 0.8930713547468185, 0.8893483605384827, 0.868285006582737]  PR=[0.681103365843679, 0.8530516020236364, 0.8690860044323853, 0.8958974697106581]
[held-out syn_ts_808_27_3p7885] test_loss=0.78859 mono_viol=0.00000 (1000 runs)
  ALL-nodes     AUC=[0.8555319964289665, 0.8940490662455559, 0.8854928059577942, 0.8705767331123352]  PR=[0.698463897473856, 0.8495487506387783, 0.8633660566736961, 0.9044137918211034]
  CASCADE-only  AUC=[0.8424606968164444, 0.8845790727734566, 0.8750751546025276, 0.8575049041509628]  PR=[0.6252791213355974, 0.8097228350139642, 0.8290656774111185, 0.8797547910868653]
