arm=static_mask  head=hazard  labels=/scratch/tj2587/results/legacy_v1_n1000  timing=unset  ckpt=/scratch/tj2587/results/gnn_hazard_v1/static_mask  smoke=1
[gate] CUDA OK: NVIDIA L40S
[gate] heterodata data/graph/nyc_infra_heterodata_v1_frozen_failover_edges.pt: {'power': 203, 'telecom': 4150, 'hospital': 61, 'subway': 493, 'water': 137, 'fuel': 1187} total=6231 -> OK
[gate] /scratch/tj2587/results/legacy_v1_n1000 cascade_results files: 23 (need 23)
[gate] head switch present: ('independent', 'hazard')
=== TRAIN MODE — full training ===
Train: 13600  Val: 3400  (17 scenarios) | Test held-out: ['geoclaw_2050', 'syn_ts_914_6_1p2955', 'syn_ts_258_9_3p0022', 'syn_ts_605_5_3p7563', 'syn_ts_808_27_3p7885'] (5000 runs)
Subsampled train to 50
Subsampled val to 20
Model parameters: 695,960  head=hazard
Device: cuda

Epoch 00/1 | train=0.53844 val=0.34392 | AUC=['0.858', '0.827', '0.830', '0.838'] PR=['0.286', '0.384', '0.390', '0.440'] | CASCADE-only AUC=['0.856', '0.810', '0.815', '0.823'] PR=['0.164', '0.309', '0.311', '0.375'] | mono_viol=0.00000 | 4s

  [checkpoint] best.pt updated (epoch 0, val_loss=0.34392)
[held-out geoclaw_2050] test_loss=0.51103 mono_viol=0.00000 (1000 runs)
  ALL-nodes     AUC=[0.853795354783535, 0.8457832791805268, 0.8449201642870903, 0.8648328715562821]  PR=[0.4156717475066224, 0.6508988975638603, 0.6727576335743549, 0.7731753737425142]
  CASCADE-only  AUC=[0.817160141468048, 0.8241770855784416, 0.8256349887251854, 0.8520038474798203]  PR=[0.1926260596590452, 0.5659509129399737, 0.5884629440345225, 0.7159824889673484]
[held-out syn_ts_914_6_1p2955] test_loss=0.25371 mono_viol=0.00000 (1000 runs)
  ALL-nodes     AUC=[0.869057906627655, 0.776619472682476, 0.7758942640423775, 0.780812284052372]  PR=[0.2269194180807012, 0.15016792520725847, 0.15320831640174662, 0.1775367410468159]
  CASCADE-only  AUC=[0.8913376077413558, 0.7483974925875664, 0.7479501211643219, 0.7517279171347618]  PR=[0.1759918370953883, 0.07081696189636526, 0.07613444568497402, 0.10561565456222571]
[held-out syn_ts_258_9_3p0022] test_loss=0.49798 mono_viol=0.00000 (1000 runs)
  ALL-nodes     AUC=[0.856454349219799, 0.8553603788018227, 0.8585992511510849, 0.8734648659229278]  PR=[0.42685621524771317, 0.6648146740324993, 0.6905203354409772, 0.7869823004360236]
  CASCADE-only  AUC=[0.819571948826313, 0.8312154452800751, 0.8366532399654388, 0.857965026974678]  PR=[0.2046270542315827, 0.5675236465525049, 0.5918525666877421, 0.7201142072133426]
[held-out syn_ts_605_5_3p7563] test_loss=0.66522 mono_viol=0.00000 (1000 runs)
  ALL-nodes     AUC=[0.8590261515378952, 0.8751055058240891, 0.8806378998160362, 0.894421518266201]  PR=[0.5907193054562726, 0.7541324759929214, 0.791427459481736, 0.8531015439307296]
  CASCADE-only  AUC=[0.8163688557744027, 0.8450509166121483, 0.8546829804182052, 0.8736713873744011]  PR=[0.3273528871993957, 0.6099371458510311, 0.6677717773815159, 0.7699394545528252]
[held-out syn_ts_808_27_3p7885] test_loss=0.56374 mono_viol=0.00000 (1000 runs)
  ALL-nodes     AUC=[0.8548573687672615, 0.8632546644210816, 0.8678004892468453, 0.8805413838028908]  PR=[0.4903034223358237, 0.7046469607631233, 0.7373107380431302, 0.8163675658032603]
  CASCADE-only  AUC=[0.8113165831565857, 0.8363384431600571, 0.8445766026377678, 0.8628852235078812]  PR=[0.24065447281069294, 0.5876995386493109, 0.6282873828682117, 0.7431005671276335]
