arm=static_timing  head=hazard  labels=/scratch/tj2587/results/legacy_v1_n1000  timing=1  ckpt=/scratch/tj2587/results/gnn_hazard_v1/static_timing  smoke=1
[gate] CUDA OK: NVIDIA L40S
[gate] heterodata data/graph/nyc_infra_heterodata_v1_frozen_failover_edges.pt: {'power': 203, 'telecom': 4150, 'hospital': 61, 'subway': 493, 'water': 137, 'fuel': 1187} total=6231 -> OK
[gate] /scratch/tj2587/results/legacy_v1_n1000 cascade_results files: 23 (need 23)
[gate] timing table OK: 6942 rows
[gate] head switch present: ('independent', 'hazard')
=== TRAIN MODE — full training ===
Train: 13600  Val: 3400  (17 scenarios) | Test held-out: ['geoclaw_2050', 'syn_ts_914_6_1p2955', 'syn_ts_258_9_3p0022', 'syn_ts_605_5_3p7563', 'syn_ts_808_27_3p7885'] (5000 runs)
Subsampled train to 50
Subsampled val to 20
Model parameters: 697,112  head=hazard
Device: cuda
[timing-features] loaded 23 scenarios from data/flood/timing/node_timing_jesse22_v1.csv (features ('arrival_h', 'duration_h', 'time_to_peak_h'), scaled by 96 h)

Epoch 00/1 | train=0.51981 val=0.33752 | AUC=['0.931', '0.878', '0.860', '0.874'] PR=['0.584', '0.509', '0.457', '0.570'] | CASCADE-only AUC=['0.878', '0.820', '0.809', '0.830'] PR=['0.170', '0.301', '0.296', '0.347'] | mono_viol=0.00000 | 4s

  [checkpoint] best.pt updated (epoch 0, val_loss=0.33752)
[held-out geoclaw_2050] test_loss=0.50126 mono_viol=0.00000 (1000 runs)
  ALL-nodes     AUC=[0.9065466599464417, 0.8718837735652923, 0.8375220292210579, 0.8590171843171119]  PR=[0.6490487277662296, 0.7204320440868786, 0.6883869791387071, 0.7633895574348799]
  CASCADE-only  AUC=[0.8479968069791793, 0.8363328766226769, 0.8014988374114037, 0.8389382546544075]  PR=[0.223540318196357, 0.5678854759814169, 0.5497082753019937, 0.6679060578602307]
[held-out syn_ts_914_6_1p2955] test_loss=0.25065 mono_viol=0.00000 (1000 runs)
  ALL-nodes     AUC=[0.9432180408835411, 0.8303897885680198, 0.8124102501869201, 0.8380294573307038]  PR=[0.5303471749251799, 0.28439554352318547, 0.22993473486758484, 0.37167641299183196]
  CASCADE-only  AUC=[0.9054678283929825, 0.7520705442428589, 0.7450071164369583, 0.7751407930254937]  PR=[0.15643443678257563, 0.06262989479782097, 0.07487900211963165, 0.10247595317376094]
[held-out syn_ts_258_9_3p0022] test_loss=0.48768 mono_viol=0.00000 (1000 runs)
  ALL-nodes     AUC=[0.9115690706372261, 0.8813515825271606, 0.8546741787195206, 0.8669919739961625]  PR=[0.6900978779734243, 0.7433585850475093, 0.7162479218052775, 0.7788546006981685]
  CASCADE-only  AUC=[0.8485020287632942, 0.840738254904747, 0.813326270699501, 0.8429132850170136]  PR=[0.23684364180292855, 0.5689107503730505, 0.5545313631652138, 0.6667484381814321]
[held-out syn_ts_605_5_3p7563] test_loss=0.63389 mono_viol=0.00000 (1000 runs)
  ALL-nodes     AUC=[0.9082211931943893, 0.8971815893650055, 0.8641901745796203, 0.8949023998379707]  PR=[0.7711722092044035, 0.8186166996462408, 0.793827509191415, 0.858469379081921]
  CASCADE-only  AUC=[0.8481101915240288, 0.8485142650604248, 0.8127727581262588, 0.8645485575795173]  PR=[0.38266918873302, 0.6162966121821271, 0.6093345540716535, 0.7375908160225882]
[held-out syn_ts_808_27_3p7885] test_loss=0.54322 mono_viol=0.00000 (1000 runs)
  ALL-nodes     AUC=[0.909107635140419, 0.8900718462467193, 0.8598510820269585, 0.8781142129898071]  PR=[0.7243545696170736, 0.7802256846486049, 0.7534254144694686, 0.8165121262000606]
  CASCADE-only  AUC=[0.8439737198352814, 0.8475796731710434, 0.8163492367863655, 0.8519701321721077]  PR=[0.2845914345096151, 0.5949347933195668, 0.5841162645460674, 0.7028045073995269]
