[gate] /scratch/tj2587/results/dynamic_v1/arrival_h360 cascade_results files: 23 (need 23)
[gate] CUDA OK: NVIDIA L40S
arm=dynamic_timing head=independent ckpt=/scratch/tj2587/results/gnn_2x2_v1/dynamic_timing/best.pt labels=/scratch/tj2587/results/dynamic_v1/arrival_h360 timing=1 smoke=0 out=/scratch/tj2587/results/gnn_mono_enforce_v1
Loaded /scratch/tj2587/results/gnn_2x2_v1/dynamic_timing/best.pt: epoch=5 saved val_loss=0.16528542544245353 head=independent params=697,112 horizons=[6, 24, 48, 96]
Val: 3400 runs | held-out ['geoclaw_2050', 'syn_ts_914_6_1p2955', 'syn_ts_258_9_3p0022', 'syn_ts_605_5_3p7563', 'syn_ts_808_27_3p7885'] (5000 runs) | readings ('raw', 'cummax', 'sort', 'isotonic')
[timing-features] loaded 23 scenarios from data/flood/timing/node_timing_jesse22_v1.csv (features ('arrival_h', 'duration_h', 'time_to_peak_h'), scaled by 96 h)
[G1] raw reading vs train.eval_step on 3 runs: max |diff| loss 8.07e-09, mono_viol 0.00e+00, cascade PR 0.00e+00 -> PASS
  val: 500/3400 runs  (50s)
  val: 1000/3400 runs  (75s)
  val: 1500/3400 runs  (100s)
  val: 2000/3400 runs  (125s)
  val: 2500/3400 runs  (151s)
  val: 3000/3400 runs  (176s)
[val] raw       loss=0.16529 brier=0.05201 mono_viol=0.06339 CASCADE-only PR=['0.919', '0.914', '0.906', '0.924'] moved=0.0000 of entries, mean|dp|=0.00e+00
[val] cummax    loss=0.16526 brier=0.05200 mono_viol=0.00000 CASCADE-only PR=['0.919', '0.915', '0.906', '0.924'] moved=0.0538 of entries, mean|dp|=1.03e-04
[val] sort      loss=0.16528 brier=0.05200 mono_viol=0.00000 CASCADE-only PR=['0.918', '0.914', '0.906', '0.924'] moved=0.0948 of entries, mean|dp|=1.56e-04
[val] isotonic  loss=0.16528 brier=0.05200 mono_viol=0.00000 CASCADE-only PR=['0.918', '0.914', '0.906', '0.924'] moved=0.0853 of entries, mean|dp|=8.50e-05
[val] dips: 1185 per run; share of pairs with a dip > 1e-06: 0.0634, 0.001: 0.0084, 0.01: 0.0026, 0.05: 0.0003, 0.1: 0.0001
[val] dip size: median 1.27e-04, 90th pct 1.79e-03, 99th pct 3.18e-02, mean 1.56e-03; by pair ['6->24h', '24->48h', '48->96h'] share ['0.0751', '0.0292', '0.0859']
  geoclaw_2050: 500/1000 runs  (226s)
  geoclaw_2050: 1000/1000 runs  (257s)
[held-out geoclaw_2050] raw 0.32883  cummax 0.32887  sort 0.32883  isotonic 0.32882 | raw mono_viol=0.06113
  syn_ts_914_6_1p2955: 500/1000 runs  (279s)
  syn_ts_914_6_1p2955: 1000/1000 runs  (300s)
[held-out syn_ts_914_6_1p2955] raw 0.10478  cummax 0.10481  sort 0.10478  isotonic 0.10478 | raw mono_viol=0.05909
  syn_ts_258_9_3p0022: 500/1000 runs  (330s)
  syn_ts_258_9_3p0022: 1000/1000 runs  (360s)
[held-out syn_ts_258_9_3p0022] raw 0.26391  cummax 0.26377  sort 0.26391  isotonic 0.26390 | raw mono_viol=0.06367
  syn_ts_605_5_3p7563: 500/1000 runs  (394s)
  syn_ts_605_5_3p7563: 1000/1000 runs  (429s)
[held-out syn_ts_605_5_3p7563] raw 0.44143  cummax 0.44101  sort 0.44135  isotonic 0.44115 | raw mono_viol=0.06934
  syn_ts_808_27_3p7885: 500/1000 runs  (461s)
  syn_ts_808_27_3p7885: 1000/1000 runs  (495s)
[held-out syn_ts_808_27_3p7885] raw 0.32292  cummax 0.32288  sort 0.32290  isotonic 0.32290 | raw mono_viol=0.06552
[G2] checkpoint saved val_loss: ref 0.165285 got 0.165285 |diff| 3.20e-09 -> PASS
[G2] ref_eval val loss: ref 0.165285 got 0.165285 |diff| 3.25e-09 -> PASS
wrote /scratch/tj2587/results/gnn_mono_enforce_v1/independent_dynamic_timing.json  (495s)
ALL GATES AND INVARIANTS: PASS
