[gate] /scratch/tj2587/results/legacy_v1_n1000 cascade_results files: 23 (need 23)
[gate] CUDA OK: NVIDIA L40S
arm=static_mask head=hazard ckpt=/scratch/tj2587/results/gnn_hazard_v1/static_mask/best.pt labels=/scratch/tj2587/results/legacy_v1_n1000 timing=unset smoke=0 out=/scratch/tj2587/results/gnn_mono_enforce_v1
Loaded /scratch/tj2587/results/gnn_hazard_v1/static_mask/best.pt: epoch=5 saved val_loss=0.10796490717480671 head=hazard params=695,960 horizons=[6, 24, 48, 96]
Val: 3400 runs | held-out ['geoclaw_2050', 'syn_ts_914_6_1p2955', 'syn_ts_258_9_3p0022', 'syn_ts_605_5_3p7563', 'syn_ts_808_27_3p7885'] (5000 runs) | readings ('raw', 'cummax', 'sort', 'isotonic')
[G1] raw reading vs train.eval_step on 3 runs: max |diff| loss 4.04e-09, mono_viol 0.00e+00, cascade PR 0.00e+00 -> PASS
  val: 500/3400 runs  (33s)
  val: 1000/3400 runs  (54s)
  val: 1500/3400 runs  (75s)
  val: 2000/3400 runs  (97s)
  val: 2500/3400 runs  (119s)
  val: 3000/3400 runs  (140s)
[val] raw       loss=0.10796 brier=0.03453 mono_viol=0.00000 CASCADE-only PR=['0.956', '0.926', '0.908', '0.922'] moved=0.0000 of entries, mean|dp|=0.00e+00
[val] cummax    loss=0.10796 brier=0.03453 mono_viol=0.00000 CASCADE-only PR=['0.956', '0.926', '0.908', '0.922'] moved=0.0000 of entries, mean|dp|=0.00e+00
[val] sort      loss=0.10796 brier=0.03453 mono_viol=0.00000 CASCADE-only PR=['0.956', '0.926', '0.908', '0.922'] moved=0.0000 of entries, mean|dp|=0.00e+00
[val] isotonic  loss=0.10796 brier=0.03453 mono_viol=0.00000 CASCADE-only PR=['0.956', '0.926', '0.908', '0.922'] moved=0.0000 of entries, mean|dp|=3.37e-20
[val] dips: 0 per run; share of pairs with a dip > 1e-06: 0.0000, 0.001: 0.0000, 0.01: 0.0000, 0.05: 0.0000, 0.1: 0.0000
[val] dip size: median nan, 90th pct nan, 99th pct nan, mean nan; by pair ['6->24h', '24->48h', '48->96h'] share ['0.0000', '0.0000', '0.0000']
  geoclaw_2050: 500/1000 runs  (182s)
  geoclaw_2050: 1000/1000 runs  (207s)
[held-out geoclaw_2050] raw 0.14227  cummax 0.14227  sort 0.14227  isotonic 0.14227 | raw mono_viol=0.00000
  syn_ts_914_6_1p2955: 500/1000 runs  (225s)
  syn_ts_914_6_1p2955: 1000/1000 runs  (244s)
[held-out syn_ts_914_6_1p2955] raw 0.08560  cummax 0.08560  sort 0.08560  isotonic 0.08560 | raw mono_viol=0.00000
  syn_ts_258_9_3p0022: 500/1000 runs  (269s)
  syn_ts_258_9_3p0022: 1000/1000 runs  (294s)
[held-out syn_ts_258_9_3p0022] raw 0.12522  cummax 0.12522  sort 0.12522  isotonic 0.12522 | raw mono_viol=0.00000
  syn_ts_605_5_3p7563: 500/1000 runs  (321s)
  syn_ts_605_5_3p7563: 1000/1000 runs  (348s)
[held-out syn_ts_605_5_3p7563] raw 0.20845  cummax 0.20845  sort 0.20845  isotonic 0.20845 | raw mono_viol=0.00000
  syn_ts_808_27_3p7885: 500/1000 runs  (374s)
  syn_ts_808_27_3p7885: 1000/1000 runs  (399s)
[held-out syn_ts_808_27_3p7885] raw 0.14019  cummax 0.14019  sort 0.14019  isotonic 0.14019 | raw mono_viol=0.00000
[G2] checkpoint saved val_loss: ref 0.107965 got 0.107965 |diff| 2.37e-09 -> PASS
wrote /scratch/tj2587/results/gnn_mono_enforce_v1/hazard_static_mask.json  (399s)
ALL GATES AND INVARIANTS: PASS
