=== TRAIN MODE — full training ===
No feature columns dropped (baseline run).
Train: 4000  Val: 1000  Test (held-out scenario=geoclaw_2050): 1000
Subsampled train to 1500
Subsampled val to 500
Model parameters: 662,680
Device: cpu
Run output dir: data/gnn_diag_checkpoints/ablation_no_mask
  Ep00 step  300/1500: loss = 0.29491
  Ep00 step  600/1500: loss = 0.24955
  Ep00 step  900/1500: loss = 0.23156
  Ep00 step 1200/1500: loss = 0.22883
  Ep00 step 1500/1500: loss = 0.21450

Epoch 00/5 | train=0.24387 val=0.28182 | AUC=['0.872', '0.880', '0.877', '0.876'] PR=['0.405', '0.475', '0.476', '0.481'] | CASCADE-only AUC=['0.945', '0.905', '0.892', '0.887'] PR=['0.431', '0.469', '0.462', '0.467'] | 144s

  Ep01 step  300/1500: loss = 0.21800
  Ep01 step  600/1500: loss = 0.21417
  Ep01 step  900/1500: loss = 0.20506
  Ep01 step 1200/1500: loss = 0.20689
  Ep01 step 1500/1500: loss = 0.21090

Epoch 01/5 | train=0.21100 val=0.26839 | AUC=['0.898', '0.899', '0.896', '0.894'] PR=['0.438', '0.502', '0.500', '0.506'] | CASCADE-only AUC=['0.956', '0.912', '0.902', '0.900'] PR=['0.446', '0.487', '0.482', '0.485'] | 288s

  Ep02 step  300/1500: loss = 0.20709
  Ep02 step  600/1500: loss = 0.20043
  Ep02 step  900/1500: loss = 0.19194
  Ep02 step 1200/1500: loss = 0.20856
  Ep02 step 1500/1500: loss = 0.20004

Epoch 02/5 | train=0.20161 val=0.26238 | AUC=['0.913', '0.913', '0.912', '0.910'] PR=['0.462', '0.520', '0.522', '0.527'] | CASCADE-only AUC=['0.965', '0.922', '0.917', '0.917'] PR=['0.444', '0.491', '0.485', '0.495'] | 432s

  Ep03 step  300/1500: loss = 0.20525
  Ep03 step  600/1500: loss = 0.19713
  Ep03 step  900/1500: loss = 0.19467
  Ep03 step 1200/1500: loss = 0.19398
  Ep03 step 1500/1500: loss = 0.19551

Epoch 03/5 | train=0.19731 val=0.25800 | AUC=['0.922', '0.922', '0.920', '0.919'] PR=['0.475', '0.531', '0.531', '0.534'] | CASCADE-only AUC=['0.969', '0.932', '0.925', '0.928'] PR=['0.449', '0.493', '0.487', '0.498'] | 583s

  Ep04 step  300/1500: loss = 0.19287
  Ep04 step  600/1500: loss = 0.18849
  Ep04 step  900/1500: loss = 0.19503
  Ep04 step 1200/1500: loss = 0.19008
  Ep04 step 1500/1500: loss = 0.20035

Epoch 04/5 | train=0.19337 val=0.25390 | AUC=['0.925', '0.922', '0.920', '0.918'] PR=['0.479', '0.531', '0.530', '0.533'] | CASCADE-only AUC=['0.967', '0.928', '0.923', '0.924'] PR=['0.459', '0.503', '0.496', '0.504'] | 726s

Held-out test_loss=0.29420
  ALL-nodes     AUC=[0.9733705749511719, 0.9723532566428185, 0.970212687253952, 0.9710395993590355]  PR=[0.8173311117630498, 0.8670559556102734, 0.856743523806097, 0.8677978267444586]
  CASCADE-only  AUC=[0.9781369904875755, 0.9759431045055389, 0.9735118730068206, 0.9748011448383331]  PR=[0.7280885296780333, 0.8255719305982461, 0.8120536668053063, 0.8361767920509091]
Wrote data/gnn_diag_checkpoints/ablation_no_mask/history.json
