=== TRAIN MODE — full training ===
No feature columns dropped (baseline run).
Train: 4000  Val: 1000  Test (held-out scenario=geoclaw_2050): 1000
Subsampled train to 1500
Subsampled val to 500
Model parameters: 662,680
Device: cpu
Run output dir: data/gnn_diag_checkpoints/ablation_full
  Ep00 step  300/1500: loss = 0.11084
  Ep00 step  600/1500: loss = 0.00996
  Ep00 step  900/1500: loss = 0.00813
  Ep00 step 1200/1500: loss = 0.00844
  Ep00 step 1500/1500: loss = 0.00770

Epoch 00/5 | train=0.02901 val=0.02285 | AUC=['0.999', '1.000', '1.000', '1.000'] PR=['0.995', '1.000', '0.999', '0.999'] | CASCADE-only AUC=['0.998', '1.000', '1.000', '1.000'] PR=['0.972', '0.995', '0.984', '0.997'] | 150s

  Ep01 step  300/1500: loss = 0.00753
  Ep01 step  600/1500: loss = 0.00781
  Ep01 step  900/1500: loss = 0.00737
  Ep01 step 1200/1500: loss = 0.00750
  Ep01 step 1500/1500: loss = 0.00739

Epoch 01/5 | train=0.00752 val=0.02254 | AUC=['0.999', '1.000', '1.000', '1.000'] PR=['0.995', '1.000', '0.999', '0.999'] | CASCADE-only AUC=['0.998', '1.000', '1.000', '1.000'] PR=['0.972', '0.994', '0.986', '0.998'] | 295s

  Ep02 step  300/1500: loss = 0.00747
  Ep02 step  600/1500: loss = 0.00706
  Ep02 step  900/1500: loss = 0.00661
  Ep02 step 1200/1500: loss = 0.00737
  Ep02 step 1500/1500: loss = 0.00693

Epoch 02/5 | train=0.00709 val=0.02231 | AUC=['0.999', '1.000', '1.000', '1.000'] PR=['0.995', '1.000', '0.999', '0.999'] | CASCADE-only AUC=['0.998', '1.000', '1.000', '1.000'] PR=['0.972', '0.995', '0.986', '0.995'] | 441s

  Ep03 step  300/1500: loss = 0.00775
  Ep03 step  600/1500: loss = 0.00697
  Ep03 step  900/1500: loss = 0.00740
  Ep03 step 1200/1500: loss = 0.00682
  Ep03 step 1500/1500: loss = 0.00667

Epoch 03/5 | train=0.00712 val=0.02194 | AUC=['0.999', '1.000', '1.000', '1.000'] PR=['0.995', '1.000', '0.999', '0.999'] | CASCADE-only AUC=['0.998', '1.000', '1.000', '1.000'] PR=['0.972', '0.990', '0.976', '0.997'] | 608s

  Ep04 step  300/1500: loss = 0.00639
  Ep04 step  600/1500: loss = 0.00664
  Ep04 step  900/1500: loss = 0.00862
  Ep04 step 1200/1500: loss = 0.00720
  Ep04 step 1500/1500: loss = 0.00761

Epoch 04/5 | train=0.00729 val=0.02181 | AUC=['0.999', '1.000', '1.000', '1.000'] PR=['0.995', '1.000', '0.999', '0.999'] | CASCADE-only AUC=['0.998', '1.000', '1.000', '1.000'] PR=['0.972', '0.990', '0.985', '0.998'] | 792s

Held-out test_loss=0.03967
  ALL-nodes     AUC=[0.9976435787677765, 0.9999247673749924, 0.9998132342100143, 0.9999480881094932]  PR=[0.9863417636037876, 0.9996870991063039, 0.9992501197317903, 0.9998115933362594]
  CASCADE-only  AUC=[0.9945954096913338, 0.9998697974085807, 0.9996874026060104, 0.9999162197113037]  PR=[0.9313075688291103, 0.9990861138091729, 0.9979163931001682, 0.9995195701750584]
Wrote data/gnn_diag_checkpoints/ablation_full/history.json
