arm=dynamic_mask  labels=/scratch/tj2587/results/dynamic_v1/arrival_h360  timing=unset  ckpt=/scratch/tj2587/results/gnn_2x2_v1/dynamic_mask  smoke=1
[gate] CUDA OK: NVIDIA L40S
[gate] heterodata data/graph/nyc_infra_heterodata_v1_frozen_failover_edges.pt: {'power': 203, 'telecom': 4150, 'hospital': 61, 'subway': 493, 'water': 137, 'fuel': 1187} total=6231 -> OK
[gate] /scratch/tj2587/results/dynamic_v1/arrival_h360 cascade_results files: 23 (need 23)
=== TRAIN MODE — full training ===
Train: 13600  Val: 3400  (17 scenarios) | Test held-out: ['geoclaw_2050', 'syn_ts_914_6_1p2955', 'syn_ts_258_9_3p0022', 'syn_ts_605_5_3p7563', 'syn_ts_808_27_3p7885'] (5000 runs)
Subsampled train to 50
Subsampled val to 20
Model parameters: 695,960
Device: cuda

Epoch 00/1 | train=0.45188 val=0.41389 | AUC=['0.883', '0.855', '0.855', '0.873'] PR=['0.564', '0.486', '0.503', '0.544'] | CASCADE-only AUC=['0.857', '0.830', '0.834', '0.852'] PR=['0.360', '0.415', '0.413', '0.446'] | 4s

  [checkpoint] best.pt updated (epoch 0, val_loss=0.41389)
[held-out geoclaw_2050] test_loss=0.65094 (1000 runs)
  ALL-nodes     AUC=[0.8888663544654846, 0.909457827270031, 0.9035421653985977, 0.8836568809151649]  PR=[0.765737821629811, 0.8678227159657568, 0.8759355272344246, 0.8936607662342823]
  CASCADE-only  AUC=[0.8684489419460296, 0.9001951190829277, 0.8943122716546059, 0.8751669793128968]  PR=[0.661081698526533, 0.8339470877366926, 0.8453574855135854, 0.8726906111044079]
[held-out syn_ts_914_6_1p2955] test_loss=0.29336 (1000 runs)
  ALL-nodes     AUC=[0.8894908131361008, 0.8074390996694565, 0.817633595585823, 0.845726819217205]  PR=[0.43464622194064256, 0.21758879125675076, 0.23827090379889435, 0.3108457128620774]
  CASCADE-only  AUC=[0.8651407737731933, 0.7705866195559502, 0.7847429202198982, 0.8113650482296944]  PR=[0.15547209289606384, 0.11166560166222822, 0.11169125550775258, 0.16286989931561938]
[held-out syn_ts_258_9_3p0022] test_loss=0.62343 (1000 runs)
  ALL-nodes     AUC=[0.8947942980527878, 0.8924375330805778, 0.8881414347887039, 0.8857914321422576]  PR=[0.7820465532369669, 0.8076770927125335, 0.8300785296412071, 0.8684673792091416]
  CASCADE-only  AUC=[0.8713682931661606, 0.8766043919324875, 0.8730814927220345, 0.8738657792806626]  PR=[0.6657594569317563, 0.7378232753929312, 0.772209742621266, 0.8309654748095815]
[held-out syn_ts_605_5_3p7563] test_loss=0.82775 (1000 runs)
  ALL-nodes     AUC=[0.8929502140879632, 0.9292848712205887, 0.927748840212822, 0.9143819272518158]  PR=[0.8536759422407681, 0.9333324047788516, 0.9393027710203058, 0.9393924809413512]
  CASCADE-only  AUC=[0.8647369779944419, 0.9156101675033569, 0.914059347987175, 0.9010491282939911]  PR=[0.751713779750961, 0.9012002583838182, 0.9106979088711676, 0.9152023327451937]
[held-out syn_ts_808_27_3p7885] test_loss=0.74606 (1000 runs)
  ALL-nodes     AUC=[0.8881663807630539, 0.919663421690464, 0.9151908505558968, 0.9005330342054367]  PR=[0.8160795471178759, 0.9038932625757012, 0.9144924387898242, 0.9214751680335023]
  CASCADE-only  AUC=[0.8634572120308877, 0.9077359952330589, 0.9033357080817223, 0.8893357033729553]  PR=[0.7150498081711587, 0.868016843085052, 0.8847048987060235, 0.898757889409011]
