arm=static_timing  labels=/scratch/tj2587/results/legacy_v1_n1000  timing=1  ckpt=/scratch/tj2587/results/gnn_2x2_v1/static_timing  smoke=1
[gate] CUDA OK: NVIDIA L40S
[gate] heterodata data/graph/nyc_infra_heterodata_v1_frozen_failover_edges.pt: {'power': 203, 'telecom': 4150, 'hospital': 61, 'subway': 493, 'water': 137, 'fuel': 1187} total=6231 -> OK
[gate] /scratch/tj2587/results/legacy_v1_n1000 cascade_results files: 23 (need 23)
[gate] timing table OK: 6942 rows
=== TRAIN MODE — full training ===
Train: 13600  Val: 3400  (17 scenarios) | Test held-out: ['geoclaw_2050', 'syn_ts_914_6_1p2955', 'syn_ts_258_9_3p0022', 'syn_ts_605_5_3p7563', 'syn_ts_808_27_3p7885'] (5000 runs)
Subsampled train to 50
Subsampled val to 20
Model parameters: 697,112
Device: cuda
[timing-features] loaded 23 scenarios from data/flood/timing/node_timing_jesse22_v1.csv (features ('arrival_h', 'duration_h', 'time_to_peak_h'), scaled by 96 h)

Epoch 00/1 | train=0.42555 val=0.33532 | AUC=['0.897', '0.851', '0.849', '0.848'] PR=['0.436', '0.413', '0.419', '0.450'] | CASCADE-only AUC=['0.897', '0.851', '0.849', '0.848'] PR=['0.436', '0.413', '0.419', '0.450'] | 4s

  [checkpoint] best.pt updated (epoch 0, val_loss=0.33532)
[held-out geoclaw_2050] test_loss=0.49362 (1000 runs)
  ALL-nodes     AUC=[0.8956612884998322, 0.8642190219759941, 0.8510550392270089, 0.8719873885512353]  PR=[0.6138034361550646, 0.6670016815067443, 0.6817720727683031, 0.7689775766022523]
  CASCADE-only  AUC=[0.8956612884998322, 0.8642190219759941, 0.8510550392270089, 0.8719873885512353]  PR=[0.6138034361550646, 0.6670016815067443, 0.6817720727683031, 0.7689775766022523]
[held-out syn_ts_914_6_1p2955] test_loss=0.25080 (1000 runs)
  ALL-nodes     AUC=[0.9020326825976371, 0.8081734248995781, 0.7993525857925415, 0.7926441342234611]  PR=[0.32317999157623795, 0.16888017189769858, 0.17152175897395558, 0.19359750860292946]
  CASCADE-only  AUC=[0.9020326825976371, 0.8081734248995781, 0.7993525857925415, 0.7926441342234611]  PR=[0.32317999157623795, 0.16888017189769858, 0.17152175897395558, 0.19359750860292946]
[held-out syn_ts_258_9_3p0022] test_loss=0.48203 (1000 runs)
  ALL-nodes     AUC=[0.8942432970404625, 0.8742847754955292, 0.8674948521852494, 0.8812661390900612]  PR=[0.6092870956317435, 0.6863035632042114, 0.7086977264416674, 0.7885327371934073]
  CASCADE-only  AUC=[0.8942432970404625, 0.8742847754955292, 0.8674948521852494, 0.8812661390900612]  PR=[0.6092870956317435, 0.6863035632042114, 0.7086977264416674, 0.7885327371934073]
[held-out syn_ts_605_5_3p7563] test_loss=0.63950 (1000 runs)
  ALL-nodes     AUC=[0.9097206422686577, 0.89555328643322, 0.8918425025343895, 0.8984878083467484]  PR=[0.7848627738763165, 0.7774731170172874, 0.8098597702482516, 0.8536220049611953]
  CASCADE-only  AUC=[0.9060198652148247, 0.8924643543362617, 0.8886798451542854, 0.8955453928709031]  PR=[0.7622560316230752, 0.7618235170731804, 0.7953177724318624, 0.8430314340115741]
[held-out syn_ts_808_27_3p7885] test_loss=0.54356 (1000 runs)
  ALL-nodes     AUC=[0.8974989824891091, 0.8839315730333328, 0.8775843939185143, 0.886888901412487]  PR=[0.6796341924283168, 0.7292369637436414, 0.756543544028142, 0.8192328972564096]
  CASCADE-only  AUC=[0.8974989824891091, 0.8839315730333328, 0.8775843939185143, 0.886888901412487]  PR=[0.6796341924283168, 0.7292369637436414, 0.756543544028142, 0.8192328972564096]
