arm=dynamic_mask  labels=/scratch/tj2587/results/dynamic_v1/arrival_h360  timing=unset  ckpt=/scratch/tj2587/results/gnn_2x2_v1/dynamic_mask  smoke=0
[gate] CUDA OK: NVIDIA L40S
[gate] heterodata data/graph/nyc_infra_heterodata_v1_frozen_failover_edges.pt: {'power': 203, 'telecom': 4150, 'hospital': 61, 'subway': 493, 'water': 137, 'fuel': 1187} total=6231 -> OK
[gate] /scratch/tj2587/results/dynamic_v1/arrival_h360 cascade_results files: 23 (need 23)
=== TRAIN MODE — full training ===
Train: 13600  Val: 3400  (17 scenarios) | Test held-out: ['geoclaw_2050', 'syn_ts_914_6_1p2955', 'syn_ts_258_9_3p0022', 'syn_ts_605_5_3p7563', 'syn_ts_808_27_3p7885'] (5000 runs)
Model parameters: 695,960
Device: cuda
  Ep00 step  100/13600: loss = 0.37961
  Ep00 step  200/13600: loss = 0.32761
  Ep00 step  300/13600: loss = 0.24436
  Ep00 step  400/13600: loss = 0.25227
  Ep00 step  500/13600: loss = 0.23418
  Ep00 step  600/13600: loss = 0.21775
  Ep00 step  700/13600: loss = 0.20846
  Ep00 step  800/13600: loss = 0.22044
  Ep00 step  900/13600: loss = 0.22239
  Ep00 step 1000/13600: loss = 0.20270
  Ep00 step 1100/13600: loss = 0.21568
  Ep00 step 1200/13600: loss = 0.19624
  Ep00 step 1300/13600: loss = 0.19810
  Ep00 step 1400/13600: loss = 0.19787
  Ep00 step 1500/13600: loss = 0.19440
  Ep00 step 1600/13600: loss = 0.19147
  Ep00 step 1700/13600: loss = 0.21164
  Ep00 step 1800/13600: loss = 0.19462
  Ep00 step 1900/13600: loss = 0.18832
  Ep00 step 2000/13600: loss = 0.19549
  Ep00 step 2100/13600: loss = 0.20324
  Ep00 step 2200/13600: loss = 0.19878
  Ep00 step 2300/13600: loss = 0.18172
  Ep00 step 2400/13600: loss = 0.21032
  Ep00 step 2500/13600: loss = 0.19637
  Ep00 step 2600/13600: loss = 0.18190
  Ep00 step 2700/13600: loss = 0.19253
  Ep00 step 2800/13600: loss = 0.19512
  Ep00 step 2900/13600: loss = 0.19711
  Ep00 step 3000/13600: loss = 0.18565
  Ep00 step 3100/13600: loss = 0.19288
  Ep00 step 3200/13600: loss = 0.19453
  Ep00 step 3300/13600: loss = 0.18563
  Ep00 step 3400/13600: loss = 0.19235
  Ep00 step 3500/13600: loss = 0.20121
  Ep00 step 3600/13600: loss = 0.18666
  Ep00 step 3700/13600: loss = 0.18558
  Ep00 step 3800/13600: loss = 0.18955
  Ep00 step 3900/13600: loss = 0.17609
  Ep00 step 4000/13600: loss = 0.18916
  Ep00 step 4100/13600: loss = 0.19095
  Ep00 step 4200/13600: loss = 0.18102
  Ep00 step 4300/13600: loss = 0.17795
  Ep00 step 4400/13600: loss = 0.17995
  Ep00 step 4500/13600: loss = 0.18777
  Ep00 step 4600/13600: loss = 0.18837
  Ep00 step 4700/13600: loss = 0.19869
  Ep00 step 4800/13600: loss = 0.17770
  Ep00 step 4900/13600: loss = 0.16450
  Ep00 step 5000/13600: loss = 0.18948
  Ep00 step 5100/13600: loss = 0.16707
  Ep00 step 5200/13600: loss = 0.18301
  Ep00 step 5300/13600: loss = 0.16871
  Ep00 step 5400/13600: loss = 0.17684
  Ep00 step 5500/13600: loss = 0.18647
  Ep00 step 5600/13600: loss = 0.17367
  Ep00 step 5700/13600: loss = 0.16865
  Ep00 step 5800/13600: loss = 0.17813
  Ep00 step 5900/13600: loss = 0.16970
  Ep00 step 6000/13600: loss = 0.16711
  Ep00 step 6100/13600: loss = 0.17572
  Ep00 step 6200/13600: loss = 0.17341
  Ep00 step 6300/13600: loss = 0.17128
  Ep00 step 6400/13600: loss = 0.16016
  Ep00 step 6500/13600: loss = 0.17300
  Ep00 step 6600/13600: loss = 0.18485
  Ep00 step 6700/13600: loss = 0.18300
  Ep00 step 6800/13600: loss = 0.18316
  Ep00 step 6900/13600: loss = 0.17598
  Ep00 step 7000/13600: loss = 0.17700
  Ep00 step 7100/13600: loss = 0.18128
  Ep00 step 7200/13600: loss = 0.16062
  Ep00 step 7300/13600: loss = 0.18482
  Ep00 step 7400/13600: loss = 0.17825
  Ep00 step 7500/13600: loss = 0.16599
  Ep00 step 7600/13600: loss = 0.17411
  Ep00 step 7700/13600: loss = 0.17500
  Ep00 step 7800/13600: loss = 0.16848
  Ep00 step 7900/13600: loss = 0.17550
  Ep00 step 8000/13600: loss = 0.18181
  Ep00 step 8100/13600: loss = 0.17487
  Ep00 step 8200/13600: loss = 0.17971
  Ep00 step 8300/13600: loss = 0.18005
  Ep00 step 8400/13600: loss = 0.17091
  Ep00 step 8500/13600: loss = 0.17851
  Ep00 step 8600/13600: loss = 0.18607
  Ep00 step 8700/13600: loss = 0.17110
  Ep00 step 8800/13600: loss = 0.17214
  Ep00 step 8900/13600: loss = 0.16442
  Ep00 step 9000/13600: loss = 0.17621
  Ep00 step 9100/13600: loss = 0.18045
  Ep00 step 9200/13600: loss = 0.17257
  Ep00 step 9300/13600: loss = 0.16891
  Ep00 step 9400/13600: loss = 0.18037
  Ep00 step 9500/13600: loss = 0.17631
  Ep00 step 9600/13600: loss = 0.17114
  Ep00 step 9700/13600: loss = 0.17502
  Ep00 step 9800/13600: loss = 0.17196
  Ep00 step 9900/13600: loss = 0.17447
  Ep00 step 10000/13600: loss = 0.16694
  Ep00 step 10100/13600: loss = 0.17687
  Ep00 step 10200/13600: loss = 0.18009
  Ep00 step 10300/13600: loss = 0.17600
  Ep00 step 10400/13600: loss = 0.16372
  Ep00 step 10500/13600: loss = 0.16932
  Ep00 step 10600/13600: loss = 0.16860
  Ep00 step 10700/13600: loss = 0.17008
  Ep00 step 10800/13600: loss = 0.17215
  Ep00 step 10900/13600: loss = 0.16079
  Ep00 step 11000/13600: loss = 0.17783
  Ep00 step 11100/13600: loss = 0.16169
  Ep00 step 11200/13600: loss = 0.17242
  Ep00 step 11300/13600: loss = 0.17572
  Ep00 step 11400/13600: loss = 0.17491
  Ep00 step 11500/13600: loss = 0.17579
  Ep00 step 11600/13600: loss = 0.18178
  Ep00 step 11700/13600: loss = 0.18045
  Ep00 step 11800/13600: loss = 0.16914
  Ep00 step 11900/13600: loss = 0.17811
  Ep00 step 12000/13600: loss = 0.16761
  Ep00 step 12100/13600: loss = 0.16658
  Ep00 step 12200/13600: loss = 0.18000
  Ep00 step 12300/13600: loss = 0.16968
  Ep00 step 12400/13600: loss = 0.17188
  Ep00 step 12500/13600: loss = 0.16259
  Ep00 step 12600/13600: loss = 0.18082
  Ep00 step 12700/13600: loss = 0.16783
  Ep00 step 12800/13600: loss = 0.16845
  Ep00 step 12900/13600: loss = 0.17810
  Ep00 step 13000/13600: loss = 0.16306
  Ep00 step 13100/13600: loss = 0.16474
  Ep00 step 13200/13600: loss = 0.17225
  Ep00 step 13300/13600: loss = 0.18251
  Ep00 step 13400/13600: loss = 0.16207
  Ep00 step 13500/13600: loss = 0.16110
  Ep00 step 13600/13600: loss = 0.17099

Epoch 00/6 | train=0.18439 val=0.19634 | AUC=['0.992', '0.986', '0.980', '0.980'] PR=['0.947', '0.940', '0.930', '0.938'] | CASCADE-only AUC=['0.988', '0.981', '0.974', '0.974'] PR=['0.883', '0.888', '0.882', '0.901'] | 862s

  [checkpoint] best.pt updated (epoch 0, val_loss=0.19634)
  Ep01 step  100/13600: loss = 0.17082
  Ep01 step  200/13600: loss = 0.16804
  Ep01 step  300/13600: loss = 0.18190
  Ep01 step  400/13600: loss = 0.17717
  Ep01 step  500/13600: loss = 0.14862
  Ep01 step  600/13600: loss = 0.17548
  Ep01 step  700/13600: loss = 0.16165
  Ep01 step  800/13600: loss = 0.17454
  Ep01 step  900/13600: loss = 0.17627
  Ep01 step 1000/13600: loss = 0.15133
  Ep01 step 1100/13600: loss = 0.17462
  Ep01 step 1200/13600: loss = 0.17814
  Ep01 step 1300/13600: loss = 0.16963
  Ep01 step 1400/13600: loss = 0.17255
  Ep01 step 1500/13600: loss = 0.17716
  Ep01 step 1600/13600: loss = 0.16819
  Ep01 step 1700/13600: loss = 0.16127
  Ep01 step 1800/13600: loss = 0.18483
  Ep01 step 1900/13600: loss = 0.17536
  Ep01 step 2000/13600: loss = 0.17675
  Ep01 step 2100/13600: loss = 0.16572
  Ep01 step 2200/13600: loss = 0.17779
  Ep01 step 2300/13600: loss = 0.16196
  Ep01 step 2400/13600: loss = 0.16941
  Ep01 step 2500/13600: loss = 0.17598
  Ep01 step 2600/13600: loss = 0.16825
  Ep01 step 2700/13600: loss = 0.16960
  Ep01 step 2800/13600: loss = 0.18212
  Ep01 step 2900/13600: loss = 0.15544
  Ep01 step 3000/13600: loss = 0.16656
  Ep01 step 3100/13600: loss = 0.15874
  Ep01 step 3200/13600: loss = 0.16405
  Ep01 step 3300/13600: loss = 0.17093
  Ep01 step 3400/13600: loss = 0.17721
  Ep01 step 3500/13600: loss = 0.17105
  Ep01 step 3600/13600: loss = 0.17665
  Ep01 step 3700/13600: loss = 0.16864
  Ep01 step 3800/13600: loss = 0.18565
  Ep01 step 3900/13600: loss = 0.17248
  Ep01 step 4000/13600: loss = 0.16637
  Ep01 step 4100/13600: loss = 0.16643
  Ep01 step 4200/13600: loss = 0.17669
  Ep01 step 4300/13600: loss = 0.15942
  Ep01 step 4400/13600: loss = 0.17757
  Ep01 step 4500/13600: loss = 0.16038
  Ep01 step 4600/13600: loss = 0.16304
  Ep01 step 4700/13600: loss = 0.17045
  Ep01 step 4800/13600: loss = 0.16596
  Ep01 step 4900/13600: loss = 0.16919
  Ep01 step 5000/13600: loss = 0.15304
  Ep01 step 5100/13600: loss = 0.16983
  Ep01 step 5200/13600: loss = 0.16184
  Ep01 step 5300/13600: loss = 0.16731
  Ep01 step 5400/13600: loss = 0.15796
  Ep01 step 5500/13600: loss = 0.15577
  Ep01 step 5600/13600: loss = 0.16777
  Ep01 step 5700/13600: loss = 0.16325
  Ep01 step 5800/13600: loss = 0.16373
  Ep01 step 5900/13600: loss = 0.16250
  Ep01 step 6000/13600: loss = 0.16870
  Ep01 step 6100/13600: loss = 0.16770
  Ep01 step 6200/13600: loss = 0.16085
  Ep01 step 6300/13600: loss = 0.17849
  Ep01 step 6400/13600: loss = 0.16366
  Ep01 step 6500/13600: loss = 0.18091
  Ep01 step 6600/13600: loss = 0.17648
  Ep01 step 6700/13600: loss = 0.16724
  Ep01 step 6800/13600: loss = 0.15714
  Ep01 step 6900/13600: loss = 0.17750
  Ep01 step 7000/13600: loss = 0.17538
  Ep01 step 7100/13600: loss = 0.17300
  Ep01 step 7200/13600: loss = 0.15306
  Ep01 step 7300/13600: loss = 0.15823
  Ep01 step 7400/13600: loss = 0.15615
  Ep01 step 7500/13600: loss = 0.17900
  Ep01 step 7600/13600: loss = 0.16398
  Ep01 step 7700/13600: loss = 0.17067
  Ep01 step 7800/13600: loss = 0.17517
  Ep01 step 7900/13600: loss = 0.16252
  Ep01 step 8000/13600: loss = 0.16785
  Ep01 step 8100/13600: loss = 0.17372
  Ep01 step 8200/13600: loss = 0.16299
  Ep01 step 8300/13600: loss = 0.16706
  Ep01 step 8400/13600: loss = 0.16024
  Ep01 step 8500/13600: loss = 0.15614
  Ep01 step 8600/13600: loss = 0.16978
  Ep01 step 8700/13600: loss = 0.17557
  Ep01 step 8800/13600: loss = 0.16322
  Ep01 step 8900/13600: loss = 0.16814
  Ep01 step 9000/13600: loss = 0.16957
  Ep01 step 9100/13600: loss = 0.16016
  Ep01 step 9200/13600: loss = 0.16520
  Ep01 step 9300/13600: loss = 0.16180
  Ep01 step 9400/13600: loss = 0.15981
  Ep01 step 9500/13600: loss = 0.17061
  Ep01 step 9600/13600: loss = 0.15373
  Ep01 step 9700/13600: loss = 0.15096
  Ep01 step 9800/13600: loss = 0.16222
  Ep01 step 9900/13600: loss = 0.17523
  Ep01 step 10000/13600: loss = 0.16714
  Ep01 step 10100/13600: loss = 0.17166
  Ep01 step 10200/13600: loss = 0.15378
  Ep01 step 10300/13600: loss = 0.16461
  Ep01 step 10400/13600: loss = 0.16476
  Ep01 step 10500/13600: loss = 0.15900
  Ep01 step 10600/13600: loss = 0.15409
  Ep01 step 10700/13600: loss = 0.15164
  Ep01 step 10800/13600: loss = 0.16243
  Ep01 step 10900/13600: loss = 0.15759
  Ep01 step 11000/13600: loss = 0.16611
  Ep01 step 11100/13600: loss = 0.16745
  Ep01 step 11200/13600: loss = 0.17508
  Ep01 step 11300/13600: loss = 0.17481
  Ep01 step 11400/13600: loss = 0.16008
  Ep01 step 11500/13600: loss = 0.16504
  Ep01 step 11600/13600: loss = 0.16179
  Ep01 step 11700/13600: loss = 0.17254
  Ep01 step 11800/13600: loss = 0.15626
  Ep01 step 11900/13600: loss = 0.15746
  Ep01 step 12000/13600: loss = 0.15842
  Ep01 step 12100/13600: loss = 0.17195
  Ep01 step 12200/13600: loss = 0.16651
  Ep01 step 12300/13600: loss = 0.16643
  Ep01 step 12400/13600: loss = 0.15342
  Ep01 step 12500/13600: loss = 0.17264
  Ep01 step 12600/13600: loss = 0.15498
  Ep01 step 12700/13600: loss = 0.16650
  Ep01 step 12800/13600: loss = 0.16650
  Ep01 step 12900/13600: loss = 0.16112
  Ep01 step 13000/13600: loss = 0.16671
  Ep01 step 13100/13600: loss = 0.17107
  Ep01 step 13200/13600: loss = 0.16763
  Ep01 step 13300/13600: loss = 0.17110
  Ep01 step 13400/13600: loss = 0.17918
  Ep01 step 13500/13600: loss = 0.16280
  Ep01 step 13600/13600: loss = 0.16786

Epoch 01/6 | train=0.16698 val=0.19006 | AUC=['0.992', '0.986', '0.981', '0.981'] PR=['0.950', '0.939', '0.931', '0.940'] | CASCADE-only AUC=['0.989', '0.981', '0.976', '0.976'] PR=['0.889', '0.888', '0.884', '0.903'] | 1661s

  [checkpoint] best.pt updated (epoch 1, val_loss=0.19006)
  Ep02 step  100/13600: loss = 0.16296
  Ep02 step  200/13600: loss = 0.16807
  Ep02 step  300/13600: loss = 0.16169
  Ep02 step  400/13600: loss = 0.16053
  Ep02 step  500/13600: loss = 0.15417
  Ep02 step  600/13600: loss = 0.16357
  Ep02 step  700/13600: loss = 0.17182
  Ep02 step  800/13600: loss = 0.16600
  Ep02 step  900/13600: loss = 0.17574
  Ep02 step 1000/13600: loss = 0.16357
  Ep02 step 1100/13600: loss = 0.17030
  Ep02 step 1200/13600: loss = 0.16061
  Ep02 step 1300/13600: loss = 0.17060
  Ep02 step 1400/13600: loss = 0.15962
  Ep02 step 1500/13600: loss = 0.17246
  Ep02 step 1600/13600: loss = 0.17323
  Ep02 step 1700/13600: loss = 0.16065
  Ep02 step 1800/13600: loss = 0.17053
  Ep02 step 1900/13600: loss = 0.15937
  Ep02 step 2000/13600: loss = 0.17785
  Ep02 step 2100/13600: loss = 0.16247
  Ep02 step 2200/13600: loss = 0.16186
  Ep02 step 2300/13600: loss = 0.15238
  Ep02 step 2400/13600: loss = 0.15893
  Ep02 step 2500/13600: loss = 0.16321
  Ep02 step 2600/13600: loss = 0.16969
  Ep02 step 2700/13600: loss = 0.16660
  Ep02 step 2800/13600: loss = 0.16638
  Ep02 step 2900/13600: loss = 0.14667
  Ep02 step 3000/13600: loss = 0.16550
  Ep02 step 3100/13600: loss = 0.15986
  Ep02 step 3200/13600: loss = 0.15680
  Ep02 step 3300/13600: loss = 0.18072
  Ep02 step 3400/13600: loss = 0.16765
  Ep02 step 3500/13600: loss = 0.15887
  Ep02 step 3600/13600: loss = 0.15574
  Ep02 step 3700/13600: loss = 0.17081
  Ep02 step 3800/13600: loss = 0.16385
  Ep02 step 3900/13600: loss = 0.16075
  Ep02 step 4000/13600: loss = 0.16831
  Ep02 step 4100/13600: loss = 0.16735
  Ep02 step 4200/13600: loss = 0.15395
  Ep02 step 4300/13600: loss = 0.16298
  Ep02 step 4400/13600: loss = 0.15643
  Ep02 step 4500/13600: loss = 0.16671
  Ep02 step 4600/13600: loss = 0.16836
  Ep02 step 4700/13600: loss = 0.16037
  Ep02 step 4800/13600: loss = 0.16584
  Ep02 step 4900/13600: loss = 0.15952
  Ep02 step 5000/13600: loss = 0.16753
  Ep02 step 5100/13600: loss = 0.17213
  Ep02 step 5200/13600: loss = 0.16818
  Ep02 step 5300/13600: loss = 0.16906
  Ep02 step 5400/13600: loss = 0.15718
  Ep02 step 5500/13600: loss = 0.16899
  Ep02 step 5600/13600: loss = 0.16431
  Ep02 step 5700/13600: loss = 0.15643
  Ep02 step 5800/13600: loss = 0.16287
  Ep02 step 5900/13600: loss = 0.16649
  Ep02 step 6000/13600: loss = 0.16477
  Ep02 step 6100/13600: loss = 0.16227
  Ep02 step 6200/13600: loss = 0.16866
  Ep02 step 6300/13600: loss = 0.16862
  Ep02 step 6400/13600: loss = 0.16804
  Ep02 step 6500/13600: loss = 0.16655
  Ep02 step 6600/13600: loss = 0.17521
  Ep02 step 6700/13600: loss = 0.15340
  Ep02 step 6800/13600: loss = 0.15765
  Ep02 step 6900/13600: loss = 0.16451
  Ep02 step 7000/13600: loss = 0.16437
  Ep02 step 7100/13600: loss = 0.17287
  Ep02 step 7200/13600: loss = 0.15816
  Ep02 step 7300/13600: loss = 0.17395
  Ep02 step 7400/13600: loss = 0.16036
  Ep02 step 7500/13600: loss = 0.16853
  Ep02 step 7600/13600: loss = 0.16478
  Ep02 step 7700/13600: loss = 0.16635
  Ep02 step 7800/13600: loss = 0.17305
  Ep02 step 7900/13600: loss = 0.17055
  Ep02 step 8000/13600: loss = 0.16529
  Ep02 step 8100/13600: loss = 0.16960
  Ep02 step 8200/13600: loss = 0.16078
  Ep02 step 8300/13600: loss = 0.16594
  Ep02 step 8400/13600: loss = 0.14841
  Ep02 step 8500/13600: loss = 0.16711
  Ep02 step 8600/13600: loss = 0.16032
  Ep02 step 8700/13600: loss = 0.16382
  Ep02 step 8800/13600: loss = 0.16152
  Ep02 step 8900/13600: loss = 0.16034
  Ep02 step 9000/13600: loss = 0.16473
  Ep02 step 9100/13600: loss = 0.14244
  Ep02 step 9200/13600: loss = 0.17535
  Ep02 step 9300/13600: loss = 0.16852
  Ep02 step 9400/13600: loss = 0.16593
  Ep02 step 9500/13600: loss = 0.16555
  Ep02 step 9600/13600: loss = 0.15734
  Ep02 step 9700/13600: loss = 0.16403
  Ep02 step 9800/13600: loss = 0.15934
  Ep02 step 9900/13600: loss = 0.17794
  Ep02 step 10000/13600: loss = 0.16930
  Ep02 step 10100/13600: loss = 0.15854
  Ep02 step 10200/13600: loss = 0.17052
  Ep02 step 10300/13600: loss = 0.15421
  Ep02 step 10400/13600: loss = 0.15909
  Ep02 step 10500/13600: loss = 0.16453
  Ep02 step 10600/13600: loss = 0.17345
  Ep02 step 10700/13600: loss = 0.16591
  Ep02 step 10800/13600: loss = 0.16332
  Ep02 step 10900/13600: loss = 0.15605
  Ep02 step 11000/13600: loss = 0.16401
  Ep02 step 11100/13600: loss = 0.16359
  Ep02 step 11200/13600: loss = 0.16788
  Ep02 step 11300/13600: loss = 0.16623
  Ep02 step 11400/13600: loss = 0.17201
  Ep02 step 11500/13600: loss = 0.16840
  Ep02 step 11600/13600: loss = 0.16677
  Ep02 step 11700/13600: loss = 0.16046
  Ep02 step 11800/13600: loss = 0.16822
  Ep02 step 11900/13600: loss = 0.16224
  Ep02 step 12000/13600: loss = 0.17109
  Ep02 step 12100/13600: loss = 0.15209
  Ep02 step 12200/13600: loss = 0.16276
  Ep02 step 12300/13600: loss = 0.16018
  Ep02 step 12400/13600: loss = 0.15564
  Ep02 step 12500/13600: loss = 0.16431
  Ep02 step 12600/13600: loss = 0.16009
  Ep02 step 12700/13600: loss = 0.16274
  Ep02 step 12800/13600: loss = 0.15982
  Ep02 step 12900/13600: loss = 0.17168
  Ep02 step 13000/13600: loss = 0.16280
  Ep02 step 13100/13600: loss = 0.17014
  Ep02 step 13200/13600: loss = 0.16586
  Ep02 step 13300/13600: loss = 0.17118
  Ep02 step 13400/13600: loss = 0.16201
  Ep02 step 13500/13600: loss = 0.16212
  Ep02 step 13600/13600: loss = 0.15767

Epoch 02/6 | train=0.16433 val=0.19010 | AUC=['0.993', '0.988', '0.983', '0.984'] PR=['0.955', '0.945', '0.936', '0.946'] | CASCADE-only AUC=['0.990', '0.984', '0.978', '0.980'] PR=['0.901', '0.899', '0.892', '0.913'] | 2533s

  Ep03 step  100/13600: loss = 0.17148
  Ep03 step  200/13600: loss = 0.16965
  Ep03 step  300/13600: loss = 0.16610
  Ep03 step  400/13600: loss = 0.15379
  Ep03 step  500/13600: loss = 0.17058
  Ep03 step  600/13600: loss = 0.16745
  Ep03 step  700/13600: loss = 0.16189
  Ep03 step  800/13600: loss = 0.16915
  Ep03 step  900/13600: loss = 0.16634
  Ep03 step 1000/13600: loss = 0.16407
  Ep03 step 1100/13600: loss = 0.16326
  Ep03 step 1200/13600: loss = 0.17105
  Ep03 step 1300/13600: loss = 0.15749
  Ep03 step 1400/13600: loss = 0.16862
  Ep03 step 1500/13600: loss = 0.16276
  Ep03 step 1600/13600: loss = 0.15392
  Ep03 step 1700/13600: loss = 0.16152
  Ep03 step 1800/13600: loss = 0.17274
  Ep03 step 1900/13600: loss = 0.16935
  Ep03 step 2000/13600: loss = 0.16523
  Ep03 step 2100/13600: loss = 0.15975
  Ep03 step 2200/13600: loss = 0.15639
  Ep03 step 2300/13600: loss = 0.16572
  Ep03 step 2400/13600: loss = 0.15424
  Ep03 step 2500/13600: loss = 0.15736
  Ep03 step 2600/13600: loss = 0.16413
  Ep03 step 2700/13600: loss = 0.17053
  Ep03 step 2800/13600: loss = 0.16071
  Ep03 step 2900/13600: loss = 0.17050
  Ep03 step 3000/13600: loss = 0.16648
  Ep03 step 3100/13600: loss = 0.16896
  Ep03 step 3200/13600: loss = 0.16578
  Ep03 step 3300/13600: loss = 0.17048
  Ep03 step 3400/13600: loss = 0.16053
  Ep03 step 3500/13600: loss = 0.16008
  Ep03 step 3600/13600: loss = 0.16395
  Ep03 step 3700/13600: loss = 0.16523
  Ep03 step 3800/13600: loss = 0.16762
  Ep03 step 3900/13600: loss = 0.15584
  Ep03 step 4000/13600: loss = 0.17256
  Ep03 step 4100/13600: loss = 0.17580
  Ep03 step 4200/13600: loss = 0.16585
  Ep03 step 4300/13600: loss = 0.16979
  Ep03 step 4400/13600: loss = 0.16176
  Ep03 step 4500/13600: loss = 0.17275
  Ep03 step 4600/13600: loss = 0.14999
  Ep03 step 4700/13600: loss = 0.16664
  Ep03 step 4800/13600: loss = 0.16629
  Ep03 step 4900/13600: loss = 0.16938
  Ep03 step 5000/13600: loss = 0.15975
  Ep03 step 5100/13600: loss = 0.15912
  Ep03 step 5200/13600: loss = 0.16146
  Ep03 step 5300/13600: loss = 0.15958
  Ep03 step 5400/13600: loss = 0.15907
  Ep03 step 5500/13600: loss = 0.16011
  Ep03 step 5600/13600: loss = 0.16464
  Ep03 step 5700/13600: loss = 0.15714
  Ep03 step 5800/13600: loss = 0.16136
  Ep03 step 5900/13600: loss = 0.15424
  Ep03 step 6000/13600: loss = 0.15999
  Ep03 step 6100/13600: loss = 0.16422
  Ep03 step 6200/13600: loss = 0.16734
  Ep03 step 6300/13600: loss = 0.16031
  Ep03 step 6400/13600: loss = 0.15479
  Ep03 step 6500/13600: loss = 0.15344
  Ep03 step 6600/13600: loss = 0.16685
  Ep03 step 6700/13600: loss = 0.16456
  Ep03 step 6800/13600: loss = 0.16012
  Ep03 step 6900/13600: loss = 0.15497
  Ep03 step 7000/13600: loss = 0.15190
  Ep03 step 7100/13600: loss = 0.15359
  Ep03 step 7200/13600: loss = 0.17117
  Ep03 step 7300/13600: loss = 0.15583
  Ep03 step 7400/13600: loss = 0.16118
  Ep03 step 7500/13600: loss = 0.16928
  Ep03 step 7600/13600: loss = 0.15544
  Ep03 step 7700/13600: loss = 0.14751
  Ep03 step 7800/13600: loss = 0.16880
  Ep03 step 7900/13600: loss = 0.15238
  Ep03 step 8000/13600: loss = 0.16827
  Ep03 step 8100/13600: loss = 0.15936
  Ep03 step 8200/13600: loss = 0.15767
  Ep03 step 8300/13600: loss = 0.16270
  Ep03 step 8400/13600: loss = 0.16144
  Ep03 step 8500/13600: loss = 0.15898
  Ep03 step 8600/13600: loss = 0.14870
  Ep03 step 8700/13600: loss = 0.15446
  Ep03 step 8800/13600: loss = 0.15693
  Ep03 step 8900/13600: loss = 0.16826
  Ep03 step 9000/13600: loss = 0.16350
  Ep03 step 9100/13600: loss = 0.16826
  Ep03 step 9200/13600: loss = 0.16031
  Ep03 step 9300/13600: loss = 0.15280
  Ep03 step 9400/13600: loss = 0.17480
  Ep03 step 9500/13600: loss = 0.16191
  Ep03 step 9600/13600: loss = 0.15646
  Ep03 step 9700/13600: loss = 0.17723
  Ep03 step 9800/13600: loss = 0.15814
  Ep03 step 9900/13600: loss = 0.17787
  Ep03 step 10000/13600: loss = 0.17224
  Ep03 step 10100/13600: loss = 0.15818
  Ep03 step 10200/13600: loss = 0.16567
  Ep03 step 10300/13600: loss = 0.15718
  Ep03 step 10400/13600: loss = 0.15943
  Ep03 step 10500/13600: loss = 0.15819
  Ep03 step 10600/13600: loss = 0.15920
  Ep03 step 10700/13600: loss = 0.16491
  Ep03 step 10800/13600: loss = 0.16508
  Ep03 step 10900/13600: loss = 0.16119
  Ep03 step 11000/13600: loss = 0.17620
  Ep03 step 11100/13600: loss = 0.16202
  Ep03 step 11200/13600: loss = 0.16415
  Ep03 step 11300/13600: loss = 0.17198
  Ep03 step 11400/13600: loss = 0.16408
  Ep03 step 11500/13600: loss = 0.16023
  Ep03 step 11600/13600: loss = 0.15530
  Ep03 step 11700/13600: loss = 0.16363
  Ep03 step 11800/13600: loss = 0.16553
  Ep03 step 11900/13600: loss = 0.17312
  Ep03 step 12000/13600: loss = 0.16503
  Ep03 step 12100/13600: loss = 0.16795
  Ep03 step 12200/13600: loss = 0.15461
  Ep03 step 12300/13600: loss = 0.16013
  Ep03 step 12400/13600: loss = 0.16217
  Ep03 step 12500/13600: loss = 0.16784
  Ep03 step 12600/13600: loss = 0.16793
  Ep03 step 12700/13600: loss = 0.16129
  Ep03 step 12800/13600: loss = 0.16447
  Ep03 step 12900/13600: loss = 0.16400
  Ep03 step 13000/13600: loss = 0.16557
  Ep03 step 13100/13600: loss = 0.16940
  Ep03 step 13200/13600: loss = 0.14971
  Ep03 step 13300/13600: loss = 0.15545
  Ep03 step 13400/13600: loss = 0.17491
  Ep03 step 13500/13600: loss = 0.16684
  Ep03 step 13600/13600: loss = 0.17505

Epoch 03/6 | train=0.16316 val=0.19102 | AUC=['0.992', '0.987', '0.981', '0.982'] PR=['0.950', '0.940', '0.932', '0.941'] | CASCADE-only AUC=['0.989', '0.982', '0.976', '0.977'] PR=['0.890', '0.889', '0.884', '0.904'] | 3361s

  Ep04 step  100/13600: loss = 0.16616
  Ep04 step  200/13600: loss = 0.15997
  Ep04 step  300/13600: loss = 0.14653
  Ep04 step  400/13600: loss = 0.15991
  Ep04 step  500/13600: loss = 0.15438
  Ep04 step  600/13600: loss = 0.16954
  Ep04 step  700/13600: loss = 0.16236
  Ep04 step  800/13600: loss = 0.16548
  Ep04 step  900/13600: loss = 0.16131
  Ep04 step 1000/13600: loss = 0.16620
  Ep04 step 1100/13600: loss = 0.17123
  Ep04 step 1200/13600: loss = 0.16938
  Ep04 step 1300/13600: loss = 0.15638
  Ep04 step 1400/13600: loss = 0.17077
  Ep04 step 1500/13600: loss = 0.16583
  Ep04 step 1600/13600: loss = 0.15436
  Ep04 step 1700/13600: loss = 0.17365
  Ep04 step 1800/13600: loss = 0.16162
  Ep04 step 1900/13600: loss = 0.16666
  Ep04 step 2000/13600: loss = 0.16596
  Ep04 step 2100/13600: loss = 0.16843
  Ep04 step 2200/13600: loss = 0.15669
  Ep04 step 2300/13600: loss = 0.16206
  Ep04 step 2400/13600: loss = 0.16653
  Ep04 step 2500/13600: loss = 0.17040
  Ep04 step 2600/13600: loss = 0.15744
  Ep04 step 2700/13600: loss = 0.16525
  Ep04 step 2800/13600: loss = 0.15955
  Ep04 step 2900/13600: loss = 0.15442
  Ep04 step 3000/13600: loss = 0.15566
  Ep04 step 3100/13600: loss = 0.17119
  Ep04 step 3200/13600: loss = 0.15790
  Ep04 step 3300/13600: loss = 0.17031
  Ep04 step 3400/13600: loss = 0.16294
  Ep04 step 3500/13600: loss = 0.17117
  Ep04 step 3600/13600: loss = 0.15950
  Ep04 step 3700/13600: loss = 0.16805
  Ep04 step 3800/13600: loss = 0.17256
  Ep04 step 3900/13600: loss = 0.16176
  Ep04 step 4000/13600: loss = 0.15749
  Ep04 step 4100/13600: loss = 0.16421
  Ep04 step 4200/13600: loss = 0.15750
  Ep04 step 4300/13600: loss = 0.15743
  Ep04 step 4400/13600: loss = 0.15573
  Ep04 step 4500/13600: loss = 0.16338
  Ep04 step 4600/13600: loss = 0.16231
  Ep04 step 4700/13600: loss = 0.15027
  Ep04 step 4800/13600: loss = 0.16036
  Ep04 step 4900/13600: loss = 0.16101
  Ep04 step 5000/13600: loss = 0.15326
  Ep04 step 5100/13600: loss = 0.14747
  Ep04 step 5200/13600: loss = 0.16791
  Ep04 step 5300/13600: loss = 0.16484
  Ep04 step 5400/13600: loss = 0.17336
  Ep04 step 5500/13600: loss = 0.16554
  Ep04 step 5600/13600: loss = 0.16283
  Ep04 step 5700/13600: loss = 0.15075
  Ep04 step 5800/13600: loss = 0.15704
  Ep04 step 5900/13600: loss = 0.16598
  Ep04 step 6000/13600: loss = 0.15442
  Ep04 step 6100/13600: loss = 0.16606
  Ep04 step 6200/13600: loss = 0.14919
  Ep04 step 6300/13600: loss = 0.16009
  Ep04 step 6400/13600: loss = 0.16475
  Ep04 step 6500/13600: loss = 0.15658
  Ep04 step 6600/13600: loss = 0.16681
  Ep04 step 6700/13600: loss = 0.17033
  Ep04 step 6800/13600: loss = 0.17290
  Ep04 step 6900/13600: loss = 0.16598
  Ep04 step 7000/13600: loss = 0.17012
  Ep04 step 7100/13600: loss = 0.15849
  Ep04 step 7200/13600: loss = 0.15814
  Ep04 step 7300/13600: loss = 0.16899
  Ep04 step 7400/13600: loss = 0.17053
  Ep04 step 7500/13600: loss = 0.16495
  Ep04 step 7600/13600: loss = 0.16684
  Ep04 step 7700/13600: loss = 0.16896
  Ep04 step 7800/13600: loss = 0.16198
  Ep04 step 7900/13600: loss = 0.16328
  Ep04 step 8000/13600: loss = 0.16946
  Ep04 step 8100/13600: loss = 0.17263
  Ep04 step 8200/13600: loss = 0.16893
  Ep04 step 8300/13600: loss = 0.15787
  Ep04 step 8400/13600: loss = 0.14983
  Ep04 step 8500/13600: loss = 0.14453
  Ep04 step 8600/13600: loss = 0.16360
  Ep04 step 8700/13600: loss = 0.15613
  Ep04 step 8800/13600: loss = 0.16160
  Ep04 step 8900/13600: loss = 0.15886
  Ep04 step 9000/13600: loss = 0.15643
  Ep04 step 9100/13600: loss = 0.15351
  Ep04 step 9200/13600: loss = 0.14849
  Ep04 step 9300/13600: loss = 0.16212
  Ep04 step 9400/13600: loss = 0.16899
  Ep04 step 9500/13600: loss = 0.14995
  Ep04 step 9600/13600: loss = 0.16594
  Ep04 step 9700/13600: loss = 0.17840
  Ep04 step 9800/13600: loss = 0.15944
  Ep04 step 9900/13600: loss = 0.16067
  Ep04 step 10000/13600: loss = 0.16083
  Ep04 step 10100/13600: loss = 0.17307
  Ep04 step 10200/13600: loss = 0.15621
  Ep04 step 10300/13600: loss = 0.16425
  Ep04 step 10400/13600: loss = 0.17703
  Ep04 step 10500/13600: loss = 0.16994
  Ep04 step 10600/13600: loss = 0.16374
  Ep04 step 10700/13600: loss = 0.16335
  Ep04 step 10800/13600: loss = 0.16407
  Ep04 step 10900/13600: loss = 0.17354
  Ep04 step 11000/13600: loss = 0.16305
  Ep04 step 11100/13600: loss = 0.15716
  Ep04 step 11200/13600: loss = 0.16781
  Ep04 step 11300/13600: loss = 0.16265
  Ep04 step 11400/13600: loss = 0.15265
  Ep04 step 11500/13600: loss = 0.15759
  Ep04 step 11600/13600: loss = 0.15960
  Ep04 step 11700/13600: loss = 0.15894
  Ep04 step 11800/13600: loss = 0.16303
  Ep04 step 11900/13600: loss = 0.14973
  Ep04 step 12000/13600: loss = 0.15886
  Ep04 step 12100/13600: loss = 0.16249
  Ep04 step 12200/13600: loss = 0.16321
  Ep04 step 12300/13600: loss = 0.16688
  Ep04 step 12400/13600: loss = 0.15494
  Ep04 step 12500/13600: loss = 0.14952
  Ep04 step 12600/13600: loss = 0.17286
  Ep04 step 12700/13600: loss = 0.16743
  Ep04 step 12800/13600: loss = 0.14731
  Ep04 step 12900/13600: loss = 0.15281
  Ep04 step 13000/13600: loss = 0.15533
  Ep04 step 13100/13600: loss = 0.16572
  Ep04 step 13200/13600: loss = 0.16309
  Ep04 step 13300/13600: loss = 0.16979
  Ep04 step 13400/13600: loss = 0.17115
  Ep04 step 13500/13600: loss = 0.16562
  Ep04 step 13600/13600: loss = 0.15532

Epoch 04/6 | train=0.16225 val=0.18979 | AUC=['0.993', '0.988', '0.983', '0.985'] PR=['0.955', '0.947', '0.939', '0.950'] | CASCADE-only AUC=['0.990', '0.984', '0.979', '0.981'] PR=['0.900', '0.901', '0.896', '0.918'] | 4207s

  [checkpoint] best.pt updated (epoch 4, val_loss=0.18979)
  Ep05 step  100/13600: loss = 0.16088
  Ep05 step  200/13600: loss = 0.15798
  Ep05 step  300/13600: loss = 0.15762
  Ep05 step  400/13600: loss = 0.16112
  Ep05 step  500/13600: loss = 0.16935
  Ep05 step  600/13600: loss = 0.16512
  Ep05 step  700/13600: loss = 0.15943
  Ep05 step  800/13600: loss = 0.16869
  Ep05 step  900/13600: loss = 0.16411
  Ep05 step 1000/13600: loss = 0.15986
  Ep05 step 1100/13600: loss = 0.15420
  Ep05 step 1200/13600: loss = 0.15514
  Ep05 step 1300/13600: loss = 0.15444
  Ep05 step 1400/13600: loss = 0.17103
  Ep05 step 1500/13600: loss = 0.17382
  Ep05 step 1600/13600: loss = 0.16611
  Ep05 step 1700/13600: loss = 0.16352
  Ep05 step 1800/13600: loss = 0.15784
  Ep05 step 1900/13600: loss = 0.16847
  Ep05 step 2000/13600: loss = 0.15397
  Ep05 step 2100/13600: loss = 0.16109
  Ep05 step 2200/13600: loss = 0.16100
  Ep05 step 2300/13600: loss = 0.16465
  Ep05 step 2400/13600: loss = 0.14541
  Ep05 step 2500/13600: loss = 0.16271
  Ep05 step 2600/13600: loss = 0.16473
  Ep05 step 2700/13600: loss = 0.15883
  Ep05 step 2800/13600: loss = 0.16892
  Ep05 step 2900/13600: loss = 0.15809
  Ep05 step 3000/13600: loss = 0.16852
  Ep05 step 3100/13600: loss = 0.17169
  Ep05 step 3200/13600: loss = 0.15826
  Ep05 step 3300/13600: loss = 0.16881
  Ep05 step 3400/13600: loss = 0.16107
  Ep05 step 3500/13600: loss = 0.15846
  Ep05 step 3600/13600: loss = 0.15300
  Ep05 step 3700/13600: loss = 0.16806
  Ep05 step 3800/13600: loss = 0.16324
  Ep05 step 3900/13600: loss = 0.16438
  Ep05 step 4000/13600: loss = 0.14800
  Ep05 step 4100/13600: loss = 0.15866
  Ep05 step 4200/13600: loss = 0.16299
  Ep05 step 4300/13600: loss = 0.15607
  Ep05 step 4400/13600: loss = 0.15980
  Ep05 step 4500/13600: loss = 0.16173
  Ep05 step 4600/13600: loss = 0.15761
  Ep05 step 4700/13600: loss = 0.16787
  Ep05 step 4800/13600: loss = 0.16620
  Ep05 step 4900/13600: loss = 0.15607
  Ep05 step 5000/13600: loss = 0.15408
  Ep05 step 5100/13600: loss = 0.16543
  Ep05 step 5200/13600: loss = 0.15860
  Ep05 step 5300/13600: loss = 0.15875
  Ep05 step 5400/13600: loss = 0.16917
  Ep05 step 5500/13600: loss = 0.16393
  Ep05 step 5600/13600: loss = 0.16877
  Ep05 step 5700/13600: loss = 0.16712
  Ep05 step 5800/13600: loss = 0.15641
  Ep05 step 5900/13600: loss = 0.16211
  Ep05 step 6000/13600: loss = 0.16174
  Ep05 step 6100/13600: loss = 0.16294
  Ep05 step 6200/13600: loss = 0.15300
  Ep05 step 6300/13600: loss = 0.15534
  Ep05 step 6400/13600: loss = 0.17806
  Ep05 step 6500/13600: loss = 0.15608
  Ep05 step 6600/13600: loss = 0.16124
  Ep05 step 6700/13600: loss = 0.16522
  Ep05 step 6800/13600: loss = 0.16170
  Ep05 step 6900/13600: loss = 0.18240
  Ep05 step 7000/13600: loss = 0.16368
  Ep05 step 7100/13600: loss = 0.17118
  Ep05 step 7200/13600: loss = 0.16988
  Ep05 step 7300/13600: loss = 0.16486
  Ep05 step 7400/13600: loss = 0.15707
  Ep05 step 7500/13600: loss = 0.16965
  Ep05 step 7600/13600: loss = 0.15464
  Ep05 step 7700/13600: loss = 0.16023
  Ep05 step 7800/13600: loss = 0.15225
  Ep05 step 7900/13600: loss = 0.15882
  Ep05 step 8000/13600: loss = 0.16532
  Ep05 step 8100/13600: loss = 0.17396
  Ep05 step 8200/13600: loss = 0.15206
  Ep05 step 8300/13600: loss = 0.17552
  Ep05 step 8400/13600: loss = 0.15402
  Ep05 step 8500/13600: loss = 0.15432
  Ep05 step 8600/13600: loss = 0.14997
  Ep05 step 8700/13600: loss = 0.16288
  Ep05 step 8800/13600: loss = 0.15519
  Ep05 step 8900/13600: loss = 0.16004
  Ep05 step 9000/13600: loss = 0.15831
  Ep05 step 9100/13600: loss = 0.17094
  Ep05 step 9200/13600: loss = 0.16349
  Ep05 step 9300/13600: loss = 0.15396
  Ep05 step 9400/13600: loss = 0.16675
  Ep05 step 9500/13600: loss = 0.17023
  Ep05 step 9600/13600: loss = 0.16778
  Ep05 step 9700/13600: loss = 0.16986
  Ep05 step 9800/13600: loss = 0.16559
  Ep05 step 9900/13600: loss = 0.15883
  Ep05 step 10000/13600: loss = 0.16235
  Ep05 step 10100/13600: loss = 0.14979
  Ep05 step 10200/13600: loss = 0.15907
  Ep05 step 10300/13600: loss = 0.15917
  Ep05 step 10400/13600: loss = 0.16551
  Ep05 step 10500/13600: loss = 0.16270
  Ep05 step 10600/13600: loss = 0.16681
  Ep05 step 10700/13600: loss = 0.16415
  Ep05 step 10800/13600: loss = 0.16597
  Ep05 step 10900/13600: loss = 0.15937
  Ep05 step 11000/13600: loss = 0.15518
  Ep05 step 11100/13600: loss = 0.15513
  Ep05 step 11200/13600: loss = 0.15218
  Ep05 step 11300/13600: loss = 0.16584
  Ep05 step 11400/13600: loss = 0.15300
  Ep05 step 11500/13600: loss = 0.16788
  Ep05 step 11600/13600: loss = 0.17096
  Ep05 step 11700/13600: loss = 0.16446
  Ep05 step 11800/13600: loss = 0.16426
  Ep05 step 11900/13600: loss = 0.16990
  Ep05 step 12000/13600: loss = 0.15752
  Ep05 step 12100/13600: loss = 0.16171
  Ep05 step 12200/13600: loss = 0.16074
  Ep05 step 12300/13600: loss = 0.15875
  Ep05 step 12400/13600: loss = 0.16659
  Ep05 step 12500/13600: loss = 0.16146
  Ep05 step 12600/13600: loss = 0.16410
  Ep05 step 12700/13600: loss = 0.16464
  Ep05 step 12800/13600: loss = 0.15987
  Ep05 step 12900/13600: loss = 0.16440
  Ep05 step 13000/13600: loss = 0.16144
  Ep05 step 13100/13600: loss = 0.14678
  Ep05 step 13200/13600: loss = 0.16665
  Ep05 step 13300/13600: loss = 0.15893
  Ep05 step 13400/13600: loss = 0.15200
  Ep05 step 13500/13600: loss = 0.15584
  Ep05 step 13600/13600: loss = 0.16368

Epoch 05/6 | train=0.16184 val=0.18774 | AUC=['0.993', '0.988', '0.983', '0.984'] PR=['0.955', '0.947', '0.938', '0.948'] | CASCADE-only AUC=['0.990', '0.984', '0.978', '0.980'] PR=['0.901', '0.901', '0.895', '0.916'] | 5064s

  [checkpoint] best.pt updated (epoch 5, val_loss=0.18774)
[held-out geoclaw_2050] test_loss=0.33227 (1000 runs)
  ALL-nodes     AUC=[0.9925173808336258, 0.984476416349411, 0.9752915610671044, 0.983906861960888]  PR=[0.9730572245642432, 0.9700036976547367, 0.9608781792498138, 0.9841219142728227]
  CASCADE-only  AUC=[0.9905045697689057, 0.9821177733540535, 0.9720808849334717, 0.9823914506435394]  PR=[0.9552220192509006, 0.9592176359940598, 0.9487608080471492, 0.9804029809253288]
[held-out syn_ts_914_6_1p2955] test_loss=0.12620 (1000 runs)
  ALL-nodes     AUC=[0.9968072236180305, 0.9918218773007393, 0.9898729152083396, 0.9859838531017303]  PR=[0.964151855866186, 0.9408927613973556, 0.9424771739355279, 0.9346672710386394]
  CASCADE-only  AUC=[0.9943566946983338, 0.9877382290363311, 0.985470303952694, 0.9804426854252816]  PR=[0.9130722902708182, 0.8914721293772293, 0.9000932762333382, 0.8945830498265354]
[held-out syn_ts_258_9_3p0022] test_loss=0.27341 (1000 runs)
  ALL-nodes     AUC=[0.9922195375561714, 0.9854207544922828, 0.9792574400305748, 0.9870955653786659]  PR=[0.9724524275064567, 0.969472379317744, 0.9640319650674034, 0.9841905428530923]
  CASCADE-only  AUC=[0.9896685976982117, 0.9823019258379936, 0.9756522400975227, 0.9853197429776192]  PR=[0.9494774693456757, 0.953966021450885, 0.9486581226244298, 0.9786621846850122]
[held-out syn_ts_605_5_3p7563] test_loss=0.47850 (1000 runs)
  ALL-nodes     AUC=[0.9828385511636734, 0.9902975299358368, 0.9906433779001236, 0.9920182447433472]  PR=[0.9774026491032155, 0.9906064031473717, 0.9918515037257306, 0.9943705371749316]
  CASCADE-only  AUC=[0.9772687278985978, 0.9878948889374733, 0.9885095300078393, 0.9904612787365913]  PR=[0.9609300131811356, 0.9853149786539706, 0.987577022204339, 0.9917495225732703]
[held-out syn_ts_808_27_3p7885] test_loss=0.38056 (1000 runs)
  ALL-nodes     AUC=[0.9854759588837624, 0.9934198214411736, 0.9898358153700828, 0.9919267204999924]  PR=[0.9765173672725797, 0.990655572702719, 0.987789307515317, 0.9931038508910127]
  CASCADE-only  AUC=[0.9817029250264168, 0.9920709040164948, 0.9880438209176063, 0.9907703775763511]  PR=[0.9630008841717864, 0.9861419257530822, 0.9825874520593473, 0.9907113755995204]
