arm=dynamic_timing  labels=/scratch/tj2587/results/dynamic_v1/arrival_h360  timing=1  ckpt=/scratch/tj2587/results/gnn_2x2_v1/dynamic_timing  smoke=1
[gate] CUDA OK: NVIDIA L40S
[gate] heterodata data/graph/nyc_infra_heterodata_v1_frozen_failover_edges.pt: {'power': 203, 'telecom': 4150, 'hospital': 61, 'subway': 493, 'water': 137, 'fuel': 1187} total=6231 -> OK
[gate] /scratch/tj2587/results/dynamic_v1/arrival_h360 cascade_results files: 23 (need 23)
[gate] timing table OK: 6942 rows
=== TRAIN MODE — full training ===
Train: 13600  Val: 3400  (17 scenarios) | Test held-out: ['geoclaw_2050', 'syn_ts_914_6_1p2955', 'syn_ts_258_9_3p0022', 'syn_ts_605_5_3p7563', 'syn_ts_808_27_3p7885'] (5000 runs)
Subsampled train to 50
Subsampled val to 20
Model parameters: 697,112
Device: cuda
[timing-features] loaded 23 scenarios from data/flood/timing/node_timing_jesse22_v1.csv (features ('arrival_h', 'duration_h', 'time_to_peak_h'), scaled by 96 h)

Epoch 00/1 | train=0.46382 val=0.41628 | AUC=['0.898', '0.867', '0.876', '0.875'] PR=['0.656', '0.562', '0.623', '0.541'] | CASCADE-only AUC=['0.856', '0.831', '0.839', '0.856'] PR=['0.372', '0.393', '0.421', '0.443'] | 6s

  [checkpoint] best.pt updated (epoch 0, val_loss=0.41628)
[held-out geoclaw_2050] test_loss=0.66522 (1000 runs)
  ALL-nodes     AUC=[0.9020025928616524, 0.9139001801013946, 0.9126390273571015, 0.8767321671843529]  PR=[0.7721852397402263, 0.8723780723370157, 0.8858279122702428, 0.8922066214239643]
  CASCADE-only  AUC=[0.8801765956282616, 0.9035999423861504, 0.9025445513129234, 0.8670052751302719]  PR=[0.6521498168746668, 0.836780892354756, 0.8532982198332955, 0.8682716242954903]
[held-out syn_ts_914_6_1p2955] test_loss=0.29225 (1000 runs)
  ALL-nodes     AUC=[0.9028316761255264, 0.8108213451504708, 0.8283024744391442, 0.8432605991363525]  PR=[0.5747518493787456, 0.3222513147307358, 0.40278123516401626, 0.3023059001426143]
  CASCADE-only  AUC=[0.8550591797828674, 0.7541264568567276, 0.770964686691761, 0.810371553838253]  PR=[0.19469872714733993, 0.09437274553132607, 0.1296475948566966, 0.1653446914940501]
[held-out syn_ts_258_9_3p0022] test_loss=0.63187 (1000 runs)
  ALL-nodes     AUC=[0.907793362557888, 0.9004652851223945, 0.9018686683177948, 0.8858057864308357]  PR=[0.7916445158752003, 0.8215499249363729, 0.848580862509317, 0.8709761989025783]
  CASCADE-only  AUC=[0.8828374166488647, 0.8831126676797867, 0.8862549642324448, 0.8733473123311997]  PR=[0.6580592672208441, 0.7439933715271632, 0.7863569767803602, 0.829589356100133]
[held-out syn_ts_605_5_3p7563] test_loss=0.83564 (1000 runs)
  ALL-nodes     AUC=[0.9068504900336266, 0.9333971390128135, 0.9355666936039925, 0.9067263354659081]  PR=[0.8683830765371089, 0.9362289549934355, 0.9457835312524993, 0.9382219218367478]
  CASCADE-only  AUC=[0.8791409548521042, 0.9184416132569313, 0.92170365691185, 0.8907819508314133]  PR=[0.7675269666073918, 0.9025104085151118, 0.9172978950410726, 0.9090074218505309]
[held-out syn_ts_808_27_3p7885] test_loss=0.75402 (1000 runs)
  ALL-nodes     AUC=[0.902510926425457, 0.9251312106847763, 0.9244476236701011, 0.8938830335140229]  PR=[0.8347390338930485, 0.9096045096909302, 0.9234739955128914, 0.9207009501118714]
  CASCADE-only  AUC=[0.8773165604472161, 0.9119360261559486, 0.9120923551917076, 0.8808354263901711]  PR=[0.7345387436773402, 0.872611017820898, 0.8932853020987924, 0.893428291038367]
