arm=dynamic_timing  labels=/scratch/tj2587/results/dynamic_v1/arrival_h360  timing=1  ckpt=/scratch/tj2587/results/gnn_2x2_v1/dynamic_timing  smoke=1
[gate] CUDA OK: NVIDIA L40S
[gate] heterodata data/graph/nyc_infra_heterodata_v1_frozen_failover_edges.pt: {'power': 203, 'telecom': 4150, 'hospital': 61, 'subway': 493, 'water': 137, 'fuel': 1187} total=6231 -> OK
[gate] /scratch/tj2587/results/dynamic_v1/arrival_h360 cascade_results files: 23 (need 23)
[gate] timing table OK: 6942 rows
=== TRAIN MODE — full training ===
Train: 13600  Val: 3400  (17 scenarios) | Test held-out: ['geoclaw_2050', 'syn_ts_914_6_1p2955', 'syn_ts_258_9_3p0022', 'syn_ts_605_5_3p7563', 'syn_ts_808_27_3p7885'] (5000 runs)
Subsampled train to 50
Subsampled val to 20
Model parameters: 697,112
Device: cuda
[timing-features] loaded 23 scenarios from data/flood/timing/node_timing_jesse22_v1.csv (features ('arrival_h', 'duration_h', 'time_to_peak_h'), scaled by 96 h)

Epoch 00/1 | train=0.45761 val=0.41510 | AUC=['0.868', '0.841', '0.848', '0.864'] PR=['0.472', '0.451', '0.462', '0.509'] | CASCADE-only AUC=['0.868', '0.841', '0.848', '0.864'] PR=['0.472', '0.451', '0.462', '0.509'] | 4s

  [checkpoint] best.pt updated (epoch 0, val_loss=0.41510)
[held-out geoclaw_2050] test_loss=0.65957 (1000 runs)
  ALL-nodes     AUC=[0.8930440855026245, 0.9085154467225075, 0.9039868916869164, 0.8761744860410691]  PR=[0.7441743233116488, 0.862552542917364, 0.8719567179550665, 0.8916249780857682]
  CASCADE-only  AUC=[0.8930440855026245, 0.9085154467225075, 0.9039868916869164, 0.8761744860410691]  PR=[0.7441743233116488, 0.862552542917364, 0.8719567179550665, 0.8916249780857682]
[held-out syn_ts_914_6_1p2955] test_loss=0.29415 (1000 runs)
  ALL-nodes     AUC=[0.8603463624119758, 0.7712708570361138, 0.7911485098004342, 0.8192007129788399]  PR=[0.2997119329049327, 0.16072568009586755, 0.18068113553361262, 0.24396767315882753]
  CASCADE-only  AUC=[0.8603463624119758, 0.7712708570361138, 0.7911485098004342, 0.8192007129788399]  PR=[0.2997119329049327, 0.16072568009586755, 0.18068113553361262, 0.24396767315882753]
[held-out syn_ts_258_9_3p0022] test_loss=0.62664 (1000 runs)
  ALL-nodes     AUC=[0.899451232433319, 0.8936489208936691, 0.8939823650717735, 0.8878104262948037]  PR=[0.7604221150912832, 0.8023702212402322, 0.828396301990221, 0.8725627143794393]
  CASCADE-only  AUC=[0.899451232433319, 0.8936489208936691, 0.8939823650717735, 0.8878104262948037]  PR=[0.7604221150912832, 0.8023702212402322, 0.828396301990221, 0.8725627143794393]
[held-out syn_ts_605_5_3p7563] test_loss=0.82934 (1000 runs)
  ALL-nodes     AUC=[0.9044148540496826, 0.9324767795205117, 0.93391782695055, 0.9074478701949119]  PR=[0.8610153307164936, 0.9342393118885799, 0.943389709922188, 0.9381690814184774]
  CASCADE-only  AUC=[0.9007937261462211, 0.9305548881292343, 0.9320415887832642, 0.9051079012751579]  PR=[0.8492578532930024, 0.9299498719145238, 0.9397809388687197, 0.9348721534801031]
[held-out syn_ts_808_27_3p7885] test_loss=0.74807 (1000 runs)
  ALL-nodes     AUC=[0.8992147827744484, 0.9246515526771545, 0.9217261569499969, 0.8946703381538391]  PR=[0.8201165812384615, 0.9065132442454107, 0.9189217086333633, 0.9210974625123057]
  CASCADE-only  AUC=[0.8992147827744484, 0.9246515526771545, 0.9217261569499969, 0.8946703381538391]  PR=[0.8201165812384615, 0.9065132442454107, 0.9189217086333633, 0.9210974625123057]
