arm=dynamic_timing  labels=/scratch/tj2587/results/dynamic_v1/arrival_h360  timing=1  ckpt=/scratch/tj2587/results/gnn_2x2_v1/dynamic_timing  smoke=0
[gate] CUDA OK: NVIDIA L40S
[gate] heterodata data/graph/nyc_infra_heterodata_v1_frozen_failover_edges.pt: {'power': 203, 'telecom': 4150, 'hospital': 61, 'subway': 493, 'water': 137, 'fuel': 1187} total=6231 -> OK
[gate] /scratch/tj2587/results/dynamic_v1/arrival_h360 cascade_results files: 23 (need 23)
[gate] timing table OK: 6942 rows
=== TRAIN MODE — full training ===
Train: 13600  Val: 3400  (17 scenarios) | Test held-out: ['geoclaw_2050', 'syn_ts_914_6_1p2955', 'syn_ts_258_9_3p0022', 'syn_ts_605_5_3p7563', 'syn_ts_808_27_3p7885'] (5000 runs)
Model parameters: 697,112
Device: cuda
[timing-features] loaded 23 scenarios from data/flood/timing/node_timing_jesse22_v1.csv (features ('arrival_h', 'duration_h', 'time_to_peak_h'), scaled by 96 h)
  Ep00 step  100/13600: loss = 0.37222
  Ep00 step  200/13600: loss = 0.32306
  Ep00 step  300/13600: loss = 0.24087
  Ep00 step  400/13600: loss = 0.24860
  Ep00 step  500/13600: loss = 0.22871
  Ep00 step  600/13600: loss = 0.21117
  Ep00 step  700/13600: loss = 0.19911
  Ep00 step  800/13600: loss = 0.21597
  Ep00 step  900/13600: loss = 0.21359
  Ep00 step 1000/13600: loss = 0.19294
  Ep00 step 1100/13600: loss = 0.20656
  Ep00 step 1200/13600: loss = 0.18390
  Ep00 step 1300/13600: loss = 0.18432
  Ep00 step 1400/13600: loss = 0.18481
  Ep00 step 1500/13600: loss = 0.18314
  Ep00 step 1600/13600: loss = 0.17858
  Ep00 step 1700/13600: loss = 0.19741
  Ep00 step 1800/13600: loss = 0.17897
  Ep00 step 1900/13600: loss = 0.17255
  Ep00 step 2000/13600: loss = 0.18057
  Ep00 step 2100/13600: loss = 0.19186
  Ep00 step 2200/13600: loss = 0.18414
  Ep00 step 2300/13600: loss = 0.16460
  Ep00 step 2400/13600: loss = 0.18976
  Ep00 step 2500/13600: loss = 0.17909
  Ep00 step 2600/13600: loss = 0.16775
  Ep00 step 2700/13600: loss = 0.17117
  Ep00 step 2800/13600: loss = 0.17602
  Ep00 step 2900/13600: loss = 0.17781
  Ep00 step 3000/13600: loss = 0.17160
  Ep00 step 3100/13600: loss = 0.17274
  Ep00 step 3200/13600: loss = 0.17393
  Ep00 step 3300/13600: loss = 0.16568
  Ep00 step 3400/13600: loss = 0.17221
  Ep00 step 3500/13600: loss = 0.17975
  Ep00 step 3600/13600: loss = 0.16702
  Ep00 step 3700/13600: loss = 0.16718
  Ep00 step 3800/13600: loss = 0.16760
  Ep00 step 3900/13600: loss = 0.15659
  Ep00 step 4000/13600: loss = 0.17024
  Ep00 step 4100/13600: loss = 0.16932
  Ep00 step 4200/13600: loss = 0.16477
  Ep00 step 4300/13600: loss = 0.15970
  Ep00 step 4400/13600: loss = 0.16343
  Ep00 step 4500/13600: loss = 0.16864
  Ep00 step 4600/13600: loss = 0.16566
  Ep00 step 4700/13600: loss = 0.18002
  Ep00 step 4800/13600: loss = 0.15780
  Ep00 step 4900/13600: loss = 0.14315
  Ep00 step 5000/13600: loss = 0.17014
  Ep00 step 5100/13600: loss = 0.14883
  Ep00 step 5200/13600: loss = 0.16611
  Ep00 step 5300/13600: loss = 0.14871
  Ep00 step 5400/13600: loss = 0.15925
  Ep00 step 5500/13600: loss = 0.16881
  Ep00 step 5600/13600: loss = 0.15520
  Ep00 step 5700/13600: loss = 0.15493
  Ep00 step 5800/13600: loss = 0.16291
  Ep00 step 5900/13600: loss = 0.14981
  Ep00 step 6000/13600: loss = 0.14484
  Ep00 step 6100/13600: loss = 0.15649
  Ep00 step 6200/13600: loss = 0.15210
  Ep00 step 6300/13600: loss = 0.15336
  Ep00 step 6400/13600: loss = 0.14366
  Ep00 step 6500/13600: loss = 0.15501
  Ep00 step 6600/13600: loss = 0.16289
  Ep00 step 6700/13600: loss = 0.16193
  Ep00 step 6800/13600: loss = 0.15604
  Ep00 step 6900/13600: loss = 0.15246
  Ep00 step 7000/13600: loss = 0.15882
  Ep00 step 7100/13600: loss = 0.16191
  Ep00 step 7200/13600: loss = 0.14442
  Ep00 step 7300/13600: loss = 0.16206
  Ep00 step 7400/13600: loss = 0.15671
  Ep00 step 7500/13600: loss = 0.14991
  Ep00 step 7600/13600: loss = 0.15268
  Ep00 step 7700/13600: loss = 0.15569
  Ep00 step 7800/13600: loss = 0.14809
  Ep00 step 7900/13600: loss = 0.15423
  Ep00 step 8000/13600: loss = 0.15871
  Ep00 step 8100/13600: loss = 0.16246
  Ep00 step 8200/13600: loss = 0.16024
  Ep00 step 8300/13600: loss = 0.15976
  Ep00 step 8400/13600: loss = 0.15389
  Ep00 step 8500/13600: loss = 0.15899
  Ep00 step 8600/13600: loss = 0.16593
  Ep00 step 8700/13600: loss = 0.15511
  Ep00 step 8800/13600: loss = 0.15172
  Ep00 step 8900/13600: loss = 0.14786
  Ep00 step 9000/13600: loss = 0.15403
  Ep00 step 9100/13600: loss = 0.16187
  Ep00 step 9200/13600: loss = 0.14991
  Ep00 step 9300/13600: loss = 0.14946
  Ep00 step 9400/13600: loss = 0.15691
  Ep00 step 9500/13600: loss = 0.15450
  Ep00 step 9600/13600: loss = 0.15449
  Ep00 step 9700/13600: loss = 0.15503
  Ep00 step 9800/13600: loss = 0.14956
  Ep00 step 9900/13600: loss = 0.15540
  Ep00 step 10000/13600: loss = 0.15415
  Ep00 step 10100/13600: loss = 0.15521
  Ep00 step 10200/13600: loss = 0.15554
  Ep00 step 10300/13600: loss = 0.15458
  Ep00 step 10400/13600: loss = 0.14552
  Ep00 step 10500/13600: loss = 0.14651
  Ep00 step 10600/13600: loss = 0.14728
  Ep00 step 10700/13600: loss = 0.14806
  Ep00 step 10800/13600: loss = 0.15046
  Ep00 step 10900/13600: loss = 0.14560
  Ep00 step 11000/13600: loss = 0.15502
  Ep00 step 11100/13600: loss = 0.14096
  Ep00 step 11200/13600: loss = 0.15226
  Ep00 step 11300/13600: loss = 0.15717
  Ep00 step 11400/13600: loss = 0.15408
  Ep00 step 11500/13600: loss = 0.15527
  Ep00 step 11600/13600: loss = 0.15733
  Ep00 step 11700/13600: loss = 0.15758
  Ep00 step 11800/13600: loss = 0.14748
  Ep00 step 11900/13600: loss = 0.15327
  Ep00 step 12000/13600: loss = 0.14568
  Ep00 step 12100/13600: loss = 0.15205
  Ep00 step 12200/13600: loss = 0.15746
  Ep00 step 12300/13600: loss = 0.14573
  Ep00 step 12400/13600: loss = 0.15193
  Ep00 step 12500/13600: loss = 0.14390
  Ep00 step 12600/13600: loss = 0.16002
  Ep00 step 12700/13600: loss = 0.14705
  Ep00 step 12800/13600: loss = 0.15240
  Ep00 step 12900/13600: loss = 0.15762
  Ep00 step 13000/13600: loss = 0.14828
  Ep00 step 13100/13600: loss = 0.14405
  Ep00 step 13200/13600: loss = 0.15176
  Ep00 step 13300/13600: loss = 0.16128
  Ep00 step 13400/13600: loss = 0.14107
  Ep00 step 13500/13600: loss = 0.14110
  Ep00 step 13600/13600: loss = 0.15352

Epoch 00/6 | train=0.16624 val=0.17195 | AUC=['0.993', '0.987', '0.981', '0.980'] PR=['0.952', '0.943', '0.932', '0.940'] | CASCADE-only AUC=['0.989', '0.981', '0.975', '0.975'] PR=['0.892', '0.893', '0.883', '0.902'] | 909s

  [checkpoint] best.pt updated (epoch 0, val_loss=0.17195)
  Ep01 step  100/13600: loss = 0.14874
  Ep01 step  200/13600: loss = 0.15279
  Ep01 step  300/13600: loss = 0.15992
  Ep01 step  400/13600: loss = 0.15133
  Ep01 step  500/13600: loss = 0.13268
  Ep01 step  600/13600: loss = 0.15191
  Ep01 step  700/13600: loss = 0.14119
  Ep01 step  800/13600: loss = 0.15030
  Ep01 step  900/13600: loss = 0.15566
  Ep01 step 1000/13600: loss = 0.13659
  Ep01 step 1100/13600: loss = 0.15255
  Ep01 step 1200/13600: loss = 0.15956
  Ep01 step 1300/13600: loss = 0.15204
  Ep01 step 1400/13600: loss = 0.14947
  Ep01 step 1500/13600: loss = 0.15329
  Ep01 step 1600/13600: loss = 0.14934
  Ep01 step 1700/13600: loss = 0.14554
  Ep01 step 1800/13600: loss = 0.15934
  Ep01 step 1900/13600: loss = 0.15608
  Ep01 step 2000/13600: loss = 0.15568
  Ep01 step 2100/13600: loss = 0.14432
  Ep01 step 2200/13600: loss = 0.15815
  Ep01 step 2300/13600: loss = 0.14502
  Ep01 step 2400/13600: loss = 0.14717
  Ep01 step 2500/13600: loss = 0.15395
  Ep01 step 2600/13600: loss = 0.14804
  Ep01 step 2700/13600: loss = 0.14685
  Ep01 step 2800/13600: loss = 0.16101
  Ep01 step 2900/13600: loss = 0.13708
  Ep01 step 3000/13600: loss = 0.14710
  Ep01 step 3100/13600: loss = 0.13824
  Ep01 step 3200/13600: loss = 0.14309
  Ep01 step 3300/13600: loss = 0.14870
  Ep01 step 3400/13600: loss = 0.15453
  Ep01 step 3500/13600: loss = 0.15371
  Ep01 step 3600/13600: loss = 0.15365
  Ep01 step 3700/13600: loss = 0.14718
  Ep01 step 3800/13600: loss = 0.16106
  Ep01 step 3900/13600: loss = 0.15790
  Ep01 step 4000/13600: loss = 0.14724
  Ep01 step 4100/13600: loss = 0.14492
  Ep01 step 4200/13600: loss = 0.15064
  Ep01 step 4300/13600: loss = 0.13725
  Ep01 step 4400/13600: loss = 0.15619
  Ep01 step 4500/13600: loss = 0.13957
  Ep01 step 4600/13600: loss = 0.14482
  Ep01 step 4700/13600: loss = 0.15134
  Ep01 step 4800/13600: loss = 0.14819
  Ep01 step 4900/13600: loss = 0.14969
  Ep01 step 5000/13600: loss = 0.13474
  Ep01 step 5100/13600: loss = 0.14788
  Ep01 step 5200/13600: loss = 0.14411
  Ep01 step 5300/13600: loss = 0.14898
  Ep01 step 5400/13600: loss = 0.13949
  Ep01 step 5500/13600: loss = 0.13901
  Ep01 step 5600/13600: loss = 0.14693
  Ep01 step 5700/13600: loss = 0.14270
  Ep01 step 5800/13600: loss = 0.14447
  Ep01 step 5900/13600: loss = 0.14680
  Ep01 step 6000/13600: loss = 0.15040
  Ep01 step 6100/13600: loss = 0.14921
  Ep01 step 6200/13600: loss = 0.14252
  Ep01 step 6300/13600: loss = 0.15489
  Ep01 step 6400/13600: loss = 0.14489
  Ep01 step 6500/13600: loss = 0.15344
  Ep01 step 6600/13600: loss = 0.15286
  Ep01 step 6700/13600: loss = 0.14597
  Ep01 step 6800/13600: loss = 0.13671
  Ep01 step 6900/13600: loss = 0.15713
  Ep01 step 7000/13600: loss = 0.15535
  Ep01 step 7100/13600: loss = 0.14902
  Ep01 step 7200/13600: loss = 0.13929
  Ep01 step 7300/13600: loss = 0.13995
  Ep01 step 7400/13600: loss = 0.14058
  Ep01 step 7500/13600: loss = 0.15753
  Ep01 step 7600/13600: loss = 0.14311
  Ep01 step 7700/13600: loss = 0.14833
  Ep01 step 7800/13600: loss = 0.15424
  Ep01 step 7900/13600: loss = 0.14522
  Ep01 step 8000/13600: loss = 0.14455
  Ep01 step 8100/13600: loss = 0.14932
  Ep01 step 8200/13600: loss = 0.14454
  Ep01 step 8300/13600: loss = 0.14833
  Ep01 step 8400/13600: loss = 0.14055
  Ep01 step 8500/13600: loss = 0.13691
  Ep01 step 8600/13600: loss = 0.14644
  Ep01 step 8700/13600: loss = 0.15052
  Ep01 step 8800/13600: loss = 0.14570
  Ep01 step 8900/13600: loss = 0.15193
  Ep01 step 9000/13600: loss = 0.14793
  Ep01 step 9100/13600: loss = 0.13976
  Ep01 step 9200/13600: loss = 0.14351
  Ep01 step 9300/13600: loss = 0.14553
  Ep01 step 9400/13600: loss = 0.14361
  Ep01 step 9500/13600: loss = 0.14987
  Ep01 step 9600/13600: loss = 0.13406
  Ep01 step 9700/13600: loss = 0.13387
  Ep01 step 9800/13600: loss = 0.13984
  Ep01 step 9900/13600: loss = 0.14906
  Ep01 step 10000/13600: loss = 0.14733
  Ep01 step 10100/13600: loss = 0.14921
  Ep01 step 10200/13600: loss = 0.13716
  Ep01 step 10300/13600: loss = 0.14646
  Ep01 step 10400/13600: loss = 0.14641
  Ep01 step 10500/13600: loss = 0.14038
  Ep01 step 10600/13600: loss = 0.13672
  Ep01 step 10700/13600: loss = 0.13448
  Ep01 step 10800/13600: loss = 0.14163
  Ep01 step 10900/13600: loss = 0.13443
  Ep01 step 11000/13600: loss = 0.14439
  Ep01 step 11100/13600: loss = 0.14812
  Ep01 step 11200/13600: loss = 0.15394
  Ep01 step 11300/13600: loss = 0.15343
  Ep01 step 11400/13600: loss = 0.13804
  Ep01 step 11500/13600: loss = 0.14186
  Ep01 step 11600/13600: loss = 0.13957
  Ep01 step 11700/13600: loss = 0.15370
  Ep01 step 11800/13600: loss = 0.13782
  Ep01 step 11900/13600: loss = 0.13657
  Ep01 step 12000/13600: loss = 0.13880
  Ep01 step 12100/13600: loss = 0.15515
  Ep01 step 12200/13600: loss = 0.14493
  Ep01 step 12300/13600: loss = 0.14409
  Ep01 step 12400/13600: loss = 0.13413
  Ep01 step 12500/13600: loss = 0.15136
  Ep01 step 12600/13600: loss = 0.13514
  Ep01 step 12700/13600: loss = 0.14734
  Ep01 step 12800/13600: loss = 0.14546
  Ep01 step 12900/13600: loss = 0.13862
  Ep01 step 13000/13600: loss = 0.14996
  Ep01 step 13100/13600: loss = 0.15148
  Ep01 step 13200/13600: loss = 0.14509
  Ep01 step 13300/13600: loss = 0.15221
  Ep01 step 13400/13600: loss = 0.16037
  Ep01 step 13500/13600: loss = 0.14088
  Ep01 step 13600/13600: loss = 0.14523

Epoch 01/6 | train=0.14672 val=0.16792 | AUC=['0.994', '0.989', '0.983', '0.984'] PR=['0.961', '0.951', '0.942', '0.949'] | CASCADE-only AUC=['0.992', '0.985', '0.979', '0.979'] PR=['0.911', '0.906', '0.900', '0.917'] | 1779s

  [checkpoint] best.pt updated (epoch 1, val_loss=0.16792)
  Ep02 step  100/13600: loss = 0.14395
  Ep02 step  200/13600: loss = 0.14595
  Ep02 step  300/13600: loss = 0.14109
  Ep02 step  400/13600: loss = 0.14080
  Ep02 step  500/13600: loss = 0.13187
  Ep02 step  600/13600: loss = 0.14424
  Ep02 step  700/13600: loss = 0.14825
  Ep02 step  800/13600: loss = 0.14747
  Ep02 step  900/13600: loss = 0.15284
  Ep02 step 1000/13600: loss = 0.14503
  Ep02 step 1100/13600: loss = 0.14864
  Ep02 step 1200/13600: loss = 0.13908
  Ep02 step 1300/13600: loss = 0.15106
  Ep02 step 1400/13600: loss = 0.14691
  Ep02 step 1500/13600: loss = 0.15369
  Ep02 step 1600/13600: loss = 0.15111
  Ep02 step 1700/13600: loss = 0.14164
  Ep02 step 1800/13600: loss = 0.15136
  Ep02 step 1900/13600: loss = 0.14116
  Ep02 step 2000/13600: loss = 0.15578
  Ep02 step 2100/13600: loss = 0.14411
  Ep02 step 2200/13600: loss = 0.14368
  Ep02 step 2300/13600: loss = 0.13542
  Ep02 step 2400/13600: loss = 0.14291
  Ep02 step 2500/13600: loss = 0.14124
  Ep02 step 2600/13600: loss = 0.14806
  Ep02 step 2700/13600: loss = 0.14564
  Ep02 step 2800/13600: loss = 0.14470
  Ep02 step 2900/13600: loss = 0.12857
  Ep02 step 3000/13600: loss = 0.14295
  Ep02 step 3100/13600: loss = 0.14071
  Ep02 step 3200/13600: loss = 0.13393
  Ep02 step 3300/13600: loss = 0.15773
  Ep02 step 3400/13600: loss = 0.14714
  Ep02 step 3500/13600: loss = 0.13859
  Ep02 step 3600/13600: loss = 0.13865
  Ep02 step 3700/13600: loss = 0.15134
  Ep02 step 3800/13600: loss = 0.14407
  Ep02 step 3900/13600: loss = 0.14184
  Ep02 step 4000/13600: loss = 0.14806
  Ep02 step 4100/13600: loss = 0.14428
  Ep02 step 4200/13600: loss = 0.13458
  Ep02 step 4300/13600: loss = 0.14421
  Ep02 step 4400/13600: loss = 0.13220
  Ep02 step 4500/13600: loss = 0.14622
  Ep02 step 4600/13600: loss = 0.14591
  Ep02 step 4700/13600: loss = 0.13830
  Ep02 step 4800/13600: loss = 0.14209
  Ep02 step 4900/13600: loss = 0.13622
  Ep02 step 5000/13600: loss = 0.14829
  Ep02 step 5100/13600: loss = 0.14749
  Ep02 step 5200/13600: loss = 0.14733
  Ep02 step 5300/13600: loss = 0.14746
  Ep02 step 5400/13600: loss = 0.13612
  Ep02 step 5500/13600: loss = 0.14722
  Ep02 step 5600/13600: loss = 0.14650
  Ep02 step 5700/13600: loss = 0.13545
  Ep02 step 5800/13600: loss = 0.13979
  Ep02 step 5900/13600: loss = 0.14481
  Ep02 step 6000/13600: loss = 0.15071
  Ep02 step 6100/13600: loss = 0.14295
  Ep02 step 6200/13600: loss = 0.14961
  Ep02 step 6300/13600: loss = 0.14492
  Ep02 step 6400/13600: loss = 0.14574
  Ep02 step 6500/13600: loss = 0.14773
  Ep02 step 6600/13600: loss = 0.15397
  Ep02 step 6700/13600: loss = 0.13202
  Ep02 step 6800/13600: loss = 0.13712
  Ep02 step 6900/13600: loss = 0.14161
  Ep02 step 7000/13600: loss = 0.14494
  Ep02 step 7100/13600: loss = 0.15020
  Ep02 step 7200/13600: loss = 0.13815
  Ep02 step 7300/13600: loss = 0.15599
  Ep02 step 7400/13600: loss = 0.13891
  Ep02 step 7500/13600: loss = 0.14560
  Ep02 step 7600/13600: loss = 0.14102
  Ep02 step 7700/13600: loss = 0.14262
  Ep02 step 7800/13600: loss = 0.14861
  Ep02 step 7900/13600: loss = 0.14607
  Ep02 step 8000/13600: loss = 0.14426
  Ep02 step 8100/13600: loss = 0.15016
  Ep02 step 8200/13600: loss = 0.14417
  Ep02 step 8300/13600: loss = 0.14562
  Ep02 step 8400/13600: loss = 0.12923
  Ep02 step 8500/13600: loss = 0.14611
  Ep02 step 8600/13600: loss = 0.13901
  Ep02 step 8700/13600: loss = 0.14415
  Ep02 step 8800/13600: loss = 0.14182
  Ep02 step 8900/13600: loss = 0.14099
  Ep02 step 9000/13600: loss = 0.14784
  Ep02 step 9100/13600: loss = 0.12363
  Ep02 step 9200/13600: loss = 0.15363
  Ep02 step 9300/13600: loss = 0.15022
  Ep02 step 9400/13600: loss = 0.14461
  Ep02 step 9500/13600: loss = 0.14854
  Ep02 step 9600/13600: loss = 0.13528
  Ep02 step 9700/13600: loss = 0.14622
  Ep02 step 9800/13600: loss = 0.14007
  Ep02 step 9900/13600: loss = 0.15392
  Ep02 step 10000/13600: loss = 0.14723
  Ep02 step 10100/13600: loss = 0.13672
  Ep02 step 10200/13600: loss = 0.15333
  Ep02 step 10300/13600: loss = 0.13435
  Ep02 step 10400/13600: loss = 0.14040
  Ep02 step 10500/13600: loss = 0.14204
  Ep02 step 10600/13600: loss = 0.15587
  Ep02 step 10700/13600: loss = 0.14347
  Ep02 step 10800/13600: loss = 0.14226
  Ep02 step 10900/13600: loss = 0.13602
  Ep02 step 11000/13600: loss = 0.14457
  Ep02 step 11100/13600: loss = 0.14546
  Ep02 step 11200/13600: loss = 0.14371
  Ep02 step 11300/13600: loss = 0.14495
  Ep02 step 11400/13600: loss = 0.15027
  Ep02 step 11500/13600: loss = 0.14909
  Ep02 step 11600/13600: loss = 0.14794
  Ep02 step 11700/13600: loss = 0.13846
  Ep02 step 11800/13600: loss = 0.14392
  Ep02 step 11900/13600: loss = 0.13980
  Ep02 step 12000/13600: loss = 0.14659
  Ep02 step 12100/13600: loss = 0.13562
  Ep02 step 12200/13600: loss = 0.14207
  Ep02 step 12300/13600: loss = 0.13896
  Ep02 step 12400/13600: loss = 0.13454
  Ep02 step 12500/13600: loss = 0.14699
  Ep02 step 12600/13600: loss = 0.14088
  Ep02 step 12700/13600: loss = 0.14485
  Ep02 step 12800/13600: loss = 0.14159
  Ep02 step 12900/13600: loss = 0.15248
  Ep02 step 13000/13600: loss = 0.14044
  Ep02 step 13100/13600: loss = 0.15065
  Ep02 step 13200/13600: loss = 0.14292
  Ep02 step 13300/13600: loss = 0.14774
  Ep02 step 13400/13600: loss = 0.13948
  Ep02 step 13500/13600: loss = 0.14024
  Ep02 step 13600/13600: loss = 0.13797

Epoch 02/6 | train=0.14381 val=0.16829 | AUC=['0.994', '0.989', '0.984', '0.985'] PR=['0.961', '0.953', '0.943', '0.952'] | CASCADE-only AUC=['0.992', '0.986', '0.981', '0.981'] PR=['0.911', '0.910', '0.902', '0.921'] | 2657s

  Ep03 step  100/13600: loss = 0.15068
  Ep03 step  200/13600: loss = 0.14583
  Ep03 step  300/13600: loss = 0.14319
  Ep03 step  400/13600: loss = 0.13727
  Ep03 step  500/13600: loss = 0.14744
  Ep03 step  600/13600: loss = 0.14776
  Ep03 step  700/13600: loss = 0.14162
  Ep03 step  800/13600: loss = 0.15056
  Ep03 step  900/13600: loss = 0.14513
  Ep03 step 1000/13600: loss = 0.14323
  Ep03 step 1100/13600: loss = 0.14523
  Ep03 step 1200/13600: loss = 0.14997
  Ep03 step 1300/13600: loss = 0.13836
  Ep03 step 1400/13600: loss = 0.14951
  Ep03 step 1500/13600: loss = 0.14626
  Ep03 step 1600/13600: loss = 0.13340
  Ep03 step 1700/13600: loss = 0.14066
  Ep03 step 1800/13600: loss = 0.15091
  Ep03 step 1900/13600: loss = 0.14809
  Ep03 step 2000/13600: loss = 0.14557
  Ep03 step 2100/13600: loss = 0.13427
  Ep03 step 2200/13600: loss = 0.13360
  Ep03 step 2300/13600: loss = 0.14390
  Ep03 step 2400/13600: loss = 0.13447
  Ep03 step 2500/13600: loss = 0.13511
  Ep03 step 2600/13600: loss = 0.14341
  Ep03 step 2700/13600: loss = 0.15103
  Ep03 step 2800/13600: loss = 0.14113
  Ep03 step 2900/13600: loss = 0.14653
  Ep03 step 3000/13600: loss = 0.14570
  Ep03 step 3100/13600: loss = 0.14536
  Ep03 step 3200/13600: loss = 0.14869
  Ep03 step 3300/13600: loss = 0.14990
  Ep03 step 3400/13600: loss = 0.13858
  Ep03 step 3500/13600: loss = 0.14047
  Ep03 step 3600/13600: loss = 0.14119
  Ep03 step 3700/13600: loss = 0.14592
  Ep03 step 3800/13600: loss = 0.14649
  Ep03 step 3900/13600: loss = 0.13410
  Ep03 step 4000/13600: loss = 0.14670
  Ep03 step 4100/13600: loss = 0.15627
  Ep03 step 4200/13600: loss = 0.14267
  Ep03 step 4300/13600: loss = 0.14799
  Ep03 step 4400/13600: loss = 0.14502
  Ep03 step 4500/13600: loss = 0.15013
  Ep03 step 4600/13600: loss = 0.13270
  Ep03 step 4700/13600: loss = 0.14509
  Ep03 step 4800/13600: loss = 0.14436
  Ep03 step 4900/13600: loss = 0.14720
  Ep03 step 5000/13600: loss = 0.13828
  Ep03 step 5100/13600: loss = 0.14172
  Ep03 step 5200/13600: loss = 0.14204
  Ep03 step 5300/13600: loss = 0.14018
  Ep03 step 5400/13600: loss = 0.14037
  Ep03 step 5500/13600: loss = 0.13740
  Ep03 step 5600/13600: loss = 0.14229
  Ep03 step 5700/13600: loss = 0.13491
  Ep03 step 5800/13600: loss = 0.14081
  Ep03 step 5900/13600: loss = 0.13595
  Ep03 step 6000/13600: loss = 0.13828
  Ep03 step 6100/13600: loss = 0.14757
  Ep03 step 6200/13600: loss = 0.14473
  Ep03 step 6300/13600: loss = 0.14269
  Ep03 step 6400/13600: loss = 0.13334
  Ep03 step 6500/13600: loss = 0.13222
  Ep03 step 6600/13600: loss = 0.14542
  Ep03 step 6700/13600: loss = 0.13952
  Ep03 step 6800/13600: loss = 0.13986
  Ep03 step 6900/13600: loss = 0.13797
  Ep03 step 7000/13600: loss = 0.13392
  Ep03 step 7100/13600: loss = 0.13506
  Ep03 step 7200/13600: loss = 0.14748
  Ep03 step 7300/13600: loss = 0.13723
  Ep03 step 7400/13600: loss = 0.14712
  Ep03 step 7500/13600: loss = 0.14670
  Ep03 step 7600/13600: loss = 0.13452
  Ep03 step 7700/13600: loss = 0.12567
  Ep03 step 7800/13600: loss = 0.14817
  Ep03 step 7900/13600: loss = 0.13667
  Ep03 step 8000/13600: loss = 0.14839
  Ep03 step 8100/13600: loss = 0.14444
  Ep03 step 8200/13600: loss = 0.14109
  Ep03 step 8300/13600: loss = 0.14288
  Ep03 step 8400/13600: loss = 0.14371
  Ep03 step 8500/13600: loss = 0.13781
  Ep03 step 8600/13600: loss = 0.12929
  Ep03 step 8700/13600: loss = 0.13628
  Ep03 step 8800/13600: loss = 0.13599
  Ep03 step 8900/13600: loss = 0.14683
  Ep03 step 9000/13600: loss = 0.13744
  Ep03 step 9100/13600: loss = 0.14481
  Ep03 step 9200/13600: loss = 0.13800
  Ep03 step 9300/13600: loss = 0.13329
  Ep03 step 9400/13600: loss = 0.15137
  Ep03 step 9500/13600: loss = 0.14503
  Ep03 step 9600/13600: loss = 0.13714
  Ep03 step 9700/13600: loss = 0.15285
  Ep03 step 9800/13600: loss = 0.13945
  Ep03 step 9900/13600: loss = 0.15258
  Ep03 step 10000/13600: loss = 0.14807
  Ep03 step 10100/13600: loss = 0.13838
  Ep03 step 10200/13600: loss = 0.14642
  Ep03 step 10300/13600: loss = 0.13600
  Ep03 step 10400/13600: loss = 0.13793
  Ep03 step 10500/13600: loss = 0.13831
  Ep03 step 10600/13600: loss = 0.14046
  Ep03 step 10700/13600: loss = 0.14877
  Ep03 step 10800/13600: loss = 0.14466
  Ep03 step 10900/13600: loss = 0.13940
  Ep03 step 11000/13600: loss = 0.15046
  Ep03 step 11100/13600: loss = 0.14041
  Ep03 step 11200/13600: loss = 0.14361
  Ep03 step 11300/13600: loss = 0.15055
  Ep03 step 11400/13600: loss = 0.14122
  Ep03 step 11500/13600: loss = 0.13506
  Ep03 step 11600/13600: loss = 0.13585
  Ep03 step 11700/13600: loss = 0.13773
  Ep03 step 11800/13600: loss = 0.14255
  Ep03 step 11900/13600: loss = 0.14822
  Ep03 step 12000/13600: loss = 0.14398
  Ep03 step 12100/13600: loss = 0.14635
  Ep03 step 12200/13600: loss = 0.14104
  Ep03 step 12300/13600: loss = 0.14165
  Ep03 step 12400/13600: loss = 0.14049
  Ep03 step 12500/13600: loss = 0.14351
  Ep03 step 12600/13600: loss = 0.14611
  Ep03 step 12700/13600: loss = 0.14205
  Ep03 step 12800/13600: loss = 0.14347
  Ep03 step 12900/13600: loss = 0.14131
  Ep03 step 13000/13600: loss = 0.14407
  Ep03 step 13100/13600: loss = 0.15183
  Ep03 step 13200/13600: loss = 0.13464
  Ep03 step 13300/13600: loss = 0.13670
  Ep03 step 13400/13600: loss = 0.15091
  Ep03 step 13500/13600: loss = 0.14462
  Ep03 step 13600/13600: loss = 0.15038

Epoch 03/6 | train=0.14245 val=0.16735 | AUC=['0.994', '0.988', '0.982', '0.981'] PR=['0.959', '0.949', '0.938', '0.944'] | CASCADE-only AUC=['0.991', '0.983', '0.977', '0.976'] PR=['0.910', '0.906', '0.894', '0.910'] | 3526s

  [checkpoint] best.pt updated (epoch 3, val_loss=0.16735)
  Ep04 step  100/13600: loss = 0.14277
  Ep04 step  200/13600: loss = 0.13761
  Ep04 step  300/13600: loss = 0.12670
  Ep04 step  400/13600: loss = 0.14049
  Ep04 step  500/13600: loss = 0.13616
  Ep04 step  600/13600: loss = 0.14613
  Ep04 step  700/13600: loss = 0.14409
  Ep04 step  800/13600: loss = 0.14505
  Ep04 step  900/13600: loss = 0.14107
  Ep04 step 1000/13600: loss = 0.14446
  Ep04 step 1100/13600: loss = 0.14488
  Ep04 step 1200/13600: loss = 0.14582
  Ep04 step 1300/13600: loss = 0.13495
  Ep04 step 1400/13600: loss = 0.14889
  Ep04 step 1500/13600: loss = 0.14357
  Ep04 step 1600/13600: loss = 0.13123
  Ep04 step 1700/13600: loss = 0.15240
  Ep04 step 1800/13600: loss = 0.14431
  Ep04 step 1900/13600: loss = 0.14840
  Ep04 step 2000/13600: loss = 0.14638
  Ep04 step 2100/13600: loss = 0.14554
  Ep04 step 2200/13600: loss = 0.13687
  Ep04 step 2300/13600: loss = 0.14114
  Ep04 step 2400/13600: loss = 0.14348
  Ep04 step 2500/13600: loss = 0.14669
  Ep04 step 2600/13600: loss = 0.13698
  Ep04 step 2700/13600: loss = 0.14770
  Ep04 step 2800/13600: loss = 0.13888
  Ep04 step 2900/13600: loss = 0.13387
  Ep04 step 3000/13600: loss = 0.13589
  Ep04 step 3100/13600: loss = 0.14856
  Ep04 step 3200/13600: loss = 0.13740
  Ep04 step 3300/13600: loss = 0.14542
  Ep04 step 3400/13600: loss = 0.14450
  Ep04 step 3500/13600: loss = 0.15008
  Ep04 step 3600/13600: loss = 0.13724
  Ep04 step 3700/13600: loss = 0.14679
  Ep04 step 3800/13600: loss = 0.14991
  Ep04 step 3900/13600: loss = 0.14368
  Ep04 step 4000/13600: loss = 0.13561
  Ep04 step 4100/13600: loss = 0.14341
  Ep04 step 4200/13600: loss = 0.13707
  Ep04 step 4300/13600: loss = 0.13738
  Ep04 step 4400/13600: loss = 0.13601
  Ep04 step 4500/13600: loss = 0.13959
  Ep04 step 4600/13600: loss = 0.14095
  Ep04 step 4700/13600: loss = 0.13022
  Ep04 step 4800/13600: loss = 0.14165
  Ep04 step 4900/13600: loss = 0.14171
  Ep04 step 5000/13600: loss = 0.13473
  Ep04 step 5100/13600: loss = 0.13306
  Ep04 step 5200/13600: loss = 0.14724
  Ep04 step 5300/13600: loss = 0.14500
  Ep04 step 5400/13600: loss = 0.14684
  Ep04 step 5500/13600: loss = 0.14642
  Ep04 step 5600/13600: loss = 0.14206
  Ep04 step 5700/13600: loss = 0.13396
  Ep04 step 5800/13600: loss = 0.13574
  Ep04 step 5900/13600: loss = 0.14256
  Ep04 step 6000/13600: loss = 0.13226
  Ep04 step 6100/13600: loss = 0.14367
  Ep04 step 6200/13600: loss = 0.12796
  Ep04 step 6300/13600: loss = 0.13631
  Ep04 step 6400/13600: loss = 0.14128
  Ep04 step 6500/13600: loss = 0.13563
  Ep04 step 6600/13600: loss = 0.14436
  Ep04 step 6700/13600: loss = 0.14617
  Ep04 step 6800/13600: loss = 0.15333
  Ep04 step 6900/13600: loss = 0.14339
  Ep04 step 7000/13600: loss = 0.14725
  Ep04 step 7100/13600: loss = 0.13704
  Ep04 step 7200/13600: loss = 0.13600
  Ep04 step 7300/13600: loss = 0.14887
  Ep04 step 7400/13600: loss = 0.15369
  Ep04 step 7500/13600: loss = 0.14170
  Ep04 step 7600/13600: loss = 0.14197
  Ep04 step 7700/13600: loss = 0.14547
  Ep04 step 7800/13600: loss = 0.14296
  Ep04 step 7900/13600: loss = 0.14510
  Ep04 step 8000/13600: loss = 0.15030
  Ep04 step 8100/13600: loss = 0.14723
  Ep04 step 8200/13600: loss = 0.14531
  Ep04 step 8300/13600: loss = 0.13828
  Ep04 step 8400/13600: loss = 0.13034
  Ep04 step 8500/13600: loss = 0.12629
  Ep04 step 8600/13600: loss = 0.14072
  Ep04 step 8700/13600: loss = 0.13712
  Ep04 step 8800/13600: loss = 0.14114
  Ep04 step 8900/13600: loss = 0.13768
  Ep04 step 9000/13600: loss = 0.14166
  Ep04 step 9100/13600: loss = 0.13361
  Ep04 step 9200/13600: loss = 0.12691
  Ep04 step 9300/13600: loss = 0.14096
  Ep04 step 9400/13600: loss = 0.14418
  Ep04 step 9500/13600: loss = 0.13011
  Ep04 step 9600/13600: loss = 0.14449
  Ep04 step 9700/13600: loss = 0.15701
  Ep04 step 9800/13600: loss = 0.14249
  Ep04 step 9900/13600: loss = 0.14058
  Ep04 step 10000/13600: loss = 0.14133
  Ep04 step 10100/13600: loss = 0.14998
  Ep04 step 10200/13600: loss = 0.13622
  Ep04 step 10300/13600: loss = 0.14376
  Ep04 step 10400/13600: loss = 0.15562
  Ep04 step 10500/13600: loss = 0.15260
  Ep04 step 10600/13600: loss = 0.14096
  Ep04 step 10700/13600: loss = 0.14386
  Ep04 step 10800/13600: loss = 0.14451
  Ep04 step 10900/13600: loss = 0.15111
  Ep04 step 11000/13600: loss = 0.14706
  Ep04 step 11100/13600: loss = 0.13919
  Ep04 step 11200/13600: loss = 0.14770
  Ep04 step 11300/13600: loss = 0.14259
  Ep04 step 11400/13600: loss = 0.13238
  Ep04 step 11500/13600: loss = 0.13455
  Ep04 step 11600/13600: loss = 0.13556
  Ep04 step 11700/13600: loss = 0.14008
  Ep04 step 11800/13600: loss = 0.14114
  Ep04 step 11900/13600: loss = 0.13227
  Ep04 step 12000/13600: loss = 0.14005
  Ep04 step 12100/13600: loss = 0.14275
  Ep04 step 12200/13600: loss = 0.14269
  Ep04 step 12300/13600: loss = 0.14396
  Ep04 step 12400/13600: loss = 0.13027
  Ep04 step 12500/13600: loss = 0.13053
  Ep04 step 12600/13600: loss = 0.14637
  Ep04 step 12700/13600: loss = 0.14296
  Ep04 step 12800/13600: loss = 0.12766
  Ep04 step 12900/13600: loss = 0.13231
  Ep04 step 13000/13600: loss = 0.13763
  Ep04 step 13100/13600: loss = 0.14394
  Ep04 step 13200/13600: loss = 0.14119
  Ep04 step 13300/13600: loss = 0.15382
  Ep04 step 13400/13600: loss = 0.15137
  Ep04 step 13500/13600: loss = 0.14452
  Ep04 step 13600/13600: loss = 0.13812

Epoch 04/6 | train=0.14140 val=0.16620 | AUC=['0.995', '0.990', '0.985', '0.986'] PR=['0.964', '0.955', '0.945', '0.954'] | CASCADE-only AUC=['0.992', '0.986', '0.981', '0.983'] PR=['0.920', '0.914', '0.904', '0.924'] | 4394s

  [checkpoint] best.pt updated (epoch 4, val_loss=0.16620)
  Ep05 step  100/13600: loss = 0.14126
  Ep05 step  200/13600: loss = 0.13488
  Ep05 step  300/13600: loss = 0.13396
  Ep05 step  400/13600: loss = 0.13967
  Ep05 step  500/13600: loss = 0.14442
  Ep05 step  600/13600: loss = 0.14318
  Ep05 step  700/13600: loss = 0.13987
  Ep05 step  800/13600: loss = 0.14993
  Ep05 step  900/13600: loss = 0.14331
  Ep05 step 1000/13600: loss = 0.14104
  Ep05 step 1100/13600: loss = 0.13907
  Ep05 step 1200/13600: loss = 0.13494
  Ep05 step 1300/13600: loss = 0.13753
  Ep05 step 1400/13600: loss = 0.14684
  Ep05 step 1500/13600: loss = 0.15000
  Ep05 step 1600/13600: loss = 0.14405
  Ep05 step 1700/13600: loss = 0.14025
  Ep05 step 1800/13600: loss = 0.13556
  Ep05 step 1900/13600: loss = 0.14773
  Ep05 step 2000/13600: loss = 0.13493
  Ep05 step 2100/13600: loss = 0.14145
  Ep05 step 2200/13600: loss = 0.14261
  Ep05 step 2300/13600: loss = 0.14186
  Ep05 step 2400/13600: loss = 0.12432
  Ep05 step 2500/13600: loss = 0.14528
  Ep05 step 2600/13600: loss = 0.14366
  Ep05 step 2700/13600: loss = 0.14116
  Ep05 step 2800/13600: loss = 0.14631
  Ep05 step 2900/13600: loss = 0.13775
  Ep05 step 3000/13600: loss = 0.14497
  Ep05 step 3100/13600: loss = 0.15066
  Ep05 step 3200/13600: loss = 0.13847
  Ep05 step 3300/13600: loss = 0.14341
  Ep05 step 3400/13600: loss = 0.13800
  Ep05 step 3500/13600: loss = 0.13884
  Ep05 step 3600/13600: loss = 0.13489
  Ep05 step 3700/13600: loss = 0.14691
  Ep05 step 3800/13600: loss = 0.14126
  Ep05 step 3900/13600: loss = 0.14131
  Ep05 step 4000/13600: loss = 0.12854
  Ep05 step 4100/13600: loss = 0.13962
  Ep05 step 4200/13600: loss = 0.14526
  Ep05 step 4300/13600: loss = 0.13272
  Ep05 step 4400/13600: loss = 0.13869
  Ep05 step 4500/13600: loss = 0.14126
  Ep05 step 4600/13600: loss = 0.13684
  Ep05 step 4700/13600: loss = 0.14774
  Ep05 step 4800/13600: loss = 0.14266
  Ep05 step 4900/13600: loss = 0.13824
  Ep05 step 5000/13600: loss = 0.13670
  Ep05 step 5100/13600: loss = 0.14149
  Ep05 step 5200/13600: loss = 0.13703
  Ep05 step 5300/13600: loss = 0.13626
  Ep05 step 5400/13600: loss = 0.14625
  Ep05 step 5500/13600: loss = 0.14147
  Ep05 step 5600/13600: loss = 0.14919
  Ep05 step 5700/13600: loss = 0.14423
  Ep05 step 5800/13600: loss = 0.13532
  Ep05 step 5900/13600: loss = 0.13874
  Ep05 step 6000/13600: loss = 0.14089
  Ep05 step 6100/13600: loss = 0.14163
  Ep05 step 6200/13600: loss = 0.13392
  Ep05 step 6300/13600: loss = 0.13688
  Ep05 step 6400/13600: loss = 0.15598
  Ep05 step 6500/13600: loss = 0.13791
  Ep05 step 6600/13600: loss = 0.14147
  Ep05 step 6700/13600: loss = 0.14225
  Ep05 step 6800/13600: loss = 0.13887
  Ep05 step 6900/13600: loss = 0.16042
  Ep05 step 7000/13600: loss = 0.14255
  Ep05 step 7100/13600: loss = 0.14967
  Ep05 step 7200/13600: loss = 0.14589
  Ep05 step 7300/13600: loss = 0.14473
  Ep05 step 7400/13600: loss = 0.13703
  Ep05 step 7500/13600: loss = 0.14630
  Ep05 step 7600/13600: loss = 0.13592
  Ep05 step 7700/13600: loss = 0.13867
  Ep05 step 7800/13600: loss = 0.13647
  Ep05 step 7900/13600: loss = 0.14362
  Ep05 step 8000/13600: loss = 0.14380
  Ep05 step 8100/13600: loss = 0.15021
  Ep05 step 8200/13600: loss = 0.13185
  Ep05 step 8300/13600: loss = 0.14989
  Ep05 step 8400/13600: loss = 0.13200
  Ep05 step 8500/13600: loss = 0.13491
  Ep05 step 8600/13600: loss = 0.12945
  Ep05 step 8700/13600: loss = 0.14060
  Ep05 step 8800/13600: loss = 0.13279
  Ep05 step 8900/13600: loss = 0.13848
  Ep05 step 9000/13600: loss = 0.13830
  Ep05 step 9100/13600: loss = 0.14957
  Ep05 step 9200/13600: loss = 0.14226
  Ep05 step 9300/13600: loss = 0.13460
  Ep05 step 9400/13600: loss = 0.14485
  Ep05 step 9500/13600: loss = 0.14814
  Ep05 step 9600/13600: loss = 0.14593
  Ep05 step 9700/13600: loss = 0.14752
  Ep05 step 9800/13600: loss = 0.14365
  Ep05 step 9900/13600: loss = 0.13926
  Ep05 step 10000/13600: loss = 0.13989
  Ep05 step 10100/13600: loss = 0.12883
  Ep05 step 10200/13600: loss = 0.13763
  Ep05 step 10300/13600: loss = 0.14385
  Ep05 step 10400/13600: loss = 0.14466
  Ep05 step 10500/13600: loss = 0.13904
  Ep05 step 10600/13600: loss = 0.14360
  Ep05 step 10700/13600: loss = 0.14565
  Ep05 step 10800/13600: loss = 0.14470
  Ep05 step 10900/13600: loss = 0.13896
  Ep05 step 11000/13600: loss = 0.13688
  Ep05 step 11100/13600: loss = 0.13697
  Ep05 step 11200/13600: loss = 0.13497
  Ep05 step 11300/13600: loss = 0.14487
  Ep05 step 11400/13600: loss = 0.13476
  Ep05 step 11500/13600: loss = 0.14476
  Ep05 step 11600/13600: loss = 0.14748
  Ep05 step 11700/13600: loss = 0.14376
  Ep05 step 11800/13600: loss = 0.14461
  Ep05 step 11900/13600: loss = 0.14948
  Ep05 step 12000/13600: loss = 0.13605
  Ep05 step 12100/13600: loss = 0.13653
  Ep05 step 12200/13600: loss = 0.14117
  Ep05 step 12300/13600: loss = 0.13488
  Ep05 step 12400/13600: loss = 0.14547
  Ep05 step 12500/13600: loss = 0.13760
  Ep05 step 12600/13600: loss = 0.14431
  Ep05 step 12700/13600: loss = 0.14575
  Ep05 step 12800/13600: loss = 0.14354
  Ep05 step 12900/13600: loss = 0.14683
  Ep05 step 13000/13600: loss = 0.14087
  Ep05 step 13100/13600: loss = 0.12707
  Ep05 step 13200/13600: loss = 0.14628
  Ep05 step 13300/13600: loss = 0.13668
  Ep05 step 13400/13600: loss = 0.13286
  Ep05 step 13500/13600: loss = 0.13549
  Ep05 step 13600/13600: loss = 0.14158

Epoch 05/6 | train=0.14096 val=0.16529 | AUC=['0.994', '0.990', '0.985', '0.985'] PR=['0.963', '0.955', '0.945', '0.953'] | CASCADE-only AUC=['0.992', '0.986', '0.981', '0.981'] PR=['0.919', '0.914', '0.906', '0.924'] | 5268s

  [checkpoint] best.pt updated (epoch 5, val_loss=0.16529)
[held-out geoclaw_2050] test_loss=0.32883 (1000 runs)
  ALL-nodes     AUC=[0.98954948502779, 0.9807078561186791, 0.9729279526472092, 0.9821855103969575]  PR=[0.9637260172367091, 0.9621383114467803, 0.9567009993354355, 0.9819815159265753]
  CASCADE-only  AUC=[0.9867392145991325, 0.9777769777774811, 0.9694090828895569, 0.980499347627163]  PR=[0.9406864966991909, 0.948297047078687, 0.9431793907084386, 0.9776731011015344]
[held-out syn_ts_914_6_1p2955] test_loss=0.10478 (1000 runs)
  ALL-nodes     AUC=[0.9981972072124481, 0.9957912037968636, 0.9953880679607391, 0.9937324535250663]  PR=[0.9750444575368767, 0.9639002894301708, 0.9639185814007467, 0.9594583066318554]
  CASCADE-only  AUC=[0.9968486706018448, 0.9935687242746353, 0.9932962781786918, 0.9912003440260887]  PR=[0.9354206981553593, 0.9267361727945214, 0.9296090943760673, 0.9286131754498246]
[held-out syn_ts_258_9_3p0022] test_loss=0.26391 (1000 runs)
  ALL-nodes     AUC=[0.9912912946343422, 0.9846912786960602, 0.979781087577343, 0.9885951873064042]  PR=[0.9701913157043414, 0.9676294850690743, 0.9646577965899173, 0.9861836179169993]
  CASCADE-only  AUC=[0.9884379584193229, 0.9814551944732666, 0.9762840830087661, 0.9870484024882317]  PR=[0.9463439413711093, 0.9511782929782837, 0.9495834828053467, 0.9814105425241694]
[held-out syn_ts_605_5_3p7563] test_loss=0.44143 (1000 runs)
  ALL-nodes     AUC=[0.9770079609751702, 0.9794474834799767, 0.9802021936774253, 0.9819844710230827]  PR=[0.9698474960769419, 0.9780284879083815, 0.9811703506972448, 0.9867382804384331]
  CASCADE-only  AUC=[0.9696780716180802, 0.9743787398338318, 0.9756730708479882, 0.9784736600518227]  PR=[0.9479410703523393, 0.9649376524704423, 0.9707549546912297, 0.980425162540166]
[held-out syn_ts_808_27_3p7885] test_loss=0.32292 (1000 runs)
  ALL-nodes     AUC=[0.9805528657436371, 0.9900241323709488, 0.9871799699068069, 0.9882782557606697]  PR=[0.9716024768201698, 0.9857445927283888, 0.9849579843410226, 0.9900613065148925]
  CASCADE-only  AUC=[0.9755493589043617, 0.9880032377243042, 0.9849212360978127, 0.9866056028604507]  PR=[0.9562353872365152, 0.9789768786519143, 0.9787600047373117, 0.9866605716745224]
