arm=dynamic_mask  labels=/scratch/tj2587/results/dynamic_v1/arrival_h360  timing=unset  ckpt=/scratch/tj2587/results/gnn_2x2_v1/dynamic_mask  smoke=1
[gate] CUDA OK: NVIDIA L40S
[gate] heterodata data/graph/nyc_infra_heterodata_v1_frozen_failover_edges.pt: {'power': 203, 'telecom': 4150, 'hospital': 61, 'subway': 493, 'water': 137, 'fuel': 1187} total=6231 -> OK
[gate] /scratch/tj2587/results/dynamic_v1/arrival_h360 cascade_results files: 23 (need 23)
=== TRAIN MODE — full training ===
Train: 13600  Val: 3400  (17 scenarios) | Test held-out: ['geoclaw_2050', 'syn_ts_914_6_1p2955', 'syn_ts_258_9_3p0022', 'syn_ts_605_5_3p7563', 'syn_ts_808_27_3p7885'] (5000 runs)
Subsampled train to 50
Subsampled val to 20
Model parameters: 695,960
Device: cuda

Epoch 00/1 | train=0.46351 val=0.42157 | AUC=['0.869', '0.833', '0.850', '0.840'] PR=['0.481', '0.415', '0.479', '0.463'] | CASCADE-only AUC=['0.828', '0.801', '0.816', '0.820'] PR=['0.312', '0.348', '0.371', '0.413'] | 4s

  [checkpoint] best.pt updated (epoch 0, val_loss=0.42157)
[held-out geoclaw_2050] test_loss=0.66784 (1000 runs)
  ALL-nodes     AUC=[0.8732389944791794, 0.8940470778346061, 0.8914287596940994, 0.8741527026891709]  PR=[0.7337878982683265, 0.8460255267608473, 0.86132852266517, 0.8877589939854473]
  CASCADE-only  AUC=[0.8470071276426315, 0.8813427634239197, 0.8791883389949798, 0.8653021530508995]  PR=[0.6233470666984713, 0.8065459729806222, 0.8252100925536273, 0.8685613818547706]
[held-out syn_ts_914_6_1p2955] test_loss=0.29961 (1000 runs)
  ALL-nodes     AUC=[0.8676410374045372, 0.754819193303585, 0.7888052221536637, 0.780353014588356]  PR=[0.30978459547852644, 0.13761812116297892, 0.2188728026498976, 0.18615081697517985]
  CASCADE-only  AUC=[0.8237172646522521, 0.6983826500177384, 0.7299525575637817, 0.7429760578274727]  PR=[0.10811444153136161, 0.06188032591663734, 0.08389206049783857, 0.11849330810193665]
[held-out syn_ts_258_9_3p0022] test_loss=0.63510 (1000 runs)
  ALL-nodes     AUC=[0.883366110265255, 0.8770948508381844, 0.8792487930655479, 0.8751926305890083]  PR=[0.7560598154474423, 0.7794354849899608, 0.817018669052603, 0.8523820302243978]
  CASCADE-only  AUC=[0.8539261481761933, 0.8574257193803787, 0.8606213548183441, 0.8628200706839562]  PR=[0.629407633944736, 0.7090519259211636, 0.7500459905894432, 0.8149954776304583]
[held-out syn_ts_605_5_3p7563] test_loss=0.84261 (1000 runs)
  ALL-nodes     AUC=[0.8868476325273513, 0.9189753529429435, 0.9229291986823082, 0.9035415353178978]  PR=[0.8415188771797182, 0.9199711540735466, 0.9328314233693875, 0.9321237768657764]
  CASCADE-only  AUC=[0.855499952852726, 0.9013640910983086, 0.9068055908083916, 0.8884789707064629]  PR=[0.7311087344688143, 0.8776287911491834, 0.8978645345309032, 0.9064071536496229]
[held-out syn_ts_808_27_3p7885] test_loss=0.75942 (1000 runs)
  ALL-nodes     AUC=[0.8785378658175469, 0.9083325861692428, 0.9080772396922111, 0.8910007712841034]  PR=[0.7986051406360559, 0.8874779400155959, 0.9055399990604137, 0.9154319184034099]
  CASCADE-only  AUC=[0.8494055096507073, 0.8927755188345909, 0.8935302720069885, 0.8787279913425445]  PR=[0.688745850064845, 0.843452438993267, 0.8695517454018877, 0.8923358381323298]
