arm=static_timing  labels=/scratch/tj2587/results/legacy_v1_n1000  timing=1  ckpt=/scratch/tj2587/results/gnn_2x2_v1/static_timing  smoke=1
[gate] CUDA OK: NVIDIA L40S
[gate] heterodata data/graph/nyc_infra_heterodata_v1_frozen_failover_edges.pt: {'power': 203, 'telecom': 4150, 'hospital': 61, 'subway': 493, 'water': 137, 'fuel': 1187} total=6231 -> OK
[gate] /scratch/tj2587/results/legacy_v1_n1000 cascade_results files: 23 (need 23)
[gate] timing table OK: 6942 rows
=== TRAIN MODE — full training ===
Train: 13600  Val: 3400  (17 scenarios) | Test held-out: ['geoclaw_2050', 'syn_ts_914_6_1p2955', 'syn_ts_258_9_3p0022', 'syn_ts_605_5_3p7563', 'syn_ts_808_27_3p7885'] (5000 runs)
Subsampled train to 50
Subsampled val to 20
Model parameters: 697,112
Device: cuda
[timing-features] loaded 23 scenarios from data/flood/timing/node_timing_jesse22_v1.csv (features ('arrival_h', 'duration_h', 'time_to_peak_h'), scaled by 96 h)

Epoch 00/1 | train=0.40270 val=0.32985 | AUC=['0.930', '0.860', '0.855', '0.862'] PR=['0.677', '0.465', '0.438', '0.604'] | CASCADE-only AUC=['0.881', '0.809', '0.814', '0.824'] PR=['0.190', '0.350', '0.317', '0.397'] | 4s

  [checkpoint] best.pt updated (epoch 0, val_loss=0.32985)
[held-out geoclaw_2050] test_loss=0.48373 (1000 runs)
  ALL-nodes     AUC=[0.9058822004795074, 0.8580738072991371, 0.8474391082525253, 0.8845249887108803]  PR=[0.6836597691316563, 0.6839897848154575, 0.6838924497603243, 0.8099011353782681]
  CASCADE-only  AUC=[0.8431371775865555, 0.820766293823719, 0.8162810627222061, 0.8716683945059777]  PR=[0.2455341107148262, 0.533304569793151, 0.5542727435417029, 0.7438688604301846]
[held-out syn_ts_914_6_1p2955] test_loss=0.24957 (1000 runs)
  ALL-nodes     AUC=[0.9398773376345635, 0.8076324942111969, 0.8014861006140709, 0.8008038412928581]  PR=[0.6463147904642287, 0.22736994723571116, 0.20455098898658966, 0.38440268403830274]
  CASCADE-only  AUC=[0.9055030745267868, 0.7365401813387871, 0.7426798564791679, 0.7402976400256157]  PR=[0.17263041107033786, 0.10963676158819018, 0.09289598063197821, 0.1257262283859595]
[held-out syn_ts_258_9_3p0022] test_loss=0.46961 (1000 runs)
  ALL-nodes     AUC=[0.910137667953968, 0.8680130221247673, 0.8642632594108581, 0.8914693200588226]  PR=[0.716329317891133, 0.7100477967116721, 0.7143094742128437, 0.8226536149483891]
  CASCADE-only  AUC=[0.8403065022230148, 0.82496711987257, 0.8281692447662353, 0.8753463438749314]  PR=[0.25008164287469237, 0.5334513818750325, 0.5597982204451357, 0.7425629483930936]
[held-out syn_ts_605_5_3p7563] test_loss=0.61210 (1000 runs)
  ALL-nodes     AUC=[0.9165946595072746, 0.8924524179697036, 0.885159051835537, 0.9077202110290528]  PR=[0.8061937130398663, 0.8003135175486509, 0.8102942379181695, 0.8792652078142376]
  CASCADE-only  AUC=[0.8562316403388978, 0.8431420395970345, 0.8436416104435921, 0.8853569343686104]  PR=[0.43948862598823907, 0.5903650232996235, 0.6415915984716897, 0.7928968137220777]
[held-out syn_ts_808_27_3p7885] test_loss=0.52300 (1000 runs)
  ALL-nodes     AUC=[0.9141291477680207, 0.8822670183777809, 0.8763402235507965, 0.8972319929003716]  PR=[0.7577251873377973, 0.755959769978715, 0.7640886954623082, 0.8486817384082199]
  CASCADE-only  AUC=[0.8459954640269279, 0.8382051023840904, 0.8397704386115075, 0.8787161955833435]  PR=[0.3315846760616719, 0.5657775977240901, 0.6064384437035816, 0.768146507468269]
